07-20 01:49:19.375  1578  1962 I HuaweiWifiWatchdogStateMachine: high data flow scenario: 0 --> 0 rx bytes =1KB
07-20 01:49:19.375  1578  1862 I QosMonitor: postEventFromNative: msg=100,arg1=4,arg2=10
07-20 01:49:19.375  1578  1962 I HuaweiWifiWatchdogStateMachine: POta txb txg rxg:0, 11, 0. Lr =0% Totpkt=11
07-20 01:49:19.375  1578  1862 I HwWifiProServiceProxy: ctrlHwWifiNetwork pkgName: WIFIPRO_SERVICE interfaceId: 8
07-20 01:49:19.376  1578  1862 I QosMonitor: postEventFromNative: msg=100,arg1=0,arg2=10
07-20 01:49:19.376  1578  1862 I MQoS    : rtt=976,tcpTxPkts=172763,tcpRxPkts=342571
07-20 01:49:19.376 26792 26852 I python  : [PERF][HEADER] Navigation: 0.0035s
07-20 01:49:19.378  1578  1962 I HuaweiWifiWatchdogStateMachine: PTcp RTT:0, rtt pkt=0, tcp_rx=0, tcp_tx=0, tcp_reTran=0, rtRate=0
07-20 01:49:19.378  1578  1962 I HuaweiWifiWatchdogStateMachine: rssi bad, mrssi=-63 < TargetRssi=-54
07-20 01:49:19.378  1578  1962 I HuaweiWifiWatchdogStateMachine: start computeQosLevel tcpRtt = 0 ,rssi = -63 ,mBestSpeedInPeriod = 0
07-20 01:49:19.378  1578  1962 I HuaweiWifiWatchdogStateMachine: smoothConsecutiveQosResults, currentQosLevel = 3
07-20 01:49:19.380  1578 11359 I MQoS    : QOS_level:0(0),wifi-link;SIM error;use level-0
07-20 01:49:19.381 26792 26852 I python  : [PERF][HEADER] Logo+Gerätename: 0.0044s
07-20 01:49:19.392  1578  1862 I TrafficMonitor: expired arrive. level:-1
07-20 01:49:19.392  1578  1862 I TrafficMonitor: during_ms:2005,period_ms:2000
07-20 01:49:19.392  1578  1862 I TrafficMonitor: count:116,rx_sum:0,tx_sum:0,rxBytes:0,during_ms:2005,rx_speed:0.0,tx_speed:0.0,rto:0.0
07-20 01:49:19.392  1578  1862 I HuaweiWifiWatchdogStateMachine: Get speed information rx_speed = 0 ,tx_speed = 0 ,isSpeedOk = false ,mBestSpeedInPeriod = 0
07-20 01:49:19.407 26792 26852 I python  : [PERF][HEADER] Status+Controls: 0.0266s
07-20 01:49:19.410 26792 26852 I python  : [PERF][HEADER] Uhr+Menü: 0.0026s
07-20 01:49:19.413 26792 26852 I python  : [PERF][HEADER] Assembly: 0.0033s
07-20 01:49:19.413 26792 26852 I python  : [PERF][HEADER] TOTAL: 0.0409s
07-20 01:49:19.427 26792 26852 I python  : [PERF][SCREEN] END fullscreen: 0.0835s
07-20 01:49:19.428 26792 26852 I python  : [PERF][PRELOAD] END fullscreen
07-20 01:49:19.450 26867 26904 I ble_service: [INFO   ] [Logger      ] Record log in /data/user/0/org.hackintosh1980.espgrowcontroller/files/app/.kivy/logs/kivy_26-07-20_1.txt
07-20 01:49:19.450 26867 26904 I ble_service: [INFO   ] [Kivy        ] v2.3.0
07-20 01:49:19.450 26867 26904 I ble_service: [INFO   ] [Kivy        ] Installed at "/data/user/0/org.hackintosh1980.espgrowcontroller/files/app/_python_bundle/site-packages/kivy/__init__.pyc"
07-20 01:49:19.450 26867 26904 I ble_service: [INFO   ] [Python      ] v3.11.9 (main, Jul 19 2026, 09:21:02) [Clang 14.0.6 (https://android.googlesource.com/toolchain/llvm-project 4c603efb0
07-20 01:49:19.451 26867 26904 I ble_service: [INFO   ] [Python      ] Interpreter at ""
07-20 01:49:19.451 26867 26904 I ble_service: [INFO   ] [Logger      ] Purge log fired. Processing...
07-20 01:49:19.452 26867 26904 I ble_service: [INFO   ] [Logger      ] Purge finished!
07-20 01:49:19.461 26867 26904 I ble_service: BLE DESKTOP MODULE IMPORTIERT
07-20 01:49:19.493  1578  1854 I WificondControl: Noise: -92, Snr: 27, Chload: -1, rssi: -64, txBitrate: 72, rxBitrate: 0, frequency: 2462, UlDelay: -1, currentTxBytes: 0, currentTxPackets: 514842, currentTxFailed: 757, currentRxBytes: 0, currentRxPackets: 768444
07-20 01:49:19.501  2880  5886 I VoWifiQoe_N: ProcessReqInfo ul_msgid=5
07-20 01:49:19.501  2880  5886 I VoWifiQoe_N: processReqInfo MSG_WIFI_SIGNAL_INFO_IND 
07-20 01:49:19.501  2880  5886 I VoWifiQoe_N: ProcessSignalInfoInd curStateIsIdle 0 
07-20 01:49:19.501  2880  5886 I VoWifiQoe_N: ProcessSignalInfoInd wifiInterruptFlg 1 enScreenState 1 curStateIsIdle 0
07-20 01:49:19.502  2880  5886 I VoWifiQoe_N: UpdateEvaluatePolicy EVALUATE_POLICY_RSSI
07-20 01:49:19.502  2880  5886 I VoWifiQoe_N: UpdateEvaluatePolicy phoneId 1 is not qoe started!
07-20 01:49:19.511 26792 26882 I python  : [DEBUG  ] [http          ]//192.168.2.20:80 "GET /data HTTP/1.1" 200 2605
07-20 01:49:19.690 26792 26899 I python  : [Discovery] mDNS Match für 827482CC-A977-43D7-835E-8E8B6978E66A: 192.168.2.39 (growmaster-1d3c.local)
07-20 01:49:19.711  1578  2467 I WificondControl: Noise: -92, Snr: 29, Chload: -1, rssi: -63, txBitrate: 72, rxBitrate: 0, frequency: 2462, UlDelay: -1, currentTxBytes: 0, currentTxPackets: 514848, currentTxFailed: 757, currentRxBytes: 0, currentRxPackets: 768450
07-20 01:49:19.716  2880  5886 I VoWifiQoe_N: ProcessReqInfo ul_msgid=5
07-20 01:49:19.716  2880  5886 I VoWifiQoe_N: processReqInfo MSG_WIFI_SIGNAL_INFO_IND 
07-20 01:49:19.716  2880  5886 I VoWifiQoe_N: ProcessSignalInfoInd curStateIsIdle 0 
07-20 01:49:19.716  2880  5886 I VoWifiQoe_N: ProcessSignalInfoInd wifiInterruptFlg 1 enScreenState 1 curStateIsIdle 0
07-20 01:49:19.716  2880  5886 I VoWifiQoe_N: UpdateEvaluatePolicy EVALUATE_POLICY_RSSI
07-20 01:49:19.716  2880  5886 I VoWifiQoe_N: UpdateEvaluatePolicy phoneId 1 is not qoe started!
07-20 01:49:19.718  1123  1123 E Thermal-daemon:hw_thermal: [ap] tempNew :40  tempOld :39
07-20 01:49:19.719  1123  1123 E Thermal-daemon:hw_thermal: Report temperature: [ap] temp :40  reportThreshold:1
07-20 01:49:19.753  1578  1686 I PowerManagerService: handleSandman: wakefulness: 1,startDreaming: false
07-20 01:49:19.754 26867 26904 I ble_service: [Service] WakeLock dauerhaft akquiriert
07-20 01:49:19.754 26867 26904 I ble_service: [Service] Foreground Service aktiv: org.hackintosh1980.espgrowcontroller.ServiceBle_service
07-20 01:49:19.802 26792 26852 I python  : [BROADCAST] Bridge gestartet
07-20 01:49:19.815   732   732 E SurfaceFlinger: [SurfaceView - org.hackintosh1980.espgrowcontroller/org.kivy.android.PythonActivity#0] rejecting buffer: bufWidth=2041, bufHeight=999, front.active_legacy.{w=2160, h=1080}
07-20 01:49:19.815   732   732 I BufferQueueLayer: BufferQueueLayer updateTexImage BUFFER_REJECTED
07-20 01:49:19.815   732   732 I BufferLayer: latchBuffer updateTexImage Invalid argument (-22)
07-20 01:49:19.815   732   732 I SurfaceFlinger: isBufferLatched false newDataLatched 0
07-20 01:49:19.817 26867 26904 I BluetoothAdapter: isLeEnabled(): ON
07-20 01:49:19.820  2209  3502 I bt_stack: [INFO:bta_gattc_act.cc(175)] bta_gattc_register: state:2
07-20 01:49:19.820  2209  3502 I bt_stack: [INFO:gatt_api.cc(974)] GATT_Register 21cdc633-dbb0-3cf6-4829-850be59c2b8c
07-20 01:49:19.820  2209  3502 I bt_stack: [INFO:gatt_api.cc(994)] allocated gatt_if=13
07-20 01:49:19.820  2209  3502 I bt_stack: [INFO:gatt_api.cc(1090)] GATT_StartIf gatt_if=13
07-20 01:49:19.820  2209  3502 I bt_stack: [INFO:gatt_utils.cc(260)] gatt_find_the_connected_bda start_idx=0
07-20 01:49:19.820  2209  3502 I bt_stack: [INFO:gatt_utils.cc(272)]  found=0 found_idx=7
07-20 01:49:19.824  2635  3724 I PGServer: report state:8 event type:1 pid:0 uid:10677 pkg:null to pid: 1578
07-20 01:49:19.825  2635  3724 I BluetoothState: new active bluetooth uid: 10677, pid:26867, reason:BLE_SCAN
07-20 01:49:19.826  2807  3027 E Nc_Chr_BT: NcBtDftManager: unhandled id
07-20 01:49:19.830 26867 26904 I ble_service: [Service] Alle Bridges aktiv
07-20 01:49:19.830 26867 26904 I ble_service: [Service] Starte Main-Loop (Heartbeat alle 30s)
07-20 01:49:19.831   732   732 I SurfaceFlinger: isBufferLatched false newDataLatched 0
07-20 01:49:19.838  2209  2226 I bt_btif bt interface: set_adapter_property
07-20 01:49:19.839 26867 26911 I BluetoothLeAdvertiser: startAdvertising is called
07-20 01:49:19.839 26867 26911 I BluetoothAdapter: isLeEnabled(): ON
07-20 01:49:19.841 26867 26911 I BluetoothLeAdvertiser: startAdvertisingSet, calling package name = org.hackintosh1980.espgrowcontroller
07-20 01:49:19.842 26867 26911 I BluetoothAdapter: isLeEnabled(): ON
07-20 01:49:19.845 26867 26911 I BroadcastBridge: Advertising refreshed
07-20 01:49:19.847  2209  3502 I bt_stack: [INFO:btm_ble_multi_adv.cc(294)] operator() interval_ms 709521 delta_time 190479
07-20 01:49:19.892 26792 26852 I python  : [PERF][PRELOAD] START device_picker
07-20 01:49:19.892 26792 26852 I python  : [PERF][SCREEN] START device_picker
07-20 01:49:19.895 26792 26852 I python  : [PERF][HEADER] Basis: 0.0003s
07-20 01:49:19.897  2262  7426 I Booster_Qoe: AdaBoostPredict rlt,index:6,NisPsSlow:0,NProba:312,rsrp(rssi):-63,rsrq(noise):-92,rtt(chload):200,buffhigh(uldelay):0,buffcomm(rtt):0
07-20 01:49:19.897  2262  7426 I Booster_Qoe: AdaBoostPredict rlt,index:2,NisPsSlow:0,NProba:312,rsrp(rssi):-63,rsrq(noise):-92,rtt(chload):200,buffhigh(uldelay):0,buffcomm(rtt):1
07-20 01:49:19.897  2262  7426 I Collector: HandleRawWifiInfo: flag:0, netId:0!
07-20 01:49:19.899 26792 26852 I python  : [PERF][HEADER] Navigation: 0.0032s
07-20 01:49:19.899  2262  3431 I Hicom_Monitor: handleNetworkQoeReport. foregroundAppTcpRtt: 0, maxRatioChannelId: 2
07-20 01:49:19.900  2262  3431 I Hicom_Monitor: handleNetworkQoeReport. qoeString: 10677,4,0,312,1,2,4,0,312,72000,0,10,10,0,0,0,0
07-20 01:49:19.902  1578  1961 I WiFi_PRO_WifiProStateMachine: APP_SERVICE_QOE_NOTIFY Qoe info 10677,4,0,312,1,2,4,0,312,72000,0,10,10,0,0,0,0 CID 2 mMasterWifiRssi -63 mMasterCardAmbr 1048576 mSlaveCardAmbr 1048576
07-20 01:49:19.902  1578  1961 I HwWifiProServiceProxy: ctrlHwWifiNetwork pkgName: WIFIPRO_SERVICE interfaceId: 9
07-20 01:49:19.903  1578  1961 I WiFi_PRO_WifiProStateMachine: isWifi2WifiProcess = false, mIsNeedIgnoreQoeUpdate = false, mIsAppInBlacklist = false, mIsAppInBlacklistFullScreen = false, mIsWiFiNoInternet false, screen on = true, full screen = true, isLandscapeMode = true, mNotifyWifiLinkPoorReason = -1
07-20 01:49:19.903  1578  1961 I WiFi_PRO_WifiProStateMachine: mChannelQoeBadCnt = 0, mAppQoeBadCnt = 0, mNetworkSlowReason = 0, mNetworkSlowChannelBadCnt = 0
07-20 01:49:19.907 26792 26852 I python  : [PERF][HEADER] Logo+Gerätename: 0.0079s
07-20 01:49:19.907  2209  2366 I bt_stack: [INFO:btif_config.cc(534)] btif_config_write: sec num:4  total:68ms  rename:4ms  wait:0ms  copy:0ms  save:63ms.
07-20 01:49:19.910  2560  2560 I nearby  : BleAdvertiseManager:onDeviceNameChangeEvent
07-20 01:49:19.910  2560  2560 I BatteryChangedMonitor: device name broadcast receive.
07-20 01:49:19.910  2560  2560 I BatteryChangedMonitor: receice ACTION_LOCAL_NAME_CHANGED broadcast, new device Name: LGS
07-20 01:49:19.911  2560  2560 I UniBleManager: onReceive: ACTION_LOCAL_NAME_CHANGED
07-20 01:49:19.911 26867 26867 I BroadcastBridge: Advertising active
07-20 01:49:19.911  2560  3481 I DeviceRepository: local device name has no change.
07-20 01:49:19.911  2560  3481 I BatteryChangedMonitor: Success to call device name listener of:Loca***, input deviceId: E05DF9EDF2429F9228F1A1F33C94FC97***
07-20 01:49:19.925  1578  2467 I WificondControl: Noise: -92, Snr: 30, Chload: -1, rssi: -62, txBitrate: 72, rxBitrate: 0, frequency: 2462, UlDelay: -1, currentTxBytes: 0, currentTxPackets: 514849, currentTxFailed: 757, currentRxBytes: 0, currentRxPackets: 768451
07-20 01:49:19.930  2880  5886 I VoWifiQoe_N: ProcessReqInfo ul_msgid=5
07-20 01:49:19.930  2880  5886 I VoWifiQoe_N: processReqInfo MSG_WIFI_SIGNAL_INFO_IND 
07-20 01:49:19.930  2880  5886 I VoWifiQoe_N: ProcessSignalInfoInd curStateIsIdle 0 
07-20 01:49:19.930  2880  5886 I VoWifiQoe_N: ProcessSignalInfoInd wifiInterruptFlg 1 enScreenState 1 curStateIsIdle 0
07-20 01:49:19.930  2880  5886 I VoWifiQoe_N: UpdateEvaluatePolicy EVALUATE_POLICY_RSSI
07-20 01:49:19.930  2880  5886 I VoWifiQoe_N: UpdateEvaluatePolicy phoneId 1 is not qoe started!
07-20 01:49:19.934 26792 26852 I python  : [PERF][HEADER] Status+Controls: 0.0274s
07-20 01:49:20.112  1578  1863 I WificondControl: Noise: -92, Snr: 30, Chload: -1, rssi: -62, txBitrate: 72, rxBitrate: 0, frequency: 2462, UlDelay: -1, currentTxBytes: 0, currentTxPackets: 514852, currentTxFailed: 757, currentRxBytes: 0, currentRxPackets: 768451
07-20 01:49:20.137  1578  2467 I WificondControl: Noise: -92, Snr: 30, Chload: -1, rssi: -62, txBitrate: 72, rxBitrate: 0, frequency: 2462, UlDelay: -1, currentTxBytes: 0, currentTxPackets: 514852, currentTxFailed: 757, currentRxBytes: 0, currentRxPackets: 768451
07-20 01:49:20.141  2880  5886 I VoWifiQoe_N: ProcessReqInfo ul_msgid=5
07-20 01:49:20.141  2880  5886 I VoWifiQoe_N: processReqInfo MSG_WIFI_SIGNAL_INFO_IND 
07-20 01:49:20.141  2880  5886 I VoWifiQoe_N: ProcessSignalInfoInd curStateIsIdle 0 
07-20 01:49:20.141  2880  5886 I VoWifiQoe_N: ProcessSignalInfoInd wifiInterruptFlg 1 enScreenState 1 curStateIsIdle 0
07-20 01:49:20.141  2880  5886 I VoWifiQoe_N: UpdateEvaluatePolicy EVALUATE_POLICY_RSSI
07-20 01:49:20.141  2880  5886 I VoWifiQoe_N: UpdateEvaluatePolicy phoneId 1 is not qoe started!
07-20 01:49:20.186 26792 26852 I python  : [PERF][HEADER] Uhr+Menü: 0.2523s
07-20 01:49:20.190 26792 26852 I python  : [PERF][HEADER] Assembly: 0.0036s
07-20 01:49:20.190 26792 26852 I python  : [PERF][HEADER] TOTAL: 0.2947s
07-20 01:49:20.203 26792 26852 I python  : [PERF][SCREEN] END device_picker: 0.3105s
07-20 01:49:20.203 26792 26852 I python  : [PERF][PRELOAD] END device_picker
07-20 01:49:20.224  2209  2366 W bt_btif : Remote device:49:25:**:**:**:21, no link key or ble key found
07-20 01:49:20.224  2209  2366 I chatty  : uid=1002(bluetooth) BT Service Call identical 2 lines
07-20 01:49:20.225  2209  2366 W bt_btif : Remote device:49:25:**:**:**:21, no link key or ble key found
07-20 01:49:20.235  2209  2366 W bt_btif : Remote device:20:6e:**:**:**:3d, no link key or ble key found
07-20 01:49:20.235  2209  2366 I chatty  : uid=1002(bluetooth) BT Service Call identical 2 lines
07-20 01:49:20.236  2209  2366 W bt_btif : Remote device:20:6e:**:**:**:3d, no link key or ble key found
07-20 01:49:20.344  1122  1148 I storaged: storaged_t::event: storage_info refreshed.
07-20 01:49:20.347  1578  2467 I WificondControl: Noise: -92, Snr: 33, Chload: -1, rssi: -61, txBitrate: 72, rxBitrate: 0, frequency: 2462, UlDelay: -1, currentTxBytes: 0, currentTxPackets: 514856, currentTxFailed: 757, currentRxBytes: 0, currentRxPackets: 768452
07-20 01:49:20.351  2880  5886 I VoWifiQoe_N: ProcessReqInfo ul_msgid=5
07-20 01:49:20.352  2880  5886 I VoWifiQoe_N: processReqInfo MSG_WIFI_SIGNAL_INFO_IND 
07-20 01:49:20.352  2880  5886 I VoWifiQoe_N: ProcessSignalInfoInd curStateIsIdle 0 
07-20 01:49:20.352  2880  5886 I VoWifiQoe_N: ProcessSignalInfoInd wifiInterruptFlg 1 enScreenState 1 curStateIsIdle 0
07-20 01:49:20.352  2880  5886 I VoWifiQoe_N: UpdateEvaluatePolicy EVALUATE_POLICY_RSSI
07-20 01:49:20.352  2880  5886 I VoWifiQoe_N: UpdateEvaluatePolicy phoneId 1 is not qoe started!
07-20 01:49:20.404  1578  1862 I TrafficMonitor: update:rxPkts:13,txPkts:17,rxBytes:4094,txBytes:1840
07-20 01:49:20.404  1578  1862 I TrafficMonitor: gettimer:interval=2000
07-20 01:49:20.409   729   790 E ACCKIT_ : PerfMgr: fail to read 0
07-20 01:49:20.502   732   732 I SurfaceFlinger: isBufferLatched false newDataLatched 0
07-20 01:49:20.565  1578  1854 I WificondControl: Noise: -92, Snr: 32, Chload: -1, rssi: -61, txBitrate: 72, rxBitrate: 0, frequency: 2462, UlDelay: -1, currentTxBytes: 0, currentTxPackets: 514857, currentTxFailed: 757, currentRxBytes: 0, currentRxPackets: 768452
07-20 01:49:20.574  2880  5886 I VoWifiQoe_N: ProcessReqInfo ul_msgid=5
07-20 01:49:20.575  2880  5886 I VoWifiQoe_N: processReqInfo MSG_WIFI_SIGNAL_INFO_IND 
07-20 01:49:20.575  2880  5886 I VoWifiQoe_N: ProcessSignalInfoInd curStateIsIdle 0 
07-20 01:49:20.575  2880  5886 I VoWifiQoe_N: ProcessSignalInfoInd wifiInterruptFlg 1 enScreenState 1 curStateIsIdle 0
07-20 01:49:20.575  2880  5886 I VoWifiQoe_N: UpdateEvaluatePolicy EVALUATE_POLICY_RSSI
07-20 01:49:20.575  2880  5886 I VoWifiQoe_N: UpdateEvaluatePolicy phoneId 1 is not qoe started!
07-20 01:49:20.741 26792 26892 I python  : [DEBUG  ] [http          ]//192.168.2.39:80 "GET /data HTTP/1.1" 200 2513
07-20 01:49:20.783  1578  1854 I WificondControl: Noise: -92, Snr: 32, Chload: -1, rssi: -60, txBitrate: 72, rxBitrate: 0, frequency: 2462, UlDelay: -1, currentTxBytes: 0, currentTxPackets: 514862, currentTxFailed: 757, currentRxBytes: 0, currentRxPackets: 768457
07-20 01:49:20.790  2880  5886 I VoWifiQoe_N: ProcessReqInfo ul_msgid=5
07-20 01:49:20.790  2880  5886 I VoWifiQoe_N: processReqInfo MSG_WIFI_SIGNAL_INFO_IND 
07-20 01:49:20.790  2880  5886 I VoWifiQoe_N: ProcessSignalInfoInd curStateIsIdle 0 
07-20 01:49:20.790  2880  5886 I VoWifiQoe_N: ProcessSignalInfoInd wifiInterruptFlg 1 enScreenState 1 curStateIsIdle 0
07-20 01:49:20.790  2880  5886 I VoWifiQoe_N: UpdateEvaluatePolicy EVALUATE_POLICY_RSSI
07-20 01:49:20.790  2880  5886 I VoWifiQoe_N: UpdateEvaluatePolicy phoneId 1 is not qoe started!
07-20 01:49:20.865 26792 26882 I python  : [DEBUG  ] [Starting new HTTP connection (1)] 192.168.2.20:80
07-20 01:49:20.874 26792 26892 I python  : [DEBUG  ] [Starting new HTTP connection (1)] 192.168.2.39:80
07-20 01:49:20.919  2262  7426 I Booster_Qoe: AdaBoostPredict rlt,index:6,NisPsSlow:0,NProba:312,rsrp(rssi):-62,rsrq(noise):-92,rtt(chload):200,buffhigh(uldelay):0,buffcomm(rtt):0
07-20 01:49:20.919  2262  7426 I Booster_Qoe: AdaBoostPredict rlt,index:2,NisPsSlow:0,NProba:312,rsrp(rssi):-62,rsrq(noise):-92,rtt(chload):200,buffhigh(uldelay):0,buffcomm(rtt):0
07-20 01:49:20.922  2262  7426 I Collector: HandleRawWifiInfo: flag:0, netId:0!
07-20 01:49:20.922  2262  3431 I Hicom_Monitor: handleNetworkQoeReport. foregroundAppTcpRtt: 0, maxRatioChannelId: 2
07-20 01:49:20.922  2262  3431 I Hicom_Monitor: handleNetworkQoeReport. qoeString: 10677,4,0,312,1,2,4,0,312,72000,0,10,10,0,0,0,0
07-20 01:49:20.922  1578  1961 I WiFi_PRO_WifiProStateMachine: APP_SERVICE_QOE_NOTIFY Qoe info 10677,4,0,312,1,2,4,0,312,72000,0,10,10,0,0,0,0 CID 2 mMasterWifiRssi -62 mMasterCardAmbr 1048576 mSlaveCardAmbr 1048576
07-20 01:49:20.923  1578  1961 I HwWifiProServiceProxy: ctrlHwWifiNetwork pkgName: WIFIPRO_SERVICE interfaceId: 9
07-20 01:49:20.923  1578  1961 I WiFi_PRO_WifiProStateMachine: isWifi2WifiProcess = false, mIsNeedIgnoreQoeUpdate = false, mIsAppInBlacklist = false, mIsAppInBlacklistFullScreen = false, mIsWiFiNoInternet false, screen on = true, full screen = true, isLandscapeMode = true, mNotifyWifiLinkPoorReason = -1
07-20 01:49:20.924  1578  1961 I WiFi_PRO_WifiProStateMachine: mChannelQoeBadCnt = 0, mAppQoeBadCnt = 0, mNetworkSlowReason = 0, mNetworkSlowChannelBadCnt = 0
07-20 01:49:20.973 26792 26852 I python  : [Core] BROADCAST Bridge started
07-20 01:49:21.005  1578  1854 I WificondControl: Noise: -92, Snr: 33, Chload: -1, rssi: -58, txBitrate: 72, rxBitrate: 0, frequency: 2462, UlDelay: -1, currentTxBytes: 0, currentTxPackets: 514868, currentTxFailed: 757, currentRxBytes: 0, currentRxPackets: 768460
07-20 01:49:21.014  2880  5886 I VoWifiQoe_N: ProcessReqInfo ul_msgid=5
07-20 01:49:21.015  2880  5886 I VoWifiQoe_N: processReqInfo MSG_WIFI_SIGNAL_INFO_IND 
07-20 01:49:21.015  2880  5886 I VoWifiQoe_N: ProcessSignalInfoInd curStateIsIdle 0 
07-20 01:49:21.015  2880  5886 I VoWifiQoe_N: ProcessSignalInfoInd wifiInterruptFlg 1 enScreenState 1 curStateIsIdle 0
07-20 01:49:21.015  2880  5886 I VoWifiQoe_N: UpdateEvaluatePolicy EVALUATE_POLICY_RSSI
07-20 01:49:21.015  2880  5886 I VoWifiQoe_N: UpdateEvaluatePolicy phoneId 1 is not qoe started!
07-20 01:49:21.037 26792 26852 I python  : [PERF][PRELOAD] START setup
07-20 01:49:21.037 26792 26852 I python  : [PERF][SCREEN] START setup
07-20 01:49:21.041 26792 26852 I python  : [PERF][HEADER] Basis: 0.0016s
07-20 01:49:21.045 26792 26852 I python  : [PERF][HEADER] Navigation: 0.0039s
07-20 01:49:21.048 26792 26852 I python  : [PERF][HEADER] Logo+Gerätename: 0.0031s
07-20 01:49:21.075 26792 26852 I python  : [PERF][HEADER] Status+Controls: 0.0271s
07-20 01:49:21.077 26792 26852 I python  : [PERF][HEADER] Uhr+Menü: 0.0022s
07-20 01:49:21.080 26792 26852 I python  : [PERF][HEADER] Assembly: 0.0029s
07-20 01:49:21.080 26792 26852 I python  : [PERF][HEADER] TOTAL: 0.0408s
07-20 01:49:21.097 26792 26852 I python  : [PERF][SCREEN] END setup: 0.0603s
07-20 01:49:21.098 26792 26852 I python  : [PERF][PRELOAD] END setup
07-20 01:49:21.156 26792 26892 I python  : [DEBUG  ] [http          ]//192.168.2.39:80 "GET /data HTTP/1.1" 200 2563
07-20 01:49:21.162 26792 26882 I python  : [DEBUG  ] [http          ]//192.168.2.20:80 "GET /data HTTP/1.1" 200 2553
07-20 01:49:21.200  2209  2366 W bt_btif : Remote device:e0:72:**:**:**:65, no link key or ble key found
07-20 01:49:21.200  2209  2366 I chatty  : uid=1002(bluetooth) BT Service Call identical 2 lines
07-20 01:49:21.201  2209  2366 W bt_btif : Remote device:e0:72:**:**:**:65, no link key or ble key found
07-20 01:49:21.228  1578  2467 I WificondControl: Noise: -92, Snr: 33, Chload: -1, rssi: -57, txBitrate: 72, rxBitrate: 0, frequency: 2462, UlDelay: -1, currentTxBytes: 0, currentTxPackets: 514878, currentTxFailed: 757, currentRxBytes: 0, currentRxPackets: 768469
07-20 01:49:21.233  2880  5886 I VoWifiQoe_N: ProcessReqInfo ul_msgid=5
07-20 01:49:21.233  2880  5886 I VoWifiQoe_N: processReqInfo MSG_WIFI_SIGNAL_INFO_IND 
07-20 01:49:21.233  2880  5886 I VoWifiQoe_N: ProcessSignalInfoInd curStateIsIdle 0 
07-20 01:49:21.233  2880  5886 I VoWifiQoe_N: ProcessSignalInfoInd wifiInterruptFlg 1 enScreenState 1 curStateIsIdle 0
07-20 01:49:21.233  2880  5886 I VoWifiQoe_N: UpdateEvaluatePolicy EVALUATE_POLICY_RSSI
07-20 01:49:21.233  2880  5886 I VoWifiQoe_N: UpdateEvaluatePolicy phoneId 1 is not qoe started!
07-20 01:49:21.286 26792 26882 I python  : [DEBUG  ] [Starting new HTTP connection (1)] 192.168.2.39:80
07-20 01:49:21.290 26792 26892 I python  : [DEBUG  ] [Starting new HTTP connection (1)] 192.168.2.20:80
07-20 01:49:21.358 26792 26852 I python  : [PERF][PRELOAD] START grow_controller
07-20 01:49:21.358 26792 26852 I python  : [PERF][SCREEN] START grow_controller
07-20 01:49:21.361 26792 26852 I python  : [PERF][HEADER] Basis: 0.0005s
07-20 01:49:21.366 26792 26852 I python  : [PERF][HEADER] Navigation: 0.0050s
07-20 01:49:21.370 26792 26852 I python  : [PERF][HEADER] Logo+Gerätename: 0.0042s
07-20 01:49:21.403 26792 26852 I python  : [PERF][HEADER] Status+Controls: 0.0326s
07-20 01:49:21.408 26792 26852 I python  : [PERF][HEADER] Uhr+Menü: 0.0054s
07-20 01:49:21.412 26792 26852 I python  : [PERF][HEADER] Assembly: 0.0038s
07-20 01:49:21.412 26792 26852 I python  : [PERF][HEADER] TOTAL: 0.0515s
07-20 01:49:21.416 26792 26852 I python  : [PERF][SCREEN] END grow_controller: 0.0574s
07-20 01:49:21.416 26792 26852 I python  : [PERF][PRELOAD] END grow_controller
07-20 01:49:21.442  1578  2467 I WificondControl: Noise: -92, Snr: 34, Chload: -1, rssi: -56, txBitrate: 72, rxBitrate: 0, frequency: 2462, UlDelay: -1, currentTxBytes: 0, currentTxPackets: 514880, currentTxFailed: 757, currentRxBytes: 0, currentRxPackets: 768471
07-20 01:49:21.446  2880  5886 I VoWifiQoe_N: ProcessReqInfo ul_msgid=5
07-20 01:49:21.447  2880  5886 I VoWifiQoe_N: processReqInfo MSG_WIFI_SIGNAL_INFO_IND 
07-20 01:49:21.447  2880  5886 I VoWifiQoe_N: ProcessSignalInfoInd curStateIsIdle 0 
07-20 01:49:21.447  2880  5886 I VoWifiQoe_N: ProcessSignalInfoInd wifiInterruptFlg 1 enScreenState 1 curStateIsIdle 0
07-20 01:49:21.447  2880  5886 I VoWifiQoe_N: UpdateEvaluatePolicy EVALUATE_POLICY_RSSI
07-20 01:49:21.447  2880  5886 I VoWifiQoe_N: UpdateEvaluatePolicy phoneId 1 is not qoe started!
07-20 01:49:21.469  1578  1686 I PowerManagerService: handleSandman: wakefulness: 1,startDreaming: false
07-20 01:49:21.533   634  8415 I netd    : trafficSwapActiveStatsMap() <20.33ms>
07-20 01:49:21.596  2209  2366 W bt_btif : Remote device:f0:f1:**:**:**:19, no link key or ble key found
07-20 01:49:21.596  2209  2366 I chatty  : uid=1002(bluetooth) BT Service Call identical 2 lines
07-20 01:49:21.598  2209  2366 W bt_btif : Remote device:f0:f1:**:**:**:19, no link key or ble key found
07-20 01:49:21.657  1578  1854 I WificondControl: Noise: -92, Snr: 34, Chload: -1, rssi: -55, txBitrate: 72, rxBitrate: 0, frequency: 2462, UlDelay: -1, currentTxBytes: 0, currentTxPackets: 514885, currentTxFailed: 757, currentRxBytes: 0, currentRxPackets: 768473
07-20 01:49:21.662  2880  5886 I VoWifiQoe_N: ProcessReqInfo ul_msgid=5
07-20 01:49:21.662  2880  5886 I VoWifiQoe_N: processReqInfo MSG_WIFI_SIGNAL_INFO_IND 
07-20 01:49:21.662  2880  5886 I VoWifiQoe_N: ProcessSignalInfoInd curStateIsIdle 0 
07-20 01:49:21.662  2880  5886 I VoWifiQoe_N: ProcessSignalInfoInd wifiInterruptFlg 1 enScreenState 1 curStateIsIdle 0
07-20 01:49:21.662  2880  5886 I VoWifiQoe_N: UpdateEvaluatePolicy EVALUATE_POLICY_RSSI
07-20 01:49:21.662  2880  5886 I VoWifiQoe_N: UpdateEvaluatePolicy phoneId 1 is not qoe started!
07-20 01:49:21.672  1578  1686 I PowerManagerService: handleSandman: wakefulness: 1,startDreaming: false
07-20 01:49:21.698  1061  6849 I iked    : [INFO]: ikev2.c:305: ikev2_periodic_task()
07-20 01:49:21.852 26792 26882 I python  : [DEBUG  ] [http          ]//192.168.2.39:80 "GET /data HTTP/1.1" 200 2604
07-20 01:49:21.872  1578  1854 I WificondControl: Noise: -92, Snr: 34, Chload: -1, rssi: -55, txBitrate: 72, rxBitrate: 0, frequency: 2462, UlDelay: -1, currentTxBytes: 0, currentTxPackets: 514893, currentTxFailed: 757, currentRxBytes: 0, currentRxPackets: 768481
07-20 01:49:21.873 26792 26892 I python  : [DEBUG  ] [http          ]//192.168.2.20:80 "GET /data HTTP/1.1" 200 2554
07-20 01:49:21.878  2880  5886 I VoWifiQoe_N: ProcessReqInfo ul_msgid=5
07-20 01:49:21.878  2880  5886 I VoWifiQoe_N: processReqInfo MSG_WIFI_SIGNAL_INFO_IND 
07-20 01:49:21.878  2880  5886 I VoWifiQoe_N: ProcessSignalInfoInd curStateIsIdle 0 
07-20 01:49:21.878  2880  5886 I VoWifiQoe_N: ProcessSignalInfoInd wifiInterruptFlg 1 enScreenState 1 curStateIsIdle 0
07-20 01:49:21.878  2880  5886 I VoWifiQoe_N: UpdateEvaluatePolicy EVALUATE_POLICY_RSSI
07-20 01:49:21.878  2880  5886 I VoWifiQoe_N: UpdateEvaluatePolicy phoneId 1 is not qoe started!
07-20 01:49:21.949  2262  7426 I Booster_Qoe: AdaBoostPredict rlt,index:6,NisPsSlow:0,NProba:312,rsrp(rssi):-59,rsrq(noise):-92,rtt(chload):200,buffhigh(uldelay):0,buffcomm(rtt):0
07-20 01:49:21.949  2262  7426 I Booster_Qoe: AdaBoostPredict rlt,index:2,NisPsSlow:0,NProba:312,rsrp(rssi):-59,rsrq(noise):-92,rtt(chload):200,buffhigh(uldelay):0,buffcomm(rtt):0
07-20 01:49:21.950  2262  7426 I Collector: HandleRawWifiInfo: flag:0, netId:0!
07-20 01:49:21.954  2262  3431 I Hicom_Monitor: handleNetworkQoeReport. foregroundAppTcpRtt: 0, maxRatioChannelId: 2
07-20 01:49:21.954  2262  3431 I Hicom_Monitor: handleNetworkQoeReport. qoeString: 10677,4,0,312,1,2,4,0,312,72000,0,10,10,0,0,0,0
07-20 01:49:21.954  1578  1961 I WiFi_PRO_WifiProStateMachine: APP_SERVICE_QOE_NOTIFY Qoe info 10677,4,0,312,1,2,4,0,312,72000,0,10,10,0,0,0,0 CID 2 mMasterWifiRssi -59 mMasterCardAmbr 1048576 mSlaveCardAmbr 1048576
07-20 01:49:21.955  1578  1961 I HwWifiProServiceProxy: ctrlHwWifiNetwork pkgName: WIFIPRO_SERVICE interfaceId: 9
07-20 01:49:21.955  1578  1961 I WiFi_PRO_WifiProStateMachine: isWifi2WifiProcess = false, mIsNeedIgnoreQoeUpdate = false, mIsAppInBlacklist = false, mIsAppInBlacklistFullScreen = false, mIsWiFiNoInternet false, screen on = true, full screen = true, isLandscapeMode = true, mNotifyWifiLinkPoorReason = -1
07-20 01:49:21.955  1578  1961 I WiFi_PRO_WifiProStateMachine: mChannelQoeBadCnt = 0, mAppQoeBadCnt = 0, mNetworkSlowReason = 0, mNetworkSlowChannelBadCnt = 0
07-20 01:49:22.032 26792 26892 I python  : [DEBUG  ] [Starting new HTTP connection (1)] 192.168.2.20:80
07-20 01:49:22.034 26792 26882 I python  : [DEBUG  ] [Starting new HTTP connection (1)] 192.168.2.39:80
07-20 01:49:22.088  1578  1854 I WificondControl: Noise: -92, Snr: 35, Chload: -1, rssi: -54, txBitrate: 72, rxBitrate: 0, frequency: 2462, UlDelay: -1, currentTxBytes: 0, currentTxPackets: 514898, currentTxFailed: 757, currentRxBytes: 0, currentRxPackets: 768484
07-20 01:49:22.095  2880  5886 I VoWifiQoe_N: ProcessReqInfo ul_msgid=5
07-20 01:49:22.095  2880  5886 I VoWifiQoe_N: processReqInfo MSG_WIFI_SIGNAL_INFO_IND 
07-20 01:49:22.095  2880  5886 I VoWifiQoe_N: ProcessSignalInfoInd curStateIsIdle 0 
07-20 01:49:22.095  2880  5886 I VoWifiQoe_N: ProcessSignalInfoInd wifiInterruptFlg 1 enScreenState 1 curStateIsIdle 0
07-20 01:49:22.095  2880  5886 I VoWifiQoe_N: UpdateEvaluatePolicy EVALUATE_POLICY_RSSI
07-20 01:49:22.095  2880  5886 I VoWifiQoe_N: UpdateEvaluatePolicy phoneId 1 is not qoe started!
07-20 01:49:22.303  1578  2467 I WificondControl: Noise: -92, Snr: 35, Chload: -1, rssi: -53, txBitrate: 72, rxBitrate: 0, frequency: 2462, UlDelay: -1, currentTxBytes: 0, currentTxPackets: 514904, currentTxFailed: 757, currentRxBytes: 0, currentRxPackets: 768485
07-20 01:49:22.309  2880  5886 I VoWifiQoe_N: ProcessReqInfo ul_msgid=5
07-20 01:49:22.309  2880  5886 I VoWifiQoe_N: processReqInfo MSG_WIFI_SIGNAL_INFO_IND 
07-20 01:49:22.309  2880  5886 I VoWifiQoe_N: ProcessSignalInfoInd curStateIsIdle 0 
07-20 01:49:22.309  2880  5886 I VoWifiQoe_N: ProcessSignalInfoInd wifiInterruptFlg 1 enScreenState 1 curStateIsIdle 0
07-20 01:49:22.309  2880  5886 I VoWifiQoe_N: UpdateEvaluatePolicy EVALUATE_POLICY_RSSI
07-20 01:49:22.309  2880  5886 I VoWifiQoe_N: UpdateEvaluatePolicy phoneId 1 is not qoe started!
07-20 01:49:22.406  1578  1862 I TrafficMonitor: update:rxPkts:34,txPkts:44,rxBytes:15196,txBytes:3555
07-20 01:49:22.407  1578  1862 I TrafficMonitor: gettimer:interval=2000
07-20 01:49:22.411   729   790 E ACCKIT_ : PerfMgr: fail to read 0
07-20 01:49:22.453 26792 26892 I python  : [DEBUG  ] [http          ]//192.168.2.20:80 "GET /data HTTP/1.1" 200 2553
07-20 01:49:22.466 26792 26882 I python  : [DEBUG  ] [http          ]//192.168.2.39:80 "GET /data HTTP/1.1" 200 2604
07-20 01:49:22.490  1578  1686 I PowerManagerService: handleSandman: wakefulness: 1,startDreaming: false
07-20 01:49:22.515  1578  1854 I WificondControl: Noise: -92, Snr: 34, Chload: -1, rssi: -54, txBitrate: 72, rxBitrate: 0, frequency: 2462, UlDelay: -1, currentTxBytes: 0, currentTxPackets: 514914, currentTxFailed: 757, currentRxBytes: 0, currentRxPackets: 768495
07-20 01:49:22.521  2880  5886 I VoWifiQoe_N: ProcessReqInfo ul_msgid=5
07-20 01:49:22.521  2880  5886 I VoWifiQoe_N: processReqInfo MSG_WIFI_SIGNAL_INFO_IND 
07-20 01:49:22.521  2880  5886 I VoWifiQoe_N: ProcessSignalInfoInd curStateIsIdle 0 
07-20 01:49:22.521  2880  5886 I VoWifiQoe_N: ProcessSignalInfoInd wifiInterruptFlg 1 enScreenState 1 curStateIsIdle 0
07-20 01:49:22.521  2880  5886 I VoWifiQoe_N: UpdateEvaluatePolicy EVALUATE_POLICY_RSSI
07-20 01:49:22.521  2880  5886 I VoWifiQoe_N: UpdateEvaluatePolicy phoneId 1 is not qoe started!
07-20 01:49:22.534  1578  1686 I chatty  : uid=1000(system) PowerManagerSer identical 2 lines
07-20 01:49:22.601 26792 26892 I python  : [DEBUG  ] [Starting new HTTP connection (1)] 192.168.2.20:80
07-20 01:49:22.615 26792 26882 I python  : [DEBUG  ] [Starting new HTTP connection (1)] 192.168.2.39:80
07-20 01:49:22.626 25554 25554 I DEVMGR_KillPhoneServiceManager: 1600105320|R|I|Try to kill health enter
07-20 01:49:22.627 25554 25554 I DEVMGR_KillPhoneServiceManager: 1600105320|R|I|Try to kill health after 10 seconds
07-20 01:49:22.725  1578  1686 I PowerManagerService: handleSandman: wakefulness: 1,startDreaming: false
07-20 01:49:22.733  1578  2467 I WificondControl: Noise: -92, Snr: 34, Chload: -1, rssi: -53, txBitrate: 72, rxBitrate: 0, frequency: 2462, UlDelay: -1, currentTxBytes: 0, currentTxPackets: 514917, currentTxFailed: 757, currentRxBytes: 0, currentRxPackets: 768496
07-20 01:49:22.738  2880  5886 I VoWifiQoe_N: ProcessReqInfo ul_msgid=5
07-20 01:49:22.738  2880  5886 I VoWifiQoe_N: processReqInfo MSG_WIFI_SIGNAL_INFO_IND 
07-20 01:49:22.738  2880  5886 I VoWifiQoe_N: ProcessSignalInfoInd curStateIsIdle 0 
07-20 01:49:22.738  2880  5886 I VoWifiQoe_N: ProcessSignalInfoInd wifiInterruptFlg 1 enScreenState 1 curStateIsIdle 0
07-20 01:49:22.738  2880  5886 I VoWifiQoe_N: UpdateEvaluatePolicy EVALUATE_POLICY_RSSI
07-20 01:49:22.738  2880  5886 I VoWifiQoe_N: UpdateEvaluatePolicy phoneId 1 is not qoe started!
07-20 01:49:22.946  1578  1854 I WificondControl: Noise: -92, Snr: 33, Chload: -1, rssi: -55, txBitrate: 72, rxBitrate: 0, frequency: 2462, UlDelay: -1, currentTxBytes: 0, currentTxPackets: 514918, currentTxFailed: 757, currentRxBytes: 0, currentRxPackets: 768497
07-20 01:49:22.951  2880  5886 I VoWifiQoe_N: ProcessReqInfo ul_msgid=5
07-20 01:49:22.952  2880  5886 I VoWifiQoe_N: processReqInfo MSG_WIFI_SIGNAL_INFO_IND 
07-20 01:49:22.952  2880  5886 I VoWifiQoe_N: ProcessSignalInfoInd curStateIsIdle 0 
07-20 01:49:22.952  2880  5886 I VoWifiQoe_N: ProcessSignalInfoInd wifiInterruptFlg 1 enScreenState 1 curStateIsIdle 0
07-20 01:49:22.952  2880  5886 I VoWifiQoe_N: UpdateEvaluatePolicy EVALUATE_POLICY_RSSI
07-20 01:49:22.952  2880  5886 I VoWifiQoe_N: UpdateEvaluatePolicy phoneId 1 is not qoe started!
07-20 01:49:22.966  2262  7426 I Booster_Qoe: AdaBoostPredict rlt,index:6,NisPsSlow:0,NProba:312,rsrp(rssi):-55,rsrq(noise):-92,rtt(chload):200,buffhigh(uldelay):0,buffcomm(rtt):0
07-20 01:49:22.967  2262  7426 I Booster_Qoe: AdaBoostPredict rlt,index:2,NisPsSlow:0,NProba:312,rsrp(rssi):-55,rsrq(noise):-92,rtt(chload):200,buffhigh(uldelay):0,buffcomm(rtt):0
07-20 01:49:22.969  2262  3431 I Hicom_Monitor: handleNetworkQoeReport. foregroundAppTcpRtt: 0, maxRatioChannelId: 2
07-20 01:49:22.969  2262  3431 I Hicom_Monitor: handleNetworkQoeReport. qoeString: 10677,4,0,312,1,2,4,0,312,72000,0,10,10,0,0,0,0
07-20 01:49:22.970  1578  1961 I WiFi_PRO_WifiProStateMachine: APP_SERVICE_QOE_NOTIFY Qoe info 10677,4,0,312,1,2,4,0,312,72000,0,10,10,0,0,0,0 CID 2 mMasterWifiRssi -55 mMasterCardAmbr 1048576 mSlaveCardAmbr 1048576
07-20 01:49:22.970  1578  1961 I HwWifiProServiceProxy: ctrlHwWifiNetwork pkgName: WIFIPRO_SERVICE interfaceId: 9
07-20 01:49:22.970  2262  7426 I Collector: HandleRawWifiInfo: flag:0, netId:0!
07-20 01:49:22.971  1578  1961 I WiFi_PRO_WifiProStateMachine: isWifi2WifiProcess = false, mIsNeedIgnoreQoeUpdate = false, mIsAppInBlacklist = false, mIsAppInBlacklistFullScreen = false, mIsWiFiNoInternet false, screen on = true, full screen = true, isLandscapeMode = true, mNotifyWifiLinkPoorReason = -1
07-20 01:49:22.971  1578  1961 I WiFi_PRO_WifiProStateMachine: mChannelQoeBadCnt = 0, mAppQoeBadCnt = 0, mNetworkSlowReason = 0, mNetworkSlowChannelBadCnt = 0
07-20 01:49:23.089  4633 26919 I CAWARENESS_ServiceMonitor: memory(kB) static totalPss=14527, dalvikPss=3058, nativePss=3876
07-20 01:49:23.132  1578  1863 I WificondControl: Noise: -92, Snr: 31, Chload: -1, rssi: -55, txBitrate: 72, rxBitrate: 0, frequency: 2462, UlDelay: -1, currentTxBytes: 0, currentTxPackets: 514924, currentTxFailed: 757, currentRxBytes: 0, currentRxPackets: 768499
07-20 01:49:23.159  1578  1854 I WificondControl: Noise: -92, Snr: 31, Chload: -1, rssi: -55, txBitrate: 72, rxBitrate: 0, frequency: 2462, UlDelay: -1, currentTxBytes: 0, currentTxPackets: 514924, currentTxFailed: 757, currentRxBytes: 0, currentRxPackets: 768499
07-20 01:49:23.164  2880  5886 I VoWifiQoe_N: ProcessReqInfo ul_msgid=5
07-20 01:49:23.164  2880  5886 I VoWifiQoe_N: processReqInfo MSG_WIFI_SIGNAL_INFO_IND 
07-20 01:49:23.164  2880  5886 I VoWifiQoe_N: ProcessSignalInfoInd curStateIsIdle 0 
07-20 01:49:23.164  2880  5886 I VoWifiQoe_N: ProcessSignalInfoInd wifiInterruptFlg 1 enScreenState 1 curStateIsIdle 0
07-20 01:49:23.164  2880  5886 I VoWifiQoe_N: UpdateEvaluatePolicy EVALUATE_POLICY_RSSI
07-20 01:49:23.164  2880  5886 I VoWifiQoe_N: UpdateEvaluatePolicy phoneId 1 is not qoe started!
07-20 01:49:23.223 26792 26892 I python  : [DEBUG  ] [http          ]//192.168.2.20:80 "GET /data HTTP/1.1" 200 2552
07-20 01:49:23.368 26792 26882 I python  : [DEBUG  ] [http          ]//192.168.2.39:80 "GET /data HTTP/1.1" 200 2604
07-20 01:49:23.369  1578  1863 I WificondControl: Noise: -92, Snr: 33, Chload: -1, rssi: -55, txBitrate: 72, rxBitrate: 0, frequency: 2462, UlDelay: -1, currentTxBytes: 0, currentTxPackets: 514931, currentTxFailed: 757, currentRxBytes: 0, currentRxPackets: 768508
07-20 01:49:23.376  1578  2467 I WificondControl: Noise: -92, Snr: 33, Chload: -1, rssi: -55, txBitrate: 72, rxBitrate: 0, frequency: 2462, UlDelay: -1, currentTxBytes: 0, currentTxPackets: 514932, currentTxFailed: 757, currentRxBytes: 0, currentRxPackets: 768508
07-20 01:49:23.382  1578  1962 I HuaweiWifiWatchdogStateMachine: POta txb txg rxg:0, 101, 0. Lr =0% Totpkt=101
07-20 01:49:23.382  1578  1862 I WiFi_PRO: MSG_RETURN_AP_CURRY_RSSI rssi = -55
07-20 01:49:23.383  1578  1862 I QosMonitor: queryRtt: rttType = 3
07-20 01:49:23.383  1578  1862 I HwWifiProServiceProxy: ctrlHwWifiNetwork pkgName: WIFIPRO_SERVICE interfaceId: 8
07-20 01:49:23.385  1578  1862 I QosMonitor: postEventFromNative: msg=100,arg1=4,arg2=10
07-20 01:49:23.386  1578  1862 I HwWifiProServiceProxy: ctrlHwWifiNetwork pkgName: WIFIPRO_SERVICE interfaceId: 8
07-20 01:49:23.386  1578  1862 I QosMonitor: postEventFromNative: msg=100,arg1=0,arg2=10
07-20 01:49:23.386  1578  1862 I MQoS    : rtt=976,tcpTxPkts=172763,tcpRxPkts=342571
07-20 01:49:23.387  1578  1962 I HuaweiWifiWatchdogStateMachine: PTcp RTT:0, rtt pkt=0, tcp_rx=0, tcp_tx=0, tcp_reTran=0, rtRate=0
07-20 01:49:23.387  1578  1962 I HuaweiWifiWatchdogStateMachine: rssi bad, mrssi=-55 < TargetRssi=-54
07-20 01:49:23.387  1578  1962 I HuaweiWifiWatchdogStateMachine: start computeQosLevel tcpRtt = 0 ,rssi = -55 ,mBestSpeedInPeriod = 0
07-20 01:49:23.387  1578  1962 I HuaweiWifiWatchdogStateMachine: smoothConsecutiveQosResults, currentQosLevel = 3
07-20 01:49:23.389  2880  5886 I VoWifiQoe_N: ProcessReqInfo ul_msgid=5
07-20 01:49:23.389  1578 11359 I MQoS    : QOS_level:0(0),wifi-link;SIM error;use level-0
07-20 01:49:23.389  2880  5886 I VoWifiQoe_N: processReqInfo MSG_WIFI_SIGNAL_INFO_IND 
07-20 01:49:23.389  2880  5886 I VoWifiQoe_N: ProcessSignalInfoInd curStateIsIdle 0 
07-20 01:49:23.389  1578 11359 I MQoS    : skip-low-Level:0(0),wifi-link;SIM error;use level-0
07-20 01:49:23.389  2880  5886 I VoWifiQoe_N: ProcessSignalInfoInd wifiInterruptFlg 1 enScreenState 1 curStateIsIdle 0
07-20 01:49:23.389  2880  5886 I VoWifiQoe_N: UpdateEvaluatePolicy EVALUATE_POLICY_RSSI
07-20 01:49:23.389  2880  5886 I VoWifiQoe_N: UpdateEvaluatePolicy phoneId 1 is not qoe started!
07-20 01:49:23.509 26792 26892 I python  : [DEBUG  ] [Starting new HTTP connection (1)] 192.168.2.39:80
07-20 01:49:23.519 26792 26882 I python  : [DEBUG  ] [Starting new HTTP connection (1)] 192.168.2.20:80
07-20 01:49:23.600  1578  2467 I WificondControl: Noise: -92, Snr: 33, Chload: -1, rssi: -55, txBitrate: 72, rxBitrate: 0, frequency: 2462, UlDelay: -1, currentTxBytes: 0, currentTxPackets: 514934, currentTxFailed: 757, currentRxBytes: 0, currentRxPackets: 768510
07-20 01:49:23.606  2880  5886 I VoWifiQoe_N: ProcessReqInfo ul_msgid=5
07-20 01:49:23.606  2880  5886 I VoWifiQoe_N: processReqInfo MSG_WIFI_SIGNAL_INFO_IND 
07-20 01:49:23.606  2880  5886 I VoWifiQoe_N: ProcessSignalInfoInd curStateIsIdle 0 
07-20 01:49:23.606  2880  5886 I VoWifiQoe_N: ProcessSignalInfoInd wifiInterruptFlg 1 enScreenState 1 curStateIsIdle 0
07-20 01:49:23.606  2880  5886 I VoWifiQoe_N: UpdateEvaluatePolicy EVALUATE_POLICY_RSSI
07-20 01:49:23.606  2880  5886 I VoWifiQoe_N: UpdateEvaluatePolicy phoneId 1 is not qoe started!
07-20 01:49:23.654  1578  1686 I PowerManagerService: handleSandman: wakefulness: 1,startDreaming: false
07-20 01:49:23.685  1578  1686 I PowerManagerService: handleSandman: wakefulness: 1,startDreaming: false
07-20 01:49:23.747  2262  2440 I OllieMsgCenter: publishEvt=2135097345
07-20 01:49:23.817  1578  2763 I WificondControl: Noise: -92, Snr: 33, Chload: -1, rssi: -55, txBitrate: 72, rxBitrate: 0, frequency: 2462, UlDelay: -1, currentTxBytes: 0, currentTxPackets: 514938, currentTxFailed: 757, currentRxBytes: 0, currentRxPackets: 768512
07-20 01:49:23.826  2880  5886 I VoWifiQoe_N: ProcessReqInfo ul_msgid=5
07-20 01:49:23.826  2880  5886 I VoWifiQoe_N: processReqInfo MSG_WIFI_SIGNAL_INFO_IND 
07-20 01:49:23.826  2880  5886 I VoWifiQoe_N: ProcessSignalInfoInd curStateIsIdle 0 
07-20 01:49:23.826  2880  5886 I VoWifiQoe_N: ProcessSignalInfoInd wifiInterruptFlg 1 enScreenState 1 curStateIsIdle 0
07-20 01:49:23.826  2880  5886 I VoWifiQoe_N: UpdateEvaluatePolicy EVALUATE_POLICY_RSSI
07-20 01:49:23.826  2880  5886 I VoWifiQoe_N: UpdateEvaluatePolicy phoneId 1 is not qoe started!
07-20 01:49:23.988  2209  2226 I bt_btif bt interface: set_adapter_property
07-20 01:49:23.989 26792 26875 I BluetoothLeAdvertiser: startAdvertising is called
07-20 01:49:23.990 26792 26875 I BluetoothAdapter: isLeEnabled(): ON
07-20 01:49:23.993 26792 26875 I BluetoothLeAdvertiser: startAdvertisingSet, calling package name = org.hackintosh1980.espgrowcontroller
07-20 01:49:23.994 26792 26875 I BluetoothAdapter: isLeEnabled(): ON
07-20 01:49:23.999 26792 26875 I BroadcastBridge: Advertising refreshed
07-20 01:49:24.002  2209  3502 I bt_stack: [INFO:btm_ble_multi_adv.cc(294)] operator() interval_ms 705366 delta_time 194634
07-20 01:49:24.011  2262  7426 I Booster_Qoe: AdaBoostPredict rlt,index:6,NisPsSlow:0,NProba:312,rsrp(rssi):-55,rsrq(noise):-92,rtt(chload):200,buffhigh(uldelay):0,buffcomm(rtt):0
07-20 01:49:24.011  2262  7426 I Booster_Qoe: AdaBoostPredict rlt,index:2,NisPsSlow:0,NProba:312,rsrp(rssi):-55,rsrq(noise):-92,rtt(chload):200,buffhigh(uldelay):0,buffcomm(rtt):0
07-20 01:49:24.011  2262  7426 I Collector: HandleRawWifiInfo: flag:0, netId:0!
07-20 01:49:24.014  2262  3431 I Hicom_Monitor: handleNetworkQoeReport. foregroundAppTcpRtt: 0, maxRatioChannelId: 2
07-20 01:49:24.014  2262  3431 I Hicom_Monitor: handleNetworkQoeReport. qoeString: 10677,4,0,312,1,2,4,0,312,72000,0,10,10,0,0,0,0
07-20 01:49:24.017  1578  1961 I WiFi_PRO_WifiProStateMachine: APP_SERVICE_QOE_NOTIFY Qoe info 10677,4,0,312,1,2,4,0,312,72000,0,10,10,0,0,0,0 CID 2 mMasterWifiRssi -55 mMasterCardAmbr 1048576 mSlaveCardAmbr 1048576
07-20 01:49:24.018  1578  1961 I HwWifiProServiceProxy: ctrlHwWifiNetwork pkgName: WIFIPRO_SERVICE interfaceId: 9
07-20 01:49:24.018  1578  1961 I WiFi_PRO_WifiProStateMachine: isWifi2WifiProcess = false, mIsNeedIgnoreQoeUpdate = false, mIsAppInBlacklist = false, mIsAppInBlacklistFullScreen = false, mIsWiFiNoInternet false, screen on = true, full screen = true, isLandscapeMode = true, mNotifyWifiLinkPoorReason = -1
07-20 01:49:24.018  1578  1961 I WiFi_PRO_WifiProStateMachine: mChannelQoeBadCnt = 0, mAppQoeBadCnt = 0, mNetworkSlowReason = 0, mNetworkSlowChannelBadCnt = 0
07-20 01:49:24.021  2209  2366 I bt_stack: [INFO:btif_config.cc(534)] btif_config_write: sec num:4  total:23ms  rename:5ms  wait:0ms  copy:0ms  save:18ms.
07-20 01:49:24.025  2560  2560 I nearby  : BleAdvertiseManager:onDeviceNameChangeEvent
07-20 01:49:24.026  2560  2560 I BatteryChangedMonitor: device name broadcast receive.
07-20 01:49:24.026  2560  2560 I BatteryChangedMonitor: receice ACTION_LOCAL_NAME_CHANGED broadcast, new device Name: LGS
07-20 01:49:24.026  2560  2560 I UniBleManager: onReceive: ACTION_LOCAL_NAME_CHANGED
07-20 01:49:24.026  2560  3481 I DeviceRepository: local device name has no change.
07-20 01:49:24.026  2560  3481 I BatteryChangedMonitor: Success to call device name listener of:Loca***, input deviceId: E05DF9EDF2429F9228F1A1F33C94FC97***
07-20 01:49:24.034  1578  2763 I WificondControl: Noise: -92, Snr: 35, Chload: -1, rssi: -55, txBitrate: 72, rxBitrate: 0, frequency: 2462, UlDelay: -1, currentTxBytes: 0, currentTxPackets: 514946, currentTxFailed: 757, currentRxBytes: 0, currentRxPackets: 768522
07-20 01:49:24.039 26792 26792 I BroadcastBridge: Advertising active
07-20 01:49:24.042 26792 26892 I python  : [DEBUG  ] [http          ]//192.168.2.39:80 "GET /data HTTP/1.1" 200 2604
07-20 01:49:24.045  2880  5886 I VoWifiQoe_N: ProcessReqInfo ul_msgid=5
07-20 01:49:24.045  2880  5886 I VoWifiQoe_N: processReqInfo MSG_WIFI_SIGNAL_INFO_IND 
07-20 01:49:24.045  2880  5886 I VoWifiQoe_N: ProcessSignalInfoInd curStateIsIdle 0 
07-20 01:49:24.045  2880  5886 I VoWifiQoe_N: ProcessSignalInfoInd wifiInterruptFlg 1 enScreenState 1 curStateIsIdle 0
07-20 01:49:24.045  2880  5886 I VoWifiQoe_N: UpdateEvaluatePolicy EVALUATE_POLICY_RSSI
07-20 01:49:24.045  2880  5886 I VoWifiQoe_N: UpdateEvaluatePolicy phoneId 1 is not qoe started!
07-20 01:49:24.054 26792 26882 I python  : [DEBUG  ] [http          ]//192.168.2.20:80 "GET /data HTTP/1.1" 200 2554
07-20 01:49:24.206 26792 26892 I python  : [DEBUG  ] [Starting new HTTP connection (1)] 192.168.2.20:80
07-20 01:49:24.209 26792 26882 I python  : [DEBUG  ] [Starting new HTTP connection (1)] 192.168.2.39:80
07-20 01:49:24.209  2209  2366 W bt_btif : Remote device:e7:86:**:**:**:7a, no link key or ble key found
07-20 01:49:24.209  2209  2366 I chatty  : uid=1002(bluetooth) BT Service Call identical 2 lines
07-20 01:49:24.210  2209  2366 W bt_btif : Remote device:e7:86:**:**:**:7a, no link key or ble key found
07-20 01:49:24.223   634  1404 I         : ApiCount[0, 0, 0, 36, 0, 0, 0, 0, 0, 0, 154, 251, 0, 8, 2, 0, 7, 0, 1953, 4579]
07-20 01:49:24.253  1578  2763 I WificondControl: Noise: -92, Snr: 35, Chload: -1, rssi: -55, txBitrate: 72, rxBitrate: 0, frequency: 2462, UlDelay: -1, currentTxBytes: 0, currentTxPackets: 514948, currentTxFailed: 757, currentRxBytes: 0, currentRxPackets: 768522
07-20 01:49:24.260  2880  5886 I VoWifiQoe_N: ProcessReqInfo ul_msgid=5
07-20 01:49:24.260  2880  5886 I VoWifiQoe_N: processReqInfo MSG_WIFI_SIGNAL_INFO_IND 
07-20 01:49:24.260  2880  5886 I VoWifiQoe_N: ProcessSignalInfoInd curStateIsIdle 0 
07-20 01:49:24.260  2880  5886 I VoWifiQoe_N: ProcessSignalInfoInd wifiInterruptFlg 1 enScreenState 1 curStateIsIdle 0
07-20 01:49:24.260  2880  5886 I VoWifiQoe_N: UpdateEvaluatePolicy EVALUATE_POLICY_RSSI
07-20 01:49:24.260  2880  5886 I VoWifiQoe_N: UpdateEvaluatePolicy phoneId 1 is not qoe started!
07-20 01:49:24.410  1578  1862 I TrafficMonitor: update:rxPkts:40,txPkts:40,rxBytes:18110,txBytes:2690
07-20 01:49:24.410  1578  1862 I TrafficMonitor: no expired. level:2
07-20 01:49:24.410  1578  1862 I TrafficMonitor: gettimer:interval=2000
07-20 01:49:24.410  1578  1862 I TrafficMonitor: during_ms:2004,period_ms:2000
07-20 01:49:24.410  1578  1862 I TrafficMonitor: count:119,rx_sum:40,tx_sum:40,rxBytes:18110,during_ms:2004,rx_speed:9036.926147704591,tx_speed:1342.3153692614771,rto:1.0
07-20 01:49:24.410  1578  1862 I HuaweiWifiWatchdogStateMachine: Get speed information rx_speed = 9036 ,tx_speed = 1342 ,isSpeedOk = false ,mBestSpeedInPeriod = 9036
07-20 01:49:24.412   729   790 E ACCKIT_ : PerfMgr: fail to read 0
07-20 01:49:24.469  1578  2467 I WificondControl: Noise: -92, Snr: 34, Chload: -1, rssi: -55, txBitrate: 72, rxBitrate: 0, frequency: 2462, UlDelay: -1, currentTxBytes: 0, currentTxPackets: 514952, currentTxFailed: 757, currentRxBytes: 0, currentRxPackets: 768525
07-20 01:49:24.475  2880  5886 I VoWifiQoe_N: ProcessReqInfo ul_msgid=5
07-20 01:49:24.475  2880  5886 I VoWifiQoe_N: processReqInfo MSG_WIFI_SIGNAL_INFO_IND 
07-20 01:49:24.475  2880  5886 I VoWifiQoe_N: ProcessSignalInfoInd curStateIsIdle 0 
07-20 01:49:24.475  2880  5886 I VoWifiQoe_N: ProcessSignalInfoInd wifiInterruptFlg 1 enScreenState 1 curStateIsIdle 0
07-20 01:49:24.475  2880  5886 I VoWifiQoe_N: UpdateEvaluatePolicy EVALUATE_POLICY_RSSI
07-20 01:49:24.475  2880  5886 I VoWifiQoe_N: UpdateEvaluatePolicy phoneId 1 is not qoe started!
07-20 01:49:24.688  1578  2763 I WificondControl: Noise: -92, Snr: 34, Chload: -1, rssi: -55, txBitrate: 72, rxBitrate: 0, frequency: 2462, UlDelay: -1, currentTxBytes: 0, currentTxPackets: 514953, currentTxFailed: 757, currentRxBytes: 0, currentRxPackets: 768525
07-20 01:49:24.694  2880  5886 I VoWifiQoe_N: ProcessReqInfo ul_msgid=5
07-20 01:49:24.694  2880  5886 I VoWifiQoe_N: processReqInfo MSG_WIFI_SIGNAL_INFO_IND 
07-20 01:49:24.694  2880  5886 I VoWifiQoe_N: ProcessSignalInfoInd curStateIsIdle 0 
07-20 01:49:24.694  2880  5886 I VoWifiQoe_N: ProcessSignalInfoInd wifiInterruptFlg 1 enScreenState 1 curStateIsIdle 0
07-20 01:49:24.694  2880  5886 I VoWifiQoe_N: UpdateEvaluatePolicy EVALUATE_POLICY_RSSI
07-20 01:49:24.694  2880  5886 I VoWifiQoe_N: UpdateEvaluatePolicy phoneId 1 is not qoe started!
07-20 01:49:24.702  1061  6849 I iked    : [INFO]: ikev2.c:305: ikev2_periodic_task()
07-20 01:49:24.747  1578  1686 I PowerManagerService: handleSandman: wakefulness: 1,startDreaming: false
07-20 01:49:24.752 30815 24545 E Icing   : Failed to remove thing with error code :error uri not found
07-20 01:49:24.763  1578  1686 I PowerManagerService: handleSandman: wakefulness: 1,startDreaming: false
07-20 01:49:24.848 26867 26911 I BluetoothLeAdvertiser: stopAdvertising is called
07-20 01:49:24.849 26867 26911 I BluetoothLeAdvertiser: stopAdvertisingSet, calling package name = org.hackintosh1980.espgrowcontroller
07-20 01:49:24.852  2209  2226 I bt_btif bt interface: set_adapter_property
07-20 01:49:24.852 26867 26911 I BluetoothLeAdvertiser: startAdvertising is called
07-20 01:49:24.853 26867 26911 I BluetoothAdapter: isLeEnabled(): ON
07-20 01:49:24.854 26867 26911 I BluetoothLeAdvertiser: startAdvertisingSet, calling package name = org.hackintosh1980.espgrowcontroller
07-20 01:49:24.854 26867 26911 I BluetoothAdapter: isLeEnabled(): ON
07-20 01:49:24.857 26867 26911 I BroadcastBridge: Advertising refreshed
07-20 01:49:24.859  2209  3502 I bt_stack: [INFO:btm_ble_multi_adv.cc(294)] operator() interval_ms 704510 delta_time 195490
07-20 01:49:24.865  2209  2366 I bt_stack: [INFO:btif_config.cc(534)] btif_config_write: sec num:4  total:12ms  rename:0ms  wait:0ms  copy:0ms  save:12ms.
07-20 01:49:24.870  2560  2560 I nearby  : BleAdvertiseManager:onDeviceNameChangeEvent
07-20 01:49:24.870  2560  2560 I BatteryChangedMonitor: device name broadcast receive.
07-20 01:49:24.871  2560  2560 I BatteryChangedMonitor: receice ACTION_LOCAL_NAME_CHANGED broadcast, new device Name: LGS
07-20 01:49:24.871  2560  2560 I UniBleManager: onReceive: ACTION_LOCAL_NAME_CHANGED
