07-20 01:47:13.804  2037  2037 I PanelView2: notifyBarPanelExpansionChanged mPeekAnimator is non null?false,mHeightAnimator is non null?false
07-20 01:47:13.804  1578  1657 I StatusBarDisable: setFlags what=0 which=1 pkg=Window{b634bdf u0 org.hackintosh1980.espgrowcontroller/org.kivy.android.PythonActivity}
07-20 01:47:13.806  2037  2037 I HwCtrlCtr: ControlCenterImpl: release control blur image!
07-20 01:47:13.806  2037  2037 I PanelView1: notifyBarPanelExpansionChanged isPanelVisibleBecauseOfHeadsUp=false,mInstantExpanding=false,mTracking=false
07-20 01:47:13.806  2037  2037 I PanelView2: notifyBarPanelExpansionChanged mPeekAnimator is non null?false,mHeightAnimator is non null?false
07-20 01:47:13.808  2037  2037 I HwCtrlCtr: ControlCenterImpl: release control blur image!
07-20 01:47:13.809  1578  2706 I WindowManager:   SURFACE SIZE 2160x1080: org.hackintosh1980.espgrowcontroller/org.kivy.android.PythonActivity
07-20 01:47:13.811  1578  2706 I WindowManager: dispatchResized : win = Window{b634bdf u0 org.hackintosh1980.espgrowcontroller/org.kivy.android.PythonActivity} drawState = HAS_DRAWN
07-20 01:47:13.826   732  1685 W BufferQueueProducer: [org.hackintosh1980.espgrowcontroller/org.kivy.android.PythonActivity#0]:1390: disconnect: not connected (req=1)
07-20 01:47:13.827 25929 25958 W libEGL  : EGLNativeWindowType 0x7071349390 disconnect failed
07-20 01:47:13.834 25929 25983 I python  : [INFO   ] [GL          ] Using the "OpenGL ES 2" graphics system
07-20 01:47:13.837 25929 25983 I python  : [INFO   ] [GL          ] Backend used <sdl2>
07-20 01:47:13.838 25929 25983 I python  : [INFO   ] [GL          ] OpenGL version <b'OpenGL ES 3.2 v1.r18p0-01rel0.668a3c0df3fa4e4963594ecd8826b9d5'>
07-20 01:47:13.838 25929 25983 I python  : [INFO   ] [GL          ] OpenGL vendor <b'ARM'>
07-20 01:47:13.839 25929 25983 I python  : [INFO   ] [GL          ] OpenGL renderer <b'Mali-G72'>
07-20 01:47:13.839 25929 25983 I python  : [INFO   ] [GL          ] OpenGL parsed version: 3, 2
07-20 01:47:13.840 25929 25983 I python  : [INFO   ] [GL          ] Texture max size <8192>
07-20 01:47:13.841 25929 25983 I python  : [INFO   ] [GL          ] Texture max units <16>
07-20 01:47:13.859  1578  2711 I DebugKeepScreenOn: setHoldScreenLocked newHoldScreen:null currentHoldScreen:Session{bd1400 25929:u0a10677} wakeLockState:true
07-20 01:47:13.859  1578  2711 I DebugKeepScreenOn: Releasing screen wakelock, obscured by null
07-20 01:47:13.861  1578  1686 I PowerManagerService: handleSandman: wakefulness: 1,startDreaming: false
07-20 01:47:13.871  1578  4549 I WificondControl: Noise: -89, Snr: 29, Chload: -1, rssi: -55, txBitrate: 72, rxBitrate: 0, frequency: 2462, UlDelay: -1, currentTxBytes: 0, currentTxPackets: 512751, currentTxFailed: 757, currentRxBytes: 0, currentRxPackets: 766880
07-20 01:47:13.886  2880  5886 I VoWifiQoe_N: ProcessReqInfo ul_msgid=5
07-20 01:47:13.886  2880  5886 I VoWifiQoe_N: processReqInfo MSG_WIFI_SIGNAL_INFO_IND 
07-20 01:47:13.886  2880  5886 I VoWifiQoe_N: ProcessSignalInfoInd curStateIsIdle 0 
07-20 01:47:13.886  2880  5886 I VoWifiQoe_N: ProcessSignalInfoInd wifiInterruptFlg 1 enScreenState 1 curStateIsIdle 0
07-20 01:47:13.886  2880  5886 I VoWifiQoe_N: UpdateEvaluatePolicy EVALUATE_POLICY_RSSI
07-20 01:47:13.886  2880  5886 I VoWifiQoe_N: UpdateEvaluatePolicy phoneId 1 is not qoe started!
07-20 01:47:13.904 25929 25983 I python  : [INFO   ] [Window      ] auto add sdl2 input provider
07-20 01:47:13.905 25929 25983 I python  : [INFO   ] [Window      ] virtual keyboard not allowed, single mode, not docked
07-20 01:47:13.914 25929 25983 I python  : [INFO   ] [Text        ] Provider: sdl2
07-20 01:47:13.916 25929 25983 I python  : [PERF] Kivy Basis-Core geladen in: 1.3819s
07-20 01:47:13.957 25929 25983 I python  : BLE DESKTOP MODULE IMPORTIERT
07-20 01:47:14.093 25929 25983 I python  :  /home/domivm/TEST/.buildozer/android/platform/build-arm64-v8a/build/python-installs/espgrowcontroller/arm64-v8a/requests/__init__.py:92: RequestsDependencyWarning: Unable to find acceptable character detection dependency (chardet or charset_normalizer).
07-20 01:47:14.095  1578  2711 I WificondControl: Noise: -89, Snr: 28, Chload: -1, rssi: -56, txBitrate: 72, rxBitrate: 0, frequency: 2462, UlDelay: -1, currentTxBytes: 0, currentTxPackets: 512751, currentTxFailed: 757, currentRxBytes: 0, currentRxPackets: 766880
07-20 01:47:14.102  2880  5886 I VoWifiQoe_N: ProcessReqInfo ul_msgid=5
07-20 01:47:14.102  2880  5886 I VoWifiQoe_N: processReqInfo MSG_WIFI_SIGNAL_INFO_IND 
07-20 01:47:14.103  2880  5886 I VoWifiQoe_N: ProcessSignalInfoInd curStateIsIdle 0 
07-20 01:47:14.103  2880  5886 I VoWifiQoe_N: ProcessSignalInfoInd wifiInterruptFlg 1 enScreenState 1 curStateIsIdle 0
07-20 01:47:14.103  2880  5886 I VoWifiQoe_N: UpdateEvaluatePolicy EVALUATE_POLICY_RSSI
07-20 01:47:14.103  2880  5886 I VoWifiQoe_N: UpdateEvaluatePolicy phoneId 1 is not qoe started!
07-20 01:47:14.116 25929 25983 I python  : [Storage] RAM-Cache für Pflanzen erfolgreich geladen.
07-20 01:47:14.125 25929 25983 I python  : [MixedEngine] mixed.json initialisiert: /data/user/0/org.hackintosh1980.espgrowcontroller/files/app/data/mixed.json
07-20 01:47:14.150  1578  1862 I TrafficMonitor: update:rxPkts:0,txPkts:0,rxBytes:0,txBytes:0
07-20 01:47:14.150  1578  1862 I TrafficMonitor: gettimer:interval=2000
07-20 01:47:14.151  2911  3082 E HwLauncher: WidgetCustomizeManager Widget ComponentInfo{com.google.android.apps.photos/com.google.android.apps.photos.widget.people.WidgetProviderPeoplePets} has invalid dimensions (0, 0)
07-20 01:47:14.165  2911  3082 E HwLauncher: WidgetCustomizeManager Widget ComponentInfo{com.openai.chatgpt/com.openai.feature.widget.WidgetReceiver} has invalid dimensions (0, 0)
07-20 01:47:14.207 25929 25983 I python  : [PERF] Starte Import der 14 Screens...
07-20 01:47:14.215  2037  2037 I PanelView1: notifyBarPanelExpansionChanged isPanelVisibleBecauseOfHeadsUp=false,mInstantExpanding=false,mTracking=false
07-20 01:47:14.216  2037  2037 I PanelView2: notifyBarPanelExpansionChanged mPeekAnimator is non null?false,mHeightAnimator is non null?false
07-20 01:47:14.218  1578  1660 I WindowManager: dispatchResized : win = Window{b634bdf u0 org.hackintosh1980.espgrowcontroller/org.kivy.android.PythonActivity} drawState = HAS_DRAWN
07-20 01:47:14.220  2037  2037 I HwCtrlCtr: ControlCenterImpl: release control blur image!
07-20 01:47:14.220  2037  2037 I PanelView1: notifyBarPanelExpansionChanged isPanelVisibleBecauseOfHeadsUp=false,mInstantExpanding=false,mTracking=false
07-20 01:47:14.220  2037  2037 I PanelView2: notifyBarPanelExpansionChanged mPeekAnimator is non null?false,mHeightAnimator is non null?false
07-20 01:47:14.224  2037  2037 I HwCtrlCtr: ControlCenterImpl: release control blur image!
07-20 01:47:14.314  1578  2706 I WificondControl: Noise: -91, Snr: 28, Chload: -1, rssi: -56, txBitrate: 72, rxBitrate: 0, frequency: 2462, UlDelay: -1, currentTxBytes: 0, currentTxPackets: 512751, currentTxFailed: 757, currentRxBytes: 0, currentRxPackets: 766880
07-20 01:47:14.318   729   790 E ACCKIT_ : PerfMgr: fail to read 0
07-20 01:47:14.322  2880  5886 I VoWifiQoe_N: ProcessReqInfo ul_msgid=5
07-20 01:47:14.322  2880  5886 I VoWifiQoe_N: processReqInfo MSG_WIFI_SIGNAL_INFO_IND 
07-20 01:47:14.322  2880  5886 I VoWifiQoe_N: ProcessSignalInfoInd curStateIsIdle 0 
07-20 01:47:14.322  2880  5886 I VoWifiQoe_N: ProcessSignalInfoInd wifiInterruptFlg 1 enScreenState 1 curStateIsIdle 0
07-20 01:47:14.323  2880  5886 I VoWifiQoe_N: UpdateEvaluatePolicy EVALUATE_POLICY_RSSI
07-20 01:47:14.323  2880  5886 I VoWifiQoe_N: UpdateEvaluatePolicy phoneId 1 is not qoe started!
07-20 01:47:14.340 25929 25983 I python  : [PERF] Alle Module & Screens importiert in: 0.4227s
07-20 01:47:14.341 25929 25983 I python  : [PERF] App.build() aufgerufen.
07-20 01:47:14.341 25929 25983 I python  : [PERF] I18N initialisiert in: 0.0000s
07-20 01:47:14.342 25929 25983 I python  : [PERF] Buffer initialisiert/geladen in: 0.0014s
07-20 01:47:14.373 25929 25983 I python  : [INFO   ] [GL          ] NPOT texture support is available
07-20 01:47:14.389 25929 25983 I python  : [WARNING] Deprecated property "<BooleanProperty name=keep_ratio>" of object "<kivy.uix.image.Image object at 0x6ff584d470>" has been set, it will be removed in a future version
07-20 01:47:14.417  2262  2440 I ConnCureStateMonitor: handleMessage: msg[4]
07-20 01:47:14.420  2262  2440 I ConnCureStateMonitor: canPerformConnCure: network is not in service.
07-20 01:47:14.420  2262  2440 I ConnCureStateMonitor: isCaredApp:false,isAllowed:true,isDataEnabled:true
07-20 01:47:14.463  2262  7426 I Booster_Qoe: AdaBoostPredict rlt,index:6,NisPsSlow:0,NProba:312,rsrp(rssi):-55,rsrq(noise):-89,rtt(chload):200,buffhigh(uldelay):0,buffcomm(rtt):0
07-20 01:47:14.463  2262  7426 I Booster_Qoe: AdaBoostPredict rlt,index:2,NisPsSlow:0,NProba:312,rsrp(rssi):-55,rsrq(noise):-89,rtt(chload):200,buffhigh(uldelay):0,buffcomm(rtt):0
07-20 01:47:14.464  2262  7426 I Collector: HandleRawWifiInfo: flag:0, netId:0!
07-20 01:47:14.466  2262  3431 I Hicom_Monitor: handleNetworkQoeReport. foregroundAppTcpRtt: 0, maxRatioChannelId: 2
07-20 01:47:14.467  2262  3431 I Hicom_Monitor: handleNetworkQoeReport. qoeString: 10677,4,0,312,1,2,4,0,312,72000,0,10,10,0,0,0,0
07-20 01:47:14.467  1578  1961 I WiFi_PRO_WifiProStateMachine: APP_SERVICE_QOE_NOTIFY Qoe info 10677,4,0,312,1,2,4,0,312,72000,0,10,10,0,0,0,0 CID 2 mMasterWifiRssi -55 mMasterCardAmbr 1048576 mSlaveCardAmbr 1048576
07-20 01:47:14.467  1578  1961 I HwWifiProServiceProxy: ctrlHwWifiNetwork pkgName: WIFIPRO_SERVICE interfaceId: 9
07-20 01:47:14.468  1578  1961 I WiFi_PRO_WifiProStateMachine: isWifi2WifiProcess = false, mIsNeedIgnoreQoeUpdate = false, mIsAppInBlacklist = false, mIsAppInBlacklistFullScreen = false, mIsWiFiNoInternet false, screen on = true, full screen = true, isLandscapeMode = true, mNotifyWifiLinkPoorReason = -1
07-20 01:47:14.468  1578  1961 I WiFi_PRO_WifiProStateMachine: mChannelQoeBadCnt = 0, mAppQoeBadCnt = 0, mNetworkSlowReason = 0, mNetworkSlowChannelBadCnt = 0
07-20 01:47:14.537  1578  2711 I WificondControl: Noise: -92, Snr: 27, Chload: -1, rssi: -57, txBitrate: 72, rxBitrate: 0, frequency: 2462, UlDelay: -1, currentTxBytes: 0, currentTxPackets: 512751, currentTxFailed: 757, currentRxBytes: 0, currentRxPackets: 766880
07-20 01:47:14.547  2880  5886 I VoWifiQoe_N: ProcessReqInfo ul_msgid=5
07-20 01:47:14.547  2880  5886 I VoWifiQoe_N: processReqInfo MSG_WIFI_SIGNAL_INFO_IND 
07-20 01:47:14.547  2880  5886 I VoWifiQoe_N: ProcessSignalInfoInd curStateIsIdle 0 
07-20 01:47:14.547  2880  5886 I VoWifiQoe_N: ProcessSignalInfoInd wifiInterruptFlg 1 enScreenState 1 curStateIsIdle 0
07-20 01:47:14.547  2880  5886 I VoWifiQoe_N: UpdateEvaluatePolicy EVALUATE_POLICY_RSSI
07-20 01:47:14.547  2880  5886 I VoWifiQoe_N: UpdateEvaluatePolicy phoneId 1 is not qoe started!
07-20 01:47:14.612 25929 25983 I python  : [WARNING] Deprecated property "<BooleanProperty name=allow_stretch>" of object "<kivy.uix.image.Image object at 0x6ff5045d30>" has been set, it will be removed in a future version
07-20 01:47:14.633  1123  1123 E Thermal-daemon:hw_thermal: [shell_frame] tempNew :32  tempOld :31
07-20 01:47:14.634  1123  1123 E Thermal-daemon:hw_thermal: Report temperature: [shell_frame] temp :32  reportThreshold:1
07-20 01:47:14.635  1123  1123 E Thermal-daemon:hw_thermal: [ap] tempNew :40  tempOld :39
07-20 01:47:14.636  1123  1123 E Thermal-daemon:hw_thermal: Report temperature: [ap] temp :40  reportThreshold:1
07-20 01:47:14.638  2635  4015 I ThermalTraceService: code:1, appInfo:org.hackintosh1980.espgrowcontroller#10000, levelInfo:0,warm_shell,5
07-20 01:47:14.649  1578  2711 I HwNormalizedAutomaticBrightnessController: ThermalMode set auto MaxBrightness=216,mappingBrightness=216
07-20 01:47:14.650   718   718 I uniperf server: setConfig clientId=2, tagLen=3, tags[0]=1, configs[0]=1690000
07-20 01:47:14.650   718   718 I uniperf server: setConfig clientId=2, tagLen=3, tags[1]=7, configs[1]=1863000
07-20 01:47:14.650   718   718 I uniperf server: setConfig clientId=2, tagLen=3, tags[2]=10, configs[2]=332000000
07-20 01:47:14.650  2262  3841 I Hicom_Monitor: Thermal notify level : 1
07-20 01:47:14.651  2262  2308 I OllieAwareProxy: reportThermalData, level = 1
07-20 01:47:14.651  2262  3431 I Hicom_Monitor: notifyIawareThermal: begin 1
07-20 01:47:14.651  2262  2440 I OllieMsgCenter: publishEvt=2130771988
07-20 01:47:14.651   723   749 I PF_FREQ_GRP: [RecordLimitCmd:68] [CPU_L] start limit freq 509000 ~ 1690000
07-20 01:47:14.652   723   750 I PF_FREQ_GRP: [RecordLimitCmd:68] [CPU_B] start limit freq 682000 ~ 1863000
07-20 01:47:14.652   723   751 I PF_FREQ_GRP: [RecordLimitCmd:68] [GPU] start limit freq 237143000 ~ 332000000
07-20 01:47:14.652  1578  1686 I DisplayPowerController: mPowerState.mScreenChangedReason: 65537 mPendingRequestLocked.mScreenChangeReason 65537
07-20 01:47:14.653  1578  1686 I DisplayPowerController: Animating brightness: target=9, rate=60,brightnessTargetReal=9,AutoBrightness=true
07-20 01:47:14.764  1578  2711 I WificondControl: Noise: -92, Snr: 27, Chload: -1, rssi: -58, txBitrate: 72, rxBitrate: 0, frequency: 2462, UlDelay: -1, currentTxBytes: 0, currentTxPackets: 512751, currentTxFailed: 757, currentRxBytes: 0, currentRxPackets: 766880
07-20 01:47:14.777  2880  5886 I VoWifiQoe_N: ProcessReqInfo ul_msgid=5
07-20 01:47:14.777  2880  5886 I VoWifiQoe_N: processReqInfo MSG_WIFI_SIGNAL_INFO_IND 
07-20 01:47:14.777  2880  5886 I VoWifiQoe_N: ProcessSignalInfoInd curStateIsIdle 0 
07-20 01:47:14.777  2880  5886 I VoWifiQoe_N: ProcessSignalInfoInd wifiInterruptFlg 1 enScreenState 1 curStateIsIdle 0
07-20 01:47:14.777  2880  5886 I VoWifiQoe_N: UpdateEvaluatePolicy EVALUATE_POLICY_RSSI
07-20 01:47:14.777  2880  5886 I VoWifiQoe_N: UpdateEvaluatePolicy phoneId 1 is not qoe started!
07-20 01:47:14.786  1578  1822 E AwareLog: AwareMem_MemoryUtils: trim Memory illegal arg exception, proc:24704 userId:-2 level:40 fromAware:true
07-20 01:47:14.986  1578  2711 I WificondControl: Noise: -92, Snr: 28, Chload: -1, rssi: -58, txBitrate: 72, rxBitrate: 0, frequency: 2462, UlDelay: -1, currentTxBytes: 0, currentTxPackets: 512751, currentTxFailed: 757, currentRxBytes: 0, currentRxPackets: 766880
07-20 01:47:14.991  2880  5886 I VoWifiQoe_N: ProcessReqInfo ul_msgid=5
07-20 01:47:14.991  2880  5886 I VoWifiQoe_N: processReqInfo MSG_WIFI_SIGNAL_INFO_IND 
07-20 01:47:14.991  2880  5886 I VoWifiQoe_N: ProcessSignalInfoInd curStateIsIdle 0 
07-20 01:47:14.991  2880  5886 I VoWifiQoe_N: ProcessSignalInfoInd wifiInterruptFlg 1 enScreenState 1 curStateIsIdle 0
07-20 01:47:14.991  2880  5886 I VoWifiQoe_N: UpdateEvaluatePolicy EVALUATE_POLICY_RSSI
07-20 01:47:14.991  2880  5886 I VoWifiQoe_N: UpdateEvaluatePolicy phoneId 1 is not qoe started!
07-20 01:47:15.101  1578  1659 I system_server: Explicit concurrent copying GC freed 171510(18MB) AllocSpace objects, 4(80KB) LOS objects, 30% free, 53MB/77MB, paused 879us total 499.248ms
07-20 01:47:15.145  1578  1862 I TrafficMonitor: expired arrive. level:-1
07-20 01:47:15.145  1578  1862 I TrafficMonitor: during_ms:2005,period_ms:2000
07-20 01:47:15.145  1578  1862 I TrafficMonitor: count:54,rx_sum:0,tx_sum:0,rxBytes:0,during_ms:2005,rx_speed:0.0,tx_speed:0.0,rto:0.0
07-20 01:47:15.145  1578  1862 I HuaweiWifiWatchdogStateMachine: Get speed information rx_speed = 0 ,tx_speed = 0 ,isSpeedOk = false ,mBestSpeedInPeriod = 9679
07-20 01:47:15.203  1578  2711 I WificondControl: Noise: -92, Snr: 27, Chload: -1, rssi: -60, txBitrate: 72, rxBitrate: 0, frequency: 2462, UlDelay: -1, currentTxBytes: 0, currentTxPackets: 512753, currentTxFailed: 757, currentRxBytes: 0, currentRxPackets: 766880
07-20 01:47:15.210  2880  5886 I VoWifiQoe_N: ProcessReqInfo ul_msgid=5
07-20 01:47:15.210  2880  5886 I VoWifiQoe_N: processReqInfo MSG_WIFI_SIGNAL_INFO_IND 
07-20 01:47:15.210  2880  5886 I VoWifiQoe_N: ProcessSignalInfoInd curStateIsIdle 0 
07-20 01:47:15.210  2880  5886 I VoWifiQoe_N: ProcessSignalInfoInd wifiInterruptFlg 1 enScreenState 1 curStateIsIdle 0
07-20 01:47:15.210  2880  5886 I VoWifiQoe_N: UpdateEvaluatePolicy EVALUATE_POLICY_RSSI
07-20 01:47:15.211  2880  5886 I VoWifiQoe_N: UpdateEvaluatePolicy phoneId 1 is not qoe started!
07-20 01:47:15.252  1578  1863 I WificondControl: Noise: -92, Snr: 29, Chload: -1, rssi: -60, txBitrate: 72, rxBitrate: 0, frequency: 2462, UlDelay: -1, currentTxBytes: 0, currentTxPackets: 512753, currentTxFailed: 757, currentRxBytes: 0, currentRxPackets: 766881
07-20 01:47:15.264  1578  1862 I WiFi_PRO: MSG_RETURN_AP_CURRY_RSSI rssi = -60
07-20 01:47:15.264  1578  1862 I QosMonitor: queryRtt: rttType = 3
07-20 01:47:15.264  1578  1962 I HuaweiWifiWatchdogStateMachine: POta txb txg rxg:0, 117, 0. Lr =0% Totpkt=117
07-20 01:47:15.264  1578  1862 I HwWifiProServiceProxy: ctrlHwWifiNetwork pkgName: WIFIPRO_SERVICE interfaceId: 8
07-20 01:47:15.266  1578  1862 I QosMonitor: postEventFromNative: msg=100,arg1=4,arg2=10
07-20 01:47:15.266  1578  1862 I HwWifiProServiceProxy: ctrlHwWifiNetwork pkgName: WIFIPRO_SERVICE interfaceId: 8
07-20 01:47:15.266  1578  1862 I QosMonitor: postEventFromNative: msg=100,arg1=0,arg2=10
07-20 01:47:15.267  1578  1862 I MQoS    : rtt=888,tcpTxPkts=172427,tcpRxPkts=342262
07-20 01:47:15.267  1578  1962 I HuaweiWifiWatchdogStateMachine: PTcp RTT:0, rtt pkt=0, tcp_rx=1, tcp_tx=1, tcp_reTran=0, rtRate=0
07-20 01:47:15.267  1578  1962 I HuaweiWifiWatchdogStateMachine: rssi bad, mrssi=-60 < TargetRssi=-54
07-20 01:47:15.267  1578  1962 I HuaweiWifiWatchdogStateMachine: start computeQosLevel tcpRtt = 0 ,rssi = -60 ,mBestSpeedInPeriod = 9679
07-20 01:47:15.267  1578  1962 I HuaweiWifiWatchdogStateMachine: smoothConsecutiveQosResults, currentQosLevel = 3
07-20 01:47:15.267  1578  1962 I HuaweiWifiWatchdogStateMachine: Leave updateQoeLevel level = 3
07-20 01:47:15.267  1578  1862 I WiFi_PRO_WifiProStateMachine: onWifiBqeDetectionResult =  3
07-20 01:47:15.268  1578  1961 I WiFi_PRO_WifiProStateMachine: CuA3D752B3  TCPRTT  level = 3
07-20 01:47:15.271  1578 11359 I MQoS    : QOS_level:0(0),wifi-link;SIM error;use level-0
07-20 01:47:15.272  1578  1961 I WiFi_PRO_EvaluateController: CuA3D752B3,crurrent Signal =  4, last  Signal = 4, isSemiAuto, last evaluate is Valid
07-20 01:47:15.273  1578  1961 I WiFi_PRO_WifiProStateMachine: updateWifiQosLevel, mCurrentSsid: CuA3D752B3 ,isWiFiNoInternet: false, qosLevel: 3
07-20 01:47:15.273  1578  1961 I WiFi_PRO_EvaluateController: internetAccessType not change, can not update
07-20 01:47:15.273  1578  1961 I WiFi_PRO_EvaluateController: updateEvaluate Level  succeed!.new Level = 3
07-20 01:47:15.422  1578  2711 I WificondControl: Noise: -92, Snr: 29, Chload: -1, rssi: -60, txBitrate: 72, rxBitrate: 0, frequency: 2462, UlDelay: -1, currentTxBytes: 0, currentTxPackets: 512753, currentTxFailed: 757, currentRxBytes: 0, currentRxPackets: 766881
07-20 01:47:15.429  2880  5886 I VoWifiQoe_N: ProcessReqInfo ul_msgid=5
07-20 01:47:15.430  2880  5886 I VoWifiQoe_N: processReqInfo MSG_WIFI_SIGNAL_INFO_IND 
07-20 01:47:15.430  2880  5886 I VoWifiQoe_N: ProcessSignalInfoInd curStateIsIdle 0 
07-20 01:47:15.430  2880  5886 I VoWifiQoe_N: ProcessSignalInfoInd wifiInterruptFlg 1 enScreenState 1 curStateIsIdle 0
07-20 01:47:15.430  2880  5886 I VoWifiQoe_N: UpdateEvaluatePolicy EVALUATE_POLICY_RSSI
07-20 01:47:15.430  2880  5886 I VoWifiQoe_N: UpdateEvaluatePolicy phoneId 1 is not qoe started!
07-20 01:47:15.479  2262  7426 I Booster_Qoe: AdaBoostPredict rlt,index:6,NisPsSlow:0,NProba:312,rsrp(rssi):-57,rsrq(noise):-92,rtt(chload):200,buffhigh(uldelay):0,buffcomm(rtt):0
07-20 01:47:15.480  2262  7426 I Booster_Qoe: AdaBoostPredict rlt,index:2,NisPsSlow:0,NProba:362,rsrp(rssi):-57,rsrq(noise):-92,rtt(chload):200,buffhigh(uldelay):0,buffcomm(rtt):160
07-20 01:47:15.483  2262  7426 I Collector: HandleRawWifiInfo: flag:0, netId:0!
07-20 01:47:15.485  2262  3431 I Hicom_Monitor: handleNetworkQoeReport. foregroundAppTcpRtt: 0, maxRatioChannelId: 2
07-20 01:47:15.485  2262  3431 I Hicom_Monitor: handleNetworkQoeReport. qoeString: 10677,4,0,312,1,2,4,0,362,72000,0,10,10,0,0,0,0
07-20 01:47:15.486  1578  1961 I WiFi_PRO_WifiProStateMachine: APP_SERVICE_QOE_NOTIFY Qoe info 10677,4,0,312,1,2,4,0,362,72000,0,10,10,0,0,0,0 CID 2 mMasterWifiRssi -57 mMasterCardAmbr 1048576 mSlaveCardAmbr 1048576
07-20 01:47:15.487  1578  1961 I HwWifiProServiceProxy: ctrlHwWifiNetwork pkgName: WIFIPRO_SERVICE interfaceId: 9
07-20 01:47:15.487  1578  1961 I WiFi_PRO_WifiProStateMachine: isWifi2WifiProcess = false, mIsNeedIgnoreQoeUpdate = false, mIsAppInBlacklist = false, mIsAppInBlacklistFullScreen = false, mIsWiFiNoInternet false, screen on = true, full screen = true, isLandscapeMode = true, mNotifyWifiLinkPoorReason = -1
07-20 01:47:15.487  1578  1961 I WiFi_PRO_WifiProStateMachine: mChannelQoeBadCnt = 0, mAppQoeBadCnt = 0, mNetworkSlowReason = 0, mNetworkSlowChannelBadCnt = 0
07-20 01:47:15.549  1061  6849 I iked    : [INFO]: ikev2.c:305: ikev2_periodic_task()
07-20 01:47:15.573   634  9753 I netd    : trafficSwapActiveStatsMap() <13.63ms>
07-20 01:47:15.645  1578  2706 I WificondControl: Noise: -92, Snr: 29, Chload: -1, rssi: -60, txBitrate: 72, rxBitrate: 0, frequency: 2462, UlDelay: -1, currentTxBytes: 0, currentTxPackets: 512754, currentTxFailed: 757, currentRxBytes: 0, currentRxPackets: 766881
07-20 01:47:15.660  2880  5886 I VoWifiQoe_N: ProcessReqInfo ul_msgid=5
07-20 01:47:15.660  2880  5886 I VoWifiQoe_N: processReqInfo MSG_WIFI_SIGNAL_INFO_IND 
07-20 01:47:15.660  2880  5886 I VoWifiQoe_N: ProcessSignalInfoInd curStateIsIdle 0 
07-20 01:47:15.660  2880  5886 I VoWifiQoe_N: ProcessSignalInfoInd wifiInterruptFlg 1 enScreenState 1 curStateIsIdle 0
07-20 01:47:15.660  2880  5886 I VoWifiQoe_N: UpdateEvaluatePolicy EVALUATE_POLICY_RSSI
07-20 01:47:15.660  2880  5886 I VoWifiQoe_N: UpdateEvaluatePolicy phoneId 1 is not qoe started!
07-20 01:47:15.870  1578  2706 I WificondControl: Noise: -92, Snr: 30, Chload: -1, rssi: -61, txBitrate: 72, rxBitrate: 0, frequency: 2462, UlDelay: -1, currentTxBytes: 0, currentTxPackets: 512754, currentTxFailed: 757, currentRxBytes: 0, currentRxPackets: 766881
07-20 01:47:15.878  2880  5886 I VoWifiQoe_N: ProcessReqInfo ul_msgid=5
07-20 01:47:15.878  2880  5886 I VoWifiQoe_N: processReqInfo MSG_WIFI_SIGNAL_INFO_IND 
07-20 01:47:15.878  2880  5886 I VoWifiQoe_N: ProcessSignalInfoInd curStateIsIdle 0 
07-20 01:47:15.878  2880  5886 I VoWifiQoe_N: ProcessSignalInfoInd wifiInterruptFlg 1 enScreenState 1 curStateIsIdle 0
07-20 01:47:15.879  2880  5886 I VoWifiQoe_N: UpdateEvaluatePolicy EVALUATE_POLICY_RSSI
07-20 01:47:15.879  2880  5886 I VoWifiQoe_N: UpdateEvaluatePolicy phoneId 1 is not qoe started!
07-20 01:47:15.914  1578  1863 I WificondControl: Noise: -92, Snr: 30, Chload: -1, rssi: -61, txBitrate: 72, rxBitrate: 0, frequency: 2462, UlDelay: -1, currentTxBytes: 0, currentTxPackets: 512754, currentTxFailed: 757, currentRxBytes: 0, currentRxPackets: 766881
07-20 01:47:16.095  1578  2706 I WificondControl: Noise: -92, Snr: 30, Chload: -1, rssi: -61, txBitrate: 72, rxBitrate: 0, frequency: 2462, UlDelay: -1, currentTxBytes: 0, currentTxPackets: 512754, currentTxFailed: 757, currentRxBytes: 0, currentRxPackets: 766881
07-20 01:47:16.106  2880  5886 I VoWifiQoe_N: ProcessReqInfo ul_msgid=5
07-20 01:47:16.106  2880  5886 I VoWifiQoe_N: processReqInfo MSG_WIFI_SIGNAL_INFO_IND 
07-20 01:47:16.106  2880  5886 I VoWifiQoe_N: ProcessSignalInfoInd curStateIsIdle 0 
07-20 01:47:16.106  2880  5886 I VoWifiQoe_N: ProcessSignalInfoInd wifiInterruptFlg 1 enScreenState 1 curStateIsIdle 0
07-20 01:47:16.106  2880  5886 I VoWifiQoe_N: UpdateEvaluatePolicy EVALUATE_POLICY_RSSI
07-20 01:47:16.106  2880  5886 I VoWifiQoe_N: UpdateEvaluatePolicy phoneId 1 is not qoe started!
07-20 01:47:16.154  1578  1862 I TrafficMonitor: update:rxPkts:2,txPkts:3,rxBytes:301,txBytes:345
07-20 01:47:16.154  1578  1862 I TrafficMonitor: gettimer:interval=2000
07-20 01:47:16.316  1578  2706 I WificondControl: Noise: -92, Snr: 31, Chload: -1, rssi: -61, txBitrate: 72, rxBitrate: 0, frequency: 2462, UlDelay: -1, currentTxBytes: 0, currentTxPackets: 512757, currentTxFailed: 757, currentRxBytes: 0, currentRxPackets: 766882
07-20 01:47:16.321   729   790 E ACCKIT_ : PerfMgr: fail to read 0
07-20 01:47:16.323  2880  5886 I VoWifiQoe_N: ProcessReqInfo ul_msgid=5
07-20 01:47:16.323  2880  5886 I VoWifiQoe_N: processReqInfo MSG_WIFI_SIGNAL_INFO_IND 
07-20 01:47:16.323  2880  5886 I VoWifiQoe_N: ProcessSignalInfoInd curStateIsIdle 0 
07-20 01:47:16.324  2880  5886 I VoWifiQoe_N: ProcessSignalInfoInd wifiInterruptFlg 1 enScreenState 1 curStateIsIdle 0
07-20 01:47:16.324  2880  5886 I VoWifiQoe_N: UpdateEvaluatePolicy EVALUATE_POLICY_RSSI
07-20 01:47:16.324  2880  5886 I VoWifiQoe_N: UpdateEvaluatePolicy phoneId 1 is not qoe started!
07-20 01:47:16.512  2262  7426 I Booster_Qoe: AdaBoostPredict rlt,index:6,NisPsSlow:0,NProba:312,rsrp(rssi):-60,rsrq(noise):-92,rtt(chload):200,buffhigh(uldelay):0,buffcomm(rtt):0
07-20 01:47:16.512  2262  7426 I Booster_Qoe: AdaBoostPredict rlt,index:2,NisPsSlow:0,NProba:312,rsrp(rssi):-60,rsrq(noise):-92,rtt(chload):200,buffhigh(uldelay):0,buffcomm(rtt):64
07-20 01:47:16.513  2262  7426 I Collector: HandleRawWifiInfo: flag:0, netId:0!
07-20 01:47:16.515  2262  2440 I chatty  : uid=1000(system) OllieAwareThrea identical 1 line
07-20 01:47:16.516  2262  3431 I Hicom_Monitor: handleNetworkQoeReport. foregroundAppTcpRtt: 0, maxRatioChannelId: 2
07-20 01:47:16.516  2262  3431 I Hicom_Monitor: handleNetworkQoeReport. qoeString: 10677,4,0,312,1,2,4,0,312,72000,0,10,10,0,0,0,0
07-20 01:47:16.516  1578  1961 I WiFi_PRO_WifiProStateMachine: APP_SERVICE_QOE_NOTIFY Qoe info 10677,4,0,312,1,2,4,0,312,72000,0,10,10,0,0,0,0 CID 2 mMasterWifiRssi -60 mMasterCardAmbr 1048576 mSlaveCardAmbr 1048576
07-20 01:47:16.517  1578  1961 I HwWifiProServiceProxy: ctrlHwWifiNetwork pkgName: WIFIPRO_SERVICE interfaceId: 9
07-20 01:47:16.518  1578  1961 I WiFi_PRO_WifiProStateMachine: isWifi2WifiProcess = false, mIsNeedIgnoreQoeUpdate = false, mIsAppInBlacklist = false, mIsAppInBlacklistFullScreen = false, mIsWiFiNoInternet false, screen on = true, full screen = true, isLandscapeMode = true, mNotifyWifiLinkPoorReason = -1
07-20 01:47:16.518  1578  1961 I WiFi_PRO_WifiProStateMachine: mChannelQoeBadCnt = 0, mAppQoeBadCnt = 0, mNetworkSlowReason = 0, mNetworkSlowChannelBadCnt = 0
07-20 01:47:16.539  1578  2706 I WificondControl: Noise: -92, Snr: 31, Chload: -1, rssi: -62, txBitrate: 72, rxBitrate: 0, frequency: 2462, UlDelay: -1, currentTxBytes: 0, currentTxPackets: 512758, currentTxFailed: 757, currentRxBytes: 0, currentRxPackets: 766882
07-20 01:47:16.554  2880  5886 I VoWifiQoe_N: ProcessReqInfo ul_msgid=5
07-20 01:47:16.554  2880  5886 I VoWifiQoe_N: processReqInfo MSG_WIFI_SIGNAL_INFO_IND 
07-20 01:47:16.555  2880  5886 I VoWifiQoe_N: ProcessSignalInfoInd curStateIsIdle 0 
07-20 01:47:16.555  2880  5886 I VoWifiQoe_N: ProcessSignalInfoInd wifiInterruptFlg 1 enScreenState 1 curStateIsIdle 0
07-20 01:47:16.555  2880  5886 I VoWifiQoe_N: UpdateEvaluatePolicy EVALUATE_POLICY_RSSI
07-20 01:47:16.555  2880  5886 I VoWifiQoe_N: UpdateEvaluatePolicy phoneId 1 is not qoe started!
07-20 01:47:16.601   634  9753 I netd    : trafficSwapActiveStatsMap() <14.95ms>
07-20 01:47:16.772  1578  2706 I WificondControl: Noise: -92, Snr: 31, Chload: -1, rssi: -62, txBitrate: 72, rxBitrate: 0, frequency: 2462, UlDelay: -1, currentTxBytes: 0, currentTxPackets: 512758, currentTxFailed: 757, currentRxBytes: 0, currentRxPackets: 766882
07-20 01:47:16.785  2880  5886 I VoWifiQoe_N: ProcessReqInfo ul_msgid=5
07-20 01:47:16.785  2880  5886 I VoWifiQoe_N: processReqInfo MSG_WIFI_SIGNAL_INFO_IND 
07-20 01:47:16.785  2880  5886 I VoWifiQoe_N: ProcessSignalInfoInd curStateIsIdle 0 
07-20 01:47:16.786  2880  5886 I VoWifiQoe_N: ProcessSignalInfoInd wifiInterruptFlg 1 enScreenState 1 curStateIsIdle 0
07-20 01:47:16.786  2880  5886 I VoWifiQoe_N: UpdateEvaluatePolicy EVALUATE_POLICY_RSSI
07-20 01:47:16.786  2880  5886 I VoWifiQoe_N: UpdateEvaluatePolicy phoneId 1 is not qoe started!
07-20 01:47:17.002  1578  2706 I WificondControl: Noise: -92, Snr: 31, Chload: -1, rssi: -62, txBitrate: 72, rxBitrate: 0, frequency: 2462, UlDelay: -1, currentTxBytes: 0, currentTxPackets: 512758, currentTxFailed: 757, currentRxBytes: 0, currentRxPackets: 766882
07-20 01:47:17.017  2880  5886 I VoWifiQoe_N: ProcessReqInfo ul_msgid=5
07-20 01:47:17.017  2880  5886 I VoWifiQoe_N: processReqInfo MSG_WIFI_SIGNAL_INFO_IND 
07-20 01:47:17.017  2880  5886 I VoWifiQoe_N: ProcessSignalInfoInd curStateIsIdle 0 
07-20 01:47:17.017  2880  5886 I VoWifiQoe_N: ProcessSignalInfoInd wifiInterruptFlg 1 enScreenState 1 curStateIsIdle 0
07-20 01:47:17.017  2880  5886 I VoWifiQoe_N: UpdateEvaluatePolicy EVALUATE_POLICY_RSSI
07-20 01:47:17.017  2880  5886 I VoWifiQoe_N: UpdateEvaluatePolicy phoneId 1 is not qoe started!
07-20 01:47:17.230  1578  2706 I WificondControl: Noise: -92, Snr: 31, Chload: -1, rssi: -62, txBitrate: 72, rxBitrate: 0, frequency: 2462, UlDelay: -1, currentTxBytes: 0, currentTxPackets: 512758, currentTxFailed: 757, currentRxBytes: 0, currentRxPackets: 766882
07-20 01:47:17.242  2880  5886 I VoWifiQoe_N: ProcessReqInfo ul_msgid=5
07-20 01:47:17.242  2880  5886 I VoWifiQoe_N: processReqInfo MSG_WIFI_SIGNAL_INFO_IND 
07-20 01:47:17.242  2880  5886 I VoWifiQoe_N: ProcessSignalInfoInd curStateIsIdle 0 
07-20 01:47:17.242  2880  5886 I VoWifiQoe_N: ProcessSignalInfoInd wifiInterruptFlg 1 enScreenState 1 curStateIsIdle 0
07-20 01:47:17.242  2880  5886 I VoWifiQoe_N: UpdateEvaluatePolicy EVALUATE_POLICY_RSSI
07-20 01:47:17.242  2880  5886 I VoWifiQoe_N: UpdateEvaluatePolicy phoneId 1 is not qoe started!
07-20 01:47:17.408 31811 25918 I NearbyMediums: No BLE Fast/GATT advertisements found in the latest cycle.
07-20 01:47:17.408 31811 25918 I NearbyMediums: Current Tracked Scanning Clients are : {NearbyConnections.EnvironmentMonitor, NearbySharing}
07-20 01:47:17.455  1578  2706 I WificondControl: Noise: -92, Snr: 31, Chload: -1, rssi: -62, txBitrate: 72, rxBitrate: 0, frequency: 2462, UlDelay: -1, currentTxBytes: 0, currentTxPackets: 512758, currentTxFailed: 757, currentRxBytes: 0, currentRxPackets: 766882
07-20 01:47:17.466  2880  5886 I VoWifiQoe_N: ProcessReqInfo ul_msgid=5
07-20 01:47:17.466  2880  5886 I VoWifiQoe_N: processReqInfo MSG_WIFI_SIGNAL_INFO_IND 
07-20 01:47:17.466  2880  5886 I VoWifiQoe_N: ProcessSignalInfoInd curStateIsIdle 0 
07-20 01:47:17.466  2880  5886 I VoWifiQoe_N: ProcessSignalInfoInd wifiInterruptFlg 1 enScreenState 1 curStateIsIdle 0
07-20 01:47:17.466  2880  5886 I VoWifiQoe_N: UpdateEvaluatePolicy EVALUATE_POLICY_RSSI
07-20 01:47:17.466  2880  5886 I VoWifiQoe_N: UpdateEvaluatePolicy phoneId 1 is not qoe started!
07-20 01:47:17.530  2262  7426 I Booster_Qoe: AdaBoostPredict rlt,index:6,NisPsSlow:0,NProba:312,rsrp(rssi):-62,rsrq(noise):-92,rtt(chload):200,buffhigh(uldelay):0,buffcomm(rtt):0
07-20 01:47:17.531  2262  7426 I Booster_Qoe: AdaBoostPredict rlt,index:2,NisPsSlow:0,NProba:312,rsrp(rssi):-62,rsrq(noise):-92,rtt(chload):200,buffhigh(uldelay):0,buffcomm(rtt):25
07-20 01:47:17.533  2262  3431 I Hicom_Monitor: handleNetworkQoeReport. foregroundAppTcpRtt: 0, maxRatioChannelId: 2
07-20 01:47:17.533  2262  3431 I Hicom_Monitor: handleNetworkQoeReport. qoeString: 10677,4,0,312,1,2,4,0,312,72000,0,10,10,0,0,0,0
07-20 01:47:17.533  2262  7426 I Collector: HandleRawWifiInfo: flag:0, netId:0!
07-20 01:47:17.533  1578  1961 I WiFi_PRO_WifiProStateMachine: APP_SERVICE_QOE_NOTIFY Qoe info 10677,4,0,312,1,2,4,0,312,72000,0,10,10,0,0,0,0 CID 2 mMasterWifiRssi -62 mMasterCardAmbr 1048576 mSlaveCardAmbr 1048576
07-20 01:47:17.534  1578  1961 I HwWifiProServiceProxy: ctrlHwWifiNetwork pkgName: WIFIPRO_SERVICE interfaceId: 9
07-20 01:47:17.534  1578  1961 I WiFi_PRO_WifiProStateMachine: isWifi2WifiProcess = false, mIsNeedIgnoreQoeUpdate = false, mIsAppInBlacklist = false, mIsAppInBlacklistFullScreen = false, mIsWiFiNoInternet false, screen on = true, full screen = true, isLandscapeMode = true, mNotifyWifiLinkPoorReason = -1
07-20 01:47:17.534  1578  1961 I WiFi_PRO_WifiProStateMachine: mChannelQoeBadCnt = 0, mAppQoeBadCnt = 0, mNetworkSlowReason = 0, mNetworkSlowChannelBadCnt = 0
07-20 01:47:17.612 32563 32577 W chbox:googleap: Reducing the number of considered missed Gc histogram windows from 146 to 100
07-20 01:47:17.678  1578  2711 I WificondControl: Noise: -92, Snr: 31, Chload: -1, rssi: -62, txBitrate: 72, rxBitrate: 0, frequency: 2462, UlDelay: -1, currentTxBytes: 0, currentTxPackets: 512758, currentTxFailed: 757, currentRxBytes: 0, currentRxPackets: 766882
07-20 01:47:17.685  2880  5886 I VoWifiQoe_N: ProcessReqInfo ul_msgid=5
07-20 01:47:17.685  2880  5886 I VoWifiQoe_N: processReqInfo MSG_WIFI_SIGNAL_INFO_IND 
07-20 01:47:17.685  2880  5886 I VoWifiQoe_N: ProcessSignalInfoInd curStateIsIdle 0 
07-20 01:47:17.685  2880  5886 I VoWifiQoe_N: ProcessSignalInfoInd wifiInterruptFlg 1 enScreenState 1 curStateIsIdle 0
07-20 01:47:17.685  2880  5886 I VoWifiQoe_N: UpdateEvaluatePolicy EVALUATE_POLICY_RSSI
07-20 01:47:17.685  2880  5886 I VoWifiQoe_N: UpdateEvaluatePolicy phoneId 1 is not qoe started!
07-20 01:47:17.901  1578  2711 I WificondControl: Noise: -92, Snr: 31, Chload: -1, rssi: -62, txBitrate: 72, rxBitrate: 0, frequency: 2462, UlDelay: -1, currentTxBytes: 0, currentTxPackets: 512758, currentTxFailed: 757, currentRxBytes: 0, currentRxPackets: 766882
07-20 01:47:17.913  2880  5886 I VoWifiQoe_N: ProcessReqInfo ul_msgid=5
07-20 01:47:17.913  2880  5886 I VoWifiQoe_N: processReqInfo MSG_WIFI_SIGNAL_INFO_IND 
07-20 01:47:17.913  2880  5886 I VoWifiQoe_N: ProcessSignalInfoInd curStateIsIdle 0 
07-20 01:47:17.913  2880  5886 I VoWifiQoe_N: ProcessSignalInfoInd wifiInterruptFlg 1 enScreenState 1 curStateIsIdle 0
07-20 01:47:17.913  2880  5886 I VoWifiQoe_N: UpdateEvaluatePolicy EVALUATE_POLICY_RSSI
07-20 01:47:17.913  2880  5886 I VoWifiQoe_N: UpdateEvaluatePolicy phoneId 1 is not qoe started!
07-20 01:47:18.058 25929 25983 I python  : [PERF] Alle 14 Screens instanziiert und hinzugefügt in: 3.7137s
07-20 01:47:18.067 25929 25983 I python  : [Core] Starte Core (Foreground Service Mode)…
07-20 01:47:18.067 25929 25983 I python  : [Core] is_android(): True
07-20 01:47:18.067 25929 25983 I python  : [Core] decoded.json entfernt
07-20 01:47:18.068 25929 25983 I python  : [Core] ble_dump.json geleert: /data/user/0/org.hackintosh1980.espgrowcontroller/files/app/data/ble_dump.json
07-20 01:47:18.068 25929 25983 I python  : [Core] ble_log_dump.json geleert: /data/user/0/org.hackintosh1980.espgrowcontroller/files/app/data/ble_log_dump.json
07-20 01:47:18.068 25929 25983 I python  : [Core] web_dump.json geleert: /data/user/0/org.hackintosh1980.espgrowcontroller/files/app/data/web_dump.json
07-20 01:47:18.094  2262  2440 I SpeedTestNotifier: is low speed scene
07-20 01:47:18.107 25929 25929 I HwViewRootImpl: removeInvalidNode all the node in jank list is out of time
07-20 01:47:18.133  1578  2711 I WificondControl: Noise: -92, Snr: 31, Chload: -1, rssi: -61, txBitrate: 72, rxBitrate: 0, frequency: 2462, UlDelay: -1, currentTxBytes: 0, currentTxPackets: 512758, currentTxFailed: 757, currentRxBytes: 0, currentRxPackets: 766882
07-20 01:47:18.146  2880  5886 I VoWifiQoe_N: ProcessReqInfo ul_msgid=5
07-20 01:47:18.146  2880  5886 I VoWifiQoe_N: processReqInfo MSG_WIFI_SIGNAL_INFO_IND 
07-20 01:47:18.146  2880  5886 I VoWifiQoe_N: ProcessSignalInfoInd curStateIsIdle 0 
07-20 01:47:18.146  2880  5886 I VoWifiQoe_N: ProcessSignalInfoInd wifiInterruptFlg 1 enScreenState 1 curStateIsIdle 0
07-20 01:47:18.146  2880  5886 I VoWifiQoe_N: UpdateEvaluatePolicy EVALUATE_POLICY_RSSI
07-20 01:47:18.146  2880  5886 I VoWifiQoe_N: UpdateEvaluatePolicy phoneId 1 is not qoe started!
07-20 01:47:18.158  1578  1862 I TrafficMonitor: update:rxPkts:0,txPkts:0,rxBytes:0,txBytes:0
07-20 01:47:18.158  1578  1862 I TrafficMonitor: gettimer:interval=2000
07-20 01:47:18.231  1578  2711 I BigFontUtils: adjustAppProcessConfiguration appInfo:org.hackintosh1980.espgrowcontroller
07-20 01:47:18.234 25929 25983 I python  : [Core] BLE Python Service gestartet (Foreground)
07-20 01:47:18.259  1578  1676 I ActivityManager: Start proc 26003:org.hackintosh1980.espgrowcontroller:service_ble_service/u0a677 for service {org.hackintosh1980.espgrowcontroller/org.hackintosh1980.espgrowcontroller.ServiceBle_service}
07-20 01:47:18.269 26003 26003 I ice_ble_servic: Late-enabling -Xcheck:jni
07-20 01:47:18.293 25929 25983 I BluetoothAdapter: isLeEnabled(): ON
07-20 01:47:18.296  2209  3502 I bt_stack: [INFO:bta_gattc_act.cc(175)] bta_gattc_register: state:2
07-20 01:47:18.296  2209  3502 I bt_stack: [INFO:gatt_api.cc(974)] GATT_Register cd5a4b0d-25e8-a1b9-8fb4-9d2fa3d388d7
07-20 01:47:18.296  2209  3502 I bt_stack: [INFO:gatt_api.cc(994)] allocated gatt_if=12
07-20 01:47:18.296  2209  3502 I bt_stack: [INFO:gatt_api.cc(1090)] GATT_StartIf gatt_if=12
07-20 01:47:18.296  2209  3502 I bt_stack: [INFO:gatt_utils.cc(260)] gatt_find_the_connected_bda start_idx=0
07-20 01:47:18.296  2209  3502 I bt_stack: [INFO:gatt_utils.cc(272)]  found=0 found_idx=7
07-20 01:47:18.300  2635  3724 I PGServer: report state:8 event type:1 pid:0 uid:10677 pkg:null to pid: 1578
07-20 01:47:18.300  2635  3724 I BluetoothState: new active bluetooth uid: 10677, pid:25929, reason:BLE_SCAN
07-20 01:47:18.310  2807  3027 E Nc_Chr_BT: NcBtDftManager: unhandled id
07-20 01:47:18.314 26003 26003 E ice_ble_servic: LoadAppImageStartupCache enabled : 1
07-20 01:47:18.314 26003 26003 E ice_ble_servic: Unknown bits set in runtime_flags: 0x8000
07-20 01:47:18.315 25929 25983 I python  : [Core] Android-Bridges gestartet (ADV + GATT + BROADCAST)
07-20 01:47:18.316 26003 26003 I ice_ble_servic: Reinit property: dalvik.vm.checkjni= false
07-20 01:47:18.316 26003 26003 I ice_ble_servic: ReInitProperties: persist.vm.debug.dumpapi= false
07-20 01:47:18.317 25929 25983 I python  : [Core] WebClient-Thread gestartet
07-20 01:47:18.318 25929 26019 I python  : [Decoder] Background Thread STARTED.
07-20 01:47:18.318 25929 26019 I python  : [HEARTBEAT DECODER] Ticking! Active Config Devices: ['E697B52A-2E7F-D41E-BC4D-2D027CB38D0B', '827482CC-A977-43D7-835E-8E8B6978E66A', 'C898B4F2-B452-7502-1A67-0536E77D49EA', 'FABCEA8B-7EC8-2594-4879-2B3B63989660'] | Live Web RAM Keys: []
07-20 01:47:18.323   729   790 E ACCKIT_ : PerfMgr: fail to read 0
07-20 01:47:18.332 25929 26022 I python  : [DEBUG  ] [Starting new HTTP connection (1)] 192.168.2.20:80
07-20 01:47:18.340 25929 26029 I python  : [DEBUG  ] [Starting new HTTP connection (1)] 192.168.2.39:80
07-20 01:47:18.344 25929 25983 I python  : [Core] Decoder-Thread gestartet
07-20 01:47:18.346 25929 25983 I python  : [Core] Watchdog gestartet
07-20 01:47:18.346 25929 25983 I python  : [Core] System läuft stabil im Hintergrund (Foreground Service Active).
07-20 01:47:18.346 25929 25983 I python  : [PERF] core.start() ausgeführt in: 0.2794s
07-20 01:47:18.346 25929 25983 I python  : [PERF] 🚀 GESAMTZEIT BIS ZUM START: 5.8119s 🚀
07-20 01:47:18.347 25929 25983 I python  : [WARNING] [Base        ] Unknown <android> provider
07-20 01:47:18.347 25929 25983 I python  : [INFO   ] [Base        ] Start application main loop
07-20 01:47:18.354  1578  1854 I WificondControl: Noise: -92, Snr: 31, Chload: -1, rssi: -61, txBitrate: 72, rxBitrate: 0, frequency: 2462, UlDelay: -1, currentTxBytes: 0, currentTxPackets: 512758, currentTxFailed: 757, currentRxBytes: 0, currentRxPackets: 766882
07-20 01:47:18.360  2880  5886 I VoWifiQoe_N: ProcessReqInfo ul_msgid=5
07-20 01:47:18.360  2880  5886 I VoWifiQoe_N: processReqInfo MSG_WIFI_SIGNAL_INFO_IND 
07-20 01:47:18.360  2880  5886 I VoWifiQoe_N: ProcessSignalInfoInd curStateIsIdle 0 
07-20 01:47:18.360  2880  5886 I VoWifiQoe_N: ProcessSignalInfoInd wifiInterruptFlg 1 enScreenState 1 curStateIsIdle 0
07-20 01:47:18.360  2880  5886 I VoWifiQoe_N: UpdateEvaluatePolicy EVALUATE_POLICY_RSSI
07-20 01:47:18.361  2880  5886 I VoWifiQoe_N: UpdateEvaluatePolicy phoneId 1 is not qoe started!
07-20 01:47:18.368 26003 26030 I ActivityThread: Init compatible state: true
07-20 01:47:18.370 26003 26030 I HwFrameworkSecurityPartsFactory: add HwFrameworkSecurityPartsFactory to memory.
07-20 01:47:18.371 26003 26030 E BehaviorCollectManager: Fail to acquire dataAnalyzerService...
07-20 01:47:18.405  2209  2366 W bt_btif : Remote device:20:6e:**:**:**:3d, no link key or ble key found
07-20 01:47:18.405  2209  2366 I chatty  : uid=1002(bluetooth) BT Service Call identical 2 lines
07-20 01:47:18.406  2209  2366 W bt_btif : Remote device:20:6e:**:**:**:3d, no link key or ble key found
07-20 01:47:18.416 26003 26030 I HwApiCacheMangerEx: apicache path=/storage/emulated/0 state=mounted key=org.hackintosh1980.espgrowcontroller#10677#256
07-20 01:47:18.416 26003 26030 I HwApiCacheMangerEx: need clear apicache,because volumes changed,oldCnt=0 newCnt=1
07-20 01:47:18.417 26003 26030 I HwApiCacheMangerEx: apicache path=/storage/emulated/0 state=mounted key=org.hackintosh1980.espgrowcontroller#10677#0
07-20 01:47:18.417 26003 26030 I HwApiCacheMangerEx: need clear apicache,because volumes changed,oldCnt=1 newCnt=1
07-20 01:47:18.421 26003 26003 I HwTypeface: updateFont: scale=1.0
07-20 01:47:18.424 26003 26003 I ActivityThread: finishPreloaded preloadStatus 0
07-20 01:47:18.424 26003 26030 I HwPartIawareFactory: add android.common.HwPartIawareFactoryImpl to memory.
07-20 01:47:18.424 26003 26030 I AwareBitmapCacher: init processName:org.hackintosh1980.espgrowcontroller:service_ble_service pid=26003 uid=10677
07-20 01:47:18.489 26003 26039 I python  : Initializing Python for Android
07-20 01:47:18.489 26003 26039 I python  : Setting additional env vars from p4a_env_vars.txt
07-20 01:47:18.489 26003 26039 I python  : Changing directory to the one provided by ANDROID_ARGUMENT
07-20 01:47:18.490 26003 26039 I python  : /data/user/0/org.hackintosh1980.espgrowcontroller/files/app
07-20 01:47:18.490 26003 26039 I python  : Preparing to initialize python
07-20 01:47:18.490 26003 26039 I python  : _python_bundle dir exists
07-20 01:47:18.490 26003 26039 I python  : calculated paths to be...
07-20 01:47:18.490 26003 26039 I python  : /data/user/0/org.hackintosh1980.espgrowcontroller/files/app/_python_bundle/stdlib.zip:/data/user/0/org.hackintosh1980.espgrowcontroller/files/app/_python_bundle/modules
07-20 01:47:18.490 26003 26039 I python  : set wchar paths...
07-20 01:47:18.509 26003 26003 W Thread-2: type=1400 audit(0.0:112366): avc: granted { execute } for pid=26003 path="/data/data/org.hackintosh1980.espgrowcontroller/files/app/_python_bundle/modules/zlib.cpython-311.so" dev="sdd70" ino=36010 scontext=u:r:untrusted_app:s0:c165,c258,c512,c768 tcontext=u:object_r:app_data_file:s0:c165,c258,c512,c768 tclass=file
07-20 01:47:18.526 26003 26039 I python  : Initialized python
07-20 01:47:18.526 26003 26039 I python  : AND: Init threads
07-20 01:47:18.527 26003 26039 I ble_service: testing python print redirection
07-20 01:47:18.528 26003 26039 I ble_service: Android path ['.', '/data/user/0/org.hackintosh1980.espgrowcontroller/files/app/_python_bundle/stdlib.zip', '/data/user/0/org.hackintosh1980.espgrowcontroller/files/app/_python_bundle/modules', '/data/user/0/org.hackintosh1980.espgrowcontroller/files/app/_python_bundle/site-packages']
07-20 01:47:18.528 26003 26039 I ble_service: os.environ is environ({'PATH': '/sbin:/system/sbin:/product/bin:/apex/com.android.runtime/bin:/system/bin:/system/xbin:/odm/bin:/vendor/bin:/vendor/xbin', 'ANDROID_BOOTLOGO': '1', 'ANDROID_ROOT': '/system', 'ANDROID_ASSETS': '/system/app', 'ANDROID_DATA': '/data', 'ANDROID_STORAGE': '/storage', 'ANDROID_RUNTIME_ROOT': '/apex/com.android.runtime', 'ANDROID_TZDATA_ROOT': '/apex/com.android.tzdata', 'EXTERNAL_STORAGE': '/sdcard', 'ASEC_MOUNTPOINT': '/mnt/asec', 'BOOTCLASSPATH': '/apex/com.android.runtime/javalib/core-oj.jar:/apex/com.android.runtime/javalib/core-libart.jar:/apex/com.android.runtime/javalib/okhttp.jar:/apex/com.android.runtime/javalib/bouncycastle.jar:/apex/com.android.runtime/javalib/apache-xml.jar:/system/framework/framework.jar:/system/framework/ext.jar:/system/framework/telephony-common.jar:/system/framework/voip-common.jar:/system/framework/ims-common.jar:/system/framework/android.test.base.jar:/system/framework/featurelayer-widget.jar:/system/framework/hwEmui.jar:/system/framework/hwPartBasicplatform.jar:/system/framework/telephony-separated.jar:/system/framework/hwTelephony-common.jar:/system/framework/hwPartTelephony.jar:/system/framework/hwPartTelephonyVSim.jar:/system/framework/hwPartTelephonyCust.jar:/system/framework/hwPartTelephonyFullnetworkOpt.jar:/system/framework/hwPartTelephonyTimezoneOpt.jar:/system/framework/hwPartTelephonyOpt.jar:/system/framework/hwPartSecurity.jar:/system/framework/hwPartSecurityFaceId.jar:/system/framework/hwIms-common.jar:/system/framework/hwPartMedia.jar:/system/framework/hwPartConnectivity.jar:/system/framework/hwPartPowerOffice.jar:/system/framework/hwPartDeviceVirtualization.jar:/system/framework/hwPartAirSharing.jar:/system/framework/hwPartDefaultDFR.jar:/system/framework/hwPartDFR.jar:/system/framework/hwPartMagicWindow.jar:/system/framework/hwPartIaware.jar:/system/framework/hwPartMdm.jar:/system/framework/hwPartVr.jar:/system/framework/hwframework.jar:/system/framework/com.huawei.nfc.jar:/system/framework/org.ifaa.android.manager.jar:/system/framework/hwperf.jar:/system/framework/hwcustEmui.jar:/system/framework/hwcustframework.jar:/system/framework/servicehost.jar:/system/framework/hwcustIms-common.jar:/system/framework/hwcustTelephony-common.jar:/system/framework/hwIAwareAL.jar:/system/framework/zframework.z.jar:/apex/com.android.conscrypt/javalib/conscrypt.jar:/apex/com.android.media/javalib/updatable-media.jar', 'DEX2OATBOOTCLASSPATH': '/apex/com.android.runtime/javalib/core-oj.jar:/apex/com.android.runtime/javalib/core-libart.jar:/apex/com.android.runtime/javalib/okhttp.jar:/apex/com.android.runtime/javalib/bouncycastle.jar:/apex/com.android.runtime/javalib/apache-xml.jar:/system/framework/framework.jar:/system/framework/ext.jar:/system/framework/telephony-common.jar:/system/framework/voip-common.jar:/system/framework/ims-common.jar:/system/framework/android.test.base.jar:/system/framework/featurelayer-widget.jar:/system/framework/hwEmui.jar:/system/framework/hwPartBasicplatform.jar:/system/framework/telephony-separated.jar:/system/framework/hwTelephony-common.jar:/system/framework/hwPartTelephony.jar:/system/framework/hwPartTelephonyVSim.jar:/system/framework/hwPartTelephonyCust.jar:/system/framework/hwPartTelephonyFullnetworkOpt.jar:/system/framework/hwPartTelephonyTimezoneOpt.jar:/system/framework/hwPartTelephonyOpt.jar:/system/framework/hwPartSecurity.jar:/system/framework/hwPartSecurityFaceId.jar:/system/framework/hwIms-common.jar:/system/framework/hwPartMedia.jar:/system/framework/hwPartConnectivity.jar:/system/framework/hwPartPowerOffice.jar:/system/framework/hwPartDeviceVirtualization.jar:/system/framework/hwPartAirSharing.jar:/system/framework/hwPartDefaultDFR.jar:/system/framework/hwPartDFR.jar:/system/framework/hwPartMagicWindow.jar:/system/framework/hwPartIaware.jar:/system/framework/hwPartMdm.jar:/system/framework/hwPartVr.jar:/system/framework/hwframework.jar:/system/framework/com.huawei.nfc.jar:/system/framework/org.ifaa.android.manager.jar:/system/framework/hwperf.jar:/system/framework/hwcustEmui.
07-20 01:47:18.529 26003 26039 I ble_service: Android kivy bootstrap done. __name__ is __main__
07-20 01:47:18.529 26003 26039 I python  : AND: Ran string
07-20 01:47:18.529 26003 26039 I python  : Run user program, change dir and execute entrypoint
07-20 01:47:18.554  1061  6849 I iked    : [INFO]: ikev2.c:305: ikev2_periodic_task()
07-20 01:47:18.554  2262  7426 I Booster_Qoe: AdaBoostPredict rlt,index:6,NisPsSlow:0,NProba:312,rsrp(rssi):-62,rsrq(noise):-92,rtt(chload):200,buffhigh(uldelay):0,buffcomm(rtt):0
07-20 01:47:18.555  2262  7426 I Booster_Qoe: AdaBoostPredict rlt,index:2,NisPsSlow:0,NProba:312,rsrp(rssi):-62,rsrq(noise):-92,rtt(chload):200,buffhigh(uldelay):0,buffcomm(rtt):10
07-20 01:47:18.555  2262  7426 I Collector: HandleRawWifiInfo: flag:0, netId:0!
07-20 01:47:18.557  2262  3431 I Hicom_Monitor: handleNetworkQoeReport. foregroundAppTcpRtt: 0, maxRatioChannelId: 2
07-20 01:47:18.557  2262  3431 I Hicom_Monitor: handleNetworkQoeReport. qoeString: 10677,4,0,312,1,2,4,0,312,72000,0,10,10,0,0,0,0
07-20 01:47:18.557  1578  1961 I WiFi_PRO_WifiProStateMachine: APP_SERVICE_QOE_NOTIFY Qoe info 10677,4,0,312,1,2,4,0,312,72000,0,10,10,0,0,0,0 CID 2 mMasterWifiRssi -62 mMasterCardAmbr 1048576 mSlaveCardAmbr 1048576
07-20 01:47:18.558  1578  1961 I HwWifiProServiceProxy: ctrlHwWifiNetwork pkgName: WIFIPRO_SERVICE interfaceId: 9
07-20 01:47:18.558  1578  1961 I WiFi_PRO_WifiProStateMachine: isWifi2WifiProcess = false, mIsNeedIgnoreQoeUpdate = false, mIsAppInBlacklist = false, mIsAppInBlacklistFullScreen = false, mIsWiFiNoInternet false, screen on = true, full screen = true, isLandscapeMode = true, mNotifyWifiLinkPoorReason = -1
07-20 01:47:18.559  1578  1961 I WiFi_PRO_WifiProStateMachine: mChannelQoeBadCnt = 0, mAppQoeBadCnt = 0, mNetworkSlowReason = 0, mNetworkSlowChannelBadCnt = 0
07-20 01:47:18.569  1578  1854 I WificondControl: Noise: -92, Snr: 28, Chload: -1, rssi: -62, txBitrate: 72, rxBitrate: 0, frequency: 2462, UlDelay: -1, currentTxBytes: 0, currentTxPackets: 512763, currentTxFailed: 757, currentRxBytes: 0, currentRxPackets: 766882
07-20 01:47:18.575  2880  5886 I VoWifiQoe_N: ProcessReqInfo ul_msgid=5
07-20 01:47:18.575  2880  5886 I VoWifiQoe_N: processReqInfo MSG_WIFI_SIGNAL_INFO_IND 
07-20 01:47:18.575  2880  5886 I VoWifiQoe_N: ProcessSignalInfoInd curStateIsIdle 0 
07-20 01:47:18.575  2880  5886 I VoWifiQoe_N: ProcessSignalInfoInd wifiInterruptFlg 1 enScreenState 1 curStateIsIdle 0
