07-20 01:38:56.765 17362 17362 W SDLThread: type=1400 audit(0.0:129166): avc: granted { execute } for path="/data/data/org.hackintosh1980.espgrowcontroller/files/app/_python_bundle/modules/_ctypes.cpython-311.so" dev="dm-12" ino=124971 scontext=u:r:untrusted_app:s0:c244,c256,c512,c768 tcontext=u:object_r:app_data_file:s0:c244,c256,c512,c768 tclass=file app=org.hackintosh1980.espgrowcontroller
07-20 01:38:57.722  1308  1308 I adbd    : adbd service requested 'shell,v2,TERM=dumb:export ANDROID_LOG_TAGS=''; exec logcat '-d' '-v' 'threadtime' '*:I' 'python:D''
07-20 01:38:57.715 17362 17362 W SDLThread: type=1400 audit(0.0:129173): avc: granted { execute } for path="/data/data/org.hackintosh1980.espgrowcontroller/files/app/_python_bundle/modules/_socket.cpython-311.so" dev="dm-12" ino=125001 scontext=u:r:untrusted_app:s0:c244,c256,c512,c768 tcontext=u:object_r:app_data_file:s0:c244,c256,c512,c768 tclass=file app=org.hackintosh1980.espgrowcontroller
07-20 01:38:57.725 17362 17362 W SDLThread: type=1400 audit(0.0:129174): avc: granted { execute } for path="/data/data/org.hackintosh1980.espgrowcontroller/files/app/_python_bundle/modules/array.cpython-311.so" dev="dm-12" ino=125025 scontext=u:r:untrusted_app:s0:c244,c256,c512,c768 tcontext=u:object_r:app_data_file:s0:c244,c256,c512,c768 tclass=file app=org.hackintosh1980.espgrowcontroller
07-20 01:38:57.735 17362 17362 W SDLThread: type=1400 audit(0.0:129175): avc: granted { execute } for path="/data/data/org.hackintosh1980.espgrowcontroller/files/app/_python_bundle/modules/_ssl.cpython-311.so" dev="dm-12" ino=125002 scontext=u:r:untrusted_app:s0:c244,c256,c512,c768 tcontext=u:object_r:app_data_file:s0:c244,c256,c512,c768 tclass=file app=org.hackintosh1980.espgrowcontroller
07-20 01:38:57.745 17362 17362 W SDLThread: type=1400 audit(0.0:129176): avc: granted { execute } for path="/data/data/org.hackintosh1980.espgrowcontroller/files/app/_python_bundle/modules/binascii.cpython-311.so" dev="dm-12" ino=125028 scontext=u:r:untrusted_app:s0:c244,c256,c512,c768 tcontext=u:object_r:app_data_file:s0:c244,c256,c512,c768 tclass=file app=org.hackintosh1980.espgrowcontroller
07-20 01:38:57.755 17362 17362 W SDLThread: type=1400 audit(0.0:129177): avc: granted { execute } for path="/data/data/org.hackintosh1980.espgrowcontroller/files/app/_python_bundle/modules/_contextvars.cpython-311.so" dev="dm-12" ino=124970 scontext=u:r:untrusted_app:s0:c244,c256,c512,c768 tcontext=u:object_r:app_data_file:s0:c244,c256,c512,c768 tclass=file app=org.hackintosh1980.espgrowcontroller
07-20 01:38:57.833 17362 17389 I python  : [INFO   ] [Factory     ] 195 symbols loaded
07-20 01:38:57.993  3187  3218 W System.err: java.io.FileNotFoundException: /proc/ant_state: open failed: ENOENT (No such file or directory)
07-20 01:38:57.993  3187  3218 W System.err: 	at libcore.io.IoBridge.open(IoBridge.java:574)
07-20 01:38:57.993  3187  3218 W System.err: 	at java.io.FileInputStream.<init>(FileInputStream.java:179)
07-20 01:38:57.993  3187  3218 W System.err: 	at java.io.FileReader.<init>(FileReader.java:75)
07-20 01:38:57.993  3187  3218 W System.err: 	at com.hmd.sarsensor.ModeService$NodeWatcher.readNode(ModeService.java:539)
07-20 01:38:57.993  3187  3218 W System.err: 	at com.hmd.sarsensor.ModeService$NodeWatcher.run(ModeService.java:514)
07-20 01:38:57.993  3187  3218 W System.err: Caused by: android.system.ErrnoException: open failed: ENOENT (No such file or directory)
07-20 01:38:57.993  3187  3218 W System.err: 	at libcore.io.Linux.open(Native Method)
07-20 01:38:57.993  3187  3218 W System.err: 	at libcore.io.ForwardingOs.open(ForwardingOs.java:579)
07-20 01:38:57.993  3187  3218 W System.err: 	at libcore.io.BlockGuardOs.open(BlockGuardOs.java:274)
07-20 01:38:57.993  3187  3218 W System.err: 	at libcore.io.ForwardingOs.open(ForwardingOs.java:579)
07-20 01:38:57.993  3187  3218 W System.err: 	at android.app.ActivityThread$AndroidOs.open(ActivityThread.java:7766)
07-20 01:38:57.993  3187  3218 W System.err: 	at libcore.io.IoBridge.open(IoBridge.java:560)
07-20 01:38:57.993  3187  3218 W System.err: 	... 4 more
07-20 01:38:57.993  3187  3218 E SarTest : read node fail: java.io.FileNotFoundException: /proc/ant_state: open failed: ENOENT (No such file or directory)
07-20 01:38:58.171 17362 17389 I python  : [INFO   ] [Image       ] Providers: img_tex, img_dds, img_sdl2, img_pil (img_ffpyplayer ignored)
07-20 01:38:58.224 17362 17389 I python  : [INFO   ] [Window      ] Provider: sdl2
07-20 01:38:58.249 17362 17389 I SDL/APP : pixel format wanted SDL_PIXELFORMAT_RGBA8888 (1), got SDL_PIXELFORMAT_RGBA8888 (1)
07-20 01:38:58.283 17362 17389 I python  : [INFO   ] [GL          ] Using the "OpenGL ES 2" graphics system
07-20 01:38:58.289 17362 17389 I python  : [INFO   ] [GL          ] Backend used <sdl2>
07-20 01:38:58.290 17362 17389 I python  : [INFO   ] [GL          ] OpenGL version <b'OpenGL ES 3.2 V@0502.0 (GIT@38059de551, If855f1c192, 1643012380) (Date:01/24/22)'>
07-20 01:38:58.290 17362 17389 I python  : [INFO   ] [GL          ] OpenGL vendor <b'Qualcomm'>
07-20 01:38:58.291 17362 17389 I python  : [INFO   ] [GL          ] OpenGL renderer <b'Adreno (TM) 610'>
07-20 01:38:58.291 17362 17389 I python  : [INFO   ] [GL          ] OpenGL parsed version: 3, 2
07-20 01:38:58.292 17362 17389 I python  : [INFO   ] [GL          ] Texture max size <16384>
07-20 01:38:58.292 17362 17389 I python  : [INFO   ] [GL          ] Texture max units <16>
07-20 01:38:58.335 17362 17389 I python  : [INFO   ] [Window      ] auto add sdl2 input provider
07-20 01:38:58.336 17362 17389 I python  : [INFO   ] [Window      ] virtual keyboard not allowed, single mode, not docked
07-20 01:38:58.344 17362 17389 I python  : [INFO   ] [Text        ] Provider: sdl2
07-20 01:38:58.348 17362 17389 I python  : [PERF] Kivy Basis-Core geladen in: 1.8592s
07-20 01:38:58.392 17362 17389 I python  : BLE DESKTOP MODULE IMPORTIERT
07-20 01:38:58.568 17362 17389 I python  :  /home/domivm/TEST/.buildozer/android/platform/build-arm64-v8a/build/python-installs/espgrowcontroller/arm64-v8a/requests/__init__.py:92: RequestsDependencyWarning: Unable to find acceptable character detection dependency (chardet or charset_normalizer).
07-20 01:38:58.595 17362 17389 I python  : [Storage] RAM-Cache für Pflanzen erfolgreich geladen.
07-20 01:38:58.606 17362 17389 I python  : [MixedEngine] mixed.json initialisiert: /data/user/0/org.hackintosh1980.espgrowcontroller/files/app/data/mixed.json
07-20 01:38:58.682 17362 17389 I python  : [PERF] Starte Import der 14 Screens...
07-20 01:38:58.813 17362 17389 I python  : [PERF] Alle Module & Screens importiert in: 0.4653s
07-20 01:38:58.814 17362 17389 I python  : [PERF] App.build() aufgerufen.
07-20 01:38:58.814 17362 17389 I python  : [PERF] I18N initialisiert in: 0.0000s
07-20 01:38:58.816 17362 17389 I python  : [PERF] Buffer initialisiert/geladen in: 0.0011s
07-20 01:38:58.817 17362 17389 I python  : [PERF][SCREEN] START dashboard
07-20 01:38:58.855 17362 17389 I python  : [INFO   ] [GL          ] NPOT texture support is available
07-20 01:38:58.858 17362 17389 I python  : [PERF][HEADER] Basis: 0.0007s
07-20 01:38:58.863 17362 17389 I python  : [PERF][HEADER] Navigation: 0.0050s
07-20 01:38:58.864  1308  1308 I adbd    : adbd service requested 'shell,v2,TERM=dumb:export ANDROID_LOG_TAGS=''; exec logcat '-d' '-v' 'threadtime' '*:I' 'python:D''
07-20 01:38:58.870 17362 17389 I python  : [WARNING] Deprecated property "<BooleanProperty name=keep_ratio>" of object "<kivy.uix.image.Image object at 0x6d960c62e0>" has been set, it will be removed in a future version
07-20 01:38:58.873 17362 17389 I python  : [PERF][HEADER] Logo+Gerätename: 0.0093s
07-20 01:38:58.910 17362 17389 I python  : [PERF][HEADER] Status+Controls: 0.0371s
07-20 01:38:58.912 17362 17389 I python  : [PERF][HEADER] Uhr+Menü: 0.0024s
07-20 01:38:58.918 17362 17389 I python  : [PERF][HEADER] Assembly: 0.0053s
07-20 01:38:58.918 17362 17389 I python  : [PERF][HEADER] TOTAL: 0.0599s
07-20 01:38:58.918 17362 17389 I python  : [PERF][DASHBOARD] HeaderBar: 0.0603s
07-20 01:38:58.940 17362 17389 I python  : [PERF][DASHBOARD][TILE] temp_in: 0.0193s
07-20 01:38:58.959 17362 17389 I python  : [PERF][DASHBOARD][TILE] hum_in: 0.0185s
07-20 01:38:58.977 17362 17389 I python  : [PERF][DASHBOARD][TILE] vpd_in: 0.0178s
07-20 01:38:58.995 17362 17389 I python  : [PERF][DASHBOARD][TILE] temp_ex: 0.0176s
07-20 01:38:59.010 17362 17389 I python  : [PERF][DASHBOARD][TILE] hum_ex: 0.0155s
07-20 01:38:59.028 17362 17389 I python  : [PERF][DASHBOARD][TILE] vpd_ex: 0.0179s
07-20 01:38:59.046 17362 17389 I python  : [PERF][DASHBOARD][TILE] ble_temp_outside: 0.0177s
07-20 01:38:59.061 17362 17389 I python  : [PERF][DASHBOARD][TILE] ble_hum_outside: 0.0151s
07-20 01:38:59.157 17362 17389 I python  : [PERF][DASHBOARD][TILE] ble_vpd_outside: 0.0953s
07-20 01:38:59.175 17362 17389 I python  : [PERF][DASHBOARD][TILE] ble_temp_inside: 0.0176s
07-20 01:38:59.190 17362 17389 I python  : [PERF][DASHBOARD][TILE] ble_hum_inside: 0.0152s
07-20 01:38:59.208 17362 17389 I python  : [PERF][DASHBOARD][TILE] ble_vpd_inside: 0.0180s
07-20 01:38:59.226 17362 17389 I python  : [PERF][DASHBOARD][TILE] leaf_temp: 0.0176s
07-20 01:38:59.241 17362 17389 I python  : [PERF][DASHBOARD][TILE] vpd_leaf: 0.0154s
07-20 01:38:59.260 17362 17389 I python  : [PERF][DASHBOARD][TILE] v_bat: 0.0183s
07-20 01:38:59.278 17362 17389 I python  : [PERF][DASHBOARD][TILE] rssi: 0.0179s
07-20 01:38:59.278 17362 17389 I python  : [PERF][DASHBOARD][TILES] TOTAL: 0.3572s
07-20 01:38:59.278 17362 17389 I python  : [PERF][DASHBOARD] DashboardMainPanel: 0.3576s
07-20 01:38:59.282 17362 17389 I python  : [PERF][DASHBOARD] ControlButtons: 0.0042s
07-20 01:38:59.283 17362 17389 I python  : [PERF][DASHBOARD] TOTAL: 0.4653s
07-20 01:38:59.283 17362 17389 I python  : [PERF][SCREEN] END dashboard: 0.4654s
07-20 01:38:59.283 17362 17389 I python  : [PERF] Initiales Dashboard bereit in: 0.4660s
07-20 01:38:59.284 17362 17389 I python  : [Core] Starte Core (Foreground Service Mode)…
07-20 01:38:59.284 17362 17389 I python  : [Core] is_android(): True
07-20 01:38:59.284 17362 17389 I python  : [Core] decoded.json entfernt
07-20 01:38:59.284 17362 17389 I python  : [Core] ble_dump.json geleert: /data/user/0/org.hackintosh1980.espgrowcontroller/files/app/data/ble_dump.json
07-20 01:38:59.285 17362 17389 I python  : [Core] ble_log_dump.json geleert: /data/user/0/org.hackintosh1980.espgrowcontroller/files/app/data/ble_log_dump.json
07-20 01:38:59.285 17362 17389 I python  : [Core] web_dump.json geleert: /data/user/0/org.hackintosh1980.espgrowcontroller/files/app/data/web_dump.json
07-20 01:38:59.453 17362 17389 I python  : [Core] BLE Python Service gestartet (Foreground)
07-20 01:38:59.471  1833  2195 I ActivityManager: Start proc 17409:org.hackintosh1980.espgrowcontroller:service_ble_service/u0a244 for service {org.hackintosh1980.espgrowcontroller/org.hackintosh1980.espgrowcontroller.ServiceBle_service}
07-20 01:38:59.486 17409 17409 I ice_ble_servic: Late-enabling -Xcheck:jni
07-20 01:38:59.514 17409 17409 I ice_ble_servic: Using generational CollectorTypeCC GC.
07-20 01:38:59.521  1308  1333 I adbd    : jdwp connection from 17409
07-20 01:38:59.523  2174  2243 I bt_stack: [INFO:gatt_api.cc(1223)] GATT_Register 3b622d37-d61c-881a-ea74-58051f8f3f28
07-20 01:38:59.523  2174  2243 I bt_stack: [INFO:gatt_api.cc(1244)] allocated gatt_if=27
07-20 01:38:59.528  2174  2229 I BtGatt.ScanManager: msg.what = 0
07-20 01:38:59.530 17362 17389 I python  : [Core] Android-Bridges gestartet (ADV + GATT + BROADCAST)
07-20 01:38:59.531  1095  1095 I vendor.qti.bluetooth@1.0-ibs_handler: DeviceWakeUp: Writing IBS_WAKE_IND
07-20 01:38:59.532  1095  2241 I vendor.qti.bluetooth@1.0-ibs_handler: ProcessIbsCmd: Received IBS_WAKE_ACK: 0xFC
07-20 01:38:59.532  1095  2241 I vendor.qti.bluetooth@1.0-ibs_handler: ProcessIbsCmd: Signal wack_cond_
07-20 01:38:59.533  1095  2241 I vendor.qti.bluetooth@1.0-ibs_handler: ProcessIbsCmd: Received IBS_WAKE_IND: 0xFD
07-20 01:38:59.533  1095  2241 I vendor.qti.bluetooth@1.0-ibs_handler: ProcessIbsCmd: Writing IBS_WAKE_ACK
07-20 01:38:59.534 17362 17389 I python  : [Core] WebClient-Thread gestartet
07-20 01:38:59.534 17362 17423 I python  : [Decoder] Background Thread STARTED.
07-20 01:38:59.534 17362 17423 I python  : [HEARTBEAT DECODER] Ticking! Active Config Devices: ['E697B52A-2E7F-D41E-BC4D-2D027CB38D0B', '827482CC-A977-43D7-835E-8E8B6978E66A', 'C898B4F2-B452-7502-1A67-0536E77D49EA', 'FABCEA8B-7EC8-2594-4879-2B3B63989660'] | Live Web RAM Keys: []
07-20 01:38:59.543 17362 17389 I python  : [Core] Decoder-Thread gestartet
07-20 01:38:59.553 17362 17424 I python  : [DEBUG  ] [Starting new HTTP connection (1)] 192.168.2.20:80
07-20 01:38:59.562 17362 17426 I python  : [DEBUG  ] [Starting new HTTP connection (1)] 192.168.2.39:80
07-20 01:38:59.568 17362 17389 I python  : [Core] Watchdog gestartet
07-20 01:38:59.569 17362 17389 I python  : [Core] System läuft stabil im Hintergrund (Foreground Service Active).
07-20 01:38:59.569 17362 17389 I python  : [PERF] core.start() ausgeführt in: 0.2850s
07-20 01:38:59.569 17362 17389 I python  : [PERF] 🚀 GESAMTZEIT BIS ZUM START: 3.0807s 🚀
07-20 01:38:59.569 17362 17389 I python  : [WARNING] [Base        ] Unknown <android> provider
07-20 01:38:59.570 17362 17389 I python  : [INFO   ] [Base        ] Start application main loop
07-20 01:38:59.600  1095  2241 I vendor.qti.bluetooth@1.0-ibs_handler: ProcessIbsCmd: Received IBS_SLEEP_IND: 0xFE
07-20 01:38:59.618  1095  2241 I vendor.qti.bluetooth@1.0-ibs_handler: ProcessIbsCmd: Received IBS_WAKE_IND: 0xFD
07-20 01:38:59.619  1095  2241 I vendor.qti.bluetooth@1.0-ibs_handler: ProcessIbsCmd: Writing IBS_WAKE_ACK
07-20 01:38:59.626 17409 17409 I Perf    : Connecting to perf service.
07-20 01:38:59.659  1095  2241 I vendor.qti.bluetooth@1.0-ibs_handler: ProcessIbsCmd: Received IBS_SLEEP_IND: 0xFE
07-20 01:38:59.686  1095  2241 I vendor.qti.bluetooth@1.0-ibs_handler: ProcessIbsCmd: Received IBS_WAKE_IND: 0xFD
07-20 01:38:59.686  1095  2241 I vendor.qti.bluetooth@1.0-ibs_handler: ProcessIbsCmd: Writing IBS_WAKE_ACK
07-20 01:38:59.727  1095  2241 I vendor.qti.bluetooth@1.0-ibs_handler: ProcessIbsCmd: Received IBS_SLEEP_IND: 0xFE
07-20 01:38:59.756 17362 17426 I python  : [DEBUG  ] [http          ]//192.168.2.39:80 "GET /data HTTP/1.1" 200 2551
07-20 01:38:59.777 17409 17434 I python  : Initializing Python for Android
07-20 01:38:59.777 17409 17434 I python  : Setting additional env vars from p4a_env_vars.txt
07-20 01:38:59.777 17409 17434 I python  : Changing directory to the one provided by ANDROID_ARGUMENT
07-20 01:38:59.777 17409 17434 I python  : /data/user/0/org.hackintosh1980.espgrowcontroller/files/app
07-20 01:38:59.777 17409 17434 I python  : Preparing to initialize python
07-20 01:38:59.777 17409 17434 I python  : _python_bundle dir exists
07-20 01:38:59.777 17409 17434 I python  : calculated paths to be...
07-20 01:38:59.777 17409 17434 I python  : /data/user/0/org.hackintosh1980.espgrowcontroller/files/app/_python_bundle/stdlib.zip:/data/user/0/org.hackintosh1980.espgrowcontroller/files/app/_python_bundle/modules
07-20 01:38:59.777 17409 17434 I python  : set wchar paths...
07-20 01:38:59.815 17409 17409 W Thread-2: type=1400 audit(0.0:129220): avc: granted { execute } for path="/data/data/org.hackintosh1980.espgrowcontroller/files/app/_python_bundle/modules/zlib.cpython-311.so" dev="dm-12" ino=125051 scontext=u:r:untrusted_app:s0:c244,c256,c512,c768 tcontext=u:object_r:app_data_file:s0:c244,c256,c512,c768 tclass=file app=com.google.android.gms
07-20 01:38:59.836 17362 17389 I python  : [PERF][PRELOAD] START fullscreen
07-20 01:38:59.837 17362 17389 I python  : [PERF][SCREEN] START fullscreen
07-20 01:38:59.853 17409 17434 I python  : Initialized python
07-20 01:38:59.853 17409 17434 I python  : AND: Init threads
07-20 01:38:59.854 17409 17434 I ble_service: testing python print redirection
07-20 01:38:59.857 17409 17434 I ble_service: Android path ['.', '/data/user/0/org.hackintosh1980.espgrowcontroller/files/app/_python_bundle/stdlib.zip', '/data/user/0/org.hackintosh1980.espgrowcontroller/files/app/_python_bundle/modules', '/data/user/0/org.hackintosh1980.espgrowcontroller/files/app/_python_bundle/site-packages']
07-20 01:38:59.857 17409 17434 I ble_service: os.environ is environ({'PATH': '/product/bin:/apex/com.android.runtime/bin:/apex/com.android.art/bin:/system_ext/bin:/system/bin:/system/xbin:/odm/bin:/vendor/bin:/vendor/xbin', 'ANDROID_BOOTLOGO': '1', 'ANDROID_ROOT': '/system', 'ANDROID_ASSETS': '/system/app', 'ANDROID_DATA': '/data', 'ANDROID_STORAGE': '/storage', 'ANDROID_ART_ROOT': '/apex/com.android.art', 'ANDROID_I18N_ROOT': '/apex/com.android.i18n', 'ANDROID_TZDATA_ROOT': '/apex/com.android.tzdata', 'EXTERNAL_STORAGE': '/sdcard', 'ASEC_MOUNTPOINT': '/mnt/asec', 'DOWNLOAD_CACHE': '/data/cache', 'BOOTCLASSPATH': '/apex/com.android.art/javalib/core-oj.jar:/apex/com.android.art/javalib/core-libart.jar:/apex/com.android.art/javalib/okhttp.jar:/apex/com.android.art/javalib/bouncycastle.jar:/apex/com.android.art/javalib/apache-xml.jar:/system/framework/framework.jar:/system/framework/framework-graphics.jar:/system/framework/ext.jar:/system/framework/telephony-common.jar:/system/framework/voip-common.jar:/system/framework/ims-common.jar:/apex/com.android.i18n/javalib/core-icu4j.jar:/system/framework/tcmiface.jar:/system/framework/telephony-ext.jar:/system/framework/qcom.fmradio.jar:/system/framework/QPerformance.jar:/system/framework/UxPerformance.jar:/system/framework/WfdCommon.jar:/apex/com.android.appsearch/javalib/framework-appsearch.jar:/apex/com.android.conscrypt/javalib/conscrypt.jar:/apex/com.android.ipsec/javalib/android.net.ipsec.ike.jar:/apex/com.android.media/javalib/updatable-media.jar:/apex/com.android.mediaprovider/javalib/framework-mediaprovider.jar:/apex/com.android.mediaprovider/javalib/framework-pdf.jar:/apex/com.android.mediaprovider/javalib/framework-photopicker.jar:/apex/com.android.os.statsd/javalib/framework-statsd.jar:/apex/com.android.permission/javalib/framework-permission.jar:/apex/com.android.permission/javalib/framework-permission-s.jar:/apex/com.android.scheduling/javalib/framework-scheduling.jar:/apex/com.android.sdkext/javalib/framework-sdkextensions.jar:/apex/com.android.tethering/javalib/framework-connectivity.jar:/apex/com.android.tethering/javalib/framework-tethering.jar:/apex/com.android.wifi/javalib/framework-wifi.jar', 'DEX2OATBOOTCLASSPATH': '/apex/com.android.art/javalib/core-oj.jar:/apex/com.android.art/javalib/core-libart.jar:/apex/com.android.art/javalib/okhttp.jar:/apex/com.android.art/javalib/bouncycastle.jar:/apex/com.android.art/javalib/apache-xml.jar:/system/framework/framework.jar:/system/framework/framework-graphics.jar:/system/framework/ext.jar:/system/framework/telephony-common.jar:/system/framework/voip-common.jar:/system/framework/ims-common.jar:/apex/com.android.i18n/javalib/core-icu4j.jar:/system/framework/tcmiface.jar:/system/framework/telephony-ext.jar:/system/framework/qcom.fmradio.jar:/system/framework/QPerformance.jar:/system/framework/UxPerformance.jar:/system/framework/WfdCommon.jar', 'SYSTEMSERVERCLASSPATH': '/system/framework/com.android.location.provider.jar:/system/framework/services.jar:/system/framework/ethernet-service.jar:/apex/com.android.appsearch/javalib/service-appsearch.jar:/apex/com.android.art/javalib/service-art.jar:/apex/com.android.media/javalib/service-media-s.jar:/apex/com.android.permission/javalib/service-permission.jar', 'STANDALONE_SYSTEMSERVER_JARS': '/apex/com.android.os.statsd/javalib/service-statsd.jar:/apex/com.android.scheduling/javalib/service-scheduling.jar:/apex/com.android.tethering/javalib/service-connectivity.jar', 'ANDROID_SOCKET_zygote': '17', 'ANDROID_SOCKET_usap_pool_primary': '21', 'ANDROID_PRIVATE': '/data/user/0/org.hackintosh1980.espgrowcontroller/files', 'ANDROID_ARGUMENT': '/data/user/0/org.hackintosh1980.espgrowcontroller/files/app', 'ANDROID_APP_PATH': '/data/user/0/org.hackintosh1980.espgrowcontroller/files/app', 'ANDROID_ENTRYPOINT': 'services/ble_service.py', 'PYTHONOPTIMIZE': '2', 'PYTHON_NAME': 'ble_service', 'PYTHONHOME': '/data/user/0/org.hackintosh1980.espgrowcontroller/files/app', 'PYTHONPATH': '/data/user/0/org.hackintosh1980.espgrowcontroller/files/app:/data/user/0/org.hackintosh1980.espgrowcontroller/files/
07-20 01:38:59.857 17409 17434 I ble_service: Android kivy bootstrap done. __name__ is __main__
07-20 01:38:59.857 17409 17434 I python  : AND: Ran string
07-20 01:38:59.857 17409 17434 I python  : Run user program, change dir and execute entrypoint
07-20 01:38:59.858 17362 17389 I python  : [PERF][HEADER] Basis: 0.0003s
07-20 01:38:59.860 17362 17389 I python  : [PERF][HEADER] Navigation: 0.0028s
07-20 01:38:59.863 17362 17389 I python  : [PERF][HEADER] Logo+Gerätename: 0.0029s
07-20 01:38:59.879  1095  2241 I vendor.qti.bluetooth@1.0-ibs_handler: ProcessIbsCmd: Received IBS_WAKE_IND: 0xFD
07-20 01:38:59.879  1095  2241 I vendor.qti.bluetooth@1.0-ibs_handler: ProcessIbsCmd: Writing IBS_WAKE_ACK
07-20 01:38:59.886 17362 17389 I python  : [PERF][HEADER] Status+Controls: 0.0229s
07-20 01:38:59.889 17362 17389 I python  : [PERF][HEADER] Uhr+Menü: 0.0024s
07-20 01:38:59.891 17362 17389 I python  : [PERF][HEADER] Assembly: 0.0029s
07-20 01:38:59.891 17362 17389 I python  : [PERF][HEADER] TOTAL: 0.0341s
07-20 01:38:59.903 17362 17389 I python  : [PERF][SCREEN] END fullscreen: 0.0658s
07-20 01:38:59.903 17362 17389 I python  : [PERF][PRELOAD] END fullscreen
07-20 01:38:59.920  1095  2241 I vendor.qti.bluetooth@1.0-ibs_handler: ProcessIbsCmd: Received IBS_SLEEP_IND: 0xFE
07-20 01:38:59.940 17362 17424 I python  : [DEBUG  ] [http          ]//192.168.2.20:80 "GET /data HTTP/1.1" 200 2562
07-20 01:38:59.994  3187  3218 W System.err: java.io.FileNotFoundException: /proc/ant_state: open failed: ENOENT (No such file or directory)
07-20 01:38:59.994  3187  3218 W System.err: 	at libcore.io.IoBridge.open(IoBridge.java:574)
07-20 01:38:59.994  3187  3218 W System.err: 	at java.io.FileInputStream.<init>(FileInputStream.java:179)
07-20 01:38:59.994  3187  3218 W System.err: 	at java.io.FileReader.<init>(FileReader.java:75)
07-20 01:38:59.994  3187  3218 W System.err: 	at com.hmd.sarsensor.ModeService$NodeWatcher.readNode(ModeService.java:539)
07-20 01:38:59.994  3187  3218 W System.err: 	at com.hmd.sarsensor.ModeService$NodeWatcher.run(ModeService.java:514)
07-20 01:38:59.994  3187  3218 W System.err: Caused by: android.system.ErrnoException: open failed: ENOENT (No such file or directory)
07-20 01:38:59.994  3187  3218 W System.err: 	at libcore.io.Linux.open(Native Method)
07-20 01:38:59.994  3187  3218 W System.err: 	at libcore.io.ForwardingOs.open(ForwardingOs.java:579)
07-20 01:38:59.994  3187  3218 W System.err: 	at libcore.io.BlockGuardOs.open(BlockGuardOs.java:274)
07-20 01:38:59.994  3187  3218 W System.err: 	at libcore.io.ForwardingOs.open(ForwardingOs.java:579)
07-20 01:38:59.994  3187  3218 W System.err: 	at android.app.ActivityThread$AndroidOs.open(ActivityThread.java:7766)
07-20 01:38:59.994  3187  3218 W System.err: 	at libcore.io.IoBridge.open(IoBridge.java:560)
07-20 01:38:59.994  3187  3218 W System.err: 	... 4 more
07-20 01:38:59.994  3187  3218 E SarTest : read node fail: java.io.FileNotFoundException: /proc/ant_state: open failed: ENOENT (No such file or directory)
07-20 01:38:59.985 17409 17409 W Thread-2: type=1400 audit(0.0:129221): avc: granted { execute } for path="/data/data/org.hackintosh1980.espgrowcontroller/files/app/_python_bundle/modules/fcntl.cpython-311.so" dev="dm-12" ino=125017 scontext=u:r:untrusted_app:s0:c244,c256,c512,c768 tcontext=u:object_r:app_data_file:s0:c244,c256,c512,c768 tclass=file app=com.google.android.gms
07-20 01:38:59.985 17409 17409 W Thread-2: type=1400 audit(0.0:129222): avc: granted { execute } for path="/data/data/org.hackintosh1980.espgrowcontroller/files/app/_python_bundle/modules/_posixsubprocess.cpython-311.so" dev="dm-12" ino=124993 scontext=u:r:untrusted_app:s0:c244,c256,c512,c768 tcontext=u:object_r:app_data_file:s0:c244,c256,c512,c768 tclass=file app=com.google.android.gms
07-20 01:38:59.985 17409 17409 W Thread-2: type=1400 audit(0.0:129223): avc: granted { execute } for path="/data/data/org.hackintosh1980.espgrowcontroller/files/app/_python_bundle/modules/select.cpython-311.so" dev="dm-12" ino=125046 scontext=u:r:untrusted_app:s0:c244,c256,c512,c768 tcontext=u:object_r:app_data_file:s0:c244,c256,c512,c768 tclass=file app=com.google.android.gms
07-20 01:38:59.995 17409 17409 W Thread-2: type=1400 audit(0.0:129224): avc: granted { execute } for path="/data/data/org.hackintosh1980.espgrowcontroller/files/app/_python_bundle/modules/math.cpython-311.so" dev="dm-12" ino=125024 scontext=u:r:untrusted_app:s0:c244,c256,c512,c768 tcontext=u:object_r:app_data_file:s0:c244,c256,c512,c768 tclass=file app=com.google.android.gms
07-20 01:39:00.066  1308  1308 I adbd    : adbd service requested 'shell,v2,TERM=dumb:export ANDROID_LOG_TAGS=''; exec logcat '-d' '-v' 'threadtime' '*:I' 'python:D''
07-20 01:39:00.105 17362 17426 I python  : [DEBUG  ] [Starting new HTTP connection (1)] 192.168.2.20:80
07-20 01:39:00.108 17362 17424 I python  : [DEBUG  ] [Starting new HTTP connection (1)] 192.168.2.39:80
07-20 01:39:00.135  1095  2241 I vendor.qti.bluetooth@1.0-ibs_handler: ProcessIbsCmd: Received IBS_WAKE_IND: 0xFD
07-20 01:39:00.135  1095  2241 I vendor.qti.bluetooth@1.0-ibs_handler: ProcessIbsCmd: Writing IBS_WAKE_ACK
07-20 01:39:00.178  1095  2241 I vendor.qti.bluetooth@1.0-ibs_handler: ProcessIbsCmd: Received IBS_SLEEP_IND: 0xFE
07-20 01:39:00.181 17362 17389 E BLASTBufferQueue: [SurfaceView[org.hackintosh1980.espgrowcontroller/org.kivy.android.PythonActivity]#1](f:0,a:0) rejecting buffer:active_size=1545x720, requested_size=1545x720 buffer{size=664x1461 transform=7}
07-20 01:39:00.184 17362 17389 I python  : [BROADCAST] Bridge gestartet
07-20 01:39:00.211  1095  2241 I vendor.qti.bluetooth@1.0-ibs_handler: ProcessIbsCmd: Received IBS_WAKE_IND: 0xFD
07-20 01:39:00.211  1095  2241 I vendor.qti.bluetooth@1.0-ibs_handler: ProcessIbsCmd: Writing IBS_WAKE_ACK
07-20 01:39:00.252  1095  2241 I vendor.qti.bluetooth@1.0-ibs_handler: ProcessIbsCmd: Received IBS_SLEEP_IND: 0xFE
07-20 01:39:00.257 17362 17389 I python  : [PERF][PRELOAD] START device_picker
07-20 01:39:00.257 17362 17389 I python  : [PERF][SCREEN] START device_picker
07-20 01:39:00.260 17362 17389 I python  : [PERF][HEADER] Basis: 0.0005s
07-20 01:39:00.263 17362 17389 I python  : [PERF][HEADER] Navigation: 0.0030s
07-20 01:39:00.266 17362 17389 I python  : [PERF][HEADER] Logo+Gerätename: 0.0031s
07-20 01:39:00.305 17362 17389 I python  : [PERF][HEADER] Status+Controls: 0.0387s
07-20 01:39:00.339 17409 17434 I ble_service: [INFO   ] [Logger      ] Record log in /data/user/0/org.hackintosh1980.espgrowcontroller/files/app/.kivy/logs/kivy_26-07-20_3.txt
07-20 01:39:00.340 17409 17434 I ble_service: [INFO   ] [Kivy        ] v2.3.0
07-20 01:39:00.341 17409 17434 I ble_service: [INFO   ] [Kivy        ] Installed at "/data/user/0/org.hackintosh1980.espgrowcontroller/files/app/_python_bundle/site-packages/kivy/__init__.pyc"
07-20 01:39:00.341 17409 17434 I ble_service: [INFO   ] [Python      ] v3.11.9 (main, Jul 19 2026, 09:21:02) [Clang 14.0.6 (https://android.googlesource.com/toolchain/llvm-project 4c603efb0
07-20 01:39:00.342 17409 17434 I ble_service: [INFO   ] [Python      ] Interpreter at ""
07-20 01:39:00.343 17409 17434 I ble_service: [INFO   ] [Logger      ] Purge log fired. Processing...
07-20 01:39:00.345 17409 17434 I ble_service: [INFO   ] [Logger      ] Purge finished!
07-20 01:39:00.365 17409 17434 I ble_service: BLE DESKTOP MODULE IMPORTIERT
07-20 01:39:00.435 17362 17389 I python  : [PERF][HEADER] Uhr+Menü: 0.1307s
07-20 01:39:00.438 17362 17389 I python  : [PERF][HEADER] Assembly: 0.0028s
07-20 01:39:00.438 17362 17389 I python  : [PERF][HEADER] TOTAL: 0.1788s
07-20 01:39:00.450 17362 17389 I python  : [PERF][SCREEN] END device_picker: 0.1922s
07-20 01:39:00.450 17362 17389 I python  : [PERF][PRELOAD] END device_picker
07-20 01:39:00.476  1095  2241 I vendor.qti.bluetooth@1.0-ibs_handler: ProcessIbsCmd: Received IBS_WAKE_IND: 0xFD
07-20 01:39:00.476  1095  2241 I vendor.qti.bluetooth@1.0-ibs_handler: ProcessIbsCmd: Writing IBS_WAKE_ACK
07-20 01:39:00.517  1095  2241 I vendor.qti.bluetooth@1.0-ibs_handler: ProcessIbsCmd: Received IBS_SLEEP_IND: 0xFE
07-20 01:39:00.542  1095  2241 I vendor.qti.bluetooth@1.0-ibs_handler: ProcessIbsCmd: Received IBS_WAKE_IND: 0xFD
07-20 01:39:00.542  1095  2241 I vendor.qti.bluetooth@1.0-ibs_handler: ProcessIbsCmd: Writing IBS_WAKE_ACK
07-20 01:39:00.542  1095  2247 I vendor.qti.bluetooth@1.0-ibs_handler: DeviceSleep: TX Awake, Sending SLEEP_IND
07-20 01:39:00.583  1095  2241 I vendor.qti.bluetooth@1.0-ibs_handler: ProcessIbsCmd: Received IBS_SLEEP_IND: 0xFE
07-20 01:39:00.606  1095  2241 I vendor.qti.bluetooth@1.0-ibs_handler: ProcessIbsCmd: Received IBS_WAKE_IND: 0xFD
07-20 01:39:00.606  1095  2241 I vendor.qti.bluetooth@1.0-ibs_handler: ProcessIbsCmd: Writing IBS_WAKE_ACK
07-20 01:39:00.647  1095  2241 I vendor.qti.bluetooth@1.0-ibs_handler: ProcessIbsCmd: Received IBS_SLEEP_IND: 0xFE
07-20 01:39:00.671  1095  2241 I vendor.qti.bluetooth@1.0-ibs_handler: ProcessIbsCmd: Received IBS_WAKE_IND: 0xFD
07-20 01:39:00.671  1095  2241 I vendor.qti.bluetooth@1.0-ibs_handler: ProcessIbsCmd: Writing IBS_WAKE_ACK
07-20 01:39:00.712  1095  2241 I vendor.qti.bluetooth@1.0-ibs_handler: ProcessIbsCmd: Received IBS_SLEEP_IND: 0xFE
07-20 01:39:00.733  1095  2241 I vendor.qti.bluetooth@1.0-ibs_handler: ProcessIbsCmd: Received IBS_WAKE_IND: 0xFD
07-20 01:39:00.733  1095  2241 I vendor.qti.bluetooth@1.0-ibs_handler: ProcessIbsCmd: Writing IBS_WAKE_ACK
07-20 01:39:00.774  1095  2241 I vendor.qti.bluetooth@1.0-ibs_handler: ProcessIbsCmd: Received IBS_SLEEP_IND: 0xFE
07-20 01:39:00.863 17362 17426 I python  : [DEBUG  ] [http          ]//192.168.2.20:80 "GET /data HTTP/1.1" 200 2561
07-20 01:39:00.883 17362 17424 I python  : [DEBUG  ] [http          ]//192.168.2.39:80 "GET /data HTTP/1.1" 200 2513
07-20 01:39:00.999 17362 17426 I python  : [DEBUG  ] [Starting new HTTP connection (1)] 192.168.2.20:80
07-20 01:39:01.002 17362 17424 I python  : [DEBUG  ] [Starting new HTTP connection (1)] 192.168.2.39:80
07-20 01:39:01.032 17362 17389 I python  : [Core] BROADCAST Bridge started
07-20 01:39:01.079 17362 17389 I python  : [PERF][PRELOAD] START setup
07-20 01:39:01.079 17362 17389 I python  : [PERF][SCREEN] START setup
07-20 01:39:01.081 17362 17389 I python  : [PERF][HEADER] Basis: 0.0004s
07-20 01:39:01.087 17362 17389 I python  : [PERF][HEADER] Navigation: 0.0052s
07-20 01:39:01.090 17362 17389 I python  : [PERF][HEADER] Logo+Gerätename: 0.0034s
07-20 01:39:01.123 17362 17389 I python  : [PERF][HEADER] Status+Controls: 0.0330s
07-20 01:39:01.126 17362 17389 I python  : [PERF][HEADER] Uhr+Menü: 0.0026s
07-20 01:39:01.129 17362 17389 I python  : [PERF][HEADER] Assembly: 0.0030s
07-20 01:39:01.129 17362 17389 I python  : [PERF][HEADER] TOTAL: 0.0477s
07-20 01:39:01.141  1095  2241 I vendor.qti.bluetooth@1.0-ibs_handler: ProcessIbsCmd: Received IBS_WAKE_IND: 0xFD
07-20 01:39:01.144  1095  2241 I vendor.qti.bluetooth@1.0-ibs_handler: ProcessIbsCmd: Writing IBS_WAKE_ACK
07-20 01:39:01.145 17362 17389 I python  : [PERF][SCREEN] END setup: 0.0657s
07-20 01:39:01.145 17362 17389 I python  : [PERF][PRELOAD] END setup
07-20 01:39:01.185  1095  2241 I vendor.qti.bluetooth@1.0-ibs_handler: ProcessIbsCmd: Received IBS_SLEEP_IND: 0xFE
07-20 01:39:01.199  1308  1308 I adbd    : adbd service requested 'shell,v2,TERM=dumb:export ANDROID_LOG_TAGS=''; exec logcat '-d' '-v' 'threadtime' '*:I' 'python:D''
07-20 01:39:01.265 17409 17434 I ble_service: [Service] WakeLock dauerhaft akquiriert
07-20 01:39:01.266 17409 17434 I ble_service: [Service] Foreground Service aktiv: org.hackintosh1980.espgrowcontroller.ServiceBle_service
07-20 01:39:01.289 17362 17389 I python  : [PERF][PRELOAD] START grow_controller
07-20 01:39:01.289 17362 17389 I python  : [PERF][SCREEN] START grow_controller
07-20 01:39:01.291 17362 17389 I python  : [PERF][HEADER] Basis: 0.0003s
07-20 01:39:01.295 17362 17389 I python  : [PERF][HEADER] Navigation: 0.0043s
07-20 01:39:01.298 17362 17389 I python  : [PERF][HEADER] Logo+Gerätename: 0.0026s
07-20 01:39:01.306  1095  2241 I vendor.qti.bluetooth@1.0-ibs_handler: ProcessIbsCmd: Received IBS_WAKE_IND: 0xFD
07-20 01:39:01.306  1095  2241 I vendor.qti.bluetooth@1.0-ibs_handler: ProcessIbsCmd: Writing IBS_WAKE_ACK
07-20 01:39:01.323 17362 17389 I python  : [PERF][HEADER] Status+Controls: 0.0248s
07-20 01:39:01.327 17362 17389 I python  : [PERF][HEADER] Uhr+Menü: 0.0048s
07-20 01:39:01.330 17362 17389 I python  : [PERF][HEADER] Assembly: 0.0027s
07-20 01:39:01.330 17362 17389 I python  : [PERF][HEADER] TOTAL: 0.0395s
07-20 01:39:01.334 17362 17389 I python  : [PERF][SCREEN] END grow_controller: 0.0444s
07-20 01:39:01.334 17362 17389 I python  : [PERF][PRELOAD] END grow_controller
07-20 01:39:01.347  1095  2241 I vendor.qti.bluetooth@1.0-ibs_handler: ProcessIbsCmd: Received IBS_SLEEP_IND: 0xFE
07-20 01:39:01.376  1095  2241 I vendor.qti.bluetooth@1.0-ibs_handler: ProcessIbsCmd: Received IBS_WAKE_IND: 0xFD
07-20 01:39:01.376  1095  2241 I vendor.qti.bluetooth@1.0-ibs_handler: ProcessIbsCmd: Writing IBS_WAKE_ACK
07-20 01:39:01.396  2174  2243 I bt_stack: [INFO:gatt_api.cc(1223)] GATT_Register c8411cc5-e7f3-a6f1-8067-df90336f2779
07-20 01:39:01.396  2174  2243 I bt_stack: [INFO:gatt_api.cc(1244)] allocated gatt_if=28
07-20 01:39:01.401  2174  2229 I BtGatt.ScanManager: msg.what = 0
07-20 01:39:01.402  1095  1095 I vendor.qti.bluetooth@1.0-ibs_handler: DeviceWakeUp: Writing IBS_WAKE_IND
07-20 01:39:01.402  1095  2241 I vendor.qti.bluetooth@1.0-ibs_handler: ProcessIbsCmd: Received IBS_WAKE_ACK: 0xFC
07-20 01:39:01.402  1095  2241 I vendor.qti.bluetooth@1.0-ibs_handler: ProcessIbsCmd: Signal wack_cond_
07-20 01:39:01.405 17409 17434 I ble_service: [Service] Alle Bridges aktiv
07-20 01:39:01.405 17409 17434 I ble_service: [Service] Starte Main-Loop (Heartbeat alle 30s)
07-20 01:39:01.427 17409 17451 I BroadcastBridge: Advertising refreshed
07-20 01:39:01.457 17409 17409 I BroadcastBridge: Advertising active
07-20 01:39:01.476  1095  2241 I vendor.qti.bluetooth@1.0-ibs_handler: ProcessIbsCmd: Received IBS_SLEEP_IND: 0xFE
07-20 01:39:01.511  1095  2241 I vendor.qti.bluetooth@1.0-ibs_handler: ProcessIbsCmd: Received IBS_WAKE_IND: 0xFD
07-20 01:39:01.511  1095  2241 I vendor.qti.bluetooth@1.0-ibs_handler: ProcessIbsCmd: Writing IBS_WAKE_ACK
07-20 01:39:01.587  1095  2241 I vendor.qti.bluetooth@1.0-ibs_handler: ProcessIbsCmd: Received IBS_SLEEP_IND: 0xFE
07-20 01:39:01.645  1095  2241 I vendor.qti.bluetooth@1.0-ibs_handler: ProcessIbsCmd: Received IBS_WAKE_IND: 0xFD
07-20 01:39:01.645  1095  2241 I vendor.qti.bluetooth@1.0-ibs_handler: ProcessIbsCmd: Writing IBS_WAKE_ACK
07-20 01:39:01.714  1095  2241 I vendor.qti.bluetooth@1.0-ibs_handler: ProcessIbsCmd: Received IBS_SLEEP_IND: 0xFE
07-20 01:39:01.808  1095  2241 I vendor.qti.bluetooth@1.0-ibs_handler: ProcessIbsCmd: Received IBS_WAKE_IND: 0xFD
07-20 01:39:01.808  1095  2241 I vendor.qti.bluetooth@1.0-ibs_handler: ProcessIbsCmd: Writing IBS_WAKE_ACK
07-20 01:39:01.849  1095  2241 I vendor.qti.bluetooth@1.0-ibs_handler: ProcessIbsCmd: Received IBS_SLEEP_IND: 0xFE
07-20 01:39:01.904  1095  2241 I vendor.qti.bluetooth@1.0-ibs_handler: ProcessIbsCmd: Received IBS_WAKE_IND: 0xFD
07-20 01:39:01.904  1095  2241 I vendor.qti.bluetooth@1.0-ibs_handler: ProcessIbsCmd: Writing IBS_WAKE_ACK
07-20 01:39:01.945  1095  2241 I vendor.qti.bluetooth@1.0-ibs_handler: ProcessIbsCmd: Received IBS_SLEEP_IND: 0xFE
07-20 01:39:01.995  3187  3218 W System.err: java.io.FileNotFoundException: /proc/ant_state: open failed: ENOENT (No such file or directory)
07-20 01:39:01.995  3187  3218 W System.err: 	at libcore.io.IoBridge.open(IoBridge.java:574)
07-20 01:39:01.995  3187  3218 W System.err: 	at java.io.FileInputStream.<init>(FileInputStream.java:179)
07-20 01:39:01.995  3187  3218 W System.err: 	at java.io.FileReader.<init>(FileReader.java:75)
07-20 01:39:01.995  3187  3218 W System.err: 	at com.hmd.sarsensor.ModeService$NodeWatcher.readNode(ModeService.java:539)
07-20 01:39:01.995  3187  3218 W System.err: 	at com.hmd.sarsensor.ModeService$NodeWatcher.run(ModeService.java:514)
07-20 01:39:01.995  3187  3218 W System.err: Caused by: android.system.ErrnoException: open failed: ENOENT (No such file or directory)
07-20 01:39:01.995  3187  3218 W System.err: 	at libcore.io.Linux.open(Native Method)
07-20 01:39:01.996  3187  3218 W System.err: 	at libcore.io.ForwardingOs.open(ForwardingOs.java:579)
07-20 01:39:01.996  3187  3218 W System.err: 	at libcore.io.BlockGuardOs.open(BlockGuardOs.java:274)
07-20 01:39:01.996  3187  3218 W System.err: 	at libcore.io.ForwardingOs.open(ForwardingOs.java:579)
07-20 01:39:01.996  3187  3218 W System.err: 	at android.app.ActivityThread$AndroidOs.open(ActivityThread.java:7766)
07-20 01:39:01.996  3187  3218 W System.err: 	at libcore.io.IoBridge.open(IoBridge.java:560)
07-20 01:39:01.996  3187  3218 W System.err: 	... 4 more
07-20 01:39:01.996  3187  3218 E SarTest : read node fail: java.io.FileNotFoundException: /proc/ant_state: open failed: ENOENT (No such file or directory)
07-20 01:39:02.035  1095  2241 I vendor.qti.bluetooth@1.0-ibs_handler: ProcessIbsCmd: Received IBS_WAKE_IND: 0xFD
07-20 01:39:02.035  1095  2241 I vendor.qti.bluetooth@1.0-ibs_handler: ProcessIbsCmd: Writing IBS_WAKE_ACK
07-20 01:39:02.107  1095  2241 I vendor.qti.bluetooth@1.0-ibs_handler: ProcessIbsCmd: Received IBS_SLEEP_IND: 0xFE
07-20 01:39:02.196  1095  2241 I vendor.qti.bluetooth@1.0-ibs_handler: ProcessIbsCmd: Received IBS_WAKE_IND: 0xFD
07-20 01:39:02.196  1095  2241 I vendor.qti.bluetooth@1.0-ibs_handler: ProcessIbsCmd: Writing IBS_WAKE_ACK
07-20 01:39:02.238  1095  2241 I vendor.qti.bluetooth@1.0-ibs_handler: ProcessIbsCmd: Received IBS_SLEEP_IND: 0xFE
07-20 01:39:02.296  1095  2241 I vendor.qti.bluetooth@1.0-ibs_handler: ProcessIbsCmd: Received IBS_WAKE_IND: 0xFD
07-20 01:39:02.296  1095  2241 I vendor.qti.bluetooth@1.0-ibs_handler: ProcessIbsCmd: Writing IBS_WAKE_ACK
07-20 01:39:02.337  1095  2241 I vendor.qti.bluetooth@1.0-ibs_handler: ProcessIbsCmd: Received IBS_SLEEP_IND: 0xFE
07-20 01:39:02.347  1308  1308 I adbd    : adbd service requested 'shell,v2,TERM=dumb:export ANDROID_LOG_TAGS=''; exec logcat '-d' '-v' 'threadtime' '*:I' 'python:D''
07-20 01:39:02.435  1095  2247 I vendor.qti.bluetooth@1.0-ibs_handler: DeviceSleep: TX Awake, Sending SLEEP_IND
07-20 01:39:02.450  1095  2241 I vendor.qti.bluetooth@1.0-ibs_handler: ProcessIbsCmd: Received IBS_WAKE_IND: 0xFD
07-20 01:39:02.450  1095  2241 I vendor.qti.bluetooth@1.0-ibs_handler: ProcessIbsCmd: Writing IBS_WAKE_ACK
07-20 01:39:02.491  1095  2241 I vendor.qti.bluetooth@1.0-ibs_handler: ProcessIbsCmd: Received IBS_SLEEP_IND: 0xFE
07-20 01:39:02.559  1095  2241 I vendor.qti.bluetooth@1.0-ibs_handler: ProcessIbsCmd: Received IBS_WAKE_IND: 0xFD
07-20 01:39:02.559  1095  2241 I vendor.qti.bluetooth@1.0-ibs_handler: ProcessIbsCmd: Writing IBS_WAKE_ACK
07-20 01:39:02.624  1095  2241 I vendor.qti.bluetooth@1.0-ibs_handler: ProcessIbsCmd: Received IBS_SLEEP_IND: 0xFE
07-20 01:39:02.686  1095  2241 I vendor.qti.bluetooth@1.0-ibs_handler: ProcessIbsCmd: Received IBS_WAKE_IND: 0xFD
07-20 01:39:02.686  1095  2241 I vendor.qti.bluetooth@1.0-ibs_handler: ProcessIbsCmd: Writing IBS_WAKE_ACK
07-20 01:39:02.692 17362 17426 I python  : [DEBUG  ] [Starting new HTTP connection (1)] growmaster-d064.local:80
07-20 01:39:02.728  1095  2241 I vendor.qti.bluetooth@1.0-ibs_handler: ProcessIbsCmd: Received IBS_SLEEP_IND: 0xFE
07-20 01:39:02.734 17362 17424 I python  : [DEBUG  ] [http          ]//192.168.2.39:80 "GET /data HTTP/1.1" 200 2513
07-20 01:39:02.847  1095  2241 I vendor.qti.bluetooth@1.0-ibs_handler: ProcessIbsCmd: Received IBS_WAKE_IND: 0xFD
07-20 01:39:02.847  1095  2241 I vendor.qti.bluetooth@1.0-ibs_handler: ProcessIbsCmd: Writing IBS_WAKE_ACK
07-20 01:39:02.888  1095  2241 I vendor.qti.bluetooth@1.0-ibs_handler: ProcessIbsCmd: Received IBS_SLEEP_IND: 0xFE
07-20 01:39:02.930  1095  2241 I vendor.qti.bluetooth@1.0-ibs_handler: ProcessIbsCmd: Received IBS_WAKE_IND: 0xFD
07-20 01:39:02.930  1095  2241 I vendor.qti.bluetooth@1.0-ibs_handler: ProcessIbsCmd: Writing IBS_WAKE_ACK
07-20 01:39:02.989  1095  2241 I vendor.qti.bluetooth@1.0-ibs_handler: ProcessIbsCmd: Received IBS_SLEEP_IND: 0xFE
07-20 01:39:03.113  1095  2241 I vendor.qti.bluetooth@1.0-ibs_handler: ProcessIbsCmd: Received IBS_WAKE_IND: 0xFD
07-20 01:39:03.113  1095  2241 I vendor.qti.bluetooth@1.0-ibs_handler: ProcessIbsCmd: Writing IBS_WAKE_ACK
07-20 01:39:03.154  1095  2241 I vendor.qti.bluetooth@1.0-ibs_handler: ProcessIbsCmd: Received IBS_SLEEP_IND: 0xFE
07-20 01:39:03.217  1095  2241 I vendor.qti.bluetooth@1.0-ibs_handler: ProcessIbsCmd: Received IBS_WAKE_IND: 0xFD
07-20 01:39:03.217  1095  2241 I vendor.qti.bluetooth@1.0-ibs_handler: ProcessIbsCmd: Writing IBS_WAKE_ACK
07-20 01:39:03.279  1095  2241 I vendor.qti.bluetooth@1.0-ibs_handler: ProcessIbsCmd: Received IBS_SLEEP_IND: 0xFE
07-20 01:39:03.370  1095  2241 I vendor.qti.bluetooth@1.0-ibs_handler: ProcessIbsCmd: Received IBS_WAKE_IND: 0xFD
07-20 01:39:03.370  1095  2241 I vendor.qti.bluetooth@1.0-ibs_handler: ProcessIbsCmd: Writing IBS_WAKE_ACK
07-20 01:39:03.399   973 17456 E resolv  : send_mdns: timeout
07-20 01:39:03.399   973 17457 E resolv  : send_mdns: timeout
07-20 01:39:03.448  1095  2241 I vendor.qti.bluetooth@1.0-ibs_handler: ProcessIbsCmd: Received IBS_SLEEP_IND: 0xFE
07-20 01:39:03.543  1095  2241 I vendor.qti.bluetooth@1.0-ibs_handler: ProcessIbsCmd: Received IBS_WAKE_IND: 0xFD
07-20 01:39:03.543  1095  2241 I vendor.qti.bluetooth@1.0-ibs_handler: ProcessIbsCmd: Writing IBS_WAKE_ACK
07-20 01:39:03.584  1095  2241 I vendor.qti.bluetooth@1.0-ibs_handler: ProcessIbsCmd: Received IBS_SLEEP_IND: 0xFE
07-20 01:39:03.849  1095  2241 I vendor.qti.bluetooth@1.0-ibs_handler: ProcessIbsCmd: Received IBS_WAKE_IND: 0xFD
07-20 01:39:03.850  1095  2241 I vendor.qti.bluetooth@1.0-ibs_handler: ProcessIbsCmd: Writing IBS_WAKE_ACK
07-20 01:39:03.891  1095  2241 I vendor.qti.bluetooth@1.0-ibs_handler: ProcessIbsCmd: Received IBS_SLEEP_IND: 0xFE
07-20 01:39:03.911  1095  2241 I vendor.qti.bluetooth@1.0-ibs_handler: ProcessIbsCmd: Received IBS_WAKE_IND: 0xFD
07-20 01:39:03.911  1095  2241 I vendor.qti.bluetooth@1.0-ibs_handler: ProcessIbsCmd: Writing IBS_WAKE_ACK
07-20 01:39:03.952  1095  2241 I vendor.qti.bluetooth@1.0-ibs_handler: ProcessIbsCmd: Received IBS_SLEEP_IND: 0xFE
07-20 01:39:03.955 17362 17426 I python  : [DEBUG  ] [http          ]//growmaster-d064.local:80 "GET /data HTTP/1.1" 200 2552
07-20 01:39:03.997  3187  3218 W System.err: java.io.FileNotFoundException: /proc/ant_state: open failed: ENOENT (No such file or directory)
07-20 01:39:03.997  3187  3218 W System.err: 	at libcore.io.IoBridge.open(IoBridge.java:574)
07-20 01:39:03.997  3187  3218 W System.err: 	at java.io.FileInputStream.<init>(FileInputStream.java:179)
07-20 01:39:03.997  3187  3218 W System.err: 	at java.io.FileReader.<init>(FileReader.java:75)
07-20 01:39:03.997  3187  3218 W System.err: 	at com.hmd.sarsensor.ModeService$NodeWatcher.readNode(ModeService.java:539)
07-20 01:39:03.997  3187  3218 W System.err: 	at com.hmd.sarsensor.ModeService$NodeWatcher.run(ModeService.java:514)
07-20 01:39:03.997  3187  3218 W System.err: Caused by: android.system.ErrnoException: open failed: ENOENT (No such file or directory)
07-20 01:39:03.997  3187  3218 W System.err: 	at libcore.io.Linux.open(Native Method)
07-20 01:39:03.997  3187  3218 W System.err: 	at libcore.io.ForwardingOs.open(ForwardingOs.java:579)
07-20 01:39:03.997  3187  3218 W System.err: 	at libcore.io.BlockGuardOs.open(BlockGuardOs.java:274)
07-20 01:39:03.998  3187  3218 W System.err: 	at libcore.io.ForwardingOs.open(ForwardingOs.java:579)
07-20 01:39:03.998  3187  3218 W System.err: 	at android.app.ActivityThread$AndroidOs.open(ActivityThread.java:7766)
07-20 01:39:03.998  3187  3218 W System.err: 	at libcore.io.IoBridge.open(IoBridge.java:560)
07-20 01:39:03.998  3187  3218 W System.err: 	... 4 more
07-20 01:39:03.998  3187  3218 E SarTest : read node fail: java.io.FileNotFoundException: /proc/ant_state: open failed: ENOENT (No such file or directory)
07-20 01:39:04.068 17362 17424 I python  : [DEBUG  ] [Starting new HTTP connection (1)] 192.168.2.20:80
07-20 01:39:04.071  1095  2241 I vendor.qti.bluetooth@1.0-ibs_handler: ProcessIbsCmd: Received IBS_WAKE_IND: 0xFD
07-20 01:39:04.071  1095  2241 I vendor.qti.bluetooth@1.0-ibs_handler: ProcessIbsCmd: Writing IBS_WAKE_ACK
07-20 01:39:04.073 17362 17426 I python  : [DEBUG  ] [Starting new HTTP connection (1)] 192.168.2.39:80
07-20 01:39:04.112  1095  2241 I vendor.qti.bluetooth@1.0-ibs_handler: ProcessIbsCmd: Received IBS_SLEEP_IND: 0xFE
07-20 01:39:04.116 17195 17195 W bgbc    : Failed to find local clusters.
07-20 01:39:04.172  1095  2241 I vendor.qti.bluetooth@1.0-ibs_handler: ProcessIbsCmd: Received IBS_WAKE_IND: 0xFD
07-20 01:39:04.172  1095  2241 I vendor.qti.bluetooth@1.0-ibs_handler: ProcessIbsCmd: Writing IBS_WAKE_ACK
07-20 01:39:04.213  1095  2241 I vendor.qti.bluetooth@1.0-ibs_handler: ProcessIbsCmd: Received IBS_SLEEP_IND: 0xFE
07-20 01:39:04.477 17362 17424 I python  : [DEBUG  ] [http          ]//192.168.2.20:80 "GET /data HTTP/1.1" 200 2552
07-20 01:39:04.483 17362 17426 I python  : [DEBUG  ] [http          ]//192.168.2.39:80 "GET /data HTTP/1.1" 200 2553
07-20 01:39:04.549  1095  1095 I vendor.qti.bluetooth@1.0-ibs_handler: DeviceWakeUp: Writing IBS_WAKE_IND
07-20 01:39:04.549  1095  2241 I vendor.qti.bluetooth@1.0-ibs_handler: ProcessIbsCmd: Received IBS_WAKE_ACK: 0xFC
07-20 01:39:04.549  1095  2241 I vendor.qti.bluetooth@1.0-ibs_handler: ProcessIbsCmd: Signal wack_cond_
07-20 01:39:04.551  1095  2241 I vendor.qti.bluetooth@1.0-ibs_handler: ProcessIbsCmd: Received IBS_WAKE_IND: 0xFD
07-20 01:39:04.551  1095  2241 I vendor.qti.bluetooth@1.0-ibs_handler: ProcessIbsCmd: Writing IBS_WAKE_ACK
07-20 01:39:04.553 17362 17420 I BroadcastBridge: Advertising refreshed
07-20 01:39:04.572 17362 17362 I BroadcastBridge: Advertising active
07-20 01:39:04.594 17362 17424 I python  : [DEBUG  ] [Starting new HTTP connection (1)] 192.168.2.20:80
07-20 01:39:04.599 17362 17426 I python  : [DEBUG  ] [Starting new HTTP connection (1)] 192.168.2.39:80
07-20 01:39:04.606  1095  2241 I vendor.qti.bluetooth@1.0-ibs_handler: ProcessIbsCmd: Received IBS_SLEEP_IND: 0xFE
07-20 01:39:04.624  1095  2241 I vendor.qti.bluetooth@1.0-ibs_handler: ProcessIbsCmd: Received IBS_WAKE_IND: 0xFD
07-20 01:39:04.625  1095  2241 I vendor.qti.bluetooth@1.0-ibs_handler: ProcessIbsCmd: Writing IBS_WAKE_ACK
07-20 01:39:04.686  1095  2241 I vendor.qti.bluetooth@1.0-ibs_handler: ProcessIbsCmd: Received IBS_SLEEP_IND: 0xFE
07-20 01:39:04.703  1095  2241 I vendor.qti.bluetooth@1.0-ibs_handler: ProcessIbsCmd: Received IBS_WAKE_IND: 0xFD
07-20 01:39:04.703  1095  2241 I vendor.qti.bluetooth@1.0-ibs_handler: ProcessIbsCmd: Writing IBS_WAKE_ACK
07-20 01:39:04.744  1095  2241 I vendor.qti.bluetooth@1.0-ibs_handler: ProcessIbsCmd: Received IBS_SLEEP_IND: 0xFE
07-20 01:39:04.774 17362 17424 I python  : [DEBUG  ] [http          ]//192.168.2.20:80 "GET /data HTTP/1.1" 200 2553
07-20 01:39:04.776 17362 17426 I python  : [DEBUG  ] [http          ]//192.168.2.39:80 "GET /data HTTP/1.1" 200 2553
07-20 01:39:04.815  1095  2241 I vendor.qti.bluetooth@1.0-ibs_handler: ProcessIbsCmd: Received IBS_WAKE_IND: 0xFD
07-20 01:39:04.815  1095  2241 I vendor.qti.bluetooth@1.0-ibs_handler: ProcessIbsCmd: Writing IBS_WAKE_ACK
07-20 01:39:04.857  1095  2241 I vendor.qti.bluetooth@1.0-ibs_handler: ProcessIbsCmd: Received IBS_SLEEP_IND: 0xFE
07-20 01:39:04.889 17362 17424 I python  : [DEBUG  ] [Starting new HTTP connection (1)] 192.168.2.20:80
07-20 01:39:04.890 17362 17426 I python  : [DEBUG  ] [Starting new HTTP connection (1)] 192.168.2.39:80
07-20 01:39:05.076  1095  2241 I vendor.qti.bluetooth@1.0-ibs_handler: ProcessIbsCmd: Received IBS_WAKE_IND: 0xFD
07-20 01:39:05.076  1095  2241 I vendor.qti.bluetooth@1.0-ibs_handler: ProcessIbsCmd: Writing IBS_WAKE_ACK
07-20 01:39:05.118  1095  2241 I vendor.qti.bluetooth@1.0-ibs_handler: ProcessIbsCmd: Received IBS_SLEEP_IND: 0xFE
07-20 01:39:05.190 17362 17424 I python  : [DEBUG  ] [http          ]//192.168.2.20:80 "GET /data HTTP/1.1" 200 2553
07-20 01:39:05.192 17362 17426 I python  : [DEBUG  ] [http          ]//192.168.2.39:80 "GET /data HTTP/1.1" 200 2553
07-20 01:39:05.316 17362 17424 I python  : [DEBUG  ] [Starting new HTTP connection (1)] 192.168.2.20:80
07-20 01:39:05.323 17362 17426 I python  : [DEBUG  ] [Starting new HTTP connection (1)] 192.168.2.39:80
07-20 01:39:05.336  1095  2241 I vendor.qti.bluetooth@1.0-ibs_handler: ProcessIbsCmd: Received IBS_WAKE_IND: 0xFD
07-20 01:39:05.337  1095  2241 I vendor.qti.bluetooth@1.0-ibs_handler: ProcessIbsCmd: Writing IBS_WAKE_ACK
07-20 01:39:05.378  1095  2241 I vendor.qti.bluetooth@1.0-ibs_handler: ProcessIbsCmd: Received IBS_SLEEP_IND: 0xFE
07-20 01:39:05.456  1095  2241 I vendor.qti.bluetooth@1.0-ibs_handler: ProcessIbsCmd: Received IBS_WAKE_IND: 0xFD
07-20 01:39:05.457  1095  2241 I vendor.qti.bluetooth@1.0-ibs_handler: ProcessIbsCmd: Writing IBS_WAKE_ACK
07-20 01:39:05.490 17362 17426 I python  : [DEBUG  ] [http          ]//192.168.2.39:80 "GET /data HTTP/1.1" 200 2551
07-20 01:39:05.492 17362 17424 I python  : [DEBUG  ] [http          ]//192.168.2.20:80 "GET /data HTTP/1.1" 200 2553
07-20 01:39:05.498  1095  2241 I vendor.qti.bluetooth@1.0-ibs_handler: ProcessIbsCmd: Received IBS_SLEEP_IND: 0xFE
07-20 01:39:05.564  1095  2247 I vendor.qti.bluetooth@1.0-ibs_handler: DeviceSleep: TX Awake, Sending SLEEP_IND
