07-20 01:49:42.930   732  1641 W BufferQueueProducer: [NavigationBar0#0]:1390: disconnect: not connected (req=1)
07-20 01:49:42.930  2037  2404 W libEGL  : EGLNativeWindowType 0x6fb2aaaa10 disconnect failed
07-20 01:49:42.930  2037  2037 E QS      : setExpanded: should not be here!
07-20 01:49:42.930   732  1685 W BufferQueueProducer: [GestureNavRight#0]:1390: disconnect: not connected (req=1)
07-20 01:49:42.930  1578  1970 W libEGL  : EGLNativeWindowType 0x6fd8a62f50 disconnect failed
07-20 01:49:42.939  2037  2037 I ViewRootImpl: dispatchDetachedFromWindow in doDie
07-20 01:49:42.940  1578  4192 I WindowManager: removeIfPossible: Window{6552843 u0 DockedStackDivider} callers=com.android.server.wm.WindowState.removeIfPossible:2602 com.android.server.wm.WindowManagerService.removeWindow:2282 com.android.server.wm.Session.remove:179 android.view.IWindowSession$Stub.onTransact:702 com.android.server.wm.Session.onTransact:137 
07-20 01:49:42.942  1578  4192 I WindowManager: postWindowRemoveCleanupLocked: Window{6552843 u0 DockedStackDivider}
07-20 01:49:42.942  1578  4192 I WindowManager: Removing Window{6552843 u0 DockedStackDivider} from WindowToken{a7109f2 android.os.BinderProxy@ae4e154}
07-20 01:49:42.942  1578  4192 I WindowManager: removeWindowToken: displayid:0 binder:android.os.BinderProxy@ae4e154 token:WindowToken{a7109f2 android.os.BinderProxy@ae4e154}
07-20 01:49:42.944  1578  4192 I WindowManager: orientation change is complete, call stopFreezingDisplayLocked
07-20 01:49:42.944  1578  4192 I WindowManager: stopFreezingDisplayLocked: Returning mWaitingForConfig=false, mAppsFreezingScreen=1, mWindowsFreezingScreen=0, mClientFreezingScreen=false, mOpeningApps.size()=0, mIsWaitingForSplitShow=false, isSwtichUserFreezed=false
07-20 01:49:42.946  2037  2037 I HwQsUtils: config changed, use new width: 536872064
07-20 01:49:42.950  2037  2037 I DecorView[VolumeDialogImpl]: pkgName:com.android.systemui old windowMode:0 new windoMode:1, isFixedSize:false
07-20 01:49:42.952 26955 26955 E pgrowcontrolle: Invalid ID 0x00000000.
07-20 01:49:42.952 26955 26955 I Resource: printErrorResource, maybe not an error because module has entative action to load resource.
07-20 01:49:42.952 26955 26955 I Resources_debug: The apk asset path = ApkAssets{path=/system/framework/framework-res.apk}
07-20 01:49:42.953 26955 26955 I Resources_debug: The apk asset path = ApkAssets{path=/system/framework/framework-res-hwext.apk}
07-20 01:49:42.953 26955 26955 I Resources_debug: The apk asset path = ApkAssets{path=/preas/oversea/overlay/GmsConfigOverlay.apk}
07-20 01:49:42.953 26955 26955 I Resources_debug: The apk asset path = ApkAssets{path=/preas/oversea/overlay/GmsGsaConfigOverlay.apk}
07-20 01:49:42.953 26955 26955 I Resources_debug: The apk asset path = ApkAssets{path=/preas/oversea/overlay/GoogleExtServicesConfigOverlay.apk}
07-20 01:49:42.953 26955 26955 I Resources_debug: The apk asset path = ApkAssets{path=/preas/oversea/overlay/GoogleModuleMetadataConfigOverlay.apk}
07-20 01:49:42.953 26955 26955 I Resources_debug: The apk asset path = ApkAssets{path=/preas/oversea/overlay/GooglePermissionControllerConfigOverlay.apk}
07-20 01:49:42.953 26955 26955 I Resources_debug: The apk asset path = ApkAssets{path=/hw_product/overlay/frameworkResOverlay.apk}
07-20 01:49:42.953 26955 26955 I Resources_debug: The apk asset path = ApkAssets{path=/data/app/org.hackintosh1980.espgrowcontroller-wI4n-t2YcI68ywp5RqqENA==/base.apk}
07-20 01:49:42.955  2037  2037 I vol.VolumeDialogImpl: STREAM_ACCESSIBILITY onProgressChanged 0 fromUser=false
07-20 01:49:42.956  2037  2037 I vol.VolumeDialogImpl: STREAM_ACCESSIBILITY onProgressChanged 100 fromUser=false
07-20 01:49:42.956  2037  2037 I vol.VolumeDialogImpl: STREAM_ACCESSIBILITY onProgressChanged 1200 fromUser=false
07-20 01:49:42.957  2635  3724 I ScenarioService: refresh visibleApp:[org.hackintosh1980.espgrowcontroller]
07-20 01:49:42.957  2635  3724 I PGServer: report state:14 event type:1 pid:-1 uid:-1 pkg:org.hackintosh1980.espgrowcontroller to pid: 2635
07-20 01:49:42.957  2635  3724 I ApsAppsTypeHandler: APS: APK: ApsAppsTypeHandler.getInstance, sInstance = com.huawei.android.hwaps.o@146cb66
07-20 01:49:42.957  2635  3724 I PF_API_JNI: ACCKIT_APS_NotifyInfo 3: org.hackintosh1980.espgrowcontroller
07-20 01:49:42.957  2635  3885 I PG_ash  : com.huawei.android.launcher become invisible
07-20 01:49:42.958  2037  2037 I vol.VolumeDialogImpl: STREAM_MUSIC onProgressChanged 0 fromUser=false
07-20 01:49:42.958  2037  2037 I vol.VolumeDialogImpl: STREAM_MUSIC onProgressChanged 1200 fromUser=false
07-20 01:49:42.960  2037  2037 I vol.VolumeDialogImpl: STREAM_RING onProgressChanged 0 fromUser=false
07-20 01:49:42.960  2037  2037 I vol.VolumeDialogImpl: STREAM_RING onProgressChanged 1500 fromUser=false
07-20 01:49:42.962  2037  2037 I vol.VolumeDialogImpl: STREAM_ALARM onProgressChanged 0 fromUser=false
07-20 01:49:42.963  2037  2037 I vol.VolumeDialogImpl: STREAM_ALARM onProgressChanged 1500 fromUser=false
07-20 01:49:42.965  2037  2037 I vol.VolumeDialogImpl: STREAM_VOICE_CALL onProgressChanged 0 fromUser=false
07-20 01:49:42.965  2037  2037 I vol.VolumeDialogImpl: STREAM_VOICE_CALL onProgressChanged 1500 fromUser=false
07-20 01:49:42.967  2037  2037 I vol.VolumeDialogImpl: STREAM_BLUETOOTH_SCO onProgressChanged 0 fromUser=false
07-20 01:49:42.968  2037  2037 I vol.VolumeDialogImpl: STREAM_BLUETOOTH_SCO onProgressChanged 700 fromUser=false
07-20 01:49:42.970  2037  2037 I vol.VolumeDialogImpl: STREAM_SYSTEM onProgressChanged 0 fromUser=false
07-20 01:49:42.970  2037  2037 I vol.VolumeDialogImpl: STREAM_SYSTEM onProgressChanged 1500 fromUser=false
07-20 01:49:42.972  2037  2037 I vol.VolumeDialogImpl: STREAM_TTS onProgressChanged 0 fromUser=false
07-20 01:49:42.973  2037  2037 I vol.VolumeDialogImpl: STREAM_TTS onProgressChanged 1100 fromUser=false
07-20 01:49:42.975  1578  4192 I WindowManager: orientation change is complete, call stopFreezingDisplayLocked
07-20 01:49:42.975  1578  4192 I WindowManager: stopFreezingDisplayLocked: Returning mWaitingForConfig=false, mAppsFreezingScreen=1, mWindowsFreezingScreen=0, mClientFreezingScreen=false, mOpeningApps.size()=0, mIsWaitingForSplitShow=false, isSwtichUserFreezed=false
07-20 01:49:42.978 26955 26955 I DecorView[]: pkgName:org.hackintosh1980.espgrowcontroller old windowMode:0 new windoMode:1, isFixedSize:false
07-20 01:49:42.978   732  1641 W BufferQueueProducer: [NavigationBar0#0]:1390: disconnect: not connected (req=1)
07-20 01:49:42.979  2037  2404 W libEGL  : EGLNativeWindowType 0x6f845bfe90 disconnect failed
07-20 01:49:42.986 12072 12085 W book.appmanage: Reducing the number of considered missed Gc histogram windows from 160 to 100
07-20 01:49:43.000  2037  2037 I chatty  : uid=10065(com.huawei.magazine) com.android.systemui identical 1 line
07-20 01:49:43.002 26955 26955 I HwPartPowerOfficeFactory: add HwPartPowerOfficeFactoryImpl to memory.
07-20 01:49:43.003  1578  2761 I HwPCUtils#HwRioViewManager: check if rio enable, displayId = 0， packageName = org.hackintosh1980.espgrowcontroller
07-20 01:49:43.004  1578  2761 I HwPCUtils#HwRioViewManager: check if rio enable, displayId = 0， packageName = com.android.systemui
07-20 01:49:43.005  1578  2761 I WindowManager: addWindowToken: displayid:0 binder:android.os.BinderProxy@ac2adef token:WindowToken{9953385 android.os.BinderProxy@ac2adef}
07-20 01:49:43.005  2635 29108 I KStateManager: send binder call message, called pid:727, calling pid:[1578]
07-20 01:49:43.007  1578  2761 E WindowManager: App trying to use insecure INPUT_FEATURE_NO_INPUT_CHANNEL flag. Ignoring
07-20 01:49:43.008  1578  2761 I WindowManager: addWindow: Window{7363a0b u0 AssistPreviewPanel} client:android.os.BinderProxy@bbd10fc currentDisplayId:0 requestDisplayId:0 token:android.os.BinderProxy@ac2adef
07-20 01:49:43.008  1578  4549 E WindowManager: App trying to use insecure INPUT_FEATURE_NO_INPUT_CHANNEL flag. Ignoring
07-20 01:49:43.009  2037  2037 W StatusBar: disable<e i a s b h r c s > disable2<q i n >
07-20 01:49:43.009  1578  4549 I WindowManager: addWindow: Window{8fa8301 u0 org.hackintosh1980.espgrowcontroller/org.kivy.android.PythonActivity} client:android.os.BinderProxy@74840e8 currentDisplayId:0 requestDisplayId:0 token:Token{8975e07 ActivityRecord{d2e6021 u0 org.hackintosh1980.espgrowcontroller/org.kivy.android.PythonActivity t8784}}
07-20 01:49:43.013 26955 26955 I RmeSchedManager: init Rme, version is: v1.0
07-20 01:49:43.013  1578  1668 I HwAudioServiceEx: ComponentInfo : className = org.kivy.android.PythonActivity, flag = onResume, isHomeActivity = , isTop = true
07-20 01:49:43.013 26955 26955 I RtgSchedEvent: current pid:26955 AppType:-1
07-20 01:49:43.013  1578  1891 W HwAudioServiceEx: SoundEffectState bundle get reserved is invalid
07-20 01:49:43.014  2262 16233 I Hicom_Monitor: mActivityNotifierEx, className = org.kivy.android.PythonActivity, uid = 10677
07-20 01:49:43.015  2262  2440 E DollieAdapterService: notifyActivityState pkg:org.hackintosh1980.espgrowcontroller/org.kivy.android.PythonActivity state:2 fg:true mUid:10677
07-20 01:49:43.016  2262  2440 I ConnCureStateMonitor: handleMessage: msg[2]
07-20 01:49:43.016  2262  2440 I HwPacketFilterBypass: handleActivityUidStateChanged uid:10677 -1 foreground:1
07-20 01:49:43.016  2262  2440 I OllieMsgCenter: publishEvt=2135097351
07-20 01:49:43.016  2262  2440 I NetworkQoeChr: checkForegroundApp timer end
07-20 01:49:43.016  4633  1500 I CAWARENESS_AppUsageManager: onEvent, packageName=org.hackintosh1980.espgrowcontroller, activityName=org.kivy.android.PythonActivity
07-20 01:49:43.016  2262  2440 E Booster_NetworkQoe: [checkModemParaCollecEnable]checkModemParaCollecEnable: false,mNetworkQoeConditions=254
07-20 01:49:43.017  2533 26269 I HiAdKit.DC.RedirectionAppSwitchEvent:  switch is off
07-20 01:49:43.017  2533 26269 I HiAdKit.DC.LiteAppPageSwitchEvent:  switch is off
07-20 01:49:43.017  2533 26269 I HiAdKit.DC.PageSwitchEvent:  switch is off
07-20 01:49:43.018  2533 26269 I HiAdKit.DC.PaymentPageSwitchEvent:  switch is off
07-20 01:49:43.018  4633  1500 I CAWARENESS_AbilityContext: [1784505011067] publishing {dataId=100000006, mode=0}
07-20 01:49:43.018  4633  1500 I CAWARENESS_AbilityContext: [1784505011067] deliver {dataId=100000006, mode=0} to 5 receivers
07-20 01:49:43.019  2037  2333 I MobileSignalController: copyFrom::dataConnected = false
07-20 01:49:43.019  2037  2333 I MobileSignalController: copyFrom::dataConnected = false
07-20 01:49:43.021  2262  2440 I OllieMsgCenter: publishEvt=2130771969
07-20 01:49:43.021  2262  2440 I OllieMsgCenter: publishEvt=2130771985
07-20 01:49:43.021  2262  7426 I Collector: HandleRawWifiInfo: flag:0, netId:0!
07-20 01:49:43.021  2262  7426 I Collector: HandleRawWifiInfo: flag:0, netId:0!
07-20 01:49:43.021  2262  2440 I SpeedTestNotifier: Speed test app is back Activity
07-20 01:49:43.022  2262  2440 I SmartDualCardConfig: getAppType,pkgName=org.hackintosh1980.espgrowcontroller,appType=-1
07-20 01:49:43.022  2262  2440 E SmartDualCardConfig: isAppInBlackList false,items==null
07-20 01:49:43.022  2262  2440 I PowerMsgAdapter: addUidChanged uid: 10677
07-20 01:49:43.023  2262  2440 E Booster_MatterAppRecommend: [isMatterPackage]invalid mMatterPackagesConfig
07-20 01:49:43.023  2262  2440 I OllieMsgCenter: publishEvt=2134966274
07-20 01:49:43.023  2262  2440 I OllieMsgCenter: publishEvt=2135097350
07-20 01:49:43.027  1578  1633 I HwPCUtils#HwRioViewManager: check if rio enable, displayId = 0， packageName = com.android.systemui
07-20 01:49:43.028  1578  1633 I WindowManager: addWindowToken: displayid:0 binder:android.os.BinderProxy@a5a45a6 token:WindowToken{fd48394 android.os.BinderProxy@a5a45a6}
07-20 01:49:43.030  1578  1633 E WindowManager: App trying to use insecure INPUT_FEATURE_NO_INPUT_CHANNEL flag. Ignoring
07-20 01:49:43.031  1578  1633 I WindowManager: addWindow: Window{60b4e3d u0 DockedStackDivider} client:android.os.BinderProxy@e0c6be7 currentDisplayId:0 requestDisplayId:0 token:android.os.BinderProxy@a5a45a6
07-20 01:49:43.033  2037  2037 I HwImageWallpaper: onConfigurationChanged
07-20 01:49:43.033  1070 28923 I AGPService: aps-info: get max lcd freq: 60, list: 60
07-20 01:49:43.033  2037  2037 I HwImageWallpaper: APS:APK:getLcdFreqInfoFromAgp: result = 60
07-20 01:49:43.065   484   484 E SELinux : avc:  denied  { find } for interface=vendor.huawei.hardware.sensors::ISensors sid=u:r:untrusted_app:s0:c165,c258,c512,c768 pid=26955 scontext=u:r:untrusted_app:s0:c165,c258,c512,c768 tcontext=u:object_r:default_hisi_hwservice:s0 tclass=hwservice_manager permissive=0
07-20 01:49:43.071  1578  4192 I WificondControl: Noise: -92, Snr: 33, Chload: -1, rssi: -55, txBitrate: 72, rxBitrate: 0, frequency: 2462, UlDelay: -1, currentTxBytes: 0, currentTxPackets: 515290, currentTxFailed: 757, currentRxBytes: 0, currentRxPackets: 768782
07-20 01:49:43.072 26955 26955 I PythonActivity: Surface will NOT be transparent
07-20 01:49:43.074 23153 23168 W System  : A resource failed to call end. 
07-20 01:49:43.074 23153 23168 W System  : A resource failed to call end. 
07-20 01:49:43.076  2880  5886 I VoWifiQoe_N: ProcessReqInfo ul_msgid=5
07-20 01:49:43.076  2880  5886 I VoWifiQoe_N: processReqInfo MSG_WIFI_SIGNAL_INFO_IND 
07-20 01:49:43.076  2880  5886 I VoWifiQoe_N: ProcessSignalInfoInd curStateIsIdle 0 
07-20 01:49:43.076  2880  5886 I VoWifiQoe_N: ProcessSignalInfoInd wifiInterruptFlg 1 enScreenState 1 curStateIsIdle 0
07-20 01:49:43.076  2880  5886 I VoWifiQoe_N: UpdateEvaluatePolicy EVALUATE_POLICY_RSSI
07-20 01:49:43.076  2880  5886 I VoWifiQoe_N: UpdateEvaluatePolicy phoneId 1 is not qoe started!
07-20 01:49:43.076 26955 26955 I DecorView[]: pkgName:org.hackintosh1980.espgrowcontroller old windowMode:1 new windoMode:1, isFixedSize:false
07-20 01:49:43.078  1578  4192 I WindowManager: Policy visibility false: Window{60b4e3d u0 DockedStackDivider}
07-20 01:49:43.079  1578  4192 I WindowManager: Policy visibility false: Window{a2d55cc u0 StatusBar}
07-20 01:49:43.079  1578  1657 I StatusBarDisable: setFlags what=0 which=1 pkg=Window{8fa8301 u0 org.hackintosh1980.espgrowcontroller/org.kivy.android.PythonActivity}
07-20 01:49:43.080  1578  4192 I WindowManager: orientation change is complete, call stopFreezingDisplayLocked
07-20 01:49:43.080  1578  4192 I WindowManager: stopFreezingDisplayLocked: Returning mWaitingForConfig=false, mAppsFreezingScreen=1, mWindowsFreezingScreen=0, mClientFreezingScreen=false, mOpeningApps.size()=0, mIsWaitingForSplitShow=false, isSwtichUserFreezed=false
07-20 01:49:43.083  1578  4192 I WindowManager: Changing focus from null to Window{8fa8301 u0 org.hackintosh1980.espgrowcontroller/org.kivy.android.PythonActivity} displayId=0 Callers=com.android.server.wm.RootWindowContainer.updateFocusedWindowLocked:209 com.android.server.wm.WindowManagerService.updateFocusedWindowLocked:6517 com.android.server.wm.WindowManagerService.relayoutWindow:2813 com.android.server.wm.Session.relayout:197 
07-20 01:49:43.083  1578  4192 I HwDisplayContentEx: currentFocus windowstate not null
07-20 01:49:43.083  1578  4192 I HwDisplayContentEx: trans currentFocus windowstate not null
07-20 01:49:43.084  2037  5073 I HwCommandQueue: updateBarBgColor
07-20 01:49:43.085   634  8415 I netd    : trafficSwapActiveStatsMap() <22.99ms>
07-20 01:49:43.097  1578  1633 I SensorService: createSensorEventConnection begin
07-20 01:49:43.097  1578  1633 I SensorService: SensorEventConnection begin
07-20 01:49:43.097  1578  1633 I SensorService: SensorEventConnection end
07-20 01:49:43.097  1578  1633 I SensorService: createSensorEventConnection end
07-20 01:49:43.098  1578  1633 I SensorService: enable begin
07-20 01:49:43.098  1578  1633 I SensorService: batch begin
07-20 01:49:43.098  1155  1186 E Sensors@1.2-impl: Sensors::batch: sensorHandle: 0, samplingPeriodNs: 20000000, maxReportLatencyNs: 0
07-20 01:49:43.098  1155  1186 I Sensors@1.2-impl: IsConfigParamNeedUpdate: service: 1578, sensor: 0, first set config, create it
07-20 01:49:43.098  1155  1186 I Sensors@1.2-impl: SetReportConfig: the sensor not find, create it
07-20 01:49:43.098  1155  1186 I Sensors@1.2-impl: GetSensorConfig: sensor: 0, Can't get param
07-20 01:49:43.098  1155  1186 I Sensors@1.2-impl: GetSensorConfig: sensor: 0, Can't get param
07-20 01:49:43.098  1155  1186 I Sensors@1.2-impl: JudgeOptimizeConfig: sensor: 0, oldPeriod: 0, initPeroid: 20000000
07-20 01:49:43.098  1155  1186 I Sensors@1.2-impl: SetOptimizeConfig: sensor: 0 first setconfig, create it
07-20 01:49:43.098  1155  1186 I Sensors@1.2-impl: GetSampleFifoConfig: sensor: 0, period: 20000000, reportDelay: 0
07-20 01:49:43.098  1155  1186 I SensorHub: batch called handle:0 sampleNs:20000000 latencyNs:0
07-20 01:49:43.098  1155  1186 I SensorHub: in Batch, handle = 0, flags = 0, periodNs = 20000000, timeout = 0
07-20 01:49:43.098  2635  3724 I SensorState: sensor:0 name:accelerometer enable:true uid:10677
07-20 01:49:43.098  2635  3724 I PGServer: report state:4 event type:1 pid:0 uid:10677 pkg:null to pid: 1578
07-20 01:49:43.099  2635  3724 I SensorState: addSensor,mHandles:{0=1}
07-20 01:49:43.099  1578  1633 I SensorService: batch end
07-20 01:49:43.099  1578  1633 I SensorService: enableSensor handle:0, packageName:org.libsdl.app.SDLSurface, opPackageName:org.hackintosh1980.espgrowcontroller , rate=20000000
07-20 01:49:43.099  1578  1633 I SensorService: enable activate begin
07-20 01:49:43.099  1155  1186 I Sensors@1.2-impl: activate-0 enabled-1 fwkOals-1 camOals-0 fwkOcolor-0 camOcolor-0 fwkOtof-0 camOtof-0
07-20 01:49:43.099  1155  1186 I Sensors@1.2-impl: GetTotalOpenCnt: The sensor haven't open
07-20 01:49:43.099  1155  1186 I Sensors@1.2-impl: IsOpenNeedUpdate: service: 1578, sensor: 0, open: 1, openCnt: 0
07-20 01:49:43.099  1155  1186 I SensorHub: Activate, handle: 0, enabled:1, err: 0
07-20 01:49:43.099  1578  1633 I SensorService: enable activate end
07-20 01:49:43.099  1578  1633 I SensorService: enable end
07-20 01:49:43.100 26955 27007 I python  : Initializing Python for Android
07-20 01:49:43.100 26955 27007 I python  : Setting additional env vars from p4a_env_vars.txt
07-20 01:49:43.102 26955 27007 I python  : Changing directory to the one provided by ANDROID_ARGUMENT
07-20 01:49:43.102 26955 27007 I python  : /data/user/0/org.hackintosh1980.espgrowcontroller/files/app
07-20 01:49:43.102 26955 27007 I python  : Preparing to initialize python
07-20 01:49:43.102 26955 27007 I python  : _python_bundle dir exists
07-20 01:49:43.102 26955 27007 I python  : calculated paths to be...
07-20 01:49:43.102 26955 27007 I python  : /data/user/0/org.hackintosh1980.espgrowcontroller/files/app/_python_bundle/stdlib.zip:/data/user/0/org.hackintosh1980.espgrowcontroller/files/app/_python_bundle/modules
07-20 01:49:43.102 26955 27007 I python  : set wchar paths...
07-20 01:49:43.109   634  8415 I netd    : trafficSwapActiveStatsMap() <22.56ms>
07-20 01:49:43.109   484   484 I hwservicemanager: getTransport: Cannot find entry android.hardware.graphics.mapper@3.0::IMapper/default in either framework or device manifest.
07-20 01:49:43.109 26955 26982 W Gralloc3: mapper 3.x is not supported
07-20 01:49:43.123  2037  2037 W StatusBar: disable<e i a s b h r c s > disable2<q i n >
07-20 01:49:43.125 26955 26955 W SDLThread: type=1400 audit(0.0:112485): avc: granted { execute } for pid=26955 path="/data/data/org.hackintosh1980.espgrowcontroller/files/app/_python_bundle/modules/zlib.cpython-311.so" dev="sdd70" ino=162668 scontext=u:r:untrusted_app:s0:c165,c258,c512,c768 tcontext=u:object_r:app_data_file:s0:c165,c258,c512,c768 tclass=file
07-20 01:49:43.125 26955 26955 I HwViewRootImpl: removeInvalidNode jank list is null
07-20 01:49:43.129  1578  1660 I WindowManager: dispatchResized : win = Window{8fa8301 u0 org.hackintosh1980.espgrowcontroller/org.kivy.android.PythonActivity} drawState = DRAW_PENDING
07-20 01:49:43.132 26955 26955 I DecorView[]: pkgName:org.hackintosh1980.espgrowcontroller old windowMode:1 new windoMode:1, isFixedSize:false
07-20 01:49:43.135  1578  1657 I StatusBarDisable: setFlags what=0 which=1 pkg=Window{8fa8301 u0 org.hackintosh1980.espgrowcontroller/org.kivy.android.PythonActivity}
07-20 01:49:43.136  1578  2760 I WindowManager: dispatchResized : win = Window{8fa8301 u0 org.hackintosh1980.espgrowcontroller/org.kivy.android.PythonActivity} drawState = DRAW_PENDING
07-20 01:49:43.143 26955 27007 I python  : Initialized python
07-20 01:49:43.143 26955 27007 I python  : AND: Init threads
07-20 01:49:43.144 26955 27007 I python  : testing python print redirection
07-20 01:49:43.145 26955 27007 I python  : Android path ['.', '/data/user/0/org.hackintosh1980.espgrowcontroller/files/app/_python_bundle/stdlib.zip', '/data/user/0/org.hackintosh1980.espgrowcontroller/files/app/_python_bundle/modules', '/data/user/0/org.hackintosh1980.espgrowcontroller/files/app/_python_bundle/site-packages']
07-20 01:49:43.145 26955 27007 I python  : os.environ is environ({'PATH': '/sbin:/system/sbin:/product/bin:/apex/com.android.runtime/bin:/system/bin:/system/xbin:/odm/bin:/vendor/bin:/vendor/xbin', 'ANDROID_BOOTLOGO': '1', 'ANDROID_ROOT': '/system', 'ANDROID_ASSETS': '/system/app', 'ANDROID_DATA': '/data', 'ANDROID_STORAGE': '/storage', 'ANDROID_RUNTIME_ROOT': '/apex/com.android.runtime', 'ANDROID_TZDATA_ROOT': '/apex/com.android.tzdata', 'EXTERNAL_STORAGE': '/sdcard', 'ASEC_MOUNTPOINT': '/mnt/asec', 'BOOTCLASSPATH': '/apex/com.android.runtime/javalib/core-oj.jar:/apex/com.android.runtime/javalib/core-libart.jar:/apex/com.android.runtime/javalib/okhttp.jar:/apex/com.android.runtime/javalib/bouncycastle.jar:/apex/com.android.runtime/javalib/apache-xml.jar:/system/framework/framework.jar:/system/framework/ext.jar:/system/framework/telephony-common.jar:/system/framework/voip-common.jar:/system/framework/ims-common.jar:/system/framework/android.test.base.jar:/system/framework/featurelayer-widget.jar:/system/framework/hwEmui.jar:/system/framework/hwPartBasicplatform.jar:/system/framework/telephony-separated.jar:/system/framework/hwTelephony-common.jar:/system/framework/hwPartTelephony.jar:/system/framework/hwPartTelephonyVSim.jar:/system/framework/hwPartTelephonyCust.jar:/system/framework/hwPartTelephonyFullnetworkOpt.jar:/system/framework/hwPartTelephonyTimezoneOpt.jar:/system/framework/hwPartTelephonyOpt.jar:/system/framework/hwPartSecurity.jar:/system/framework/hwPartSecurityFaceId.jar:/system/framework/hwIms-common.jar:/system/framework/hwPartMedia.jar:/system/framework/hwPartConnectivity.jar:/system/framework/hwPartPowerOffice.jar:/system/framework/hwPartDeviceVirtualization.jar:/system/framework/hwPartAirSharing.jar:/system/framework/hwPartDefaultDFR.jar:/system/framework/hwPartDFR.jar:/system/framework/hwPartMagicWindow.jar:/system/framework/hwPartIaware.jar:/system/framework/hwPartMdm.jar:/system/framework/hwPartVr.jar:/system/framework/hwframework.jar:/system/framework/com.huawei.nfc.jar:/system/framework/org.ifaa.android.manager.jar:/system/framework/hwperf.jar:/system/framework/hwcustEmui.jar:/system/framework/hwcustframework.jar:/system/framework/servicehost.jar:/system/framework/hwcustIms-common.jar:/system/framework/hwcustTelephony-common.jar:/system/framework/hwIAwareAL.jar:/system/framework/zframework.z.jar:/apex/com.android.conscrypt/javalib/conscrypt.jar:/apex/com.android.media/javalib/updatable-media.jar', 'DEX2OATBOOTCLASSPATH': '/apex/com.android.runtime/javalib/core-oj.jar:/apex/com.android.runtime/javalib/core-libart.jar:/apex/com.android.runtime/javalib/okhttp.jar:/apex/com.android.runtime/javalib/bouncycastle.jar:/apex/com.android.runtime/javalib/apache-xml.jar:/system/framework/framework.jar:/system/framework/ext.jar:/system/framework/telephony-common.jar:/system/framework/voip-common.jar:/system/framework/ims-common.jar:/system/framework/android.test.base.jar:/system/framework/featurelayer-widget.jar:/system/framework/hwEmui.jar:/system/framework/hwPartBasicplatform.jar:/system/framework/telephony-separated.jar:/system/framework/hwTelephony-common.jar:/system/framework/hwPartTelephony.jar:/system/framework/hwPartTelephonyVSim.jar:/system/framework/hwPartTelephonyCust.jar:/system/framework/hwPartTelephonyFullnetworkOpt.jar:/system/framework/hwPartTelephonyTimezoneOpt.jar:/system/framework/hwPartTelephonyOpt.jar:/system/framework/hwPartSecurity.jar:/system/framework/hwPartSecurityFaceId.jar:/system/framework/hwIms-common.jar:/system/framework/hwPartMedia.jar:/system/framework/hwPartConnectivity.jar:/system/framework/hwPartPowerOffice.jar:/system/framework/hwPartDeviceVirtualization.jar:/system/framework/hwPartAirSharing.jar:/system/framework/hwPartDefaultDFR.jar:/system/framework/hwPartDFR.jar:/system/framework/hwPartMagicWindow.jar:/system/framework/hwPartIaware.jar:/system/framework/hwPartMdm.jar:/system/framework/hwPartVr.jar:/system/framework/hwframework.jar:/system/framework/com.huawei.nfc.jar:/system/framework/org.ifaa.android.manager.jar:/system/framework/hwperf.jar:/system/framework/hwcustEmui.jar:/
07-20 01:49:43.145 26955 27007 I python  : Android kivy bootstrap done. __name__ is __main__
07-20 01:49:43.145 26955 27007 I python  : AND: Ran string
07-20 01:49:43.145 26955 27007 I python  : Run user program, change dir and execute entrypoint
07-20 01:49:43.146 26955 27007 I python  : [PERF] ===== STARTUP DIAGNOSTIC INITIALIZED =====
07-20 01:49:43.149  2037  2037 E QS      : setExpanded: should not be here!
07-20 01:49:43.150  1578  1672 I ActivityTaskManager: Displayed org.hackintosh1980.espgrowcontroller/org.kivy.android.PythonActivity: +486ms
07-20 01:49:43.158  2037  2037 E QS      : setExpanded: should not be here!
07-20 01:49:43.160  1578  1660 I WindowManager: unregisterAppFreezeListener Callers=com.android.server.wm.AppWindowToken.stopFreezingScreen:1866 com.android.server.wm.AppWindowToken.checkAppWindowsReadyToShow:2405 com.android.server.wm.WindowContainer.checkAppWindowsReadyToShow:753 com.android.server.wm.WindowContainer.checkAppWindowsReadyToShow:753 com.android.server.wm.WindowContainer.checkAppWindowsReadyToShow:753 com.android.server.wm.WindowContainer.checkAppWindowsReadyToShow:753 com.android.server.wm.WindowAnimator.animate:227 com.android.server.wm.WindowAnimator.lambda$new$1$WindowAnimator:120 com.android.server.wm.-$$Lambda$WindowAnimator$ddXU8gK8rmDqri0OZVMNa3Y4GHk.doFrame:2 android.view.Choreographer$CallbackRecord.run:1278 android.view.Choreographer.doCallbacks:1019 android.view.Choreographer.doFrame:907 
07-20 01:49:43.162  1578  1660 I WindowManager: orientation change is complete, call stopFreezingDisplayLocked
07-20 01:49:43.162  1578  1660 I WindowManager: stopFreezingDisplayLocked: Unfreezing now
07-20 01:49:43.162  1578  1660 I WindowManager: Screen frozen for +1s62ms due to Window{8fa8301 u0 org.hackintosh1980.espgrowcontroller/org.kivy.android.PythonActivity}
07-20 01:49:43.166  1578  1686 I PowerManagerService: handleSandman: wakefulness: 1,startDreaming: false
07-20 01:49:43.168 26955 26955 W InputMethodManager: startInputReason = 1
07-20 01:49:43.169 26955 26955 W HwRemoteInputMethodManager: isCasting false because IHwDistributedWindowManager is invalid.
07-20 01:49:43.174  2911  2911 I HwLauncher: Model onReceive intent=Intent { act=android.intent.action.CONFIGURATION_CHANGED flg=0x70200010 }
07-20 01:49:43.174  2911  2911 I HwLauncher: Model onReceive action=android.intent.action.CONFIGURATION_CHANGED
07-20 01:49:43.174  2911  2911 I HwLauncher: Model onReceive user=UserHandle{0}
07-20 01:49:43.174  2911  2911 I HwLauncher: IconUtil updateIconTitleSize fontSize = 11.5
07-20 01:49:43.174  2911  2911 I HwLauncher: IconUtil updateIconTitleSize after fontSize: 38.8125
07-20 01:49:43.177 26955 26955 W InputMethodManager: startInputReason = 5
07-20 01:49:43.184  2037  2037 I HwCtrlCtr: ControlCenterImpl: release control blur image!
07-20 01:49:43.188  2037  2037 I HwHeadsUpTransitionControllerImpl: abortTransition: mTransitionView=null;mIsWaitingFloatWindow=false
07-20 01:49:43.199  1578  1686 I PowerManagerService: handleSandman: wakefulness: 1,startDreaming: false
07-20 01:49:43.201 27313 27313 W e0      : onStartInput event aborted
07-20 01:49:43.201 27313 27313 W e0      : fc0.b0: could not obtain extracted text
07-20 01:49:43.201 27313 27313 W e0      : 	at fc0.y0.H(Unknown Source:369)
07-20 01:49:43.201 27313 27313 W e0      : 	at n70.x.g(Unknown Source:283)
07-20 01:49:43.201 27313 27313 W e0      : 	at n70.i3.g(Unknown Source:4)
07-20 01:49:43.201 27313 27313 W e0      : 	at com.touchtype.KeyboardService.onStartInput(Unknown Source:11)
07-20 01:49:43.201 27313 27313 W e0      : 	at android.inputmethodservice.InputMethodService.doStartInput(InputMethodService.java:2408)
07-20 01:49:43.201 27313 27313 W e0      : 	at android.inputmethodservice.InputMethodService$InputMethodImpl.startInput(InputMethodService.java:697)
07-20 01:49:43.201 27313 27313 W e0      : 	at android.inputmethodservice.InputMethodService$InputMethodImpl.dispatchStartInputWithToken(InputMethodService.java:731)
07-20 01:49:43.201 27313 27313 W e0      : 	at android.inputmethodservice.IInputMethodWrapper.executeMessage(IInputMethodWrapper.java:194)
07-20 01:49:43.201 27313 27313 W e0      : 	at com.android.internal.os.HandlerCaller$MyHandler.handleMessage(HandlerCaller.java:44)
07-20 01:49:43.201 27313 27313 W e0      : 	at android.os.Handler.dispatchMessage(Handler.java:110)
07-20 01:49:43.201 27313 27313 W e0      : 	at android.os.Looper.loop(Looper.java:219)
07-20 01:49:43.201 27313 27313 W e0      : 	at android.app.ActivityThread.main(ActivityThread.java:8668)
07-20 01:49:43.201 27313 27313 W e0      : 	at java.lang.reflect.Method.invoke(Native Method)
07-20 01:49:43.201 27313 27313 W e0      : 	at com.android.internal.os.RuntimeInit$MethodAndArgsCaller.run(RuntimeInit.java:513)
07-20 01:49:43.201 27313 27313 W e0      : 	at com.android.internal.os.ZygoteInit.main(ZygoteInit.java:1109)
07-20 01:49:43.202  2037  2037 I HwCtrlCtr:ControlCenterMain: onConfigurationChanged
07-20 01:49:43.202  2037  2037 I HwCtrlCtr:ControlCenterMain: updateResource
07-20 01:49:43.202  2037  2037 I HwCtrlCtr:ControlCenterContainer: setMargins:81
07-20 01:49:43.203  2037  2037 I HwCtrlCtr:ControlCenterContainer: update control panel width: 1623
07-20 01:49:43.204  2037  2037 I HwCtrlCtr:ControlCenterContainer: onConfigurationChanged, isLand: true
07-20 01:49:43.205  2037  2037 I HwCtrlCtr:ControlCenterPanel: orientation changes: 2
07-20 01:49:43.210  2037  2037 W HwToolbar: can not get the Activity of toolbar in getSplitStatus()
07-20 01:49:43.220   732  1698 W BufferQueueProducer: [NavigationBar0#0]:1390: disconnect: not connected (req=1)
07-20 01:49:43.220  2037  2404 W libEGL  : EGLNativeWindowType 0x6fb2aaaa10 disconnect failed
07-20 01:49:43.225 26955 26955 W SDLThread: type=1400 audit(0.0:112486): avc: granted { execute } for pid=26955 path="/data/data/org.hackintosh1980.espgrowcontroller/files/app/_python_bundle/modules/_typing.cpython-311.so" dev="sdd70" ino=73914 scontext=u:r:untrusted_app:s0:c165,c258,c512,c768 tcontext=u:object_r:app_data_file:s0:c165,c258,c512,c768 tclass=file
07-20 01:49:43.279  1578  2760 I WindowManager: dispatchResized : win = Window{a2d55cc u0 StatusBar} drawState = HAS_DRAWN
07-20 01:49:43.281 26955 26955 W SDLThread: type=1400 audit(0.0:112487): avc: granted { execute } for pid=26955 path="/data/data/org.hackintosh1980.espgrowcontroller/files/app/_python_bundle/modules/math.cpython-311.so" dev="sdd70" ino=87403 scontext=u:r:untrusted_app:s0:c165,c258,c512,c768 tcontext=u:object_r:app_data_file:s0:c165,c258,c512,c768 tclass=file
07-20 01:49:43.285 26955 26955 W SDLThread: type=1400 audit(0.0:112488): avc: granted { execute } for pid=26955 path="/data/data/org.hackintosh1980.espgrowcontroller/files/app/_python_bundle/modules/_heapq.cpython-311.so" dev="sdd70" ino=44346 scontext=u:r:untrusted_app:s0:c165,c258,c512,c768 tcontext=u:object_r:app_data_file:s0:c165,c258,c512,c768 tclass=file
07-20 01:49:43.285 26955 26955 W SDLThread: type=1400 audit(0.0:112489): avc: granted { execute } for pid=26955 path="/data/data/org.hackintosh1980.espgrowcontroller/files/app/_python_bundle/modules/_queue.cpython-311.so" dev="sdd70" ino=15277 scontext=u:r:untrusted_app:s0:c165,c258,c512,c768 tcontext=u:object_r:app_data_file:s0:c165,c258,c512,c768 tclass=file
07-20 01:49:43.285   732  1641 W BufferQueueProducer: [StatusBar#0]:1390: disconnect: not connected (req=1)
07-20 01:49:43.285  1578  2763 I WificondControl: Noise: -92, Snr: 33, Chload: -1, rssi: -55, txBitrate: 72, rxBitrate: 0, frequency: 2462, UlDelay: -1, currentTxBytes: 0, currentTxPackets: 515290, currentTxFailed: 757, currentRxBytes: 0, currentRxPackets: 768782
07-20 01:49:43.286  2037  2404 W libEGL  : EGLNativeWindowType 0x706d21d810 disconnect failed
07-20 01:49:43.291  2880  5886 I VoWifiQoe_N: ProcessReqInfo ul_msgid=5
07-20 01:49:43.291  2880  5886 I VoWifiQoe_N: processReqInfo MSG_WIFI_SIGNAL_INFO_IND 
07-20 01:49:43.291  2880  5886 I VoWifiQoe_N: ProcessSignalInfoInd curStateIsIdle 0 
07-20 01:49:43.291  2880  5886 I VoWifiQoe_N: ProcessSignalInfoInd wifiInterruptFlg 1 enScreenState 1 curStateIsIdle 0
07-20 01:49:43.291  2880  5886 I VoWifiQoe_N: UpdateEvaluatePolicy EVALUATE_POLICY_RSSI
07-20 01:49:43.291  2880  5886 I VoWifiQoe_N: UpdateEvaluatePolicy phoneId 1 is not qoe started!
07-20 01:49:43.313 26955 26955 W SDLThread: type=1400 audit(0.0:112490): avc: granted { execute } for pid=26955 path="/data/data/org.hackintosh1980.espgrowcontroller/files/app/_python_bundle/modules/_opcode.cpython-311.so" dev="sdd70" ino=18551 scontext=u:r:untrusted_app:s0:c165,c258,c512,c768 tcontext=u:object_r:app_data_file:s0:c165,c258,c512,c768 tclass=file
07-20 01:49:43.347 26955 27007 I python  : [INFO   ] [Logger      ] Record log in /data/user/0/org.hackintosh1980.espgrowcontroller/files/app/.kivy/logs/kivy_26-07-20_2.txt
07-20 01:49:43.347 26955 27007 I python  : [INFO   ] [Kivy        ] v2.3.0
07-20 01:49:43.347 26955 27007 I python  : [INFO   ] [Kivy        ] Installed at "/data/user/0/org.hackintosh1980.espgrowcontroller/files/app/_python_bundle/site-packages/kivy/__init__.pyc"
07-20 01:49:43.347 26955 27007 I python  : [INFO   ] [Python      ] v3.11.9 (main, Jul 19 2026, 09:21:02) [Clang 14.0.6 (https://android.googlesource.com/toolchain/llvm-project 4c603efb0
07-20 01:49:43.347 26955 27007 I python  : [INFO   ] [Python      ] Interpreter at ""
07-20 01:49:43.348 26955 27007 I python  : [INFO   ] [Logger      ] Purge log fired. Processing...
07-20 01:49:43.348 26955 27007 I python  : [INFO   ] [Logger      ] Purge finished!
07-20 01:49:43.349 26955 26955 W SDLThread: type=1400 audit(0.0:112491): avc: granted { execute } for pid=26955 path="/data/data/org.hackintosh1980.espgrowcontroller/files/app/_python_bundle/site-packages/kivy/_clock.so" dev="sdd70" ino=63644 scontext=u:r:untrusted_app:s0:c165,c258,c512,c768 tcontext=u:object_r:app_data_file:s0:c165,c258,c512,c768 tclass=file
07-20 01:49:43.353 26955 26955 W SDLThread: type=1400 audit(0.0:112492): avc: granted { execute } for pid=26955 path="/data/data/org.hackintosh1980.espgrowcontroller/files/app/_python_bundle/modules/_ctypes.cpython-311.so" dev="sdd70" ino=66461 scontext=u:r:untrusted_app:s0:c165,c258,c512,c768 tcontext=u:object_r:app_data_file:s0:c165,c258,c512,c768 tclass=file
07-20 01:49:43.376  2037  2037 W StatusBar: disable<e i a s b h r c s > disable2<q i n >
07-20 01:49:43.384  1578  1863 I WificondControl: Noise: -92, Snr: 32, Chload: -1, rssi: -56, txBitrate: 72, rxBitrate: 0, frequency: 2462, UlDelay: -1, currentTxBytes: 0, currentTxPackets: 515290, currentTxFailed: 757, currentRxBytes: 0, currentRxPackets: 768782
07-20 01:49:43.392  1578  1862 I WiFi_PRO: MSG_RETURN_AP_CURRY_RSSI rssi = -56
07-20 01:49:43.392  1578  1962 I HuaweiWifiWatchdogStateMachine: POta txb txg rxg:0, 459, 0. Lr =0% Totpkt=459
07-20 01:49:43.392  1578  1862 I QosMonitor: queryRtt: rttType = 3
07-20 01:49:43.392  1578  1862 I HwWifiProServiceProxy: ctrlHwWifiNetwork pkgName: WIFIPRO_SERVICE interfaceId: 8
07-20 01:49:43.392  1578  1862 I QosMonitor: postEventFromNative: msg=100,arg1=4,arg2=10
07-20 01:49:43.392  1578  1862 I HwWifiProServiceProxy: ctrlHwWifiNetwork pkgName: WIFIPRO_SERVICE interfaceId: 8
07-20 01:49:43.392  1578  1862 I QosMonitor: postEventFromNative: msg=100,arg1=0,arg2=10
07-20 01:49:43.393  1578  1862 I MQoS    : rtt=976,tcpTxPkts=172763,tcpRxPkts=342571
07-20 01:49:43.394  1578 11359 I MQoS    : QOS_level:0(0),wifi-link;SIM error;use level-0
07-20 01:49:43.394  1578  1962 I HuaweiWifiWatchdogStateMachine: PTcp RTT:0, rtt pkt=0, tcp_rx=0, tcp_tx=0, tcp_reTran=0, rtRate=0
07-20 01:49:43.394  1578  1962 I HuaweiWifiWatchdogStateMachine: rssi bad, mrssi=-57 < TargetRssi=-54
07-20 01:49:43.394  1578  1962 I HuaweiWifiWatchdogStateMachine: start computeQosLevel tcpRtt = 0 ,rssi = -57 ,mBestSpeedInPeriod = 10367
07-20 01:49:43.394  1578  1962 I HuaweiWifiWatchdogStateMachine: smoothConsecutiveQosResults, currentQosLevel = 3
07-20 01:49:43.395  1578  1660 I HwWindowManagerServiceEx: setLandAnimationInfo : false
07-20 01:49:43.398  2037  2050 I ndroid.systemu: Background young concurrent copying GC freed 340414(18MB) AllocSpace objects, 0(0B) LOS objects, 42% free, 22MB/38MB, paused 118us total 106.732ms
07-20 01:49:43.400  2037  2037 I DecorView[VolumeDialogImpl]: pkgName:com.android.systemui old windowMode:0 new windoMode:1, isFixedSize:false
07-20 01:49:43.415  2037  2037 I vol.VolumeDialogImpl: STREAM_ACCESSIBILITY onProgressChanged 0 fromUser=false
07-20 01:49:43.415  2037  2037 I vol.VolumeDialogImpl: STREAM_ACCESSIBILITY onProgressChanged 100 fromUser=false
07-20 01:49:43.415  2037  2037 I vol.VolumeDialogImpl: STREAM_ACCESSIBILITY onProgressChanged 1200 fromUser=false
07-20 01:49:43.419  2037  2037 I vol.VolumeDialogImpl: STREAM_MUSIC onProgressChanged 0 fromUser=false
07-20 01:49:43.419  2037  2037 I vol.VolumeDialogImpl: STREAM_MUSIC onProgressChanged 1200 fromUser=false
07-20 01:49:43.422  2037  2037 I vol.VolumeDialogImpl: STREAM_RING onProgressChanged 0 fromUser=false
07-20 01:49:43.422  2037  2037 I vol.VolumeDialogImpl: STREAM_RING onProgressChanged 1500 fromUser=false
07-20 01:49:43.424  2037  2037 I vol.VolumeDialogImpl: STREAM_ALARM onProgressChanged 0 fromUser=false
07-20 01:49:43.425  2037  2037 I vol.VolumeDialogImpl: STREAM_ALARM onProgressChanged 1500 fromUser=false
07-20 01:49:43.428  2037  2037 I vol.VolumeDialogImpl: STREAM_VOICE_CALL onProgressChanged 0 fromUser=false
07-20 01:49:43.428  2037  2037 I vol.VolumeDialogImpl: STREAM_VOICE_CALL onProgressChanged 1500 fromUser=false
07-20 01:49:43.431  2037  2037 I vol.VolumeDialogImpl: STREAM_BLUETOOTH_SCO onProgressChanged 0 fromUser=false
07-20 01:49:43.431  2037  2037 I vol.VolumeDialogImpl: STREAM_BLUETOOTH_SCO onProgressChanged 700 fromUser=false
07-20 01:49:43.434  2037  2037 I vol.VolumeDialogImpl: STREAM_SYSTEM onProgressChanged 0 fromUser=false
07-20 01:49:43.434  2037  2037 I vol.VolumeDialogImpl: STREAM_SYSTEM onProgressChanged 1500 fromUser=false
07-20 01:49:43.436  2037  2037 I vol.VolumeDialogImpl: STREAM_TTS onProgressChanged 0 fromUser=false
07-20 01:49:43.437  2037  2037 I vol.VolumeDialogImpl: STREAM_TTS onProgressChanged 1100 fromUser=false
07-20 01:49:43.455  2037  2037 I ViewRootImpl: dispatchDetachedFromWindow in doDie
07-20 01:49:43.456  1578  2760 I WindowManager: removeIfPossible: Window{8d85840 u0 AssistPreviewPanel} callers=com.android.server.wm.WindowState.removeIfPossible:2602 com.android.server.wm.WindowManagerService.removeWindow:2282 com.android.server.wm.Session.remove:179 android.view.IWindowSession$Stub.onTransact:702 com.android.server.wm.Session.onTransact:137 
07-20 01:49:43.457  1578  2760 I WindowManager: postWindowRemoveCleanupLocked: Window{8d85840 u0 AssistPreviewPanel}
07-20 01:49:43.457  1578  2760 I WindowManager: Removing Window{8d85840 u0 AssistPreviewPanel} from WindowToken{91537c3 android.os.BinderProxy@2e65c7d}
07-20 01:49:43.457  1578  2760 I WindowManager: removeWindowToken: displayid:0 binder:android.os.BinderProxy@2e65c7d token:WindowToken{91537c3 android.os.BinderProxy@2e65c7d}
07-20 01:49:43.459  1070 28923 I AGPService: aps-info: focus pkgName - org.hackintosh1980.espgrowcontroller, with 0 more apps
07-20 01:49:43.459  1070 28923 E AGPService: FrameRateManager: iaware strange app type: -1
07-20 01:49:43.459  1070 28923 I AGPService: FrameRateManager: aps-info: new pkgName - org.hackintosh1980.espgrowcontroller, type - -1
07-20 01:49:43.460  1070 28923 I AGPService: GpuPolicyManager: m_currentPkgName - org.hackintosh1980.espgrowcontroller
07-20 01:49:43.485  2037  2037 I ViewRootImpl: dispatchDetachedFromWindow in doDie
07-20 01:49:43.485  1578  2763 I WindowManager: removeIfPossible: Window{4093196 u0 DockedStackDivider} callers=com.android.server.wm.WindowState.removeIfPossible:2602 com.android.server.wm.WindowManagerService.removeWindow:2282 com.android.server.wm.Session.remove:179 android.view.IWindowSession$Stub.onTransact:702 com.android.server.wm.Session.onTransact:137 
07-20 01:49:43.486  1578  2763 I WindowManager: postWindowRemoveCleanupLocked: Window{4093196 u0 DockedStackDivider}
07-20 01:49:43.486  1578  2763 I WindowManager: Removing Window{4093196 u0 DockedStackDivider} from WindowToken{e02e8b1 android.os.BinderProxy@4c3dc3b}
07-20 01:49:43.486  1578  2763 I WindowManager: removeWindowToken: displayid:0 binder:android.os.BinderProxy@4c3dc3b token:WindowToken{e02e8b1 android.os.BinderProxy@4c3dc3b}
07-20 01:49:43.500  1578  2763 I WificondControl: Noise: -92, Snr: 32, Chload: -1, rssi: -56, txBitrate: 72, rxBitrate: 0, frequency: 2462, UlDelay: -1, currentTxBytes: 0, currentTxPackets: 515290, currentTxFailed: 757, currentRxBytes: 0, currentRxPackets: 768782
07-20 01:49:43.501  2037  2037 I PanelView1: notifyBarPanelExpansionChanged isPanelVisibleBecauseOfHeadsUp=false,mInstantExpanding=false,mTracking=false
07-20 01:49:43.501  2037  2037 I PanelView2: notifyBarPanelExpansionChanged mPeekAnimator is non null?false,mHeightAnimator is non null?false
07-20 01:49:43.502  2037  2037 I HwCtrlCtr: ControlCenterImpl: release control blur image!
07-20 01:49:43.502  2037  2037 I PanelView1: notifyBarPanelExpansionChanged isPanelVisibleBecauseOfHeadsUp=false,mInstantExpanding=false,mTracking=false
07-20 01:49:43.502  2037  2037 I PanelView2: notifyBarPanelExpansionChanged mPeekAnimator is non null?false,mHeightAnimator is non null?false
07-20 01:49:43.502  2037  2037 I HwCtrlCtr: ControlCenterImpl: release control blur image!
07-20 01:49:43.505  2880  5886 I VoWifiQoe_N: ProcessReqInfo ul_msgid=5
07-20 01:49:43.505  2880  5886 I VoWifiQoe_N: processReqInfo MSG_WIFI_SIGNAL_INFO_IND 
07-20 01:49:43.505  2880  5886 I VoWifiQoe_N: ProcessSignalInfoInd curStateIsIdle 0 
07-20 01:49:43.505  2880  5886 I VoWifiQoe_N: ProcessSignalInfoInd wifiInterruptFlg 1 enScreenState 1 curStateIsIdle 0
07-20 01:49:43.505  2880  5886 I VoWifiQoe_N: UpdateEvaluatePolicy EVALUATE_POLICY_RSSI
07-20 01:49:43.505  2880  5886 I VoWifiQoe_N: UpdateEvaluatePolicy phoneId 1 is not qoe started!
07-20 01:49:43.617  1578  1686 I PowerManagerService: handleSandman: wakefulness: 1,startDreaming: false
07-20 01:49:43.713  1578  2763 I WificondControl: Noise: -92, Snr: 32, Chload: -1, rssi: -56, txBitrate: 72, rxBitrate: 0, frequency: 2462, UlDelay: -1, currentTxBytes: 0, currentTxPackets: 515290, currentTxFailed: 757, currentRxBytes: 0, currentRxPackets: 768782
07-20 01:49:43.718  2880  5886 I VoWifiQoe_N: ProcessReqInfo ul_msgid=5
07-20 01:49:43.718  2880  5886 I VoWifiQoe_N: processReqInfo MSG_WIFI_SIGNAL_INFO_IND 
07-20 01:49:43.718  2880  5886 I VoWifiQoe_N: ProcessSignalInfoInd curStateIsIdle 0 
07-20 01:49:43.718  2880  5886 I VoWifiQoe_N: ProcessSignalInfoInd wifiInterruptFlg 1 enScreenState 1 curStateIsIdle 0
07-20 01:49:43.718  2880  5886 I VoWifiQoe_N: UpdateEvaluatePolicy EVALUATE_POLICY_RSSI
07-20 01:49:43.718  2880  5886 I VoWifiQoe_N: UpdateEvaluatePolicy phoneId 1 is not qoe started!
07-20 01:49:43.818  1578  1686 I PowerManagerService: handleSandman: wakefulness: 1,startDreaming: false
07-20 01:49:43.928  1578  4192 I WificondControl: Noise: -92, Snr: 32, Chload: -1, rssi: -56, txBitrate: 72, rxBitrate: 0, frequency: 2462, UlDelay: -1, currentTxBytes: 0, currentTxPackets: 515290, currentTxFailed: 757, currentRxBytes: 0, currentRxPackets: 768782
07-20 01:49:43.933  2880  5886 I VoWifiQoe_N: ProcessReqInfo ul_msgid=5
07-20 01:49:43.933  2880  5886 I VoWifiQoe_N: processReqInfo MSG_WIFI_SIGNAL_INFO_IND 
07-20 01:49:43.933  2880  5886 I VoWifiQoe_N: ProcessSignalInfoInd curStateIsIdle 0 
07-20 01:49:43.933  2880  5886 I VoWifiQoe_N: ProcessSignalInfoInd wifiInterruptFlg 1 enScreenState 1 curStateIsIdle 0
07-20 01:49:43.933  2880  5886 I VoWifiQoe_N: UpdateEvaluatePolicy EVALUATE_POLICY_RSSI
07-20 01:49:43.933  2880  5886 I VoWifiQoe_N: UpdateEvaluatePolicy phoneId 1 is not qoe started!
07-20 01:49:44.017  2262  2440 I HwPacketFilterBypass: isBypassAllowed not allowed reason: DATA_OFF
07-20 01:49:44.017  2262  2440 I HwPacketFilterBypass: kernelAddTrackUid uid:10677 allowed:false
07-20 01:49:44.025  2262  7426 I Booster_Qoe: AdaBoostPredict rlt,index:6,NisPsSlow:0,NProba:309,rsrp(rssi):-40,rsrq(noise):-60,rtt(chload):200,buffhigh(uldelay):0,buffcomm(rtt):0
07-20 01:49:44.026  2262  7426 I Booster_Qoe: AdaBoostPredict rlt,index:2,NisPsSlow:0,NProba:309,rsrp(rssi):-40,rsrq(noise):-60,rtt(chload):200,buffhigh(uldelay):0,buffcomm(rtt):0
07-20 01:49:44.027  2262  3431 I Hicom_Monitor: handleNetworkQoeReport. foregroundAppTcpRtt: 0, maxRatioChannelId: 2
07-20 01:49:44.027  2262  3431 I Hicom_Monitor: handleNetworkQoeReport. qoeString: 10677,4,0,309,1,2,4,0,309,0,0,10,10,0,0,0,0
07-20 01:49:44.027  1578  1961 I WiFi_PRO_WifiProStateMachine: APP_SERVICE_QOE_NOTIFY Qoe info 10677,4,0,309,1,2,4,0,309,0,0,10,10,0,0,0,0 CID 2 mMasterWifiRssi 0 mMasterCardAmbr 1048576 mSlaveCardAmbr 1048576
07-20 01:49:44.027  1578  1961 I HwWifiProServiceProxy: ctrlHwWifiNetwork pkgName: WIFIPRO_SERVICE interfaceId: 9
07-20 01:49:44.027  1578  1961 I WiFi_PRO_WifiProStateMachine: isWifi2WifiProcess = false, mIsNeedIgnoreQoeUpdate = false, mIsAppInBlacklist = false, mIsAppInBlacklistFullScreen = false, mIsWiFiNoInternet false, screen on = true, full screen = false, isLandscapeMode = true, mNotifyWifiLinkPoorReason = -1
07-20 01:49:44.027  1578  1961 I WiFi_PRO_WifiProStateMachine: mChannelQoeBadCnt = 0, mAppQoeBadCnt = 0, mNetworkSlowReason = 0, mNetworkSlowChannelBadCnt = 0
07-20 01:49:44.028  2262  7426 I Collector: HandleRawWifiInfo: flag:0, netId:0!
07-20 01:49:44.090 26955 27007 I python  : [INFO   ] [Factory     ] 195 symbols loaded
07-20 01:49:44.142  1578  4192 I WificondControl: Noise: -92, Snr: 31, Chload: -1, rssi: -56, txBitrate: 72, rxBitrate: 0, frequency: 2462, UlDelay: -1, currentTxBytes: 0, currentTxPackets: 515290, currentTxFailed: 757, currentRxBytes: 0, currentRxPackets: 768782
07-20 01:49:44.147  2880  5886 I VoWifiQoe_N: ProcessReqInfo ul_msgid=5
07-20 01:49:44.147  2880  5886 I VoWifiQoe_N: processReqInfo MSG_WIFI_SIGNAL_INFO_IND 
07-20 01:49:44.147  2880  5886 I VoWifiQoe_N: ProcessSignalInfoInd curStateIsIdle 0 
07-20 01:49:44.147  2880  5886 I VoWifiQoe_N: ProcessSignalInfoInd wifiInterruptFlg 1 enScreenState 1 curStateIsIdle 0
07-20 01:49:44.147  2880  5886 I VoWifiQoe_N: UpdateEvaluatePolicy EVALUATE_POLICY_RSSI
07-20 01:49:44.147  2880  5886 I VoWifiQoe_N: UpdateEvaluatePolicy phoneId 1 is not qoe started!
07-20 01:49:44.163   723   750 I PF_FREQ_GRP: [RecordLimitCmd:68] [CPU_B] start limit freq 682000 ~ 1863000
07-20 01:49:44.163   723   751 I PF_FREQ_GRP: [RecordLimitCmd:68] [GPU] start limit freq 237143000 ~ 332000000
07-20 01:49:44.163   723   750 W PF_SYS_WRAPPER: [SysOpenAndWriteStr:87] [CPU_B] 1863000 write to /sys/devices/system/cpu/cpu4/cpufreq/scaling_max_freq failed, errno=22 (Invalid argument) 
07-20 01:49:44.163   723   751 W PF_SYS_WRAPPER: [SysOpenAndWriteStr:87] [GPU] 332000000 write to /sys/class/devfreq/gpufreq/max_freq failed, errno=22 (Invalid argument) 
07-20 01:49:44.171  1143  9786 I Pged-IPgedBinderService: ****action is 2, pid num is 5***
07-20 01:49:44.171  1143  9786 I Pged-Freezer: thawPids
07-20 01:49:44.218  1578  1861 I NetworkPolicy: updateRuleForRestrictBackgroundUL(10078): isForeground=false, isBlacklisted=false, isWhitelisted=true, isRestrictedByAdmin=false, oldRule=1 (ALLOW_METERED|NONE), newRule=0 (NONE), newUidRules=0 (NONE), oldUidRules=1 (ALLOW_METERED|NONE), mRestrictBackground=false
07-20 01:49:44.357 26955 26955 W SDLThread: type=1400 audit(0.0:112509): avc: granted { execute } for pid=26955 path="/data/data/org.hackintosh1980.espgrowcontroller/files/app/_python_bundle/site-packages/kivy/graphics/instructions.so" dev="sdd70" ino=53836 scontext=u:r:untrusted_app:s0:c165,c258,c512,c768 tcontext=u:object_r:app_data_file:s0:c165,c258,c512,c768 tclass=file
07-20 01:49:44.361 26955 26955 W SDLThread: type=1400 audit(0.0:112510): avc: granted { execute } for pid=26955 path="/data/data/org.hackintosh1980.espgrowcontroller/files/app/_python_bundle/site-packages/kivy/graphics/buffer.so" dev="sdd70" ino=10665 scontext=u:r:untrusted_app:s0:c165,c258,c512,c768 tcontext=u:object_r:app_data_file:s0:c165,c258,c512,c768 tclass=file
07-20 01:49:44.361 26955 26955 W SDLThread: type=1400 audit(0.0:112511): avc: granted { execute } for pid=26955 path="/data/data/org.hackintosh1980.espgrowcontroller/files/app/_python_bundle/site-packages/kivy/graphics/vertex.so" dev="sdd70" ino=70924 scontext=u:r:untrusted_app:s0:c165,c258,c512,c768 tcontext=u:object_r:app_data_file:s0:c165,c258,c512,c768 tclass=file
07-20 01:49:44.363  1578  1863 I WificondControl: Noise: -92, Snr: 31, Chload: -1, rssi: -56, txBitrate: 72, rxBitrate: 0, frequency: 2462, UlDelay: -1, currentTxBytes: 0, currentTxPackets: 515290, currentTxFailed: 757, currentRxBytes: 0, currentRxPackets: 768782
