07-20 01:47:12.326 27313 27313 W e0      : 	at android.app.servertransaction.TransactionExecutor.executeCallbacks(TransactionExecutor.java:149)
07-20 01:47:12.326 27313 27313 W e0      : 	at android.app.servertransaction.TransactionExecutor.execute(TransactionExecutor.java:103)
07-20 01:47:12.326 27313 27313 W e0      : 	at android.app.ActivityThread$H.handleMessage(ActivityThread.java:2613)
07-20 01:47:12.326 27313 27313 W e0      : 	at android.os.Handler.dispatchMessage(Handler.java:110)
07-20 01:47:12.326 27313 27313 W e0      : 	at android.os.Looper.loop(Looper.java:219)
07-20 01:47:12.326 27313 27313 W e0      : 	at android.app.ActivityThread.main(ActivityThread.java:8668)
07-20 01:47:12.326 27313 27313 W e0      : 	at java.lang.reflect.Method.invoke(Native Method)
07-20 01:47:12.326 27313 27313 W e0      : 	at com.android.internal.os.RuntimeInit$MethodAndArgsCaller.run(RuntimeInit.java:513)
07-20 01:47:12.326 27313 27313 W e0      : 	at com.android.internal.os.ZygoteInit.main(ZygoteInit.java:1109)
07-20 01:47:12.341 25929 25929 E pgrowcontrolle: Invalid ID 0x00000000.
07-20 01:47:12.341 25929 25929 I Resource: printErrorResource, maybe not an error because module has entative action to load resource.
07-20 01:47:12.341 25929 25929 I Resources_debug: The apk asset path = ApkAssets{path=/system/framework/framework-res.apk}
07-20 01:47:12.341 25929 25929 I Resources_debug: The apk asset path = ApkAssets{path=/system/framework/framework-res-hwext.apk}
07-20 01:47:12.341 25929 25929 I Resources_debug: The apk asset path = ApkAssets{path=/preas/oversea/overlay/GmsConfigOverlay.apk}
07-20 01:47:12.341 25929 25929 I Resources_debug: The apk asset path = ApkAssets{path=/preas/oversea/overlay/GmsGsaConfigOverlay.apk}
07-20 01:47:12.341 25929 25929 I Resources_debug: The apk asset path = ApkAssets{path=/preas/oversea/overlay/GoogleExtServicesConfigOverlay.apk}
07-20 01:47:12.342 25929 25929 I Resources_debug: The apk asset path = ApkAssets{path=/preas/oversea/overlay/GoogleModuleMetadataConfigOverlay.apk}
07-20 01:47:12.342 25929 25929 I Resources_debug: The apk asset path = ApkAssets{path=/preas/oversea/overlay/GooglePermissionControllerConfigOverlay.apk}
07-20 01:47:12.342 25929 25929 I Resources_debug: The apk asset path = ApkAssets{path=/hw_product/overlay/frameworkResOverlay.apk}
07-20 01:47:12.342 25929 25929 I Resources_debug: The apk asset path = ApkAssets{path=/data/app/org.hackintosh1980.espgrowcontroller-JF_HUkTokQZKiVSVWSpdbw==/base.apk}
07-20 01:47:12.343   732   935 W BufferQueueProducer: [GestureNavLeft#0]:1390: disconnect: not connected (req=1)
07-20 01:47:12.343  1578  1970 W libEGL  : EGLNativeWindowType 0x6fd8b95f50 disconnect failed
07-20 01:47:12.344  1578  2178 I WificondControl: Noise: -89, Snr: 32, Chload: -1, rssi: -55, txBitrate: 72, rxBitrate: 0, frequency: 2462, UlDelay: -1, currentTxBytes: 0, currentTxPackets: 512751, currentTxFailed: 757, currentRxBytes: 0, currentRxPackets: 766880
07-20 01:47:12.349  2880  5886 I VoWifiQoe_N: ProcessReqInfo ul_msgid=5
07-20 01:47:12.349  2880  5886 I VoWifiQoe_N: processReqInfo MSG_WIFI_SIGNAL_INFO_IND 
07-20 01:47:12.349  2880  5886 I VoWifiQoe_N: ProcessSignalInfoInd curStateIsIdle 0 
07-20 01:47:12.349  2880  5886 I VoWifiQoe_N: ProcessSignalInfoInd wifiInterruptFlg 1 enScreenState 1 curStateIsIdle 0
07-20 01:47:12.349  2880  5886 I VoWifiQoe_N: UpdateEvaluatePolicy EVALUATE_POLICY_RSSI
07-20 01:47:12.349  2880  5886 I VoWifiQoe_N: UpdateEvaluatePolicy phoneId 1 is not qoe started!
07-20 01:47:12.351   732   935 W BufferQueueProducer: [GestureNavRight#0]:1390: disconnect: not connected (req=1)
07-20 01:47:12.351  1578  1970 W libEGL  : EGLNativeWindowType 0x6feb232650 disconnect failed
07-20 01:47:12.352  1578  4549 I WindowManager: dispatchResized : win = Window{31144b3 u0 NavigationBar0} drawState = DRAW_PENDING
07-20 01:47:12.355  2635  3724 I ScenarioService: refresh visibleApp:[org.hackintosh1980.espgrowcontroller]
07-20 01:47:12.355  2635  3724 I PGServer: report state:14 event type:1 pid:-1 uid:-1 pkg:org.hackintosh1980.espgrowcontroller to pid: 2635
07-20 01:47:12.355  2635  3724 I ApsAppsTypeHandler: APS: APK: ApsAppsTypeHandler.getInstance, sInstance = com.huawei.android.hwaps.o@146cb66
07-20 01:47:12.355  2635  3724 I PF_API_JNI: ACCKIT_APS_NotifyInfo 3: org.hackintosh1980.espgrowcontroller
07-20 01:47:12.355  2635  3885 I PG_ash  : com.huawei.android.launcher become invisible
07-20 01:47:12.365 27313 27313 W e0      : selectionUpdated event aborted
07-20 01:47:12.365 27313 27313 W e0      : fc0.b0: Could not create selection changed event
07-20 01:47:12.365 27313 27313 W e0      : 	at ar.r.g(Unknown Source:64)
07-20 01:47:12.365 27313 27313 W e0      : 	at fc0.e0.w0(Unknown Source:278)
07-20 01:47:12.365 27313 27313 W e0      : 	at fc0.e0.f(Unknown Source:760)
07-20 01:47:12.365 27313 27313 W e0      : 	at ob0.f0.e(Unknown Source:593)
07-20 01:47:12.365 27313 27313 W e0      : 	at n70.x.onConfigurationChanged(Unknown Source:244)
07-20 01:47:12.365 27313 27313 W e0      : 	at n70.i3.onConfigurationChanged(Unknown Source:4)
07-20 01:47:12.365 27313 27313 W e0      : 	at com.touchtype.KeyboardService.onConfigurationChanged(Unknown Source:9)
07-20 01:47:12.365 27313 27313 W e0      : 	at android.app.ActivityThread.performConfigurationChanged(ActivityThread.java:6411)
07-20 01:47:12.365 27313 27313 W e0      : 	at android.app.ActivityThread.handleConfigurationChanged(ActivityThread.java:6644)
07-20 01:47:12.365 27313 27313 W e0      : 	at android.app.ActivityThread.handleConfigurationChanged(ActivityThread.java:6550)
07-20 01:47:12.365 27313 27313 W e0      : 	at android.app.servertransaction.ConfigurationChangeItem.execute(ConfigurationChangeItem.java:42)
07-20 01:47:12.365 27313 27313 W e0      : 	at android.app.servertransaction.TransactionExecutor.executeCallbacks(TransactionExecutor.java:149)
07-20 01:47:12.365 27313 27313 W e0      : 	at android.app.servertransaction.TransactionExecutor.execute(TransactionExecutor.java:103)
07-20 01:47:12.365 27313 27313 W e0      : 	at android.app.ActivityThread$H.handleMessage(ActivityThread.java:2613)
07-20 01:47:12.365 27313 27313 W e0      : 	at android.os.Handler.dispatchMessage(Handler.java:110)
07-20 01:47:12.365 27313 27313 W e0      : 	at android.os.Looper.loop(Looper.java:219)
07-20 01:47:12.365 27313 27313 W e0      : 	at android.app.ActivityThread.main(ActivityThread.java:8668)
07-20 01:47:12.365 27313 27313 W e0      : 	at java.lang.reflect.Method.invoke(Native Method)
07-20 01:47:12.365 27313 27313 W e0      : 	at com.android.internal.os.RuntimeInit$MethodAndArgsCaller.run(RuntimeInit.java:513)
07-20 01:47:12.365 27313 27313 W e0      : 	at com.android.internal.os.ZygoteInit.main(ZygoteInit.java:1109)
07-20 01:47:12.371 25929 25929 I DecorView[]: pkgName:org.hackintosh1980.espgrowcontroller old windowMode:0 new windoMode:1, isFixedSize:false
07-20 01:47:12.374  1578  1686 I PowerManagerService: handleSandman: wakefulness: 1,startDreaming: false
07-20 01:47:12.387  2037  2037 E QS      : setExpanded: should not be here!
07-20 01:47:12.387   732  1641 W BufferQueueProducer: [NavigationBar0#0]:1390: disconnect: not connected (req=1)
07-20 01:47:12.387  2037  2404 W libEGL  : EGLNativeWindowType 0x6ff42d8a10 disconnect failed
07-20 01:47:12.388  2037  2037 I KeyButtonDrawable: setDrawableBounds:2
07-20 01:47:12.390  2037  2037 I KeyButtonDrawable: setDrawableBounds:2
07-20 01:47:12.397 25929 25929 I HwPartPowerOfficeFactory: add HwPartPowerOfficeFactoryImpl to memory.
07-20 01:47:12.398  1578  2178 I HwPCUtils#HwRioViewManager: check if rio enable, displayId = 0， packageName = org.hackintosh1980.espgrowcontroller
07-20 01:47:12.403  2037  2037 I chatty  : uid=10065(com.huawei.magazine) com.android.systemui identical 1 line
07-20 01:47:12.404  1578  4549 E WindowManager: App trying to use insecure INPUT_FEATURE_NO_INPUT_CHANNEL flag. Ignoring
07-20 01:47:12.405  1578  4549 I WindowManager: addWindow: Window{b634bdf u0 org.hackintosh1980.espgrowcontroller/org.kivy.android.PythonActivity} client:android.os.BinderProxy@7714a7e currentDisplayId:0 requestDisplayId:0 token:Token{2b62e15 ActivityRecord{e4ce1ff u0 org.hackintosh1980.espgrowcontroller/org.kivy.android.PythonActivity t8782}}
07-20 01:47:12.408  1578  2706 I HwPCUtils#HwRioViewManager: check if rio enable, displayId = 0， packageName = com.android.systemui
07-20 01:47:12.409 25929 25929 I RmeSchedManager: init Rme, version is: v1.0
07-20 01:47:12.409 25929 25929 I RtgSchedEvent: current pid:25929 AppType:-1
07-20 01:47:12.409  1578  1668 I HwAudioServiceEx: ComponentInfo : className = org.kivy.android.PythonActivity, flag = onResume, isHomeActivity = , isTop = true
07-20 01:47:12.409  1578  1891 W HwAudioServiceEx: SoundEffectState bundle get reserved is invalid
07-20 01:47:12.410  1578  2706 I WindowManager: addWindowToken: displayid:0 binder:android.os.BinderProxy@7df702c token:WindowToken{bd3908a android.os.BinderProxy@7df702c}
07-20 01:47:12.411  1578  2706 E WindowManager: App trying to use insecure INPUT_FEATURE_NO_INPUT_CHANNEL flag. Ignoring
07-20 01:47:12.412  1578  2706 I WindowManager: addWindow: Window{3dac6fb u0 AssistPreviewPanel} client:android.os.BinderProxy@c585af5 currentDisplayId:0 requestDisplayId:0 token:android.os.BinderProxy@7df702c
07-20 01:47:12.413  2037  2037 W StatusBar: disable<e i a s b h r c s > disable2<q i n >
07-20 01:47:12.413  2037  2037 I HwQsUtils: config changed, use new width: 536872064
07-20 01:47:12.414  2262 29590 I Hicom_Monitor: mActivityNotifierEx, className = org.kivy.android.PythonActivity, uid = 10677
07-20 01:47:12.415  4633  1500 I CAWARENESS_AppUsageManager: onEvent, packageName=org.hackintosh1980.espgrowcontroller, activityName=org.kivy.android.PythonActivity
07-20 01:47:12.415  2262  2440 E DollieAdapterService: notifyActivityState pkg:org.hackintosh1980.espgrowcontroller/org.kivy.android.PythonActivity state:2 fg:true mUid:10677
07-20 01:47:12.416  2262  2440 I ConnCureStateMonitor: handleMessage: msg[2]
07-20 01:47:12.416  2262  2440 I HwPacketFilterBypass: handleActivityUidStateChanged uid:10677 -1 foreground:1
07-20 01:47:12.416  2262  2440 I OllieMsgCenter: publishEvt=2135097351
07-20 01:47:12.416  2262  2440 I NetworkQoeChr: checkForegroundApp timer end
07-20 01:47:12.416  2262  2440 E Booster_NetworkQoe: [checkModemParaCollecEnable]checkModemParaCollecEnable: false,mNetworkQoeConditions=254
07-20 01:47:12.417  2533 25906 I HiAdKit.DC.RedirectionAppSwitchEvent:  switch is off
07-20 01:47:12.417  2533 25906 I HiAdKit.DC.LiteAppPageSwitchEvent:  switch is off
07-20 01:47:12.417  2533 25906 I HiAdKit.DC.PageSwitchEvent:  switch is off
07-20 01:47:12.417  2533 25906 I HiAdKit.DC.PaymentPageSwitchEvent:  switch is off
07-20 01:47:12.417  4633  1500 I CAWARENESS_AbilityContext: [1784504860466] publishing {dataId=100000006, mode=0}
07-20 01:47:12.417  4633  1500 I CAWARENESS_AbilityContext: [1784504860466] deliver {dataId=100000006, mode=0} to 5 receivers
07-20 01:47:12.426  2262  7426 I Collector: HandleRawWifiInfo: flag:0, netId:0!
07-20 01:47:12.426  2262  2440 I OllieMsgCenter: publishEvt=2130771969
07-20 01:47:12.426  2262  7426 I Collector: HandleRawWifiInfo: flag:0, netId:0!
07-20 01:47:12.426  2262  2440 I OllieMsgCenter: publishEvt=2130771985
07-20 01:47:12.427  2262  2440 I SpeedTestNotifier: Speed test app is back Activity
07-20 01:47:12.427  2037  2333 I MobileSignalController: copyFrom::dataConnected = false
07-20 01:47:12.427  2037  2333 I MobileSignalController: copyFrom::dataConnected = false
07-20 01:47:12.427  2262  2440 I SmartDualCardConfig: getAppType,pkgName=org.hackintosh1980.espgrowcontroller,appType=-1
07-20 01:47:12.427  2262  2440 E SmartDualCardConfig: isAppInBlackList false,items==null
07-20 01:47:12.427  2262  2440 I PowerMsgAdapter: addUidChanged uid: 10677
07-20 01:47:12.428  2262  2440 E Booster_MatterAppRecommend: [isMatterPackage]invalid mMatterPackagesConfig
07-20 01:47:12.428  2262  2440 I OllieMsgCenter: publishEvt=2134966274
07-20 01:47:12.428  2262  2440 I OllieMsgCenter: publishEvt=2135097350
07-20 01:47:12.433  1578  4549 I HwPCUtils#HwRioViewManager: check if rio enable, displayId = 0， packageName = com.android.systemui
07-20 01:47:12.434  1578  4549 I WindowManager: addWindowToken: displayid:0 binder:android.os.BinderProxy@de96318 token:WindowToken{3622b56 android.os.BinderProxy@de96318}
07-20 01:47:12.435  1578  4549 E WindowManager: App trying to use insecure INPUT_FEATURE_NO_INPUT_CHANNEL flag. Ignoring
07-20 01:47:12.437  1578  4549 I WindowManager: addWindow: Window{484d7d7 u0 DockedStackDivider} client:android.os.BinderProxy@520b171 currentDisplayId:0 requestDisplayId:0 token:android.os.BinderProxy@de96318
07-20 01:47:12.440  2037  2037 I HwImageWallpaper: onConfigurationChanged
07-20 01:47:12.440  1070 28923 I AGPService: aps-info: get max lcd freq: 60, list: 60
07-20 01:47:12.440  2037  2037 I HwImageWallpaper: APS:APK:getLcdFreqInfoFromAgp: result = 60
07-20 01:47:12.441  1578  4549 I WindowManager: Policy visibility false: Window{484d7d7 u0 DockedStackDivider}
07-20 01:47:12.442  1578  4549 I WindowManager: Policy visibility false: Window{a2d55cc u0 StatusBar}
07-20 01:47:12.442  1578  1657 I StatusBarDisable: setFlags what=0 which=1 pkg=Window{b634bdf u0 org.hackintosh1980.espgrowcontroller/org.kivy.android.PythonActivity}
07-20 01:47:12.447   732   935 W BufferQueueProducer: [NavigationBar0#0]:1390: disconnect: not connected (req=1)
07-20 01:47:12.447  2037  2404 W libEGL  : EGLNativeWindowType 0x6fbee83510 disconnect failed
07-20 01:47:12.464   484   484 E SELinux : avc:  denied  { find } for interface=vendor.huawei.hardware.sensors::ISensors sid=u:r:untrusted_app:s0:c165,c258,c512,c768 pid=25929 scontext=u:r:untrusted_app:s0:c165,c258,c512,c768 tcontext=u:object_r:default_hisi_hwservice:s0 tclass=hwservice_manager permissive=0
07-20 01:47:12.471 25929 25929 I PythonActivity: Surface will NOT be transparent
07-20 01:47:12.476 25929 25929 I DecorView[]: pkgName:org.hackintosh1980.espgrowcontroller old windowMode:1 new windoMode:1, isFixedSize:false
07-20 01:47:12.482  1578  2706 I WindowManager: Changing focus from null to Window{b634bdf u0 org.hackintosh1980.espgrowcontroller/org.kivy.android.PythonActivity} displayId=0 Callers=com.android.server.wm.RootWindowContainer.updateFocusedWindowLocked:209 com.android.server.wm.WindowManagerService.updateFocusedWindowLocked:6517 com.android.server.wm.WindowManagerService.relayoutWindow:2813 com.android.server.wm.Session.relayout:197 
07-20 01:47:12.483  1578  2706 I HwDisplayContentEx: currentFocus windowstate not null
07-20 01:47:12.483  1578  2706 I HwDisplayContentEx: trans currentFocus windowstate not null
07-20 01:47:12.483  2037 15256 I HwCommandQueue: updateBarBgColor
07-20 01:47:12.494 25554 25554 I DEVMGR_KillPhoneServiceManager: 1600105320|R|I|Try to kill health enter
07-20 01:47:12.494 25554 25554 I DEVMGR_KillPhoneServiceManager: 1600105320|R|I|Try to kill health after 10 seconds
07-20 01:47:12.495  1578  2629 I SensorService: createSensorEventConnection begin
07-20 01:47:12.495  1578  2629 I SensorService: SensorEventConnection begin
07-20 01:47:12.495  1578  2629 I SensorService: SensorEventConnection end
07-20 01:47:12.495  1578  2629 I SensorService: createSensorEventConnection end
07-20 01:47:12.496  1578  2711 I SensorService: enable begin
07-20 01:47:12.496  1578  2711 I SensorService: batch begin
07-20 01:47:12.496  1155  1155 E Sensors@1.2-impl: Sensors::batch: sensorHandle: 0, samplingPeriodNs: 20000000, maxReportLatencyNs: 0
07-20 01:47:12.496  1155  1155 I Sensors@1.2-impl: IsConfigParamNeedUpdate: service: 1578, sensor: 0, first set config, create it
07-20 01:47:12.496  1155  1155 I Sensors@1.2-impl: SetReportConfig: the sensor not find, create it
07-20 01:47:12.496  1155  1155 I Sensors@1.2-impl: GetSensorConfig: sensor: 0, Can't get param
07-20 01:47:12.496  1155  1155 I Sensors@1.2-impl: GetSensorConfig: sensor: 0, Can't get param
07-20 01:47:12.496  1155  1155 I Sensors@1.2-impl: JudgeOptimizeConfig: sensor: 0, oldPeriod: 0, initPeroid: 20000000
07-20 01:47:12.496  1155  1155 I Sensors@1.2-impl: SetOptimizeConfig: sensor: 0 first setconfig, create it
07-20 01:47:12.496  1155  1155 I Sensors@1.2-impl: GetSampleFifoConfig: sensor: 0, period: 20000000, reportDelay: 0
07-20 01:47:12.496  1155  1155 I SensorHub: batch called handle:0 sampleNs:20000000 latencyNs:0
07-20 01:47:12.496  2635  3724 I SensorState: sensor:0 name:accelerometer enable:true uid:10677
07-20 01:47:12.496  1155  1155 I SensorHub: in Batch, handle = 0, flags = 0, periodNs = 20000000, timeout = 0
07-20 01:47:12.497  2635  3724 I PGServer: report state:4 event type:1 pid:0 uid:10677 pkg:null to pid: 1578
07-20 01:47:12.497  2635  3724 I SensorState: addSensor,mHandles:{0=1}
07-20 01:47:12.497  1578  2711 I SensorService: batch end
07-20 01:47:12.497  1578  2711 I SensorService: enableSensor handle:0, packageName:org.libsdl.app.SDLSurface, opPackageName:org.hackintosh1980.espgrowcontroller , rate=20000000
07-20 01:47:12.497  1578  2711 I SensorService: enable activate begin
07-20 01:47:12.497  1155  1155 I Sensors@1.2-impl: activate-0 enabled-1 fwkOals-1 camOals-0 fwkOcolor-0 camOcolor-0 fwkOtof-0 camOtof-0
07-20 01:47:12.497  1155  1155 I Sensors@1.2-impl: GetTotalOpenCnt: The sensor haven't open
07-20 01:47:12.497  1155  1155 I Sensors@1.2-impl: IsOpenNeedUpdate: service: 1578, sensor: 0, open: 1, openCnt: 0
07-20 01:47:12.497  1155  1155 I SensorHub: Activate, handle: 0, enabled:1, err: 0
07-20 01:47:12.497  1578  2711 I SensorService: enable activate end
07-20 01:47:12.497  1578  2711 I SensorService: enable end
07-20 01:47:12.499 25929 25983 I python  : Initializing Python for Android
07-20 01:47:12.499 25929 25983 I python  : Setting additional env vars from p4a_env_vars.txt
07-20 01:47:12.499 25929 25983 I python  : Changing directory to the one provided by ANDROID_ARGUMENT
07-20 01:47:12.499 25929 25983 I python  : /data/user/0/org.hackintosh1980.espgrowcontroller/files/app
07-20 01:47:12.499 25929 25983 I python  : Preparing to initialize python
07-20 01:47:12.499 25929 25983 I python  : _python_bundle dir exists
07-20 01:47:12.499 25929 25983 I python  : calculated paths to be...
07-20 01:47:12.499 25929 25983 I python  : /data/user/0/org.hackintosh1980.espgrowcontroller/files/app/_python_bundle/stdlib.zip:/data/user/0/org.hackintosh1980.espgrowcontroller/files/app/_python_bundle/modules
07-20 01:47:12.499 25929 25983 I python  : set wchar paths...
07-20 01:47:12.507   634  9753 I netd    : trafficSwapActiveStatsMap() <25.27ms>
07-20 01:47:12.507   484   484 I hwservicemanager: getTransport: Cannot find entry android.hardware.graphics.mapper@3.0::IMapper/default in either framework or device manifest.
07-20 01:47:12.507 25929 25958 W Gralloc3: mapper 3.x is not supported
07-20 01:47:12.510 25617 25685 I HAF_HandlerCenter: 1600105320|R|I|remove TaskHandler{handlerKey=com.huawei.health, prefix=bundle_, idleTime=60000, HC=22600122, TH=130894565}, size=0
07-20 01:47:12.514 25554 25616 I HAF_HandlerCenter: 1600105320|R|I|remove TaskHandler{handlerKey=SplitInstallService, idleTime=60000, HC=131265420, TH=7291071}, size=0
07-20 01:47:12.517 25929 25929 W SDLThread: type=1400 audit(0.0:112305): avc: granted { execute } for pid=25929 path="/data/data/org.hackintosh1980.espgrowcontroller/files/app/_python_bundle/modules/zlib.cpython-311.so" dev="sdd70" ino=36010 scontext=u:r:untrusted_app:s0:c165,c258,c512,c768 tcontext=u:object_r:app_data_file:s0:c165,c258,c512,c768 tclass=file
07-20 01:47:12.523 25929 25929 I HwViewRootImpl: removeInvalidNode jank list is null
07-20 01:47:12.529   634  9753 I netd    : trafficSwapActiveStatsMap() <16.48ms>
07-20 01:47:12.530  1578  1660 I WindowManager: dispatchResized : win = Window{b634bdf u0 org.hackintosh1980.espgrowcontroller/org.kivy.android.PythonActivity} drawState = DRAW_PENDING
07-20 01:47:12.532 25929 25983 I python  : Initialized python
07-20 01:47:12.532 25929 25983 I python  : AND: Init threads
07-20 01:47:12.532 25929 25983 I python  : testing python print redirection
07-20 01:47:12.534 25929 25929 I DecorView[]: pkgName:org.hackintosh1980.espgrowcontroller old windowMode:1 new windoMode:1, isFixedSize:false
07-20 01:47:12.534 25929 25983 I python  : Android path ['.', '/data/user/0/org.hackintosh1980.espgrowcontroller/files/app/_python_bundle/stdlib.zip', '/data/user/0/org.hackintosh1980.espgrowcontroller/files/app/_python_bundle/modules', '/data/user/0/org.hackintosh1980.espgrowcontroller/files/app/_python_bundle/site-packages']
07-20 01:47:12.534 25929 25983 I python  : os.environ is environ({'PATH': '/sbin:/system/sbin:/product/bin:/apex/com.android.runtime/bin:/system/bin:/system/xbin:/odm/bin:/vendor/bin:/vendor/xbin', 'ANDROID_BOOTLOGO': '1', 'ANDROID_ROOT': '/system', 'ANDROID_ASSETS': '/system/app', 'ANDROID_DATA': '/data', 'ANDROID_STORAGE': '/storage', 'ANDROID_RUNTIME_ROOT': '/apex/com.android.runtime', 'ANDROID_TZDATA_ROOT': '/apex/com.android.tzdata', 'EXTERNAL_STORAGE': '/sdcard', 'ASEC_MOUNTPOINT': '/mnt/asec', 'BOOTCLASSPATH': '/apex/com.android.runtime/javalib/core-oj.jar:/apex/com.android.runtime/javalib/core-libart.jar:/apex/com.android.runtime/javalib/okhttp.jar:/apex/com.android.runtime/javalib/bouncycastle.jar:/apex/com.android.runtime/javalib/apache-xml.jar:/system/framework/framework.jar:/system/framework/ext.jar:/system/framework/telephony-common.jar:/system/framework/voip-common.jar:/system/framework/ims-common.jar:/system/framework/android.test.base.jar:/system/framework/featurelayer-widget.jar:/system/framework/hwEmui.jar:/system/framework/hwPartBasicplatform.jar:/system/framework/telephony-separated.jar:/system/framework/hwTelephony-common.jar:/system/framework/hwPartTelephony.jar:/system/framework/hwPartTelephonyVSim.jar:/system/framework/hwPartTelephonyCust.jar:/system/framework/hwPartTelephonyFullnetworkOpt.jar:/system/framework/hwPartTelephonyTimezoneOpt.jar:/system/framework/hwPartTelephonyOpt.jar:/system/framework/hwPartSecurity.jar:/system/framework/hwPartSecurityFaceId.jar:/system/framework/hwIms-common.jar:/system/framework/hwPartMedia.jar:/system/framework/hwPartConnectivity.jar:/system/framework/hwPartPowerOffice.jar:/system/framework/hwPartDeviceVirtualization.jar:/system/framework/hwPartAirSharing.jar:/system/framework/hwPartDefaultDFR.jar:/system/framework/hwPartDFR.jar:/system/framework/hwPartMagicWindow.jar:/system/framework/hwPartIaware.jar:/system/framework/hwPartMdm.jar:/system/framework/hwPartVr.jar:/system/framework/hwframework.jar:/system/framework/com.huawei.nfc.jar:/system/framework/org.ifaa.android.manager.jar:/system/framework/hwperf.jar:/system/framework/hwcustEmui.jar:/system/framework/hwcustframework.jar:/system/framework/servicehost.jar:/system/framework/hwcustIms-common.jar:/system/framework/hwcustTelephony-common.jar:/system/framework/hwIAwareAL.jar:/system/framework/zframework.z.jar:/apex/com.android.conscrypt/javalib/conscrypt.jar:/apex/com.android.media/javalib/updatable-media.jar', 'DEX2OATBOOTCLASSPATH': '/apex/com.android.runtime/javalib/core-oj.jar:/apex/com.android.runtime/javalib/core-libart.jar:/apex/com.android.runtime/javalib/okhttp.jar:/apex/com.android.runtime/javalib/bouncycastle.jar:/apex/com.android.runtime/javalib/apache-xml.jar:/system/framework/framework.jar:/system/framework/ext.jar:/system/framework/telephony-common.jar:/system/framework/voip-common.jar:/system/framework/ims-common.jar:/system/framework/android.test.base.jar:/system/framework/featurelayer-widget.jar:/system/framework/hwEmui.jar:/system/framework/hwPartBasicplatform.jar:/system/framework/telephony-separated.jar:/system/framework/hwTelephony-common.jar:/system/framework/hwPartTelephony.jar:/system/framework/hwPartTelephonyVSim.jar:/system/framework/hwPartTelephonyCust.jar:/system/framework/hwPartTelephonyFullnetworkOpt.jar:/system/framework/hwPartTelephonyTimezoneOpt.jar:/system/framework/hwPartTelephonyOpt.jar:/system/framework/hwPartSecurity.jar:/system/framework/hwPartSecurityFaceId.jar:/system/framework/hwIms-common.jar:/system/framework/hwPartMedia.jar:/system/framework/hwPartConnectivity.jar:/system/framework/hwPartPowerOffice.jar:/system/framework/hwPartDeviceVirtualization.jar:/system/framework/hwPartAirSharing.jar:/system/framework/hwPartDefaultDFR.jar:/system/framework/hwPartDFR.jar:/system/framework/hwPartMagicWindow.jar:/system/framework/hwPartIaware.jar:/system/framework/hwPartMdm.jar:/system/framework/hwPartVr.jar:/system/framework/hwframework.jar:/system/framework/com.huawei.nfc.jar:/system/framework/org.ifaa.android.manager.jar:/system/framework/hwperf.jar:/system/framework/hwcustEmui.jar:/
07-20 01:47:12.534 25929 25983 I python  : Android kivy bootstrap done. __name__ is __main__
07-20 01:47:12.534 25929 25983 I python  : AND: Ran string
07-20 01:47:12.534 25929 25983 I python  : Run user program, change dir and execute entrypoint
07-20 01:47:12.534 25929 25983 I python  : [PERF] ===== STARTUP DIAGNOSTIC INITIALIZED =====
07-20 01:47:12.539  1578  2711 I WindowManager: dispatchResized : win = Window{b634bdf u0 org.hackintosh1980.espgrowcontroller/org.kivy.android.PythonActivity} drawState = DRAW_PENDING
07-20 01:47:12.539  1578  1657 I StatusBarDisable: setFlags what=0 which=1 pkg=Window{b634bdf u0 org.hackintosh1980.espgrowcontroller/org.kivy.android.PythonActivity}
07-20 01:47:12.545  1061  6849 I iked    : [INFO]: ikev2.c:305: ikev2_periodic_task()
07-20 01:47:12.546  2037  2037 W StatusBar: disable<e i a s b h r c s > disable2<q i n >
07-20 01:47:12.552  1578  1672 I ActivityTaskManager: Displayed org.hackintosh1980.espgrowcontroller/org.kivy.android.PythonActivity: +505ms
07-20 01:47:12.567 25929 25929 W InputMethodManager: startInputReason = 1
07-20 01:47:12.568 25929 25929 W HwRemoteInputMethodManager: isCasting false because IHwDistributedWindowManager is invalid.
07-20 01:47:12.569  1578  4549 I WificondControl: Noise: -89, Snr: 32, Chload: -1, rssi: -55, txBitrate: 72, rxBitrate: 0, frequency: 2462, UlDelay: -1, currentTxBytes: 0, currentTxPackets: 512751, currentTxFailed: 757, currentRxBytes: 0, currentRxPackets: 766880
07-20 01:47:12.576  2880  5886 I VoWifiQoe_N: ProcessReqInfo ul_msgid=5
07-20 01:47:12.576  2880  5886 I VoWifiQoe_N: processReqInfo MSG_WIFI_SIGNAL_INFO_IND 
07-20 01:47:12.576  2880  5886 I VoWifiQoe_N: ProcessSignalInfoInd curStateIsIdle 0 
07-20 01:47:12.576  2880  5886 I VoWifiQoe_N: ProcessSignalInfoInd wifiInterruptFlg 1 enScreenState 1 curStateIsIdle 0
07-20 01:47:12.576  2880  5886 I VoWifiQoe_N: UpdateEvaluatePolicy EVALUATE_POLICY_RSSI
07-20 01:47:12.576  2880  5886 I VoWifiQoe_N: UpdateEvaluatePolicy phoneId 1 is not qoe started!
07-20 01:47:12.580 25929 25929 W InputMethodManager: startInputReason = 5
07-20 01:47:12.586  2037  2037 I HwCtrlCtr: ControlCenterImpl: release control blur image!
07-20 01:47:12.590 27313 27331 W chtype.swiftke: Reducing the number of considered missed Gc histogram windows from 279 to 100
07-20 01:47:12.592  2037  2037 I HwHeadsUpTransitionControllerImpl: abortTransition: mTransitionView=null;mIsWaitingFloatWindow=false
07-20 01:47:12.594  1172  1383 W ScreemCommon: CLICK_START_APP: JL_APP_LAUNCHING_END and JL_EVENT_CLICK_UP too long| span:70483 > A(10000), A
07-20 01:47:12.594  1172  1383 E ScreemCommon: <LOGMGR> <SetLogFilterReason> [not the beta version, no need to capture log]
07-20 01:47:12.595  1172  1383 I ScreemCommon: <LOGMGR> <CompletePm> [case:CLICK_START_APP id:198 type:1 Level:3 filter:0]
07-20 01:47:12.595  1578  1660 I WindowManager: orientation change is complete, call stopFreezingDisplayLocked
07-20 01:47:12.595  1578  1660 I WindowManager: stopFreezingDisplayLocked: Unfreezing now
07-20 01:47:12.595  1578  1660 I WindowManager: Screen frozen for +428ms due to Window{a2d55cc u0 StatusBar}
07-20 01:47:12.596  1578  1660 I HwWindowManagerServiceEx: create ScreenRotationAnima: origin = 0, current = 1
07-20 01:47:12.597 25929 25929 W SDLThread: type=1400 audit(0.0:112306): avc: granted { execute } for pid=25929 path="/data/data/org.hackintosh1980.espgrowcontroller/files/app/_python_bundle/modules/_typing.cpython-311.so" dev="sdd70" ino=8916 scontext=u:r:untrusted_app:s0:c165,c258,c512,c768 tcontext=u:object_r:app_data_file:s0:c165,c258,c512,c768 tclass=file
07-20 01:47:12.597  1578  1660 I HwWindowManagerServiceEx: create ScreenRotationAnima: origin = 0, current = 1
07-20 01:47:12.598 27313 27313 W e0      : onStartInput event aborted
07-20 01:47:12.598 27313 27313 W e0      : fc0.b0: could not obtain extracted text
07-20 01:47:12.598 27313 27313 W e0      : 	at fc0.y0.H(Unknown Source:369)
07-20 01:47:12.598 27313 27313 W e0      : 	at n70.x.g(Unknown Source:283)
07-20 01:47:12.598 27313 27313 W e0      : 	at n70.i3.g(Unknown Source:4)
07-20 01:47:12.598 27313 27313 W e0      : 	at com.touchtype.KeyboardService.onStartInput(Unknown Source:11)
07-20 01:47:12.598 27313 27313 W e0      : 	at android.inputmethodservice.InputMethodService.doStartInput(InputMethodService.java:2408)
07-20 01:47:12.598 27313 27313 W e0      : 	at android.inputmethodservice.InputMethodService$InputMethodImpl.startInput(InputMethodService.java:697)
07-20 01:47:12.598 27313 27313 W e0      : 	at android.inputmethodservice.InputMethodService$InputMethodImpl.dispatchStartInputWithToken(InputMethodService.java:731)
07-20 01:47:12.598 27313 27313 W e0      : 	at android.inputmethodservice.IInputMethodWrapper.executeMessage(IInputMethodWrapper.java:194)
07-20 01:47:12.598 27313 27313 W e0      : 	at com.android.internal.os.HandlerCaller$MyHandler.handleMessage(HandlerCaller.java:44)
07-20 01:47:12.598 27313 27313 W e0      : 	at android.os.Handler.dispatchMessage(Handler.java:110)
07-20 01:47:12.598 27313 27313 W e0      : 	at android.os.Looper.loop(Looper.java:219)
07-20 01:47:12.598 27313 27313 W e0      : 	at android.app.ActivityThread.main(ActivityThread.java:8668)
07-20 01:47:12.598 27313 27313 W e0      : 	at java.lang.reflect.Method.invoke(Native Method)
07-20 01:47:12.598 27313 27313 W e0      : 	at com.android.internal.os.RuntimeInit$MethodAndArgsCaller.run(RuntimeInit.java:513)
07-20 01:47:12.598 27313 27313 W e0      : 	at com.android.internal.os.ZygoteInit.main(ZygoteInit.java:1109)
07-20 01:47:12.602  1578  1686 I PowerManagerService: handleSandman: wakefulness: 1,startDreaming: false
07-20 01:47:12.606  2911  2911 I HwLauncher: Model onReceive intent=Intent { act=android.intent.action.CONFIGURATION_CHANGED flg=0x70200010 }
07-20 01:47:12.606  2037  2037 I HwCtrlCtr:ControlCenterMain: onConfigurationChanged
07-20 01:47:12.606  2037  2037 I HwCtrlCtr:ControlCenterMain: updateResource
07-20 01:47:12.606  2911  2911 I HwLauncher: Model onReceive action=android.intent.action.CONFIGURATION_CHANGED
07-20 01:47:12.606  2911  2911 I HwLauncher: Model onReceive user=UserHandle{0}
07-20 01:47:12.606  2911  2911 I HwLauncher: IconUtil updateIconTitleSize fontSize = 11.5
07-20 01:47:12.606  2911  2911 I HwLauncher: IconUtil updateIconTitleSize after fontSize: 38.8125
07-20 01:47:12.606  2037  2037 I HwCtrlCtr:ControlCenterContainer: setMargins:81
07-20 01:47:12.607  2037  2037 I HwCtrlCtr:ControlCenterContainer: update control panel width: 1623
07-20 01:47:12.608  2037  2037 I HwCtrlCtr:ControlCenterContainer: onConfigurationChanged, isLand: true
07-20 01:47:12.609  2037  2037 I HwCtrlCtr:ControlCenterPanel: orientation changes: 2
07-20 01:47:12.609  1578  1686 I PowerManagerService: handleSandman: wakefulness: 1,startDreaming: false
07-20 01:47:12.614  2037  2037 W HwToolbar: can not get the Activity of toolbar in getSplitStatus()
07-20 01:47:12.616  1172  1383 I iMonitor: send: 902000004
07-20 01:47:12.624  1578  1633 I HwPackageManagerService: app:system_server, getApplicationInfo or source return null
07-20 01:47:12.624  1578  1633 I HwPackageManagerService: app:surfaceflinger, getApplicationInfo or source return null
07-20 01:47:12.637 25929 25929 W SDLThread: type=1400 audit(0.0:112307): avc: granted { execute } for pid=25929 path="/data/data/org.hackintosh1980.espgrowcontroller/files/app/_python_bundle/modules/math.cpython-311.so" dev="sdd70" ino=52211 scontext=u:r:untrusted_app:s0:c165,c258,c512,c768 tcontext=u:object_r:app_data_file:s0:c165,c258,c512,c768 tclass=file
07-20 01:47:12.641 25929 25929 W SDLThread: type=1400 audit(0.0:112308): avc: granted { execute } for pid=25929 path="/data/data/org.hackintosh1980.espgrowcontroller/files/app/_python_bundle/modules/_heapq.cpython-311.so" dev="sdd70" ino=66501 scontext=u:r:untrusted_app:s0:c165,c258,c512,c768 tcontext=u:object_r:app_data_file:s0:c165,c258,c512,c768 tclass=file
07-20 01:47:12.641 25929 25929 W SDLThread: type=1400 audit(0.0:112309): avc: granted { execute } for pid=25929 path="/data/data/org.hackintosh1980.espgrowcontroller/files/app/_python_bundle/modules/_queue.cpython-311.so" dev="sdd70" ino=60766 scontext=u:r:untrusted_app:s0:c165,c258,c512,c768 tcontext=u:object_r:app_data_file:s0:c165,c258,c512,c768 tclass=file
07-20 01:47:12.645   675 21144 W hwcomposer: setGpuFreqBoost:152: boostGpuFreq succ !
07-20 01:47:12.665 25929 25929 W SDLThread: type=1400 audit(0.0:112310): avc: granted { execute } for pid=25929 path="/data/data/org.hackintosh1980.espgrowcontroller/files/app/_python_bundle/modules/_opcode.cpython-311.so" dev="sdd70" ino=65920 scontext=u:r:untrusted_app:s0:c165,c258,c512,c768 tcontext=u:object_r:app_data_file:s0:c165,c258,c512,c768 tclass=file
07-20 01:47:12.685  1578  1633 I WindowManager: dispatchResized : win = Window{a2d55cc u0 StatusBar} drawState = HAS_DRAWN
07-20 01:47:12.689 25929 25929 W SDLThread: type=1400 audit(0.0:112311): avc: granted { execute } for pid=25929 path="/data/data/org.hackintosh1980.espgrowcontroller/files/app/_python_bundle/site-packages/kivy/_clock.so" dev="sdd70" ino=45728 scontext=u:r:untrusted_app:s0:c165,c258,c512,c768 tcontext=u:object_r:app_data_file:s0:c165,c258,c512,c768 tclass=file
07-20 01:47:12.692 25929 25983 I python  : [INFO   ] [Logger      ] Record log in /data/user/0/org.hackintosh1980.espgrowcontroller/files/app/.kivy/logs/kivy_26-07-20_2.txt
07-20 01:47:12.692 25929 25983 I python  : [INFO   ] [Kivy        ] v2.3.0
07-20 01:47:12.692 25929 25983 I python  : [INFO   ] [Kivy        ] Installed at "/data/user/0/org.hackintosh1980.espgrowcontroller/files/app/_python_bundle/site-packages/kivy/__init__.pyc"
07-20 01:47:12.692 25929 25983 I python  : [INFO   ] [Python      ] v3.11.9 (main, Jul 19 2026, 09:21:02) [Clang 14.0.6 (https://android.googlesource.com/toolchain/llvm-project 4c603efb0
07-20 01:47:12.692 25929 25983 I python  : [INFO   ] [Python      ] Interpreter at ""
07-20 01:47:12.693 25929 25929 W SDLThread: type=1400 audit(0.0:112312): avc: granted { execute } for pid=25929 path="/data/data/org.hackintosh1980.espgrowcontroller/files/app/_python_bundle/modules/_ctypes.cpython-311.so" dev="sdd70" ino=40010 scontext=u:r:untrusted_app:s0:c165,c258,c512,c768 tcontext=u:object_r:app_data_file:s0:c165,c258,c512,c768 tclass=file
07-20 01:47:12.693 25929 25983 I python  : [INFO   ] [Logger      ] Purge log fired. Processing...
07-20 01:47:12.693 25929 25983 I python  : [INFO   ] [Logger      ] Purge finished!
07-20 01:47:12.694   732   935 W BufferQueueProducer: [StatusBar#0]:1390: disconnect: not connected (req=1)
07-20 01:47:12.694  2037  2404 W libEGL  : EGLNativeWindowType 0x706d3e1610 disconnect failed
07-20 01:47:12.778  2037  2037 W StatusBar: disable<e i a s b h r c s > disable2<q i n >
07-20 01:47:12.785  1578  1633 I WificondControl: Noise: -89, Snr: 32, Chload: -1, rssi: -55, txBitrate: 72, rxBitrate: 0, frequency: 2462, UlDelay: -1, currentTxBytes: 0, currentTxPackets: 512751, currentTxFailed: 757, currentRxBytes: 0, currentRxPackets: 766880
07-20 01:47:12.792  2880  5886 I VoWifiQoe_N: ProcessReqInfo ul_msgid=5
07-20 01:47:12.792  2880  5886 I VoWifiQoe_N: processReqInfo MSG_WIFI_SIGNAL_INFO_IND 
07-20 01:47:12.792  2880  5886 I VoWifiQoe_N: ProcessSignalInfoInd curStateIsIdle 0 
07-20 01:47:12.792  2880  5886 I VoWifiQoe_N: ProcessSignalInfoInd wifiInterruptFlg 1 enScreenState 1 curStateIsIdle 0
07-20 01:47:12.792  2880  5886 I VoWifiQoe_N: UpdateEvaluatePolicy EVALUATE_POLICY_RSSI
07-20 01:47:12.792  2880  5886 I VoWifiQoe_N: UpdateEvaluatePolicy phoneId 1 is not qoe started!
07-20 01:47:12.797  2037  2037 I DecorView[VolumeDialogImpl]: pkgName:com.android.systemui old windowMode:0 new windoMode:1, isFixedSize:false
07-20 01:47:12.808  2037  2037 I vol.VolumeDialogImpl: STREAM_ACCESSIBILITY onProgressChanged 0 fromUser=false
07-20 01:47:12.808  2037  2037 I vol.VolumeDialogImpl: STREAM_ACCESSIBILITY onProgressChanged 100 fromUser=false
07-20 01:47:12.808  2037  2037 I vol.VolumeDialogImpl: STREAM_ACCESSIBILITY onProgressChanged 1200 fromUser=false
07-20 01:47:12.810  2037  2037 I vol.VolumeDialogImpl: STREAM_MUSIC onProgressChanged 0 fromUser=false
07-20 01:47:12.811  2037  2037 I vol.VolumeDialogImpl: STREAM_MUSIC onProgressChanged 1200 fromUser=false
07-20 01:47:12.813  2037  2037 I vol.VolumeDialogImpl: STREAM_RING onProgressChanged 0 fromUser=false
07-20 01:47:12.813  2037  2037 I vol.VolumeDialogImpl: STREAM_RING onProgressChanged 1500 fromUser=false
07-20 01:47:12.815  2037  2037 I vol.VolumeDialogImpl: STREAM_ALARM onProgressChanged 0 fromUser=false
07-20 01:47:12.816  2037  2037 I vol.VolumeDialogImpl: STREAM_ALARM onProgressChanged 1500 fromUser=false
07-20 01:47:12.818  2037  2037 I vol.VolumeDialogImpl: STREAM_VOICE_CALL onProgressChanged 0 fromUser=false
07-20 01:47:12.818  2037  2037 I vol.VolumeDialogImpl: STREAM_VOICE_CALL onProgressChanged 1500 fromUser=false
07-20 01:47:12.820  2037  2037 I vol.VolumeDialogImpl: STREAM_BLUETOOTH_SCO onProgressChanged 0 fromUser=false
07-20 01:47:12.821  2037  2037 I vol.VolumeDialogImpl: STREAM_BLUETOOTH_SCO onProgressChanged 700 fromUser=false
07-20 01:47:12.823  2037  2037 I vol.VolumeDialogImpl: STREAM_SYSTEM onProgressChanged 0 fromUser=false
07-20 01:47:12.824  2037  2037 I vol.VolumeDialogImpl: STREAM_SYSTEM onProgressChanged 1500 fromUser=false
07-20 01:47:12.826  2037  2037 I vol.VolumeDialogImpl: STREAM_TTS onProgressChanged 0 fromUser=false
07-20 01:47:12.826  2037  2037 I vol.VolumeDialogImpl: STREAM_TTS onProgressChanged 1100 fromUser=false
07-20 01:47:12.846   732  1641 W BufferQueueProducer: [NavigationBar0#0]:1390: disconnect: not connected (req=1)
07-20 01:47:12.846  2037  2404 W libEGL  : EGLNativeWindowType 0x6ffa2cb650 disconnect failed
07-20 01:47:12.856  1070 28923 I AGPService: aps-info: focus pkgName - org.hackintosh1980.espgrowcontroller, with 0 more apps
07-20 01:47:12.856  1070 28923 E AGPService: FrameRateManager: iaware strange app type: -1
07-20 01:47:12.856  1070 28923 I AGPService: FrameRateManager: aps-info: new pkgName - org.hackintosh1980.espgrowcontroller, type - -1
07-20 01:47:12.857  1070 28923 I AGPService: GpuPolicyManager: m_currentPkgName - org.hackintosh1980.espgrowcontroller
07-20 01:47:12.870  2037  2037 I ViewRootImpl: dispatchDetachedFromWindow in doDie
07-20 01:47:12.872  1578  1633 I WindowManager: removeIfPossible: Window{7ae776c u0 AssistPreviewPanel} callers=com.android.server.wm.WindowState.removeIfPossible:2602 com.android.server.wm.WindowManagerService.removeWindow:2282 com.android.server.wm.Session.remove:179 android.view.IWindowSession$Stub.onTransact:702 com.android.server.wm.Session.onTransact:137 
07-20 01:47:12.872  1578  1633 I WindowManager: postWindowRemoveCleanupLocked: Window{7ae776c u0 AssistPreviewPanel}
07-20 01:47:12.872  1578  1633 I WindowManager: Removing Window{7ae776c u0 AssistPreviewPanel} from WindowToken{f8e81f android.os.BinderProxy@f5c6679}
07-20 01:47:12.872  1578  1633 I WindowManager: removeWindowToken: displayid:0 binder:android.os.BinderProxy@f5c6679 token:WindowToken{f8e81f android.os.BinderProxy@f5c6679}
07-20 01:47:12.879  2037  2037 I ViewRootImpl: dispatchDetachedFromWindow in doDie
07-20 01:47:12.879  1578  2711 I WindowManager: removeIfPossible: Window{43c846e u0 DockedStackDivider} callers=com.android.server.wm.WindowState.removeIfPossible:2602 com.android.server.wm.WindowManagerService.removeWindow:2282 com.android.server.wm.Session.remove:179 android.view.IWindowSession$Stub.onTransact:702 com.android.server.wm.Session.onTransact:137 
07-20 01:47:12.880  1578  2711 I WindowManager: postWindowRemoveCleanupLocked: Window{43c846e u0 DockedStackDivider}
07-20 01:47:12.880  1578  2711 I WindowManager: Removing Window{43c846e u0 DockedStackDivider} from WindowToken{d66dfe9 android.os.BinderProxy@b0402b3}
07-20 01:47:12.880  1578  2711 I WindowManager: removeWindowToken: displayid:0 binder:android.os.BinderProxy@b0402b3 token:WindowToken{d66dfe9 android.os.BinderProxy@b0402b3}
07-20 01:47:12.899  1578  1863 I WificondControl: Noise: -89, Snr: 31, Chload: -1, rssi: -55, txBitrate: 72, rxBitrate: 0, frequency: 2462, UlDelay: -1, currentTxBytes: 0, currentTxPackets: 512751, currentTxFailed: 757, currentRxBytes: 0, currentRxPackets: 766880
07-20 01:47:12.912  2037  2037 I chatty  : uid=10065(com.huawei.magazine) com.android.systemui identical 1 line
07-20 01:47:12.974  1578  1660 I HwWindowManagerServiceEx: setLandAnimationInfo : false
07-20 01:47:12.975   675 21144 W hwcomposer: setGpuFreqBoost:157: boostGpuFreq release !
07-20 01:47:12.999  1578  1633 I WificondControl: Noise: -89, Snr: 31, Chload: -1, rssi: -55, txBitrate: 72, rxBitrate: 0, frequency: 2462, UlDelay: -1, currentTxBytes: 0, currentTxPackets: 512751, currentTxFailed: 757, currentRxBytes: 0, currentRxPackets: 766880
07-20 01:47:13.005  2880  5886 I VoWifiQoe_N: ProcessReqInfo ul_msgid=5
07-20 01:47:13.005  2880  5886 I VoWifiQoe_N: processReqInfo MSG_WIFI_SIGNAL_INFO_IND 
07-20 01:47:13.005  2880  5886 I VoWifiQoe_N: ProcessSignalInfoInd curStateIsIdle 0 
07-20 01:47:13.005  2880  5886 I VoWifiQoe_N: ProcessSignalInfoInd wifiInterruptFlg 1 enScreenState 1 curStateIsIdle 0
07-20 01:47:13.005  2880  5886 I VoWifiQoe_N: UpdateEvaluatePolicy EVALUATE_POLICY_RSSI
07-20 01:47:13.005  2880  5886 I VoWifiQoe_N: UpdateEvaluatePolicy phoneId 1 is not qoe started!
07-20 01:47:13.213  1578  1633 I WificondControl: Noise: -89, Snr: 31, Chload: -1, rssi: -55, txBitrate: 72, rxBitrate: 0, frequency: 2462, UlDelay: -1, currentTxBytes: 0, currentTxPackets: 512751, currentTxFailed: 757, currentRxBytes: 0, currentRxPackets: 766880
07-20 01:47:13.219  2880  5886 I VoWifiQoe_N: ProcessReqInfo ul_msgid=5
07-20 01:47:13.219  2880  5886 I VoWifiQoe_N: processReqInfo MSG_WIFI_SIGNAL_INFO_IND 
07-20 01:47:13.219  2880  5886 I VoWifiQoe_N: ProcessSignalInfoInd curStateIsIdle 0 
07-20 01:47:13.219  2880  5886 I VoWifiQoe_N: ProcessSignalInfoInd wifiInterruptFlg 1 enScreenState 1 curStateIsIdle 0
07-20 01:47:13.219  2880  5886 I VoWifiQoe_N: UpdateEvaluatePolicy EVALUATE_POLICY_RSSI
07-20 01:47:13.219  2880  5886 I VoWifiQoe_N: UpdateEvaluatePolicy phoneId 1 is not qoe started!
07-20 01:47:13.403 25929 25983 I python  : [INFO   ] [Factory     ] 195 symbols loaded
07-20 01:47:13.417  2262  2440 I HwPacketFilterBypass: isBypassAllowed not allowed reason: DATA_OFF
07-20 01:47:13.417  2262  2440 I HwPacketFilterBypass: kernelAddTrackUid uid:10677 allowed:false
07-20 01:47:13.427  1578  1633 I WificondControl: Noise: -89, Snr: 29, Chload: -1, rssi: -55, txBitrate: 72, rxBitrate: 0, frequency: 2462, UlDelay: -1, currentTxBytes: 0, currentTxPackets: 512751, currentTxFailed: 757, currentRxBytes: 0, currentRxPackets: 766880
07-20 01:47:13.429  2262  7426 I Booster_Qoe: AdaBoostPredict rlt,index:6,NisPsSlow:0,NProba:309,rsrp(rssi):-40,rsrq(noise):-60,rtt(chload):200,buffhigh(uldelay):0,buffcomm(rtt):0
07-20 01:47:13.429  2262  7426 I Booster_Qoe: AdaBoostPredict rlt,index:2,NisPsSlow:0,NProba:309,rsrp(rssi):-40,rsrq(noise):-60,rtt(chload):200,buffhigh(uldelay):0,buffcomm(rtt):0
07-20 01:47:13.430  1578  1961 I WiFi_PRO_WifiProStateMachine: APP_SERVICE_QOE_NOTIFY Qoe info 10677,4,0,309,1,2,4,0,309,0,0,10,10,0,0,0,0 CID 2 mMasterWifiRssi 0 mMasterCardAmbr 1048576 mSlaveCardAmbr 1048576
07-20 01:47:13.430  1578  1961 I HwWifiProServiceProxy: ctrlHwWifiNetwork pkgName: WIFIPRO_SERVICE interfaceId: 9
07-20 01:47:13.430  1578  1961 I WiFi_PRO_WifiProStateMachine: isWifi2WifiProcess = false, mIsNeedIgnoreQoeUpdate = false, mIsAppInBlacklist = false, mIsAppInBlacklistFullScreen = false, mIsWiFiNoInternet false, screen on = true, full screen = false, isLandscapeMode = true, mNotifyWifiLinkPoorReason = -1
07-20 01:47:13.430  1578  1961 I WiFi_PRO_WifiProStateMachine: mChannelQoeBadCnt = 0, mAppQoeBadCnt = 0, mNetworkSlowReason = 0, mNetworkSlowChannelBadCnt = 0
07-20 01:47:13.430  2262  3431 I Hicom_Monitor: handleNetworkQoeReport. foregroundAppTcpRtt: 0, maxRatioChannelId: 2
07-20 01:47:13.430  2262  3431 I Hicom_Monitor: handleNetworkQoeReport. qoeString: 10677,4,0,309,1,2,4,0,309,0,0,10,10,0,0,0,0
07-20 01:47:13.436  2880  5886 I VoWifiQoe_N: ProcessReqInfo ul_msgid=5
07-20 01:47:13.436  2880  5886 I VoWifiQoe_N: processReqInfo MSG_WIFI_SIGNAL_INFO_IND 
07-20 01:47:13.436  2880  5886 I VoWifiQoe_N: ProcessSignalInfoInd curStateIsIdle 0 
07-20 01:47:13.436  2880  5886 I VoWifiQoe_N: ProcessSignalInfoInd wifiInterruptFlg 1 enScreenState 1 curStateIsIdle 0
07-20 01:47:13.436  2880  5886 I VoWifiQoe_N: UpdateEvaluatePolicy EVALUATE_POLICY_RSSI
07-20 01:47:13.436  2880  5886 I VoWifiQoe_N: UpdateEvaluatePolicy phoneId 1 is not qoe started!
07-20 01:47:13.436  2262  7426 I Collector: HandleRawWifiInfo: flag:0, netId:0!
07-20 01:47:13.554  1143  9786 I Pged-IPgedBinderService: ****action is 2, pid num is 5***
07-20 01:47:13.554  1143  9786 I Pged-Freezer: thawPids
07-20 01:47:13.631  1578  1861 I NetworkPolicy: updateRuleForRestrictBackgroundUL(10078): isForeground=false, isBlacklisted=false, isWhitelisted=true, isRestrictedByAdmin=false, oldRule=1 (ALLOW_METERED|NONE), newRule=0 (NONE), newUidRules=0 (NONE), oldUidRules=1 (ALLOW_METERED|NONE), mRestrictBackground=false
07-20 01:47:13.645 25929 25929 W SDLThread: type=1400 audit(0.0:112341): avc: granted { execute } for pid=25929 path="/data/data/org.hackintosh1980.espgrowcontroller/files/app/_python_bundle/modules/_sha512.cpython-311.so" dev="sdd70" ino=26172 scontext=u:r:untrusted_app:s0:c165,c258,c512,c768 tcontext=u:object_r:app_data_file:s0:c165,c258,c512,c768 tclass=file
07-20 01:47:13.648  1578  2706 I WificondControl: Noise: -89, Snr: 29, Chload: -1, rssi: -55, txBitrate: 72, rxBitrate: 0, frequency: 2462, UlDelay: -1, currentTxBytes: 0, currentTxPackets: 512751, currentTxFailed: 757, currentRxBytes: 0, currentRxPackets: 766880
07-20 01:47:13.649 25929 25929 W SDLThread: type=1400 audit(0.0:112342): avc: granted { execute } for pid=25929 path="/data/data/org.hackintosh1980.espgrowcontroller/files/app/_python_bundle/modules/_json.cpython-311.so" dev="sdd70" ino=6814 scontext=u:r:untrusted_app:s0:c165,c258,c512,c768 tcontext=u:object_r:app_data_file:s0:c165,c258,c512,c768 tclass=file
07-20 01:47:13.654  2880  5886 I VoWifiQoe_N: ProcessReqInfo ul_msgid=5
07-20 01:47:13.654  2880  5886 I VoWifiQoe_N: processReqInfo MSG_WIFI_SIGNAL_INFO_IND 
07-20 01:47:13.654  2880  5886 I VoWifiQoe_N: ProcessSignalInfoInd curStateIsIdle 0 
07-20 01:47:13.654  2880  5886 I VoWifiQoe_N: ProcessSignalInfoInd wifiInterruptFlg 1 enScreenState 1 curStateIsIdle 0
07-20 01:47:13.654  2880  5886 I VoWifiQoe_N: UpdateEvaluatePolicy EVALUATE_POLICY_RSSI
07-20 01:47:13.654  2880  5886 I VoWifiQoe_N: UpdateEvaluatePolicy phoneId 1 is not qoe started!
07-20 01:47:13.661 25929 25929 W SDLThread: type=1400 audit(0.0:112343): avc: granted { execute } for pid=25929 path="/data/data/org.hackintosh1980.espgrowcontroller/files/app/_python_bundle/site-packages/kivy/core/image/_img_sdl2.so" dev="sdd70" ino=21024 scontext=u:r:untrusted_app:s0:c165,c258,c512,c768 tcontext=u:object_r:app_data_file:s0:c165,c258,c512,c768 tclass=file
07-20 01:47:13.677 25929 25929 W SDLThread: type=1400 audit(0.0:112344): avc: granted { execute } for pid=25929 path="/data/data/org.hackintosh1980.espgrowcontroller/files/app/_python_bundle/site-packages/PIL/_imaging.so" dev="sdd70" ino=6817 scontext=u:r:untrusted_app:s0:c165,c258,c512,c768 tcontext=u:object_r:app_data_file:s0:c165,c258,c512,c768 tclass=file
07-20 01:47:13.681 25929 25929 W SDLThread: type=1400 audit(0.0:112345): avc: granted { execute } for pid=25929 path="/data/data/org.hackintosh1980.espgrowcontroller/files/app/_python_bundle/site-packages/kivy/graphics/fbo.so" dev="sdd70" ino=59974 scontext=u:r:untrusted_app:s0:c165,c258,c512,c768 tcontext=u:object_r:app_data_file:s0:c165,c258,c512,c768 tclass=file
07-20 01:47:13.683 25929 25983 I python  : [INFO   ] [Image       ] Providers: img_tex, img_dds, img_sdl2, img_pil (img_ffpyplayer ignored)
07-20 01:47:13.728 25929 25983 I python  : [INFO   ] [Window      ] Provider: sdl2
07-20 01:47:13.749  1578  2706 I HwPCUtils#HwPCMultiWindowManager: requestedOrientation: 0
07-20 01:47:13.750 25929 25983 I SDL/APP : pixel format wanted SDL_PIXELFORMAT_RGBA8888 (1), got SDL_PIXELFORMAT_RGBA8888 (1)
07-20 01:47:13.756   634  1192 I         : ApiCount[0, 0, 0, 36, 0, 0, 0, 0, 0, 0, 154, 250, 0, 8, 2, 0, 7, 0, 1949, 4388]
07-20 01:47:13.769  1578  2706 I DebugKeepScreenOn: setHoldScreenLocked newHoldScreen:Session{bd1400 25929:u0a10677} currentHoldScreen:null wakeLockState:false
07-20 01:47:13.769  1578  2706 I DebugKeepScreenOn: Acquiring screen wakelock due to Window{b634bdf u0 org.hackintosh1980.espgrowcontroller/org.kivy.android.PythonActivity}
07-20 01:47:13.770  1578  1686 I PowerManagerService: handleSandman: wakefulness: 1,startDreaming: false
07-20 01:47:13.796 25929 25929 I DecorView[]: pkgName:org.hackintosh1980.espgrowcontroller old windowMode:1 new windoMode:1, isFixedSize:false
07-20 01:47:13.803  2037  2037 I PanelView1: notifyBarPanelExpansionChanged isPanelVisibleBecauseOfHeadsUp=false,mInstantExpanding=false,mTracking=false
