07-20 01:46:02.757  2880  5886 I VoWifiQoe_N: ProcessSignalInfoInd wifiInterruptFlg 1 enScreenState 1 curStateIsIdle 0
07-20 01:46:02.757  2880  5886 I VoWifiQoe_N: UpdateEvaluatePolicy EVALUATE_POLICY_RSSI
07-20 01:46:02.757  2880  5886 I VoWifiQoe_N: UpdateEvaluatePolicy phoneId 1 is not qoe started!
07-20 01:46:02.866 24704 25353 I python  : [DEBUG  ] [Starting new HTTP connection (1)] growmaster-1d3c.local:80
07-20 01:46:02.869   634  1400 W /system/bin/netd: A binder object at 0x705428a000 is being transacted on, however, this object is in the same process as its proxy. Transacting with this binder is expensive compared to just calling the corresponding functionality in the same process.
07-20 01:46:02.869   634  1400 I PreDnsController: CanPreDnsQuery,persist.sys.predns is false!
07-20 01:46:02.978  2880  5886 I VoWifiQoe_N: ProcessReqInfo ul_msgid=5
07-20 01:46:02.978  2880  5886 I VoWifiQoe_N: processReqInfo MSG_WIFI_SIGNAL_INFO_IND 
07-20 01:46:02.978  2880  5886 I VoWifiQoe_N: ProcessSignalInfoInd curStateIsIdle 0 
07-20 01:46:02.978  2880  5886 I VoWifiQoe_N: ProcessSignalInfoInd wifiInterruptFlg 1 enScreenState 1 curStateIsIdle 0
07-20 01:46:02.978  2880  5886 I VoWifiQoe_N: UpdateEvaluatePolicy EVALUATE_POLICY_RSSI
07-20 01:46:02.978  2880  5886 I VoWifiQoe_N: UpdateEvaluatePolicy phoneId 1 is not qoe started!
07-20 01:46:03.179 24704 25354 I python  : [DEBUG  ] [Starting new HTTP connection (1)] 192.168.2.20:80
07-20 01:46:03.183  1578  1863 I chatty  : uid=1000(system) ClientModeImpl expire 8 lines
07-20 01:46:03.184 24704 25353 I python  : [DEBUG  ] [Starting new HTTP connection (1)] 192.168.2.39:80
07-20 01:46:03.196  1578  1962 I chatty  : uid=1000(system) HuaweiWifiWatch expire 14 lines
07-20 01:46:03.204  2880  5886 I VoWifiQoe_N: ProcessReqInfo ul_msgid=5
07-20 01:46:03.204  2880  5886 I VoWifiQoe_N: processReqInfo MSG_WIFI_SIGNAL_INFO_IND 
07-20 01:46:03.204  2880  5886 I VoWifiQoe_N: ProcessSignalInfoInd curStateIsIdle 0 
07-20 01:46:03.204  2880  5886 I VoWifiQoe_N: ProcessSignalInfoInd wifiInterruptFlg 1 enScreenState 1 curStateIsIdle 0
07-20 01:46:03.204  2880  5886 I VoWifiQoe_N: UpdateEvaluatePolicy EVALUATE_POLICY_RSSI
07-20 01:46:03.204  2880  5886 I VoWifiQoe_N: UpdateEvaluatePolicy phoneId 1 is not qoe started!
07-20 01:46:03.249   977   977 W irqbalance: type=1400 audit(0.0:112295): avc: denied { dac_override } for pid=977 capability=1 scontext=u:r:irqbalance:s0 tcontext=u:r:irqbalance:s0 tclass=capability permissive=0
07-20 01:46:03.255   977   977 I irqbalance: Decided to move irq 56 from cpu 1 to cpu 0
07-20 01:46:03.393 24704 25349 I BluetoothLeAdvertiser: stopAdvertising is called
07-20 01:46:03.393 24704 25349 I BluetoothLeAdvertiser: stopAdvertisingSet, calling package name = org.hackintosh1980.espgrowcontroller
07-20 01:46:03.396  2209  2235 I bt_btif bt interface: set_adapter_property
07-20 01:46:03.396 24704 25349 I BluetoothLeAdvertiser: startAdvertising is called
07-20 01:46:03.397 24704 25349 I BluetoothAdapter: isLeEnabled(): ON
07-20 01:46:03.399 24704 25349 I BluetoothLeAdvertiser: startAdvertisingSet, calling package name = org.hackintosh1980.espgrowcontroller
07-20 01:46:03.399 24704 25349 I BluetoothAdapter: isLeEnabled(): ON
07-20 01:46:03.402 24704 25349 I BroadcastBridge: Advertising refreshed
07-20 01:46:03.404  2209  3502 I bt_stack: [INFO:btm_ble_multi_adv.cc(294)] operator() interval_ms 605965 delta_time 294035
07-20 01:46:03.410  2209  2366 I bt_stack: [INFO:btif_config.cc(534)] btif_config_write: sec num:4  total:13ms  rename:0ms  wait:0ms  copy:0ms  save:12ms.
07-20 01:46:03.417  2560  2560 I nearby  : BleAdvertiseManager:onDeviceNameChangeEvent
07-20 01:46:03.418 24704 24704 I BroadcastBridge: Advertising active
07-20 01:46:03.418  2560  2560 I BatteryChangedMonitor: device name broadcast receive.
07-20 01:46:03.419  2560  2560 I BatteryChangedMonitor: receice ACTION_LOCAL_NAME_CHANGED broadcast, new device Name: LGS
07-20 01:46:03.420  2560  2560 I UniBleManager: onReceive: ACTION_LOCAL_NAME_CHANGED
07-20 01:46:03.420  2560  3481 I DeviceRepository: local device name has no change.
07-20 01:46:03.420  2560  3481 I BatteryChangedMonitor: Success to call device name listener of:Loca***, input deviceId: E05DF9EDF2429F9228F1A1F33C94FC97***
07-20 01:46:03.425  2880  5886 I VoWifiQoe_N: ProcessReqInfo ul_msgid=5
07-20 01:46:03.425  2880  5886 I VoWifiQoe_N: processReqInfo MSG_WIFI_SIGNAL_INFO_IND 
07-20 01:46:03.425  2880  5886 I VoWifiQoe_N: ProcessSignalInfoInd curStateIsIdle 0 
07-20 01:46:03.425  2880  5886 I VoWifiQoe_N: ProcessSignalInfoInd wifiInterruptFlg 1 enScreenState 1 curStateIsIdle 0
07-20 01:46:03.425  2880  5886 I VoWifiQoe_N: UpdateEvaluatePolicy EVALUATE_POLICY_RSSI
07-20 01:46:03.425  2880  5886 I VoWifiQoe_N: UpdateEvaluatePolicy phoneId 1 is not qoe started!
07-20 01:46:03.454  1061  6849 I iked    : [INFO]: ikev2.c:305: ikev2_periodic_task()
07-20 01:46:03.641  1578  2196 I chatty  : uid=1000(system) Binder:1578_9 expire 6 lines
07-20 01:46:03.653  2880  5886 I VoWifiQoe_N: ProcessReqInfo ul_msgid=5
07-20 01:46:03.653  2880  5886 I VoWifiQoe_N: processReqInfo MSG_WIFI_SIGNAL_INFO_IND 
07-20 01:46:03.653  2880  5886 I VoWifiQoe_N: ProcessSignalInfoInd curStateIsIdle 0 
07-20 01:46:03.653  2880  5886 I VoWifiQoe_N: ProcessSignalInfoInd wifiInterruptFlg 1 enScreenState 1 curStateIsIdle 0
07-20 01:46:03.653  2880  5886 I VoWifiQoe_N: UpdateEvaluatePolicy EVALUATE_POLICY_RSSI
07-20 01:46:03.653  2880  5886 I VoWifiQoe_N: UpdateEvaluatePolicy phoneId 1 is not qoe started!
07-20 01:46:03.883  2880  5886 I VoWifiQoe_N: ProcessReqInfo ul_msgid=5
07-20 01:46:03.883  2880  5886 I VoWifiQoe_N: processReqInfo MSG_WIFI_SIGNAL_INFO_IND 
07-20 01:46:03.883  2880  5886 I VoWifiQoe_N: ProcessSignalInfoInd curStateIsIdle 0 
07-20 01:46:03.883  2880  5886 I VoWifiQoe_N: ProcessSignalInfoInd wifiInterruptFlg 1 enScreenState 1 curStateIsIdle 0
07-20 01:46:03.883  2880  5886 I VoWifiQoe_N: UpdateEvaluatePolicy EVALUATE_POLICY_RSSI
07-20 01:46:03.883  2880  5886 I VoWifiQoe_N: UpdateEvaluatePolicy phoneId 1 is not qoe started!
07-20 01:46:04.101  2880  5886 I VoWifiQoe_N: ProcessReqInfo ul_msgid=5
07-20 01:46:04.101  2880  5886 I VoWifiQoe_N: processReqInfo MSG_WIFI_SIGNAL_INFO_IND 
07-20 01:46:04.101  2880  5886 I VoWifiQoe_N: ProcessSignalInfoInd curStateIsIdle 0 
07-20 01:46:04.101  2880  5886 I VoWifiQoe_N: ProcessSignalInfoInd wifiInterruptFlg 1 enScreenState 1 curStateIsIdle 0
07-20 01:46:04.101  2880  5886 I VoWifiQoe_N: UpdateEvaluatePolicy EVALUATE_POLICY_RSSI
07-20 01:46:04.101  2880  5886 I VoWifiQoe_N: UpdateEvaluatePolicy phoneId 1 is not qoe started!
07-20 01:46:04.130 24704 25354 I python  : [DEBUG  ] [http          ]//192.168.2.20:80 "GET /data HTTP/1.1" 200 2514
07-20 01:46:04.192  1578  1777 I HwBatteryService: power_ui state= 1 mQuickChargeStatus=1
07-20 01:46:04.192  1578  1777 I HwBatteryService: handleWirelessTxStatus
07-20 01:46:04.192  1578  1777 I HwBatteryService: switch not open, return, mWirelessTxFlag : 0
07-20 01:46:04.192  1578  1777 W HwBatteryService: need return. Invalid value: -1
07-20 01:46:04.193   676   676 W health@2.0-serv: type=1400 audit(0.0:112296): avc: denied { read } for pid=676 name="u:object_r:system_prop:s0" dev="tmpfs" ino=12021 scontext=u:r:hal_health_default:s0 tcontext=u:object_r:system_prop:s0 tclass=file permissive=0
07-20 01:46:04.193  1578  1777 I HwBatteryService: IS_WATCH : false
07-20 01:46:04.197   676   676 W health@2.0-serv: type=1400 audit(0.0:112297): avc: denied { write } for pid=676 name="property_service" dev="tmpfs" ino=3014 scontext=u:r:hal_health_default:s0 tcontext=u:object_r:property_socket:s0 tclass=sock_file permissive=0
07-20 01:46:04.202   676   676 E libc    : Access denied finding property "sys.check.usbupdate"
07-20 01:46:04.202   676   676 W libc    : Unable to set property "sys.check.usbupdate" to "start": connection failed; errno=13 (Permission denied)
07-20 01:46:04.271   729   790 E ACCKIT_ : PerfMgr: fail to read 0
07-20 01:46:04.319  2880  5886 I VoWifiQoe_N: ProcessReqInfo ul_msgid=5
07-20 01:46:04.319  2880  5886 I VoWifiQoe_N: processReqInfo MSG_WIFI_SIGNAL_INFO_IND 
07-20 01:46:04.319  2880  5886 I VoWifiQoe_N: ProcessSignalInfoInd curStateIsIdle 0 
07-20 01:46:04.319  2880  5886 I VoWifiQoe_N: ProcessSignalInfoInd wifiInterruptFlg 1 enScreenState 1 curStateIsIdle 0
07-20 01:46:04.319  2880  5886 I VoWifiQoe_N: UpdateEvaluatePolicy EVALUATE_POLICY_RSSI
07-20 01:46:04.319  2880  5886 I VoWifiQoe_N: UpdateEvaluatePolicy phoneId 1 is not qoe started!
07-20 01:46:04.324 24704 25353 I python  : [DEBUG  ] [http          ]//192.168.2.39:80 "GET /data HTTP/1.1" 200 2603
07-20 01:46:04.539  2880  5886 I VoWifiQoe_N: ProcessReqInfo ul_msgid=5
07-20 01:46:04.540  2880  5886 I VoWifiQoe_N: processReqInfo MSG_WIFI_SIGNAL_INFO_IND 
07-20 01:46:04.540  2880  5886 I VoWifiQoe_N: ProcessSignalInfoInd curStateIsIdle 0 
07-20 01:46:04.540  2880  5886 I VoWifiQoe_N: ProcessSignalInfoInd wifiInterruptFlg 1 enScreenState 1 curStateIsIdle 0
07-20 01:46:04.540  2880  5886 I VoWifiQoe_N: UpdateEvaluatePolicy EVALUATE_POLICY_RSSI
07-20 01:46:04.540  2880  5886 I VoWifiQoe_N: UpdateEvaluatePolicy phoneId 1 is not qoe started!
07-20 01:46:04.763  2880  5886 I VoWifiQoe_N: ProcessReqInfo ul_msgid=5
07-20 01:46:04.763  2880  5886 I VoWifiQoe_N: processReqInfo MSG_WIFI_SIGNAL_INFO_IND 
07-20 01:46:04.763  2880  5886 I VoWifiQoe_N: ProcessSignalInfoInd curStateIsIdle 0 
07-20 01:46:04.763  2880  5886 I VoWifiQoe_N: ProcessSignalInfoInd wifiInterruptFlg 1 enScreenState 1 curStateIsIdle 0
07-20 01:46:04.763  2880  5886 I VoWifiQoe_N: UpdateEvaluatePolicy EVALUATE_POLICY_RSSI
07-20 01:46:04.763  2880  5886 I VoWifiQoe_N: UpdateEvaluatePolicy phoneId 1 is not qoe started!
07-20 01:46:04.976  2880  5886 I VoWifiQoe_N: ProcessReqInfo ul_msgid=5
07-20 01:46:04.976  2880  5886 I VoWifiQoe_N: processReqInfo MSG_WIFI_SIGNAL_INFO_IND 
07-20 01:46:04.976  2880  5886 I VoWifiQoe_N: ProcessSignalInfoInd curStateIsIdle 0 
07-20 01:46:04.976  2880  5886 I VoWifiQoe_N: ProcessSignalInfoInd wifiInterruptFlg 1 enScreenState 1 curStateIsIdle 0
07-20 01:46:04.976  2880  5886 I VoWifiQoe_N: UpdateEvaluatePolicy EVALUATE_POLICY_RSSI
07-20 01:46:04.976  2880  5886 I VoWifiQoe_N: UpdateEvaluatePolicy phoneId 1 is not qoe started!
07-20 01:46:05.094   634  9753 I netd    : trafficSwapActiveStatsMap() <23.21ms>
07-20 01:46:05.204  2880  5886 I VoWifiQoe_N: ProcessReqInfo ul_msgid=5
07-20 01:46:05.204  2880  5886 I VoWifiQoe_N: processReqInfo MSG_WIFI_SIGNAL_INFO_IND 
07-20 01:46:05.204  2880  5886 I VoWifiQoe_N: ProcessSignalInfoInd curStateIsIdle 0 
07-20 01:46:05.204  2880  5886 I VoWifiQoe_N: ProcessSignalInfoInd wifiInterruptFlg 1 enScreenState 1 curStateIsIdle 0
07-20 01:46:05.204  2880  5886 I VoWifiQoe_N: UpdateEvaluatePolicy EVALUATE_POLICY_RSSI
07-20 01:46:05.204  2880  5886 I VoWifiQoe_N: UpdateEvaluatePolicy phoneId 1 is not qoe started!
07-20 01:46:05.423  2880  5886 I VoWifiQoe_N: ProcessReqInfo ul_msgid=5
07-20 01:46:05.423  2880  5886 I VoWifiQoe_N: processReqInfo MSG_WIFI_SIGNAL_INFO_IND 
07-20 01:46:05.423  2880  5886 I VoWifiQoe_N: ProcessSignalInfoInd curStateIsIdle 0 
07-20 01:46:05.423  2880  5886 I VoWifiQoe_N: ProcessSignalInfoInd wifiInterruptFlg 1 enScreenState 1 curStateIsIdle 0
07-20 01:46:05.423  2880  5886 I VoWifiQoe_N: UpdateEvaluatePolicy EVALUATE_POLICY_RSSI
07-20 01:46:05.423  2880  5886 I VoWifiQoe_N: UpdateEvaluatePolicy phoneId 1 is not qoe started!
07-20 01:46:05.554  2635  2659 I PGServer: getTopFrontApp. calling pkg: android
07-20 01:46:05.639  2880  5886 I VoWifiQoe_N: ProcessReqInfo ul_msgid=5
07-20 01:46:05.639  2880  5886 I VoWifiQoe_N: processReqInfo MSG_WIFI_SIGNAL_INFO_IND 
07-20 01:46:05.639  2880  5886 I VoWifiQoe_N: ProcessSignalInfoInd curStateIsIdle 0 
07-20 01:46:05.639  2880  5886 I VoWifiQoe_N: ProcessSignalInfoInd wifiInterruptFlg 1 enScreenState 1 curStateIsIdle 0
07-20 01:46:05.639  2880  5886 I VoWifiQoe_N: UpdateEvaluatePolicy EVALUATE_POLICY_RSSI
07-20 01:46:05.639  2880  5886 I VoWifiQoe_N: UpdateEvaluatePolicy phoneId 1 is not qoe started!
07-20 01:46:05.678 24704 25354 I python  : [DEBUG  ] [Starting new HTTP connection (1)] growmaster-d064.local:80
07-20 01:46:05.681   634  1400 W /system/bin/netd: A binder object at 0x705428a000 is being transacted on, however, this object is in the same process as its proxy. Transacting with this binder is expensive compared to just calling the corresponding functionality in the same process.
07-20 01:46:05.681   634  1400 I PreDnsController: CanPreDnsQuery,persist.sys.predns is false!
07-20 01:46:05.721  2635  2659 I PGServer: getTopFrontApp. calling pkg: android
07-20 01:46:05.789  2262  2440 I chatty  : uid=1000(system) OllieAwareThrea identical 1 line
07-20 01:46:05.857  2880  5886 I VoWifiQoe_N: ProcessReqInfo ul_msgid=5
07-20 01:46:05.857  2880  5886 I VoWifiQoe_N: processReqInfo MSG_WIFI_SIGNAL_INFO_IND 
07-20 01:46:05.857  2880  5886 I VoWifiQoe_N: ProcessSignalInfoInd curStateIsIdle 0 
07-20 01:46:05.857  2880  5886 I VoWifiQoe_N: ProcessSignalInfoInd wifiInterruptFlg 1 enScreenState 1 curStateIsIdle 0
07-20 01:46:05.857  2880  5886 I VoWifiQoe_N: UpdateEvaluatePolicy EVALUATE_POLICY_RSSI
07-20 01:46:05.857  2880  5886 I VoWifiQoe_N: UpdateEvaluatePolicy phoneId 1 is not qoe started!
07-20 01:46:05.873 24704 25353 I python  : [DEBUG  ] [Starting new HTTP connection (1)] growmaster-1d3c.local:80
07-20 01:46:05.877   634  1400 W /system/bin/netd: A binder object at 0x705428a000 is being transacted on, however, this object is in the same process as its proxy. Transacting with this binder is expensive compared to just calling the corresponding functionality in the same process.
07-20 01:46:05.877   634  1400 I PreDnsController: CanPreDnsQuery,persist.sys.predns is false!
07-20 01:46:05.906  2635  2659 I PGServer: getTopFrontApp. calling pkg: android
07-20 01:46:06.072  2880  5886 I VoWifiQoe_N: ProcessReqInfo ul_msgid=5
07-20 01:46:06.072  2880  5886 I VoWifiQoe_N: processReqInfo MSG_WIFI_SIGNAL_INFO_IND 
07-20 01:46:06.072  2880  5886 I VoWifiQoe_N: ProcessSignalInfoInd curStateIsIdle 0 
07-20 01:46:06.072  2880  5886 I VoWifiQoe_N: ProcessSignalInfoInd wifiInterruptFlg 1 enScreenState 1 curStateIsIdle 0
07-20 01:46:06.072  2880  5886 I VoWifiQoe_N: UpdateEvaluatePolicy EVALUATE_POLICY_RSSI
07-20 01:46:06.072  2880  5886 I VoWifiQoe_N: UpdateEvaluatePolicy phoneId 1 is not qoe started!
07-20 01:46:06.080 24704 25354 I python  : [DEBUG  ] [Starting new HTTP connection (1)] 192.168.2.39:80
07-20 01:46:06.081 24704 25353 I python  : [DEBUG  ] [Starting new HTTP connection (1)] 192.168.2.20:80
07-20 01:46:06.083   634  1404 I         : ApiCount[0, 0, 0, 32, 0, 0, 0, 0, 0, 0, 154, 250, 0, 8, 2, 0, 7, 0, 1946, 4270]
07-20 01:46:06.273   729   790 E ACCKIT_ : PerfMgr: fail to read 0
07-20 01:46:06.286  2880  5886 I VoWifiQoe_N: ProcessReqInfo ul_msgid=5
07-20 01:46:06.286  2880  5886 I VoWifiQoe_N: processReqInfo MSG_WIFI_SIGNAL_INFO_IND 
07-20 01:46:06.286  2880  5886 I VoWifiQoe_N: ProcessSignalInfoInd curStateIsIdle 0 
07-20 01:46:06.286  2880  5886 I VoWifiQoe_N: ProcessSignalInfoInd wifiInterruptFlg 1 enScreenState 1 curStateIsIdle 0
07-20 01:46:06.286  2880  5886 I VoWifiQoe_N: UpdateEvaluatePolicy EVALUATE_POLICY_RSSI
07-20 01:46:06.286  2880  5886 I VoWifiQoe_N: UpdateEvaluatePolicy phoneId 1 is not qoe started!
07-20 01:46:06.290   634  1191 W IptablesRestoreController: iptables-restore process 24979 terminated status=15
07-20 01:46:06.291   634  1191 W IptablesRestoreController: iptables-restore process 24982 terminated status=15
07-20 01:46:06.413   634  9753 I netd    : trafficSwapActiveStatsMap() <11.52ms>
07-20 01:46:06.457  1061  6849 I iked    : [INFO]: ikev2.c:305: ikev2_periodic_task()
07-20 01:46:06.503  2880  5886 I VoWifiQoe_N: ProcessReqInfo ul_msgid=5
07-20 01:46:06.503  2880  5886 I VoWifiQoe_N: processReqInfo MSG_WIFI_SIGNAL_INFO_IND 
07-20 01:46:06.503  2880  5886 I VoWifiQoe_N: ProcessSignalInfoInd curStateIsIdle 0 
07-20 01:46:06.503  2880  5886 I VoWifiQoe_N: ProcessSignalInfoInd wifiInterruptFlg 1 enScreenState 1 curStateIsIdle 0
07-20 01:46:06.503  2880  5886 I VoWifiQoe_N: UpdateEvaluatePolicy EVALUATE_POLICY_RSSI
07-20 01:46:06.503  2880  5886 I VoWifiQoe_N: UpdateEvaluatePolicy phoneId 1 is not qoe started!
07-20 01:46:06.720  2880  5886 I VoWifiQoe_N: ProcessReqInfo ul_msgid=5
07-20 01:46:06.720  2880  5886 I VoWifiQoe_N: processReqInfo MSG_WIFI_SIGNAL_INFO_IND 
07-20 01:46:06.720  2880  5886 I VoWifiQoe_N: ProcessSignalInfoInd curStateIsIdle 0 
07-20 01:46:06.720  2880  5886 I VoWifiQoe_N: ProcessSignalInfoInd wifiInterruptFlg 1 enScreenState 1 curStateIsIdle 0
07-20 01:46:06.720  2880  5886 I VoWifiQoe_N: UpdateEvaluatePolicy EVALUATE_POLICY_RSSI
07-20 01:46:06.720  2880  5886 I VoWifiQoe_N: UpdateEvaluatePolicy phoneId 1 is not qoe started!
07-20 01:46:06.848 24704 25353 I python  : [DEBUG  ] [http          ]//192.168.2.20:80 "GET /data HTTP/1.1" 200 2562
07-20 01:46:06.916 31811 24506 I .gms.persisten: Explicit concurrent copying GC freed 257783(12MB) AllocSpace objects, 22(888KB) LOS objects, 49% free, 14MB/29MB, paused 205us total 171.704ms
07-20 01:46:06.929  1578  2763 I chatty  : uid=1000(system) Binder:1578_13 expire 3 lines
07-20 01:46:06.933  2880  5886 I VoWifiQoe_N: ProcessReqInfo ul_msgid=5
07-20 01:46:06.933  2880  5886 I VoWifiQoe_N: processReqInfo MSG_WIFI_SIGNAL_INFO_IND 
07-20 01:46:06.933  2880  5886 I VoWifiQoe_N: ProcessSignalInfoInd curStateIsIdle 0 
07-20 01:46:06.933  2880  5886 I VoWifiQoe_N: ProcessSignalInfoInd wifiInterruptFlg 1 enScreenState 1 curStateIsIdle 0
07-20 01:46:06.933  2880  5886 I VoWifiQoe_N: UpdateEvaluatePolicy EVALUATE_POLICY_RSSI
07-20 01:46:06.933  2880  5886 I VoWifiQoe_N: UpdateEvaluatePolicy phoneId 1 is not qoe started!
07-20 01:46:07.136 24704 25354 I python  : [DEBUG  ] [http          ]//192.168.2.39:80 "GET /data HTTP/1.1" 200 2561
07-20 01:46:07.147  2880  5886 I VoWifiQoe_N: ProcessReqInfo ul_msgid=5
07-20 01:46:07.147  2880  5886 I VoWifiQoe_N: processReqInfo MSG_WIFI_SIGNAL_INFO_IND 
07-20 01:46:07.147  2880  5886 I VoWifiQoe_N: ProcessSignalInfoInd curStateIsIdle 0 
07-20 01:46:07.147  2880  5886 I VoWifiQoe_N: ProcessSignalInfoInd wifiInterruptFlg 1 enScreenState 1 curStateIsIdle 0
07-20 01:46:07.147  2880  5886 I VoWifiQoe_N: UpdateEvaluatePolicy EVALUATE_POLICY_RSSI
07-20 01:46:07.147  2880  5886 I VoWifiQoe_N: UpdateEvaluatePolicy phoneId 1 is not qoe started!
07-20 01:46:07.193  1578  1862 I chatty  : uid=1000(system) WifiService expire 7 lines
07-20 01:46:07.196  1578 11359 I chatty  : uid=1000(system) MobileQosDetect expire 2 lines
07-20 01:46:07.250  2560  3493 E DeviceMonitorPowerKit: not Satify ApplyResource
07-20 01:46:07.303 24704 25354 I python  : [DEBUG  ] [Starting new HTTP connection (1)] 192.168.2.39:80
07-20 01:46:07.306 24704 25353 I python  : [DEBUG  ] [Starting new HTTP connection (1)] 192.168.2.20:80
07-20 01:46:07.359  2880  5886 I VoWifiQoe_N: ProcessReqInfo ul_msgid=5
07-20 01:46:07.359  2880  5886 I VoWifiQoe_N: processReqInfo MSG_WIFI_SIGNAL_INFO_IND 
07-20 01:46:07.359  2880  5886 I VoWifiQoe_N: ProcessSignalInfoInd curStateIsIdle 0 
07-20 01:46:07.359  2880  5886 I VoWifiQoe_N: ProcessSignalInfoInd wifiInterruptFlg 1 enScreenState 1 curStateIsIdle 0
07-20 01:46:07.359  2880  5886 I VoWifiQoe_N: UpdateEvaluatePolicy EVALUATE_POLICY_RSSI
07-20 01:46:07.359  2880  5886 I VoWifiQoe_N: UpdateEvaluatePolicy phoneId 1 is not qoe started!
07-20 01:46:07.387 31811 25044 I NearbyMediums: No BLE Fast/GATT advertisements found in the latest cycle.
07-20 01:46:07.387 31811 25044 I NearbyMediums: Current Tracked Scanning Clients are : {NearbyConnections.EnvironmentMonitor, NearbySharing}
07-20 01:46:07.574  2880  5886 I VoWifiQoe_N: ProcessReqInfo ul_msgid=5
07-20 01:46:07.574  2880  5886 I VoWifiQoe_N: processReqInfo MSG_WIFI_SIGNAL_INFO_IND 
07-20 01:46:07.574  2880  5886 I VoWifiQoe_N: ProcessSignalInfoInd curStateIsIdle 0 
07-20 01:46:07.574  2880  5886 I VoWifiQoe_N: ProcessSignalInfoInd wifiInterruptFlg 1 enScreenState 1 curStateIsIdle 0
07-20 01:46:07.574  2880  5886 I VoWifiQoe_N: UpdateEvaluatePolicy EVALUATE_POLICY_RSSI
07-20 01:46:07.574  2880  5886 I VoWifiQoe_N: UpdateEvaluatePolicy phoneId 1 is not qoe started!
07-20 01:46:07.796  2880  5886 I VoWifiQoe_N: ProcessReqInfo ul_msgid=5
07-20 01:46:07.796  2880  5886 I VoWifiQoe_N: processReqInfo MSG_WIFI_SIGNAL_INFO_IND 
07-20 01:46:07.796  2880  5886 I VoWifiQoe_N: ProcessSignalInfoInd curStateIsIdle 0 
07-20 01:46:07.796  2880  5886 I VoWifiQoe_N: ProcessSignalInfoInd wifiInterruptFlg 1 enScreenState 1 curStateIsIdle 0
07-20 01:46:07.796  2880  5886 I VoWifiQoe_N: UpdateEvaluatePolicy EVALUATE_POLICY_RSSI
07-20 01:46:07.796  2880  5886 I VoWifiQoe_N: UpdateEvaluatePolicy phoneId 1 is not qoe started!
07-20 01:46:07.838  2262  7426 I Booster_Qoe: AdaBoostPredict rlt,index:6,NisPsSlow:0,NProba:312,rsrp(rssi):-57,rsrq(noise):-92,rtt(chload):200,buffhigh(uldelay):0,buffcomm(rtt):0
07-20 01:46:07.838  2262  7426 I Booster_Qoe: AdaBoostPredict rlt,index:2,NisPsSlow:0,NProba:312,rsrp(rssi):-57,rsrq(noise):-92,rtt(chload):200,buffhigh(uldelay):0,buffcomm(rtt):2
07-20 01:46:07.838  2262  7426 I Collector: HandleRawWifiInfo: flag:0, netId:0!
07-20 01:46:07.841  2262  3431 I Hicom_Monitor: handleNetworkQoeReport. foregroundAppTcpRtt: 0, maxRatioChannelId: 2
07-20 01:46:07.841  2262  3431 I Hicom_Monitor: handleNetworkQoeReport. qoeString: 10677,4,0,312,1,2,4,0,312,72000,0,10,10,0,0,0,0
07-20 01:46:07.841  1578  1961 I chatty  : uid=1000(system) wifipro_feature expire 8 lines
07-20 01:46:07.973  2262  2440 I SpeedTestNotifier: is low speed scene
07-20 01:46:08.013  2880  5886 I VoWifiQoe_N: ProcessReqInfo ul_msgid=5
07-20 01:46:08.013  2880  5886 I VoWifiQoe_N: processReqInfo MSG_WIFI_SIGNAL_INFO_IND 
07-20 01:46:08.013  2880  5886 I VoWifiQoe_N: ProcessSignalInfoInd curStateIsIdle 0 
07-20 01:46:08.013  2880  5886 I VoWifiQoe_N: ProcessSignalInfoInd wifiInterruptFlg 1 enScreenState 1 curStateIsIdle 0
07-20 01:46:08.013  2880  5886 I VoWifiQoe_N: UpdateEvaluatePolicy EVALUATE_POLICY_RSSI
07-20 01:46:08.014  2880  5886 I VoWifiQoe_N: UpdateEvaluatePolicy phoneId 1 is not qoe started!
07-20 01:46:08.231  2880  5886 I VoWifiQoe_N: ProcessReqInfo ul_msgid=5
07-20 01:46:08.232  2880  5886 I VoWifiQoe_N: processReqInfo MSG_WIFI_SIGNAL_INFO_IND 
07-20 01:46:08.232  2880  5886 I VoWifiQoe_N: ProcessSignalInfoInd curStateIsIdle 0 
07-20 01:46:08.232  2880  5886 I VoWifiQoe_N: ProcessSignalInfoInd wifiInterruptFlg 1 enScreenState 1 curStateIsIdle 0
07-20 01:46:08.232  2880  5886 I VoWifiQoe_N: UpdateEvaluatePolicy EVALUATE_POLICY_RSSI
07-20 01:46:08.232  2880  5886 I VoWifiQoe_N: UpdateEvaluatePolicy phoneId 1 is not qoe started!
07-20 01:46:08.261   977   977 W irqbalance: type=1400 audit(0.0:112298): avc: denied { dac_override } for pid=977 capability=1 scontext=u:r:irqbalance:s0 tcontext=u:r:irqbalance:s0 tclass=capability permissive=0
07-20 01:46:08.265   977   977 I irqbalance: Decided to move irq 99 from cpu 1 to cpu 0
07-20 01:46:08.275   729   790 E ACCKIT_ : PerfMgr: fail to read 0
07-20 01:46:08.301 24704 25353 I python  : [DEBUG  ] [http          ]//192.168.2.20:80 "GET /data HTTP/1.1" 200 2564
07-20 01:46:08.405 24704 25349 I BluetoothLeAdvertiser: stopAdvertising is called
07-20 01:46:08.405 24704 25349 I BluetoothLeAdvertiser: stopAdvertisingSet, calling package name = org.hackintosh1980.espgrowcontroller
07-20 01:46:08.408  2209  2235 I bt_btif bt interface: set_adapter_property
07-20 01:46:08.409 24704 25349 I BluetoothLeAdvertiser: startAdvertising is called
07-20 01:46:08.409 24704 25349 I BluetoothAdapter: isLeEnabled(): ON
07-20 01:46:08.411 24704 25349 I BluetoothLeAdvertiser: startAdvertisingSet, calling package name = org.hackintosh1980.espgrowcontroller
07-20 01:46:08.411 24704 25349 I BluetoothAdapter: isLeEnabled(): ON
07-20 01:46:08.414 24704 25349 I BroadcastBridge: Advertising refreshed
07-20 01:46:08.416  2209  3502 I bt_stack: [INFO:btm_ble_multi_adv.cc(294)] operator() interval_ms 600953 delta_time 299047
07-20 01:46:08.421  2209  2366 I bt_stack: [INFO:btif_config.cc(534)] btif_config_write: sec num:4  total:11ms  rename:1ms  wait:0ms  copy:0ms  save:10ms.
07-20 01:46:08.425 24704 24704 I BroadcastBridge: Advertising active
07-20 01:46:08.426  2560  2560 I nearby  : BleAdvertiseManager:onDeviceNameChangeEvent
07-20 01:46:08.426  2560  2560 I BatteryChangedMonitor: device name broadcast receive.
07-20 01:46:08.426  2560  2560 I BatteryChangedMonitor: receice ACTION_LOCAL_NAME_CHANGED broadcast, new device Name: LGS
07-20 01:46:08.426  2560  2560 I UniBleManager: onReceive: ACTION_LOCAL_NAME_CHANGED
07-20 01:46:08.426  2560  3481 I DeviceRepository: local device name has no change.
07-20 01:46:08.426  2560  3481 I BatteryChangedMonitor: Success to call device name listener of:Loca***, input deviceId: E05DF9EDF2429F9228F1A1F33C94FC97***
07-20 01:46:08.444  2880  5886 I VoWifiQoe_N: ProcessReqInfo ul_msgid=5
07-20 01:46:08.444  2880  5886 I VoWifiQoe_N: processReqInfo MSG_WIFI_SIGNAL_INFO_IND 
07-20 01:46:08.444  2880  5886 I VoWifiQoe_N: ProcessSignalInfoInd curStateIsIdle 0 
07-20 01:46:08.444  2880  5886 I VoWifiQoe_N: ProcessSignalInfoInd wifiInterruptFlg 1 enScreenState 1 curStateIsIdle 0
07-20 01:46:08.444  2880  5886 I VoWifiQoe_N: UpdateEvaluatePolicy EVALUATE_POLICY_RSSI
07-20 01:46:08.444  2880  5886 I VoWifiQoe_N: UpdateEvaluatePolicy phoneId 1 is not qoe started!
07-20 01:46:08.489  2807  3100 I HiLinkRouterComponent: handleMessage:1003
07-20 01:46:08.489  2807  3100 I HiLinkRouterComponent: handle HilinkSrv Proxy Timeout
07-20 01:46:08.489  2807  3100 I HiLinkRouterComponent: deinit
07-20 01:46:08.663  2880  5886 I VoWifiQoe_N: ProcessReqInfo ul_msgid=5
07-20 01:46:08.663  2880  5886 I VoWifiQoe_N: processReqInfo MSG_WIFI_SIGNAL_INFO_IND 
07-20 01:46:08.663  2880  5886 I VoWifiQoe_N: ProcessSignalInfoInd curStateIsIdle 0 
07-20 01:46:08.663  2880  5886 I VoWifiQoe_N: ProcessSignalInfoInd wifiInterruptFlg 1 enScreenState 1 curStateIsIdle 0
07-20 01:46:08.663  2880  5886 I VoWifiQoe_N: UpdateEvaluatePolicy EVALUATE_POLICY_RSSI
07-20 01:46:08.664  2880  5886 I VoWifiQoe_N: UpdateEvaluatePolicy phoneId 1 is not qoe started!
07-20 01:46:08.855  2262  7426 I Booster_Qoe: AdaBoostPredict rlt,index:6,NisPsSlow:0,NProba:312,rsrp(rssi):-57,rsrq(noise):-92,rtt(chload):200,buffhigh(uldelay):0,buffcomm(rtt):0
07-20 01:46:08.855  2262  7426 I Booster_Qoe: AdaBoostPredict rlt,index:2,NisPsSlow:0,NProba:312,rsrp(rssi):-57,rsrq(noise):-92,rtt(chload):200,buffhigh(uldelay):0,buffcomm(rtt):0
07-20 01:46:08.859  2262  7426 I Collector: HandleRawWifiInfo: flag:0, netId:0!
07-20 01:46:08.860  2262  3431 I Hicom_Monitor: handleNetworkQoeReport. foregroundAppTcpRtt: 0, maxRatioChannelId: 2
07-20 01:46:08.860  2262  3431 I Hicom_Monitor: handleNetworkQoeReport. qoeString: 10677,4,0,312,1,2,4,0,312,72000,0,10,10,0,0,0,0
07-20 01:46:08.881  2880  5886 I VoWifiQoe_N: ProcessReqInfo ul_msgid=5
07-20 01:46:08.881  2880  5886 I VoWifiQoe_N: processReqInfo MSG_WIFI_SIGNAL_INFO_IND 
07-20 01:46:08.881  2880  5886 I VoWifiQoe_N: ProcessSignalInfoInd curStateIsIdle 0 
07-20 01:46:08.881  2880  5886 I VoWifiQoe_N: ProcessSignalInfoInd wifiInterruptFlg 1 enScreenState 1 curStateIsIdle 0
07-20 01:46:08.881  2880  5886 I VoWifiQoe_N: UpdateEvaluatePolicy EVALUATE_POLICY_RSSI
07-20 01:46:08.882  2880  5886 I VoWifiQoe_N: UpdateEvaluatePolicy phoneId 1 is not qoe started!
07-20 01:46:09.110  2880  5886 I VoWifiQoe_N: ProcessReqInfo ul_msgid=5
07-20 01:46:09.110  2880  5886 I VoWifiQoe_N: processReqInfo MSG_WIFI_SIGNAL_INFO_IND 
07-20 01:46:09.110  2880  5886 I VoWifiQoe_N: ProcessSignalInfoInd curStateIsIdle 0 
07-20 01:46:09.110  2880  5886 I VoWifiQoe_N: ProcessSignalInfoInd wifiInterruptFlg 1 enScreenState 1 curStateIsIdle 0
07-20 01:46:09.110  2880  5886 I VoWifiQoe_N: UpdateEvaluatePolicy EVALUATE_POLICY_RSSI
07-20 01:46:09.110  2880  5886 I VoWifiQoe_N: UpdateEvaluatePolicy phoneId 1 is not qoe started!
07-20 01:46:09.156  1578  1686 I PowerManagerService: handleSandman: wakefulness: 1,startDreaming: false
07-20 01:46:09.330  2880  5886 I VoWifiQoe_N: ProcessReqInfo ul_msgid=5
07-20 01:46:09.330  2880  5886 I VoWifiQoe_N: processReqInfo MSG_WIFI_SIGNAL_INFO_IND 
07-20 01:46:09.330  2880  5886 I VoWifiQoe_N: ProcessSignalInfoInd curStateIsIdle 0 
07-20 01:46:09.331  2880  5886 I VoWifiQoe_N: ProcessSignalInfoInd wifiInterruptFlg 1 enScreenState 1 curStateIsIdle 0
07-20 01:46:09.331  2880  5886 I VoWifiQoe_N: UpdateEvaluatePolicy EVALUATE_POLICY_RSSI
07-20 01:46:09.331  2880  5886 I VoWifiQoe_N: UpdateEvaluatePolicy phoneId 1 is not qoe started!
07-20 01:46:09.360  1578  1686 I PowerManagerService: handleSandman: wakefulness: 1,startDreaming: false
07-20 01:46:09.368  1578  1799 I chatty  : uid=1000(system) AlarmManager expire 3 lines
07-20 01:46:09.369  1578  1799 I ActivityManager: sendIntentSender target:PendingIntentRecord{2da78f6 android broadcastIntent}, intent:flg=0x4 hwFlg=0x810
07-20 01:46:09.371  1578  1578 W ContextImpl: Calling a method in the system process without a qualified user: android.app.ContextImpl.sendBroadcast:1168 com.android.server.GcmFixer.HeartbeatReceiver.onReceive:32 android.app.LoadedApk$ReceiverDispatcher$Args.lambda$getRunnable$0$LoadedApk$ReceiverDispatcher$Args:1786 android.app.-$$Lambda$LoadedApk$ReceiverDispatcher$Args$_BumDX2UKsnxLVrE6UJsJZkotuA.run:2 android.os.Handler.handleCallback:900 
07-20 01:46:09.372  1578  1578 W ContextImpl: Calling a method in the system process without a qualified user: android.app.ContextImpl.sendBroadcast:1168 com.android.server.GcmFixer.HeartbeatReceiver.onReceive:33 android.app.LoadedApk$ReceiverDispatcher$Args.lambda$getRunnable$0$LoadedApk$ReceiverDispatcher$Args:1786 android.app.-$$Lambda$LoadedApk$ReceiverDispatcher$Args$_BumDX2UKsnxLVrE6UJsJZkotuA.run:2 android.os.Handler.handleCallback:900 
07-20 01:46:09.372  1578  1686 I PowerManagerService: handleSandman: wakefulness: 1,startDreaming: false
07-20 01:46:09.373  1578  1578 I HeartbeatReceiver: Sent heartbeat request...
07-20 01:46:09.373  1578  1578 I GcmHeartBeatFixer: scheduleHeartbeatRequest, fromNetworkStateChange: false
07-20 01:46:09.374  1578  1578 I GcmHeartBeatFixer: currentTime: 1784504769374 elapsedTime:334200006 targetElapsedTime:334500000 triggerAtMillis:1784505069368 diff:299994
07-20 01:46:09.375  1578  1578 I GcmHeartBeatFixer: setNextHeartbeatRequest at: 2026-07-20 01:51:09
07-20 01:46:09.376  1578  1799 I ActivityManager: sendIntentSender target:PendingIntentRecord{d8e7606 android broadcastIntent}, intent:flg=0x4 hwFlg=0x810
07-20 01:46:09.379  1578  1686 I PowerManagerService: handleSandman: wakefulness: 1,startDreaming: false
07-20 01:46:09.382  1578  1686 I PowerManagerService: handleSandman: wakefulness: 1,startDreaming: false
07-20 01:46:09.388  4234  4234 I PushLog110105309: [main-1]action is com.huawei.push.alarm.HEARTBEAT
07-20 01:46:09.389  4234  4234 I PushLog110105309: [main-1]dispatchIntent over
07-20 01:46:09.390  1578  1686 I PowerManagerService: handleSandman: wakefulness: 1,startDreaming: false
07-20 01:46:09.391  4234  4650 I PushLog110105309: [ReceiverDispatcher-199]com.huawei.push.alarm.HEARTBEAT alarm trigger, expectTriggerTime:0, current trigger time:1784504769391
07-20 01:46:09.391  4234  4650 I PushLog110105309: [ReceiverDispatcher-199]heartbeatArrive
07-20 01:46:09.391  4234  4650 I PushLog110105309: [ReceiverDispatcher-199]heartbeatArrive, send heart beat
07-20 01:46:09.391  4234  4650 I PushLog110105309: [ReceiverDispatcher-199]enter AlarmTools:setExactAlarm(intent:Intent { act=com.huawei.android.push.intent.HEARTBEAT_RSP_TIMEOUT pkg=android } interval:10000ms
07-20 01:46:09.391  4234  4650 I PushLog110105309: [ReceiverDispatcher-199]setExactAlarm expectTriggerTime:1784504779391
07-20 01:46:09.393  1578  1578 I ActivityManager: Killing 21761:com.huawei.systemmanager:security_scan/1000 (adj 985): empty #33
07-20 01:46:09.394  1578  1578 I ActivityManager: Killing 21489:com.android.vending:background/u0a183 (adj 985): empty #34
07-20 01:46:09.395  2635  3885 I AppManager: removeProcessDependency pid:21761
07-20 01:46:09.396  1578  1578 I ActivityManager: Killing 21452:com.huawei.health:PhoneService/u0a155 (adj 985): empty #35
07-20 01:46:09.422 31811 24506 I AlarmManager: setExactAndAllowWhileIdle [name: GCM_HB_ALARM type: 2 triggerAtMillis: 334260054]
07-20 01:46:09.430  4234  4650 I PushLog110105309: [ReceiverDispatcher-199] get charging false
07-20 01:46:09.430  4234  4650 I PushLog110105309: [ReceiverDispatcher-199]next Heartbeat timeout for push server is: 5 min , curHeartBeatInterval: 300000
07-20 01:46:09.430  4234  4650 I PushLog110105309: [ReceiverDispatcher-199]process cmdid to send to pushSrv:46, subCmdId:FF
07-20 01:46:09.438  4234  4650 I PushLog110105309: [ReceiverDispatcher-199]send msg to remote srv success
07-20 01:46:09.446  4234 25547 I PushLog110105309: [IO-pool-thread-402-1067]try to send exceed campaign msg to NC display
07-20 01:46:09.447  1578  1686 I PowerManagerService: handleSandman: wakefulness: 1,startDreaming: false
07-20 01:46:09.454  1578  1686 I PowerManagerService: handleSandman: wakefulness: 1,startDreaming: false
07-20 01:46:09.456   635   635 I Zygote  : Process 21761 exited due to signal 9 (Killed)
07-20 01:46:09.462  1061  6849 I iked    : [INFO]: ikev2.c:305: ikev2_periodic_task()
07-20 01:46:09.462  2635  3885 I PG_DBS_CPU: parseCpuInfo, abnormal cpu time, time: 10346710, uid: 1000, name: system_server, strTime: 1034671
07-20 01:46:09.462  2635  3885 I PG_DBS_MAIN: calcSharedUidCpuList, abnormal cpu time, time: 10346710, uid: 1000, name: system_server
07-20 01:46:09.464  1578  1891 W HwAudioServiceEx: SoundEffectState bundle get reserved is invalid
07-20 01:46:09.465  1578  1668 I HwPowerManagerService: appdie release wakelock, pid = 21761, uid = 1000
07-20 01:46:09.468   635   635 I Zygote  : Process 21452 exited due to signal 9 (Killed)
07-20 01:46:09.468   635   635 I Zygote  : Process 21489 exited due to signal 9 (Killed)
07-20 01:46:09.472  1578  1854 I ConnectivityService: ConnectivityService NetworkRequestInfo binderDied(NetworkRequest [ TRACK_DEFAULT id=1450, [ Capabilities: INTERNET&NOT_RESTRICTED&TRUSTED Uid: 10155 DNN:  SSCMODE: 0 SNSSAI:  PduSessionType: 0 RouteBitmap: 0] ], android.os.BinderProxy@1972e62)
07-20 01:46:09.472 13229 30368 I chatty  : uid=10155(com.huawei.health) Binder:13229_5 expire 1 line
07-20 01:46:09.473  1578  1877 I ConnectivityService: releasing NetworkRequest [ TRACK_DEFAULT id=1450, [ Capabilities: INTERNET&NOT_RESTRICTED&TRUSTED Uid: 10155 DNN:  SSCMODE: 0 SNSSAI:  PduSessionType: 0 RouteBitmap: 0] ] (release request)
07-20 01:46:09.474  1578  1877 I ConnectivityService:  Removing from current network NetworkAgentInfo [WIFI () - 101], leaving 66 requests.
07-20 01:46:09.476  1578  2760 I ConnectivityService: ConnectivityService NetworkRequestInfo binderDied(NetworkRequest [ TRACK_DEFAULT id=1447, [ Capabilities: INTERNET&NOT_RESTRICTED&TRUSTED Uid: 10183 DNN:  SSCMODE: 0 SNSSAI:  PduSessionType: 0 RouteBitmap: 0] ], android.os.BinderProxy@f4ccbf3)
07-20 01:46:09.476  1578  5171 I ConnectivityService: ConnectivityService NetworkRequestInfo binderDied(NetworkRequest [ TRACK_DEFAULT id=1448, [ Capabilities: INTERNET&NOT_RESTRICTED&TRUSTED Uid: 10183 DNN:  SSCMODE: 0 SNSSAI:  PduSessionType: 0 RouteBitmap: 0] ], android.os.BinderProxy@ac910b0)
07-20 01:46:09.476  1578  1877 I ConnectivityService: releasing NetworkRequest [ TRACK_DEFAULT id=1447, [ Capabilities: INTERNET&NOT_RESTRICTED&TRUSTED Uid: 10183 DNN:  SSCMODE: 0 SNSSAI:  PduSessionType: 0 RouteBitmap: 0] ] (release request)
07-20 01:46:09.477  1578  5179 I ConnectivityService: ConnectivityService NetworkRequestInfo binderDied(NetworkRequest [ LISTEN id=1449, [ Capabilities: INTERNET&NOT_RESTRICTED&TRUSTED Uid: 10183 DNN:  SSCMODE: 0 SNSSAI:  PduSessionType: 0 RouteBitmap: 0] ], android.os.BinderProxy@2d1eb29)
07-20 01:46:09.477  1578  1877 I ConnectivityService:  Removing from current network NetworkAgentInfo [WIFI () - 101], leaving 65 requests.
07-20 01:46:09.478  1578  1877 I ConnectivityService: releasing NetworkRequest [ TRACK_DEFAULT id=1448, [ Capabilities: INTERNET&NOT_RESTRICTED&TRUSTED Uid: 10183 DNN:  SSCMODE: 0 SNSSAI:  PduSessionType: 0 RouteBitmap: 0] ] (release request)
07-20 01:46:09.478  1578  1877 I ConnectivityService:  Removing from current network NetworkAgentInfo [WIFI () - 101], leaving 64 requests.
07-20 01:46:09.478  1578  1877 I ConnectivityService: releasing NetworkRequest [ LISTEN id=1449, [ Capabilities: INTERNET&NOT_RESTRICTED&TRUSTED Uid: 10183 DNN:  SSCMODE: 0 SNSSAI:  PduSessionType: 0 RouteBitmap: 0] ] (release request)
07-20 01:46:09.481  1578  1668 I HwPowerManagerService: appdie release wakelock, pid = 21452, uid = 10155
07-20 01:46:09.482  1578  1891 W HwAudioServiceEx: SoundEffectState bundle get reserved is invalid
07-20 01:46:09.482  2635  3885 I AppManager: removeProcessDependency pid:21452
07-20 01:46:09.482  1578  2466 W ActivityManager: Scheduling restart of crashed service com.huawei.health/com.huawei.hwservicesmgr.PhoneService in 1000ms
07-20 01:46:09.487  1578  1891 W HwAudioServiceEx: SoundEffectState bundle get reserved is invalid
07-20 01:46:09.487  1578  1668 I HwPowerManagerService: appdie release wakelock, pid = 21489, uid = 10183
07-20 01:46:09.495  2262 16233 E HsmCoreServiceImpl: onTransact in code is: 102
07-20 01:46:09.495  2262 16233 W MediaProcessHandler: processOp uid 1000 is not concerned!
07-20 01:46:09.495  2262 16233 I MediaProcessHandler: executedCallBack opType: 1 mMediaStatusObservers.size=0
07-20 01:46:09.496  2262  2308 E HsmCoreServiceImpl: onTransact in code is: 102
07-20 01:46:09.496  2262  2308 I MediaProcessHandler: processOp opType: 1, uid: 10155, pid: 21452
07-20 01:46:09.496  2262  2308 W MediaProcessHandler: only the process it self can do this operation: 10155, 1000, 21452, 2334
07-20 01:46:09.496  2262  2308 I MediaProcessHandler: executedCallBack opType: 1 mMediaStatusObservers.size=0
07-20 01:46:09.497  2262  2298 E HsmCoreServiceImpl: onTransact in code is: 102
07-20 01:46:09.497  2262  2298 I MediaProcessHandler: processOp opType: 1, uid: 10183, pid: 21489
07-20 01:46:09.497  2262  2298 W MediaProcessHandler: only the process it self can do this operation: 10183, 1000, 21489, 2334
07-20 01:46:09.497  2262  2298 I MediaProcessHandler: executedCallBack opType: 1 mMediaStatusObservers.size=0
07-20 01:46:09.538  1578  1633 I chatty  : uid=1000(system) Binder:1578_1 expire 1 line
07-20 01:46:09.542  2880  5886 I VoWifiQoe_N: ProcessReqInfo ul_msgid=5
07-20 01:46:09.543  2880  5886 I VoWifiQoe_N: processReqInfo MSG_WIFI_SIGNAL_INFO_IND 
07-20 01:46:09.543  2880  5886 I VoWifiQoe_N: ProcessSignalInfoInd curStateIsIdle 0 
07-20 01:46:09.543  2880  5886 I VoWifiQoe_N: ProcessSignalInfoInd wifiInterruptFlg 1 enScreenState 1 curStateIsIdle 0
07-20 01:46:09.543  2880  5886 I VoWifiQoe_N: UpdateEvaluatePolicy EVALUATE_POLICY_RSSI
07-20 01:46:09.543  2880  5886 I VoWifiQoe_N: UpdateEvaluatePolicy phoneId 1 is not qoe started!
07-20 01:46:09.588  1123  1123 E Thermal-daemon:hw_thermal: [shell_frame] tempNew :31  tempOld :30
07-20 01:46:09.589  1123  1123 E Thermal-daemon:hw_thermal: Report temperature: [shell_frame] temp :31  reportThreshold:1
07-20 01:46:09.614 24704 25354 I python  : [DEBUG  ] [Starting new HTTP connection (1)] growmaster-1d3c.local:80
07-20 01:46:09.616   634  1400 W /system/bin/netd: A binder object at 0x705428a000 is being transacted on, however, this object is in the same process as its proxy. Transacting with this binder is expensive compared to just calling the corresponding functionality in the same process.
07-20 01:46:09.616   634  1400 I PreDnsController: CanPreDnsQuery,persist.sys.predns is false!
07-20 01:46:09.708  1578  1686 I PowerManagerService: handleSandman: wakefulness: 1,startDreaming: false
07-20 01:46:09.712  1578  1686 I chatty  : uid=1000(system) PowerManagerSer identical 1 line
07-20 01:46:09.713  4234  5656 I PushLog110105309: [SocketRead_06:36:29-222]enter cancelAlarm(Action=com.huawei.android.push.intent.RESPONSE_FAIL
07-20 01:46:09.716  1578  1686 I PowerManagerService: handleSandman: wakefulness: 1,startDreaming: false
07-20 01:46:09.719 31811 25067 I AlarmManager: setExactAndAllowWhileIdle [name: GCM_HB_ALARM type: 2 triggerAtMillis: 334620350]
07-20 01:46:09.723  4234  5656 I PushLog110105309: [SocketRead_06:36:29-222]process cmdid to receive from pushSrv:47, subCmdId:FF
07-20 01:46:09.723  4234  5656 I PushLog110105309: [SocketRead_06:36:29-222]enter cancelAlarm(Action=com.huawei.android.push.intent.HEARTBEAT_RSP_TIMEOUT
07-20 01:46:09.724  1578  2196 I AlarmManager: remove alarm:Alarm{b9c27ba type 0 when 1784504779391 PendingIntent{db94ef1: PendingIntentRecord{e58fe5d android broadcastIntent}}android procName com.huawei.android.pushagent.PushService} according to operation:973c66b
07-20 01:46:09.725  1578  1686 I PowerManagerService: handleSandman: wakefulness: 1,startDreaming: false
07-20 01:46:09.731  4234  5656 I PushLog110105309: [SocketRead_06:36:29-222]enter adjustHeartBeat:(findHeartBeat:true,RspTimeOut:false,beatInterval:300000,bestHBSuccessCount:0,range:[180000,300000])
07-20 01:46:09.731  4234  5656 I PushLog110105309: [SocketRead_06:36:29-222]judgeFindBestHB and isBestHBTimeOut: false, isOffset: false
07-20 01:46:09.731  4234  5656 I PushLog110105309: [SocketRead_06:36:29-222] get charging false
07-20 01:46:09.731  4234  5656 I PushLog110105309: [SocketRead_06:36:29-222]after delayHeartBeatReq, not charging, nextHeartBeatTime will be [300000,300000] ms later, heartBeatInterval is :300000
07-20 01:46:09.731  4234  5656 I PushLog110105309: [SocketRead_06:36:29-222]adjust alarm, current is screen on or is charging, do not need to adjust.
07-20 01:46:09.732  4234  5656 I PushLog110105309: [SocketRead_06:36:29-222]enter AlarmTools:setExactWindowAlarm(intent:Intent { act=com.huawei.push.alarm.HEARTBEAT pkg=android },interval:300000ms,window:0
07-20 01:46:09.735  1578  1686 I chatty  : uid=1000(system) PowerManagerSer identical 1 line
07-20 01:46:09.736  4234  5656 I PushLog110105309: [SocketRead_06:36:29-222]dispatchIntent over
07-20 01:46:09.736  4234  4650 I PushLog110105309: [ReceiverDispatcher-199]process push message cmdid from pushSrv:47, subCmdId:FF
07-20 01:46:09.736  4234  4650 I PushLog110105309: [ReceiverDispatcher-199]enter AlarmTools:setInexactAlarm(intent:Intent { act=com.huawei.action.push.intent.CHECK_CHANNEL_CYCLE pkg=android } interval:1200000ms
07-20 01:46:09.736  1578  1686 I PowerManagerService: handleSandman: wakefulness: 1,startDreaming: false
07-20 01:46:09.739  1578  2629 I AlarmManager: remove alarm:Alarm{59f674 type 1 when 1784505936268 PendingIntent{e2e225b: PendingIntentRecord{dec1a4e android broadcastIntent}}android procName com.huawei.android.pushagent.PushService} according to operation:7065e47
07-20 01:46:09.750  1578  1686 I PowerManagerService: handleSandman: wakefulness: 1,startDreaming: false
07-20 01:46:09.751  1578  5179 I chatty  : uid=1000(system) Binder:1578_1D expire 3 lines
07-20 01:46:09.757  2880  5886 I VoWifiQoe_N: ProcessReqInfo ul_msgid=5
07-20 01:46:09.757  2880  5886 I VoWifiQoe_N: processReqInfo MSG_WIFI_SIGNAL_INFO_IND 
07-20 01:46:09.757  2880  5886 I VoWifiQoe_N: ProcessSignalInfoInd curStateIsIdle 0 
07-20 01:46:09.757  2880  5886 I VoWifiQoe_N: ProcessSignalInfoInd wifiInterruptFlg 1 enScreenState 1 curStateIsIdle 0
07-20 01:46:09.757  2880  5886 I VoWifiQoe_N: UpdateEvaluatePolicy EVALUATE_POLICY_RSSI
07-20 01:46:09.757  2880  5886 I VoWifiQoe_N: UpdateEvaluatePolicy phoneId 1 is not qoe started!
07-20 01:46:09.884  2262  7426 I Booster_Qoe: AdaBoostPredict rlt,index:6,NisPsSlow:0,NProba:312,rsrp(rssi):-63,rsrq(noise):-92,rtt(chload):200,buffhigh(uldelay):0,buffcomm(rtt):0
07-20 01:46:09.885  2262  7426 I Booster_Qoe: AdaBoostPredict rlt,index:2,NisPsSlow:0,NProba:312,rsrp(rssi):-63,rsrq(noise):-92,rtt(chload):200,buffhigh(uldelay):0,buffcomm(rtt):99
07-20 01:46:09.885  2262  7426 I Collector: HandleRawWifiInfo: flag:0, netId:0!
07-20 01:46:09.894  2262  3431 I Hicom_Monitor: handleNetworkQoeReport. foregroundAppTcpRtt: 0, maxRatioChannelId: 2
07-20 01:46:09.894  2262  3431 I Hicom_Monitor: handleNetworkQoeReport. qoeString: 10677,4,0,312,1,2,4,0,312,72000,0,10,10,0,0,0,0
07-20 01:46:09.894  1578  1961 I chatty  : uid=1000(system) wifipro_feature expire 8 lines
07-20 01:46:09.964  1578  2629 I chatty  : uid=1000(system) Binder:1578_D expire 3 lines
07-20 01:46:09.966   692 12979 I AudioModuleManager: [AudioModuleGetParameters:71]: list size: 13
07-20 01:46:09.967   692 12979 I audio_hw_usbaudio_hw: [get_typec_parameters:587]: check show hires (false)
07-20 01:46:09.969  1578  1891 I HwAudioServiceEx: HwAudioHandlerEx receive unknown msg
07-20 01:46:09.969  2880  5886 I VoWifiQoe_N: ProcessReqInfo ul_msgid=5
07-20 01:46:09.969  2880  5886 I VoWifiQoe_N: processReqInfo MSG_WIFI_SIGNAL_INFO_IND 
07-20 01:46:09.969  2880  5886 I VoWifiQoe_N: ProcessSignalInfoInd curStateIsIdle 0 
07-20 01:46:09.969  2880  5886 I VoWifiQoe_N: ProcessSignalInfoInd wifiInterruptFlg 1 enScreenState 1 curStateIsIdle 0
07-20 01:46:09.969  2880  5886 I VoWifiQoe_N: UpdateEvaluatePolicy EVALUATE_POLICY_RSSI
07-20 01:46:09.969  2880  5886 I VoWifiQoe_N: UpdateEvaluatePolicy phoneId 1 is not qoe started!
07-20 01:46:09.981   692 12979 I AudioModuleManager: [AudioModuleGetParameters:71]: list size: 13
07-20 01:46:09.981   692 12979 I audio_hw_usbaudio_hw: [get_typec_parameters:587]: check show hires (false)
07-20 01:46:09.983  1578  1891 I chatty  : uid=1000(system) Thread-6 identical 1 line
07-20 01:46:09.987   692 12979 I AudioModuleManager: [AudioModuleGetParameters:71]: list size: 13
07-20 01:46:09.987   692 12979 I audio_hw_usbaudio_hw: [get_typec_parameters:587]: check show hires (false)
07-20 01:46:09.989  1578  1891 I HwAudioServiceEx: HwAudioHandlerEx receive unknown msg
07-20 01:46:10.027  1578  1862 I chatty  : uid=1000(system) WifiService expire 6 lines
07-20 01:46:10.143   634  9753 I netd    : trafficSwapActiveStatsMap() <23.38ms>
07-20 01:46:10.185  2880  5886 I VoWifiQoe_N: ProcessReqInfo ul_msgid=5
07-20 01:46:10.185  2880  5886 I VoWifiQoe_N: processReqInfo MSG_WIFI_SIGNAL_INFO_IND 
07-20 01:46:10.185  2880  5886 I VoWifiQoe_N: ProcessSignalInfoInd curStateIsIdle 0 
07-20 01:46:10.185  2880  5886 I VoWifiQoe_N: ProcessSignalInfoInd wifiInterruptFlg 1 enScreenState 1 curStateIsIdle 0
07-20 01:46:10.185  2880  5886 I VoWifiQoe_N: UpdateEvaluatePolicy EVALUATE_POLICY_RSSI
07-20 01:46:10.185  2880  5886 I VoWifiQoe_N: UpdateEvaluatePolicy phoneId 1 is not qoe started!
07-20 01:46:10.203  1578  1686 I PowerManagerService: handleSandman: wakefulness: 1,startDreaming: false
07-20 01:46:10.276   729   790 E ACCKIT_ : PerfMgr: fail to read 0
07-20 01:46:10.402  2880  5886 I VoWifiQoe_N: ProcessReqInfo ul_msgid=5
07-20 01:46:10.402  2880  5886 I VoWifiQoe_N: processReqInfo MSG_WIFI_SIGNAL_INFO_IND 
07-20 01:46:10.402  2880  5886 I VoWifiQoe_N: ProcessSignalInfoInd curStateIsIdle 0 
07-20 01:46:10.402  2880  5886 I VoWifiQoe_N: ProcessSignalInfoInd wifiInterruptFlg 1 enScreenState 1 curStateIsIdle 0
07-20 01:46:10.402  2880  5886 I VoWifiQoe_N: UpdateEvaluatePolicy EVALUATE_POLICY_RSSI
07-20 01:46:10.402  2880  5886 I VoWifiQoe_N: UpdateEvaluatePolicy phoneId 1 is not qoe started!
07-20 01:46:10.406  1578  1686 I PowerManagerService: handleSandman: wakefulness: 1,startDreaming: false
07-20 01:46:10.525  1578  1676 I ActivityManager: Start proc 25554:com.huawei.health:PhoneService/u0a155 for service {com.huawei.health/com.huawei.hwservicesmgr.PhoneService}
07-20 01:46:10.539 25554 25554 I chatty  : uid=10155 com.huawei.health:PhoneService expire 105 lines
07-20 01:46:10.587 25554 25572 I ActivityThread: Init compatible state: false
07-20 01:46:10.588 25554 25572 I chatty  : uid=10155(com.huawei.health) queued-work-loo expire 8 lines
07-20 01:46:10.591 25554 25554 I LoadedApk: makePaths: outLibPaths=[/data/app/com.huawei.health-Lw8ZjxTZI7Wtzv5JUf2ofw==/lib/arm64, /data/app/com.huawei.health-Lw8ZjxTZI7Wtzv5JUf2ofw==/base.apk!/lib/arm64-v8a, /system/lib64:/hw_product/lib64:/system/product/lib64:/prets/lib64]
07-20 01:46:10.628  2880  5886 I VoWifiQoe_N: ProcessReqInfo ul_msgid=5
07-20 01:46:10.628  2880  5886 I VoWifiQoe_N: processReqInfo MSG_WIFI_SIGNAL_INFO_IND 
07-20 01:46:10.628  2880  5886 I VoWifiQoe_N: ProcessSignalInfoInd curStateIsIdle 0 
07-20 01:46:10.628  2880  5886 I VoWifiQoe_N: ProcessSignalInfoInd wifiInterruptFlg 1 enScreenState 1 curStateIsIdle 0
07-20 01:46:10.628  2880  5886 I VoWifiQoe_N: UpdateEvaluatePolicy EVALUATE_POLICY_RSSI
07-20 01:46:10.628  2880  5886 I VoWifiQoe_N: UpdateEvaluatePolicy phoneId 1 is not qoe started!
07-20 01:46:10.698 25554 25579 I chatty  : uid=10155(com.huawei.health) haf-def-1-1 expire 4 lines
07-20 01:46:10.708 25554 25580 I chatty  : uid=10155(com.huawei.health) haf-def-1-2 expire 4 lines
07-20 01:46:10.718 25554 25584 I chatty  : uid=10155(com.huawei.health) pool-1-thread-2 expire 10 lines
07-20 01:46:10.764 25554 25591 I chatty  : uid=10155(com.huawei.health) haf-def-1-3 expire 17 lines
07-20 01:46:10.791 25554 25593 I chatty  : uid=10155(com.huawei.health) DfxMonitorThrea expire 1 line
07-20 01:46:10.837 25554 25595 I chatty  : uid=10155(com.huawei.health) APMS_ApmsAgent- expire 8 lines
07-20 01:46:10.846 25554 25596 I chatty  : uid=10155(com.huawei.health) haf-def-1-5 expire 11 lines
07-20 01:46:10.848 25554 25554 I ActivityThread: finishPreloaded preloadStatus 0
07-20 01:46:10.848 25554 25600 I chatty  : uid=10155(com.huawei.health) HA_HA-VISUAL-1 expire 11 lines
07-20 01:46:10.852  2880  5886 I VoWifiQoe_N: ProcessReqInfo ul_msgid=5
07-20 01:46:10.852  2880  5886 I VoWifiQoe_N: processReqInfo MSG_WIFI_SIGNAL_INFO_IND 
