07-20 01:44:57.501  4633 24751 I CAWARENESS_CacheReportDataService: insertData
07-20 01:44:57.502  2635 29692 I LocationDetection: leaveCompanyFence: RequestResult{6, 8, 3, null, 0, 0, 100, com.huawei.powergenie_1:1;6,8,3, 1, null, 4, 200007, error_unknown}
07-20 01:44:57.503  4633 31645 I CAWARENESS_CompatibleBinder: registerLocationFence
07-20 01:44:57.503  4633 24752 I CAWARENESS_AwarenessSQLiteDatabase: insert recId is 13705317
07-20 01:44:57.504  4633 24752 I CAWARENESS_CacheReportDataService: Current count 3
07-20 01:44:57.504  4633 24753 I CAWARENESS_FenceManager: addDataId name = null
07-20 01:44:57.504  4633 24753 I CAWARENESS_FenceManager: addDataId dataId = 0
07-20 01:44:57.504  4633 24753 I CAWARENESS_ManagedFenceFactory: AwarenessFence parsing to Optional.empty
07-20 01:44:57.504  4633 24753 I CAWARENESS_FenceManager: onResult, onResultListener=com.huawei.hiai.awareness.opencapacity.fence.FenceManager$3@29b6da0, code=0
07-20 01:44:57.504  2635  3724 I LocationDetection: need regisiter L_H_F
07-20 01:44:57.504  4633 24753 I CAWARENESS_CacheReportDataService: insertData
07-20 01:44:57.505  2635 29692 I LocationDetection: arriveCompanyFence: RequestResult{6, 4, 3, null, 0, 0, 100, com.huawei.powergenie_1:1;6,4,3, 1, null, 4, 200007, error_unknown}
07-20 01:44:57.506  4633 31645 I CAWARENESS_CompatibleBinder: registerLocationFence
07-20 01:44:57.507  4633 24754 I CAWARENESS_AwarenessSQLiteDatabase: insert recId is 13705318
07-20 01:44:57.507  4633 24754 I CAWARENESS_CacheReportDataService: Current count 4
07-20 01:44:57.507  4633 24755 I CAWARENESS_FenceManager: addDataId name = null
07-20 01:44:57.507  4633 24755 I CAWARENESS_FenceManager: addDataId dataId = 0
07-20 01:44:57.508  4633 24755 I CAWARENESS_ManagedFenceFactory: AwarenessFence parsing to Optional.empty
07-20 01:44:57.508  4633 24755 I CAWARENESS_FenceManager: onResult, onResultListener=com.huawei.hiai.awareness.opencapacity.fence.FenceManager$3@a8a29ff, code=0
07-20 01:44:57.508  4633 24755 I CAWARENESS_CacheReportDataService: insertData
07-20 01:44:57.509  2635 29692 I LocationDetection: leaveHomeFence: RequestResult{6, 2, 3, null, 0, 0, 100, com.huawei.powergenie_1:1;6,2,3, 1, null, 4, 200007, error_unknown}
07-20 01:44:57.509  1578  1799 W ActivityManager: Sending non-protected broadcast DeviceMonitorService.MonitorStrategy.NormalAlarm from system uid 1000 pkg com.huawei.nearby
07-20 01:44:57.510  4633 31645 I CAWARENESS_CompatibleBinder: registerLocationFence
07-20 01:44:57.511  4633 24756 I CAWARENESS_AwarenessSQLiteDatabase: insert recId is 13705319
07-20 01:44:57.511  4633 24756 I CAWARENESS_CacheReportDataService: Current count 5
07-20 01:44:57.511  2560  2560 I MonitorStrategy: alarm, action=DeviceMonitorService.MonitorStrategy.NormalAlarm
07-20 01:44:57.512  4633 24757 I CAWARENESS_FenceManager: addDataId name = null
07-20 01:44:57.512  2560  3486 I MonitorStrategy: check changed status
07-20 01:44:57.512  4633 24757 I CAWARENESS_FenceManager: addDataId dataId = 0
07-20 01:44:57.512  4633 24757 I CAWARENESS_ManagedFenceFactory: AwarenessFence parsing to Optional.empty
07-20 01:44:57.512  4633 24757 I CAWARENESS_FenceManager: onResult, onResultListener=com.huawei.hiai.awareness.opencapacity.fence.FenceManager$3@30e1d2a, code=0
07-20 01:44:57.512  4633 24757 I CAWARENESS_CacheReportDataService: insertData
07-20 01:44:57.512  4633 31645 I CAWARENESS_CompatibleBinder: registerLocationFence
07-20 01:44:57.512  4633 31645 W CAWARENESS_ThreadPool: thread pool FenceManager(1) is busy 1/2
07-20 01:44:57.513  2635 29692 I LocationDetection: arriveHomeFence: RequestResult{6, 1, 3, null, 0, 0, 100, com.huawei.powergenie_1:1;6,1,3, 1, null, 4, 200007, error_unknown}
07-20 01:44:57.514  2560  3486 I ElectionHeartbeatInfo: reset current master weight=2175
07-20 01:44:57.514  2560  3486 I P2pInfo : getP2pMac: unknow
07-20 01:44:57.514  2560  3486 I P2pInfo : getGoMac: unknow
07-20 01:44:57.514  2560  3486 I MonitorStrategy: local DeviceInfo=[udid=2293********C858, type=PHONE, uuid=E05D********B0F5, brmac=BC:**:**:**:DC:8E, accountId=0, selfWeight= 2175, group=[256, 512, 1, 257], online={}, softbusver=11.3.0.001, packagever=2.0.0.228, seqNum=-1, ip=192.168.2***, aport=447***, sport=344***, pport=452***, p2p_mac=unknow, go_mac=unknow, hashcode=32106193, heartbeat=54776995823]
07-20 01:44:57.514  2560  3486 I HwIdHandler: getCurUserId: false
07-20 01:44:57.516  4633 24759 I CAWARENESS_FenceManager: addDataId name = null
07-20 01:44:57.516  4633 24759 I CAWARENESS_FenceManager: addDataId dataId = 0
07-20 01:44:57.516  4633 24759 I CAWARENESS_ManagedFenceFactory: AwarenessFence parsing to Optional.empty
07-20 01:44:57.516  4633 24759 I CAWARENESS_FenceManager: onResult, onResultListener=com.huawei.hiai.awareness.opencapacity.fence.FenceManager$3@aeb9e91, code=0
07-20 01:44:57.516  4633 24759 I CAWARENESS_CacheReportDataService: insertData
07-20 01:44:57.516  4633 24759 W CAWARENESS_ThreadPool: thread pool CacheReportDataService(1) is busy 1/2
07-20 01:44:57.517  2635 29692 I LocationDetection: leaveCompanyFence: RequestResult{6, 8, 3, null, 0, 0, 100, com.huawei.powergenie_1:1;6,8,3, 1, null, 4, 200007, error_unknown}
07-20 01:44:57.520  1578  1799 I ActivityManager: sendIntentSender target:PendingIntentRecord{b9327d1 com.google.android.gms broadcastIntent}, intent:flg=0x4 hwFlg=0x810
07-20 01:44:57.520  2560  3486 E HwIdHandler: getCurUserId: hwUserId is empty
07-20 01:44:57.520  4633 24758 I CAWARENESS_AwarenessSQLiteDatabase: insert recId is 13705320
07-20 01:44:57.520  2560  3486 W MonitorStrategy: condition heartbeat not logged in nor has different account device
07-20 01:44:57.520  2560  3486 I MonitorStrategy: device check lost at heartbeat, bleBackGround false or not screenOne or need more time
07-20 01:44:57.520  2560  3486 I RoleElectionEngine: hasn't relayed when increment, weightAuto: 2175, seqAuto: 76
07-20 01:44:57.520  2560  3486 I MonitorStrategy: start alarm isContinueClock=true, isHighPerformance=false, now=334128152, startTime=334428152
07-20 01:44:57.520  2834  3172 W  TrustCircleService.: SyncAccountStatusTask - getting account info times is up to limit!
07-20 01:44:57.521  4633 24758 I CAWARENESS_CacheReportDataService: Current count 6
07-20 01:44:57.521  4633 31645 I CAWARENESS_CompatibleBinder: registerLocationFence
07-20 01:44:57.522  2635  3724 I LocationDetection: need regisiter L_H_F
07-20 01:44:57.523  4633 31645 I CAWARENESS_CompatibleBinder: registerLocationFence
07-20 01:44:57.523  4633 24761 I CAWARENESS_FenceManager: addDataId name = null
07-20 01:44:57.523  4633 24761 I CAWARENESS_FenceManager: addDataId dataId = 0
07-20 01:44:57.523  4633 24761 I CAWARENESS_ManagedFenceFactory: AwarenessFence parsing to Optional.empty
07-20 01:44:57.523  4633 24761 I CAWARENESS_FenceManager: onResult, onResultListener=com.huawei.hiai.awareness.opencapacity.fence.FenceManager$3@4dac064, code=0
07-20 01:44:57.523  4633 24761 I CAWARENESS_CacheReportDataService: insertData
07-20 01:44:57.524  4633 31645 W CAWARENESS_ThreadPool: thread pool FenceManager(1) is busy 1/2
07-20 01:44:57.524  4633 24761 W CAWARENESS_ThreadPool: thread pool CacheReportDataService(1) is busy 1/2
07-20 01:44:57.524  2635 29692 I LocationDetection: arriveCompanyFence: RequestResult{6, 4, 3, null, 0, 0, 100, com.huawei.powergenie_1:1;6,4,3, 1, null, 4, 200007, error_unknown}
07-20 01:44:57.524  4633 31645 I CAWARENESS_CompatibleBinder: registerLocationFence
07-20 01:44:57.525  4633 24762 I CAWARENESS_FenceManager: addDataId name = null
07-20 01:44:57.525  4633 31645 W CAWARENESS_ThreadPool: thread pool FenceManager(1) is busy 1/2
07-20 01:44:57.525  4633 24762 I CAWARENESS_FenceManager: addDataId dataId = 0
07-20 01:44:57.525  4633 24762 I CAWARENESS_ManagedFenceFactory: AwarenessFence parsing to Optional.empty
07-20 01:44:57.525  4633 24762 I CAWARENESS_FenceManager: onResult, onResultListener=com.huawei.hiai.awareness.opencapacity.fence.FenceManager$3@992782, code=0
07-20 01:44:57.525  4633 24762 I CAWARENESS_CacheReportDataService: insertData
07-20 01:44:57.525  4633 24762 W CAWARENESS_ThreadPool: thread pool CacheReportDataService(1) is busy 2/3
07-20 01:44:57.525  2635 29692 I LocationDetection: leaveHomeFence: RequestResult{6, 2, 3, null, 0, 0, 100, com.huawei.powergenie_1:1;6,2,3, 1, null, 4, 200007, error_unknown}
07-20 01:44:57.526  4633 31645 I CAWARENESS_CompatibleBinder: registerLocationFence
07-20 01:44:57.526  4633 24760 I CAWARENESS_AwarenessSQLiteDatabase: insert recId is 13705321
07-20 01:44:57.526  4633 24763 I CAWARENESS_FenceManager: addDataId name = null
07-20 01:44:57.526  4633 24763 I CAWARENESS_FenceManager: addDataId dataId = 0
07-20 01:44:57.526  4633 24763 I CAWARENESS_ManagedFenceFactory: AwarenessFence parsing to Optional.empty
07-20 01:44:57.526  4633 31645 W CAWARENESS_ThreadPool: thread pool FenceManager(1) is busy 1/2
07-20 01:44:57.526  4633 24760 I CAWARENESS_CacheReportDataService: Current count 7
07-20 01:44:57.526  4633 24763 I CAWARENESS_FenceManager: onResult, onResultListener=com.huawei.hiai.awareness.opencapacity.fence.FenceManager$3@8b57ed0, code=0
07-20 01:44:57.526  4633 24763 I CAWARENESS_CacheReportDataService: insertData
07-20 01:44:57.527  4633 31645 I CAWARENESS_CompatibleBinder: registerLocationFence
07-20 01:44:57.527  4633 31645 W CAWARENESS_ThreadPool: thread pool FenceManager(1) is busy 2/3
07-20 01:44:57.528  2635  3724 I LocationDetection: need regisiter L_H_F
07-20 01:44:57.528  4633 24763 W CAWARENESS_ThreadPool: thread pool CacheReportDataService(1) is busy 2/3
07-20 01:44:57.528  2635 29692 I LocationDetection: arriveHomeFence: RequestResult{6, 1, 3, null, 0, 0, 100, com.huawei.powergenie_1:1;6,1,3, 1, null, 4, 200007, error_unknown}
07-20 01:44:57.529  4633 31645 I CAWARENESS_CompatibleBinder: registerLocationFence
07-20 01:44:57.529  4633 31645 W CAWARENESS_ThreadPool: thread pool FenceManager(1) is busy 2/3
07-20 01:44:57.529  4633 24765 I CAWARENESS_FenceManager: addDataId name = null
07-20 01:44:57.529  4633 24765 I CAWARENESS_FenceManager: addDataId dataId = 0
07-20 01:44:57.529  4633 24765 I CAWARENESS_ManagedFenceFactory: AwarenessFence parsing to Optional.empty
07-20 01:44:57.529  4633 24765 I CAWARENESS_FenceManager: onResult, onResultListener=com.huawei.hiai.awareness.opencapacity.fence.FenceManager$3@40790ef, code=0
07-20 01:44:57.529  4633 24765 I CAWARENESS_CacheReportDataService: insertData
07-20 01:44:57.529  4633 24765 W CAWARENESS_ThreadPool: thread pool CacheReportDataService(1) is busy 3/4
07-20 01:44:57.530  2635 29692 I LocationDetection: leaveCompanyFence: RequestResult{6, 8, 3, null, 0, 0, 100, com.huawei.powergenie_1:1;6,8,3, 1, null, 4, 200007, error_unknown}
07-20 01:44:57.530  4633 31645 I CAWARENESS_CompatibleBinder: registerLocationFence
07-20 01:44:57.530  4633 31645 W CAWARENESS_ThreadPool: thread pool FenceManager(1) is busy 2/3
07-20 01:44:57.530  4633 24766 I CAWARENESS_FenceManager: addDataId name = null
07-20 01:44:57.531  4633 24766 I CAWARENESS_FenceManager: addDataId dataId = 0
07-20 01:44:57.531  4633 24766 I CAWARENESS_ManagedFenceFactory: AwarenessFence parsing to Optional.empty
07-20 01:44:57.531  4633 24766 I CAWARENESS_FenceManager: onResult, onResultListener=com.huawei.hiai.awareness.opencapacity.fence.FenceManager$3@d644e85, code=0
07-20 01:44:57.531  4633 24766 I CAWARENESS_CacheReportDataService: insertData
07-20 01:44:57.531  4633 24766 W CAWARENESS_ThreadPool: thread pool CacheReportDataService(1) is busy 4/5
07-20 01:44:57.531  4633 31645 I CAWARENESS_CompatibleBinder: registerLocationFence
07-20 01:44:57.531  2635 29692 I LocationDetection: arriveCompanyFence: RequestResult{6, 4, 3, null, 0, 0, 100, com.huawei.powergenie_1:1;6,4,3, 1, null, 4, 200007, error_unknown}
07-20 01:44:57.532  4633 31645 W CAWARENESS_ThreadPool: thread pool FenceManager(1) is busy 2/3
07-20 01:44:57.532  4633 24767 I CAWARENESS_FenceManager: addDataId name = null
07-20 01:44:57.532  4633 24767 I CAWARENESS_FenceManager: addDataId dataId = 0
07-20 01:44:57.532  4633 24767 I CAWARENESS_ManagedFenceFactory: AwarenessFence parsing to Optional.empty
07-20 01:44:57.532  4633 24767 I CAWARENESS_FenceManager: onResult, onResultListener=com.huawei.hiai.awareness.opencapacity.fence.FenceManager$3@3664d0b, code=0
07-20 01:44:57.532  4633 24767 I CAWARENESS_CacheReportDataService: insertData
07-20 01:44:57.532  4633 24767 W CAWARENESS_ThreadPool: thread pool CacheReportDataService(1) is busy 5/6
07-20 01:44:57.532  4633 24764 I CAWARENESS_AwarenessSQLiteDatabase: insert recId is 13705322
07-20 01:44:57.532  4633 24764 I CAWARENESS_CacheReportDataService: Current count 8
07-20 01:44:57.532  2635 29692 I LocationDetection: leaveHomeFence: RequestResult{6, 2, 3, null, 0, 0, 100, com.huawei.powergenie_1:1;6,2,3, 1, null, 4, 200007, error_unknown}
07-20 01:44:57.533  4633 24769 I CAWARENESS_FenceManager: addDataId name = null
07-20 01:44:57.533  4633 24769 I CAWARENESS_FenceManager: addDataId dataId = 0
07-20 01:44:57.533  4633 24769 I CAWARENESS_ManagedFenceFactory: AwarenessFence parsing to Optional.empty
07-20 01:44:57.533  4633 24769 I CAWARENESS_FenceManager: onResult, onResultListener=com.huawei.hiai.awareness.opencapacity.fence.FenceManager$3@d4bb4a6, code=0
07-20 01:44:57.534  4633 31645 I CAWARENESS_CompatibleBinder: registerLocationFence
07-20 01:44:57.534  4633 24769 I CAWARENESS_CacheReportDataService: insertData
07-20 01:44:57.534  4633 24769 W CAWARENESS_ThreadPool: thread pool CacheReportDataService(1) is busy 5/6
07-20 01:44:57.534  2635 29692 I LocationDetection: arriveHomeFence: RequestResult{6, 1, 3, null, 0, 0, 100, com.huawei.powergenie_1:1;6,1,3, 1, null, 4, 200007, error_unknown}
07-20 01:44:57.535  4633 24770 I CAWARENESS_FenceManager: addDataId name = null
07-20 01:44:57.535  4633 24770 I CAWARENESS_FenceManager: addDataId dataId = 0
07-20 01:44:57.535  4633 31645 W CAWARENESS_ThreadPool: thread pool FenceManager(1) is busy 1/2
07-20 01:44:57.535  4633 24770 I CAWARENESS_ManagedFenceFactory: AwarenessFence parsing to Optional.empty
07-20 01:44:57.535  4633 24770 I CAWARENESS_FenceManager: onResult, onResultListener=com.huawei.hiai.awareness.opencapacity.fence.FenceManager$3@fa10a94, code=0
07-20 01:44:57.535  4633 24770 I CAWARENESS_CacheReportDataService: insertData
07-20 01:44:57.535  4633 24770 W CAWARENESS_ThreadPool: thread pool CacheReportDataService(1) is busy 6/7
07-20 01:44:57.535  4633 24768 I CAWARENESS_AwarenessSQLiteDatabase: insert recId is 13705323
07-20 01:44:57.535  2635  3724 I LocationDetection: need regisiter L_H_F
07-20 01:44:57.535  2635 29692 I LocationDetection: leaveCompanyFence: RequestResult{6, 8, 3, null, 0, 0, 100, com.huawei.powergenie_1:1;6,8,3, 1, null, 4, 200007, error_unknown}
07-20 01:44:57.535  4633 24768 I CAWARENESS_CacheReportDataService: Current count 9
07-20 01:44:57.536  4633 24771 I CAWARENESS_FenceManager: addDataId name = null
07-20 01:44:57.536  4633 24771 I CAWARENESS_FenceManager: addDataId dataId = 0
07-20 01:44:57.536  4633 24771 I CAWARENESS_ManagedFenceFactory: AwarenessFence parsing to Optional.empty
07-20 01:44:57.536  4633 24771 I CAWARENESS_FenceManager: onResult, onResultListener=com.huawei.hiai.awareness.opencapacity.fence.FenceManager$3@1e95283, code=0
07-20 01:44:57.536  4633 24771 I CAWARENESS_CacheReportDataService: insertData
07-20 01:44:57.536  4633 31645 I CAWARENESS_CompatibleBinder: registerLocationFence
07-20 01:44:57.536  4633 24771 W CAWARENESS_ThreadPool: thread pool CacheReportDataService(1) is busy 6/7
07-20 01:44:57.536  4633 31645 W CAWARENESS_ThreadPool: thread pool FenceManager(1) is busy 1/2
07-20 01:44:57.537  4633 31645 I CAWARENESS_CompatibleBinder: registerLocationFence
07-20 01:44:57.538  4633 31645 W CAWARENESS_ThreadPool: thread pool FenceManager(1) is busy 2/3
07-20 01:44:57.538  4633 31645 I CAWARENESS_CompatibleBinder: registerLocationFence
07-20 01:44:57.539  4633 31645 W CAWARENESS_ThreadPool: thread pool FenceManager(1) is busy 3/4
07-20 01:44:57.539  2635 29692 I LocationDetection: arriveCompanyFence: RequestResult{6, 4, 3, null, 0, 0, 100, com.huawei.powergenie_1:1;6,4,3, 1, null, 4, 200007, error_unknown}
07-20 01:44:57.539  4633 31645 I CAWARENESS_CompatibleBinder: registerLocationFence
07-20 01:44:57.540  4633 24772 I CAWARENESS_AwarenessSQLiteDatabase: insert recId is 13705324
07-20 01:44:57.540  4633 31645 W CAWARENESS_ThreadPool: thread pool FenceManager(1) is busy 3/4
07-20 01:44:57.540  4633 24772 I CAWARENESS_CacheReportDataService: Current count 10
07-20 01:44:57.540  4633 24773 I CAWARENESS_FenceManager: addDataId name = null
07-20 01:44:57.540  4633 24773 I CAWARENESS_FenceManager: addDataId dataId = 0
07-20 01:44:57.540  4633 24773 I CAWARENESS_ManagedFenceFactory: AwarenessFence parsing to Optional.empty
07-20 01:44:57.540  2635  3724 I LocationDetection: need regisiter L_H_F
07-20 01:44:57.540  4633 24773 I CAWARENESS_FenceManager: onResult, onResultListener=com.huawei.hiai.awareness.opencapacity.fence.FenceManager$3@38ab27e, code=0
07-20 01:44:57.540  4633 24773 I CAWARENESS_CacheReportDataService: insertData
07-20 01:44:57.540  4633 24773 W CAWARENESS_ThreadPool: thread pool CacheReportDataService(1) is busy 6/7
07-20 01:44:57.541  2635 29692 I LocationDetection: leaveHomeFence: RequestResult{6, 2, 3, null, 0, 0, 100, com.huawei.powergenie_1:1;6,2,3, 1, null, 4, 200007, error_unknown}
07-20 01:44:57.541  4633 31645 I CAWARENESS_CompatibleBinder: registerLocationFence
07-20 01:44:57.541  4633 24775 I CAWARENESS_FenceManager: addDataId name = null
07-20 01:44:57.541  4633 24775 I CAWARENESS_FenceManager: addDataId dataId = 0
07-20 01:44:57.541  4633 31645 W CAWARENESS_ThreadPool: thread pool FenceManager(1) is busy 3/4
07-20 01:44:57.542  4633 24775 I CAWARENESS_ManagedFenceFactory: AwarenessFence parsing to Optional.empty
07-20 01:44:57.542  4633 24775 I CAWARENESS_FenceManager: onResult, onResultListener=com.huawei.hiai.awareness.opencapacity.fence.FenceManager$3@6db182c, code=0
07-20 01:44:57.542  4633 24775 I CAWARENESS_CacheReportDataService: insertData
07-20 01:44:57.542  4633 24775 W CAWARENESS_ThreadPool: thread pool CacheReportDataService(1) is busy 7/8
07-20 01:44:57.542  2635 29692 I LocationDetection: arriveHomeFence: RequestResult{6, 1, 3, null, 0, 0, 100, com.huawei.powergenie_1:1;6,1,3, 1, null, 4, 200007, error_unknown}
07-20 01:44:57.542  4633 24774 I CAWARENESS_AwarenessSQLiteDatabase: insert recId is 13705325
07-20 01:44:57.542  4633 31645 I CAWARENESS_CompatibleBinder: registerLocationFence
07-20 01:44:57.542  4633 24774 I CAWARENESS_CacheReportDataService: Current count 11
07-20 01:44:57.543  4633 31645 W CAWARENESS_ThreadPool: thread pool FenceManager(1) is busy 4/5
07-20 01:44:57.543  4633 24777 I CAWARENESS_FenceManager: addDataId name = null
07-20 01:44:57.543  4633 24777 I CAWARENESS_FenceManager: addDataId dataId = 0
07-20 01:44:57.543  4633 31645 I CAWARENESS_CompatibleBinder: registerLocationFence
07-20 01:44:57.544  4633 24777 I CAWARENESS_ManagedFenceFactory: AwarenessFence parsing to Optional.empty
07-20 01:44:57.544  4633 24777 I CAWARENESS_FenceManager: onResult, onResultListener=com.huawei.hiai.awareness.opencapacity.fence.FenceManager$3@3288efb, code=0
07-20 01:44:57.544  4633 24777 I CAWARENESS_CacheReportDataService: insertData
07-20 01:44:57.544  4633 24777 W CAWARENESS_ThreadPool: thread pool CacheReportDataService(1) is busy 7/8
07-20 01:44:57.544  4633 31645 W CAWARENESS_ThreadPool: thread pool FenceManager(1) is busy 4/5
07-20 01:44:57.544  2635 29692 I LocationDetection: leaveCompanyFence: RequestResult{6, 8, 3, null, 0, 0, 100, com.huawei.powergenie_1:1;6,8,3, 1, null, 4, 200007, error_unknown}
07-20 01:44:57.544  2560  3486 I MonitorStrategy: in switch strategy, seqAuto= 76, seqRelay=0
07-20 01:44:57.544  2560  3486 I MonitorStrategy: no auto heartbeat when screen off
07-20 01:44:57.544  2560  3486 I DeviceRepository: loadDifferentAccountDevice start
07-20 01:44:57.545  4633 24779 I CAWARENESS_FenceManager: addDataId name = null
07-20 01:44:57.545  4633 31645 I CAWARENESS_CompatibleBinder: registerLocationFence
07-20 01:44:57.545  4633 24779 I CAWARENESS_FenceManager: addDataId dataId = 0
07-20 01:44:57.545  4633 24779 I CAWARENESS_ManagedFenceFactory: AwarenessFence parsing to Optional.empty
07-20 01:44:57.545  4633 24779 I CAWARENESS_FenceManager: onResult, onResultListener=com.huawei.hiai.awareness.opencapacity.fence.FenceManager$3@657b971, code=0
07-20 01:44:57.545  4633 24779 I CAWARENESS_CacheReportDataService: insertData
07-20 01:44:57.545  4633 24776 I CAWARENESS_AwarenessSQLiteDatabase: insert recId is 13705326
07-20 01:44:57.545  4633 31645 W CAWARENESS_ThreadPool: thread pool FenceManager(1) is busy 4/5
07-20 01:44:57.545  4633 24779 W CAWARENESS_ThreadPool: thread pool CacheReportDataService(1) is busy 8/9
07-20 01:44:57.545  1578  1578 I BehaviorCollectorService: unbind behavior auth service success
07-20 01:44:57.545  4633 24776 I CAWARENESS_CacheReportDataService: Current count 12
07-20 01:44:57.545  2635 29692 I LocationDetection: arriveCompanyFence: RequestResult{6, 4, 3, null, 0, 0, 100, com.huawei.powergenie_1:1;6,4,3, 1, null, 4, 200007, error_unknown}
07-20 01:44:57.546  2560  3486 I CommonUtils: /data/user_de/0/com.huawei.nearby
07-20 01:44:57.546  2560  3486 I CommonUtils: /data/user/0/com.huawei.nearby
07-20 01:44:57.546  2560  3486 I DbOpenHelper: query all device id
07-20 01:44:57.546  2560  3486 I DbOpenHelper: getWriteableDatabase
07-20 01:44:57.546  1578  1578 I ActivityManager: Force stopping com.huawei.behaviorauth appid=10082 user=0: from pid 1578
07-20 01:44:57.546  4633 24781 I CAWARENESS_FenceManager: addDataId name = null
07-20 01:44:57.546  4633 24781 I CAWARENESS_FenceManager: addDataId dataId = 0
07-20 01:44:57.546  4633 24781 I CAWARENESS_ManagedFenceFactory: AwarenessFence parsing to Optional.empty
07-20 01:44:57.546  4633 24781 I CAWARENESS_FenceManager: onResult, onResultListener=com.huawei.hiai.awareness.opencapacity.fence.FenceManager$3@b6640c4, code=0
07-20 01:44:57.546  4633 24781 I CAWARENESS_CacheReportDataService: insertData
07-20 01:44:57.546  4633 24781 W CAWARENESS_ThreadPool: thread pool CacheReportDataService(1) is busy 8/9
07-20 01:44:57.547  1578  1578 I ActivityManager: Killing 24324:com.huawei.behaviorauth/u0a82 (adj 0): stop com.huawei.behaviorauthfrom pid 1578
07-20 01:44:57.547  2635 29692 I LocationDetection: leaveHomeFence: RequestResult{6, 2, 3, null, 0, 0, 100, com.huawei.powergenie_1:1;6,2,3, 1, null, 4, 200007, error_unknown}
07-20 01:44:57.547  4633 24782 I CAWARENESS_FenceManager: addDataId name = null
07-20 01:44:57.547  4633 24782 I CAWARENESS_FenceManager: addDataId dataId = 0
07-20 01:44:57.549  4633 24782 I CAWARENESS_ManagedFenceFactory: AwarenessFence parsing to Optional.empty
07-20 01:44:57.549  4633 24782 I CAWARENESS_FenceManager: onResult, onResultListener=com.huawei.hiai.awareness.opencapacity.fence.FenceManager$3@7ca8ee2, code=0
07-20 01:44:57.549  4633 24782 I CAWARENESS_CacheReportDataService: insertData
07-20 01:44:57.549  4633 24782 W CAWARENESS_ThreadPool: thread pool CacheReportDataService(1) is busy 9/10
07-20 01:44:57.549  2560  3486 I DbOpenHelper: Get all device infos size :0
07-20 01:44:57.549  1578  1668 I HwPowerManagerService: appdie release wakelock, pid = 24324, uid = 10082
07-20 01:44:57.549  2560  3486 I DeviceRepository: loadDifferentAccountDevice end
07-20 01:44:57.550  1578  1891 W HwAudioServiceEx: SoundEffectState bundle get reserved is invalid
07-20 01:44:57.550  4633 24780 I CAWARENESS_AwarenessSQLiteDatabase: insert recId is 13705327
07-20 01:44:57.550  2635 29692 I LocationDetection: arriveHomeFence: RequestResult{6, 1, 3, null, 0, 0, 100, com.huawei.powergenie_1:1;6,1,3, 1, null, 4, 200007, error_unknown}
07-20 01:44:57.550  4633 24780 I CAWARENESS_CacheReportDataService: Current count 13
07-20 01:44:57.551  4633 24784 I CAWARENESS_FenceManager: addDataId name = null
07-20 01:44:57.552  4633 24784 I CAWARENESS_FenceManager: addDataId dataId = 0
07-20 01:44:57.552  4633 24784 I CAWARENESS_ManagedFenceFactory: AwarenessFence parsing to Optional.empty
07-20 01:44:57.552  4633 24784 I CAWARENESS_FenceManager: onResult, onResultListener=com.huawei.hiai.awareness.opencapacity.fence.FenceManager$3@e8325a9, code=0
07-20 01:44:57.552  4633 24784 I CAWARENESS_CacheReportDataService: insertData
07-20 01:44:57.552  4633 24784 W CAWARENESS_ThreadPool: thread pool CacheReportDataService(1) is busy 9/10
07-20 01:44:57.552  1578  1578 I ActivityManager: Start to clean activity stack when force stop the app com.huawei.behaviorauth , reason:from pid 1578
07-20 01:44:57.553  2635 29692 I LocationDetection: leaveCompanyFence: RequestResult{6, 8, 3, null, 0, 0, 100, com.huawei.powergenie_1:1;6,8,3, 1, null, 4, 200007, error_unknown}
07-20 01:44:57.553  4633 24785 I CAWARENESS_FenceManager: addDataId name = null
07-20 01:44:57.553  4633 24785 I CAWARENESS_FenceManager: addDataId dataId = 0
07-20 01:44:57.554  4633 24785 I CAWARENESS_ManagedFenceFactory: AwarenessFence parsing to Optional.empty
07-20 01:44:57.554  4633 24785 I CAWARENESS_FenceManager: onResult, onResultListener=com.huawei.hiai.awareness.opencapacity.fence.FenceManager$3@34032cf, code=0
07-20 01:44:57.554  4633 24785 I CAWARENESS_CacheReportDataService: insertData
07-20 01:44:57.554  4633 24785 W CAWARENESS_ThreadPool: thread pool CacheReportDataService(1) is busy 10/11
07-20 01:44:57.554  2635 29692 I LocationDetection: arriveCompanyFence: RequestResult{6, 4, 3, null, 0, 0, 100, com.huawei.powergenie_1:1;6,4,3, 1, null, 4, 200007, error_unknown}
07-20 01:44:57.559  1578  1578 I chatty  : uid=1000 system_server identical 2 lines
07-20 01:44:57.561  4633 24783 I CAWARENESS_AwarenessSQLiteDatabase: insert recId is 13705328
07-20 01:44:57.562  4633 24783 I CAWARENESS_CacheReportDataService: Current count 14
07-20 01:44:57.567  2262  2262 I HwCoreAppHelperService: LocalReceiver receives:android.intent.action.PACKAGE_RESTARTED,pkg:com.huawei.behaviorauth,uid:10082
07-20 01:44:57.568  4553  4553 E NfcNci  : NfcUtils error: APP do not have nfc permission
07-20 01:44:57.569  4633 24786 I CAWARENESS_AwarenessSQLiteDatabase: insert recId is 13705329
07-20 01:44:57.570  4633 24786 I CAWARENESS_CacheReportDataService: Current count 15
07-20 01:44:57.572  4553  4553 E NfcNci  : NfcUtils error: APP do not have nfc permission
07-20 01:44:57.572  4633 24787 I CAWARENESS_AwarenessSQLiteDatabase: insert recId is 13705330
07-20 01:44:57.572  4633 24787 I CAWARENESS_CacheReportDataService: Current count 16
07-20 01:44:57.573   635   635 I Zygote  : Process 24324 exited due to signal 9 (Killed)
07-20 01:44:57.575  4633 24788 I CAWARENESS_AwarenessSQLiteDatabase: insert recId is 13705331
07-20 01:44:57.575  1578  2207 E HwActivityManagerServiceEx: getProcessRecordFromMTM process info is null ,mUid :24324
07-20 01:44:57.576  4633 24788 I CAWARENESS_CacheReportDataService: Current count 17
07-20 01:44:57.578  4633 24789 I CAWARENESS_AwarenessSQLiteDatabase: insert recId is 13705332
07-20 01:44:57.578  4633 24789 I CAWARENESS_CacheReportDataService: Current count 18
07-20 01:44:57.580  4633 24790 I CAWARENESS_AwarenessSQLiteDatabase: insert recId is 13705333
07-20 01:44:57.580  4633 24790 I CAWARENESS_CacheReportDataService: Current count 19
07-20 01:44:57.581  1578  1854 W ActivityManager_service: Service done with onDestroy, but not inDestroying:ServiceRecord{2216cbb u0 com.huawei.behaviorauth/.HwBehaviorAuthService}, app=ProcessRecord{d02319a 0:com.huawei.behaviorauth/u0a82}
07-20 01:44:57.584  4633 24792 I CAWARENESS_AwarenessSQLiteDatabase: insert recId is 13705334
07-20 01:44:57.584  4633 24792 I CAWARENESS_CacheReportDataService: Current count 20
07-20 01:44:57.586  2262  2298 E HsmCoreServiceImpl: onTransact in code is: 102
07-20 01:44:57.586  2262  2298 I MediaProcessHandler: processOp opType: 1, uid: 10082, pid: 24324
07-20 01:44:57.586  2262  2298 W MediaProcessHandler: only the process it self can do this operation: 10082, 1000, 24324, 2334
07-20 01:44:57.586  2262  2298 I MediaProcessHandler: executedCallBack opType: 1 mMediaStatusObservers.size=0
07-20 01:44:57.587  4633 24793 I CAWARENESS_AwarenessSQLiteDatabase: insert recId is 13705335
07-20 01:44:57.587  4633 24793 I CAWARENESS_CacheReportDataService: Current count 21
07-20 01:44:57.589  4633 24794 I CAWARENESS_AwarenessSQLiteDatabase: insert recId is 13705336
07-20 01:44:57.589  4633 24794 I CAWARENESS_CacheReportDataService: Current count 22
07-20 01:44:57.593  4633 24795 I CAWARENESS_AwarenessSQLiteDatabase: insert recId is 13705337
07-20 01:44:57.593  4633 24795 I CAWARENESS_CacheReportDataService: Current count 23
07-20 01:44:57.594  1578  1677 I libprocessgroup: Successfully killed process cgroup uid 10082 pid 24324 in 44ms
07-20 01:44:57.595  4633 24797 I CAWARENESS_AwarenessSQLiteDatabase: insert recId is 13705338
07-20 01:44:57.595  4633 24797 I CAWARENESS_CacheReportDataService: Current count 24
07-20 01:44:57.595  1578  1578 I AlarmManager: UninstallReceiver onReceive action:android.intent.action.PACKAGE_RESTARTED
07-20 01:44:57.596  1578  1686 I PowerManagerService: handleSandman: wakefulness: 0,startDreaming: false
07-20 01:44:57.597  1060  1162 I bastetd : [IBastetService ] onTransact# BnBastetService::onTransact, code=29, flags=17
07-20 01:44:57.609 13229 13320 I HAF_ScreenUtil: 1600105320|R|I|isScreenOn false
07-20 01:44:57.619 21452 21452 I HAF_MemoryUtils: 1600105320|R|I|total-pss=55641, java-heap=8240, native-heap=7720, code=31572, system=2633, threads=55, importance=(400, 0), dex-mmap=(26305, 26104, 0, 12), ver=16.1.5.320
07-20 01:44:57.637  1578  1686 I chatty  : uid=1000(system) PowerManagerSer identical 2 lines
07-20 01:44:57.680  1578  1686 I PowerManagerService: handleSandman: wakefulness: 0,startDreaming: false
07-20 01:44:57.683 31811 22492 I NetworkScheduler.Stats: (REDACTED) Task %s/%s started execution. cause:%s exec_start_elapsed_seconds: %s
07-20 01:44:57.687 30815 24545 I ChimeraConfigurator: Starting update, reason: 1 urgentFeatures: 
07-20 01:44:57.714 30815 24545 W FeatureMgr: Attempted to request and unrequest the same feature: appsearch_impl. Ignoring unrequest.
07-20 01:44:57.714 30815 24545 W FeatureMgr: Attempted to request and unrequest the same feature: identity_credentials_platform. Ignoring unrequest.
07-20 01:44:57.741  1578  4191 I AlarmManager: remove alarm:Alarm{b54b05c type 2 when 334160168 PendingIntent{8f3bef5: PendingIntentRecord{a75248a com.whatsapp broadcastIntent}}com.whatsapp procName com.whatsapp} according to operation:3f34f65
07-20 01:44:57.781 30815 24545 I ChimeraConfigurator: Update complete: success
07-20 01:44:57.804  2262  2440 I SpeedTestNotifier: is low speed scene
07-20 01:44:57.809 30815 24545 I GmsModuleFndr: Beginning GMS chimera module scan
07-20 01:44:57.818 30815 24545 I ModuleSetResolution: Computing pending module set with APKs: [[AdsFdrDynamite.integ:260480602100000], [AdsFdrDynamite.integ:261710500100000], [Appsearch.optional:262634100400], [BetterTogether.optional:262634100000], [Fastpair.optional:262634100000], [IdentityCredentialsPlatform.optional:262634100400], [MapsCoreDynamite.integ:260830202100400], [MlkitDocscan.optional:262634100400], [MlkitDocscanStain.optional:262634100400], [MlkitDocscanUi.optional:262634100400], [MlkitOcrCommon.optional:262634100400], [Pay.optional:262634100400], [Photopicker.optional:262634100000], [PlayCloudSearch.optional:262634100000], [TfliteDynamiteDynamite.integ:260580502100400], [TfliteGpuDynamiteDynamite.integ:260580502100400], [VisionBarcode.optional:262634100400], [VisionFace.optional:262634100400], [VisionIca.optional:262634100400], [VisionOcr.optional:262634100000], [Cronetdynamite:262634100400], [Dynamiteloader:262634100000], [Dynamitemodulesa:262634100000], [Dynamitemodulesc:262634100000], [Googlecertificates:262634100000], [Mapsdynamite:262634100000], [Measurementdynamite:262634100000]]
07-20 01:44:57.830 30815 24545 I ModuleSetResolution: Pending container module APKs: [[Appsearch.optional:262634100400], [BetterTogether.optional:262634100000], [Fastpair.optional:262634100000], [IdentityCredentialsPlatform.optional:262634100400], [MapsCoreDynamite.integ:260830202100400], [MlkitDocscan.optional:262634100400], [MlkitDocscanStain.optional:262634100400], [MlkitDocscanUi.optional:262634100400], [MlkitOcrCommon.optional:262634100400], [Pay.optional:262634100400], [Photopicker.optional:262634100000], [PlayCloudSearch.optional:262634100000], [VisionBarcode.optional:262634100400], [VisionFace.optional:262634100400], [VisionIca.optional:262634100400], [VisionOcr.optional:262634100000]]
07-20 01:44:57.831 30815 24545 I ModuleSetResolution: Pending non-container module APKs: [[TfliteDynamiteDynamite.integ:260580502100400], [TfliteGpuDynamiteDynamite.integ:260580502100400], [AdsFdrDynamite.integ:261710500100000]]
07-20 01:44:57.886 30815 24545 W PackageParser: Unknown element under <manifest>: queries at /data/user_de/0/com.google.android.gms/app_chimera/m/0000099e/dl-BetterTogether.optional_262634100000.apk Binary XML file line #15
07-20 01:44:57.908 30815 24545 W PackageParser: Unknown element under <manifest>: queries at /data/user_de/0/com.google.android.gms/app_chimera/m/00000999/dl-Fastpair.optional_262634100000.apk Binary XML file line #15
07-20 01:44:57.932 30815 24545 W PackageParser: Unknown element under <manifest>: queries at /data/user_de/0/com.google.android.gms/app_chimera/m/0000099c/dl-IdentityCredentialsPlatform.optional_262634100400.apk Binary XML file line #15
07-20 01:44:57.955 30815 24545 W PackageParser: Unknown element under <manifest>: queries at /data/user_de/0/com.google.android.gms/app_chimera/m/000008ca/dl-MapsCoreDynamite.integ_260830202100400.apk Binary XML file line #15
07-20 01:44:57.976 30815 24545 W PackageParser: Unknown element under <manifest>: queries at /data/user_de/0/com.google.android.gms/app_chimera/m/000009a1/dl-MlkitDocscan.optional_262634100400.apk Binary XML file line #11
07-20 01:44:57.996 30815 24545 W PackageParser: Unknown element under <manifest>: queries at /data/user_de/0/com.google.android.gms/app_chimera/m/0000099f/dl-MlkitDocscanStain.optional_262634100400.apk Binary XML file line #11
07-20 01:44:58.020 30815 24545 W PackageParser: Unknown element under <manifest>: queries at /data/user_de/0/com.google.android.gms/app_chimera/m/000009a0/dl-MlkitDocscanUi.optional_262634100400.apk Binary XML file line #15
07-20 01:44:58.040 30815 24545 W PackageParser: Unknown element under <manifest>: queries at /data/user_de/0/com.google.android.gms/app_chimera/m/000009a5/dl-MlkitOcrCommon.optional_262634100400.apk Binary XML file line #11
07-20 01:44:58.051   692 12979 I AudioModuleManager: [AudioModuleGetParameters:71]: list size: 13
07-20 01:44:58.052   692 12979 I audio_hw_usbaudio_hw: [get_typec_parameters:587]: check show hires (false)
07-20 01:44:58.053  1578  1891 I HwAudioServiceEx: HwAudioHandlerEx receive unknown msg
07-20 01:44:58.068 30815 24545 W PackageParser: Unknown element under <manifest>: queries at /data/user_de/0/com.google.android.gms/app_chimera/m/000009a2/dl-Pay.optional_262634100400.apk Binary XML file line #11
07-20 01:44:58.136 30815 24545 W PackageParser: Unknown element under <manifest>: queries at /data/user_de/0/com.google.android.gms/app_chimera/m/000009a3/dl-VisionBarcode.optional_262634100400.apk Binary XML file line #11
07-20 01:44:58.211   729   790 E ACCKIT_ : PerfMgr: fail to read 0
07-20 01:44:58.216 30815 24545 W PackageParser: Unknown element under <manifest>: queries at /data/user_de/0/com.google.android.gms/app_chimera/m/000007f9/dl-AdsFdrDynamite.integ_260480602100000.apk Binary XML file line #15
07-20 01:44:58.310 30815 24545 W PackageParser: Unknown element under <manifest>: queries at /data/user_de/0/com.google.android.gms/app_chimera/m/000009a9/DynamiteModulesC.uncompressed.apk Binary XML file line #15
07-20 01:44:58.351 30815 24545 W PackageParser: Unknown element under <manifest>: queries at /data/user_de/0/com.google.android.gms/app_chimera/m/000009ab/MapsDynamite.uncompressed.apk Binary XML file line #15
07-20 01:44:58.393 30815 24545 W PackageParser: Unknown element under <manifest>: queries at /data/user_de/0/com.google.android.gms/app_chimera/m/0000093e/dl-AdsFdrDynamite.integ_261710500100000.apk Binary XML file line #15
07-20 01:44:58.447  1578  1686 I PowerManagerService: handleSandman: wakefulness: 0,startDreaming: false
07-20 01:44:58.454 31811 22492 I NetworkScheduler.Stats: (REDACTED) Task %s/%s finished executing. cause:%s result: %s elapsed_millis: %s uptime_millis: %s exec_start_elapsed_seconds: %s
07-20 01:44:58.484  1578  1686 I chatty  : uid=1000(system) PowerManagerSer identical 3 lines
07-20 01:44:58.504  1578  1686 I PowerManagerService: handleSandman: wakefulness: 0,startDreaming: false
07-20 01:44:59.123  1578  1863 I WificondControl: Noise: -91, Snr: 28, Chload: -1, rssi: -59, txBitrate: 65, rxBitrate: 0, frequency: 2462, UlDelay: -1, currentTxBytes: 0, currentTxPackets: 510910, currentTxFailed: 757, currentRxBytes: 0, currentRxPackets: 765596
07-20 01:44:59.154  1578  1862 I WiFi_PRO: MSG_RETURN_AP_CURRY_RSSI rssi = -59
07-20 01:44:59.154  1578  1862 I QosMonitor: queryRtt: rttType = 3
07-20 01:44:59.154  1578  1962 I HuaweiWifiWatchdogStateMachine: POta txb txg rxg:0, 13, 0. Lr =0% Totpkt=13
07-20 01:44:59.154  1578  1862 I HwWifiProServiceProxy: ctrlHwWifiNetwork pkgName: WIFIPRO_SERVICE interfaceId: 8
07-20 01:44:59.156  1578  1862 I QosMonitor: postEventFromNative: msg=100,arg1=4,arg2=10
07-20 01:44:59.156  1578  1862 I HwWifiProServiceProxy: ctrlHwWifiNetwork pkgName: WIFIPRO_SERVICE interfaceId: 8
07-20 01:44:59.156  1578  1862 I QosMonitor: postEventFromNative: msg=100,arg1=0,arg2=10
07-20 01:44:59.157  1578  1962 I HuaweiWifiWatchdogStateMachine: PTcp RTT:0, rtt pkt=0, tcp_rx=3, tcp_tx=3, tcp_reTran=0, rtRate=0
07-20 01:44:59.157  1578  1962 I HuaweiWifiWatchdogStateMachine: rssi bad, mrssi=-59 < TargetRssi=-54
07-20 01:44:59.157  1578  1862 I MQoS    : rtt=592,tcpTxPkts=172257,tcpRxPkts=342147
07-20 01:44:59.157  1578  1962 I HuaweiWifiWatchdogStateMachine: start computeQosLevel tcpRtt = 0 ,rssi = -59 ,mBestSpeedInPeriod = 0
07-20 01:44:59.157  1578  1962 I HuaweiWifiWatchdogStateMachine: smoothConsecutiveQosResults, currentQosLevel = 3
07-20 01:44:59.157  1578  1862 I QosMonitor: resetRtt: rttType = 3
07-20 01:44:59.158  1578  1862 I HwWifiProServiceProxy: ctrlHwWifiNetwork pkgName: WIFIPRO_SERVICE interfaceId: 8
07-20 01:44:59.161  1578 11359 I MQoS    : QOS_level:0(0),wifi-link;SIM error;use level-0
07-20 01:44:59.161  1578 11359 I MQoS    : skip-low-Level:0(0),wifi-link;SIM error;use level-0
07-20 01:44:59.528  1123  1123 E Thermal-daemon:hw_thermal: [pa_0] tempNew :31  tempOld :32
07-20 01:44:59.530  1123  1123 E Thermal-daemon:hw_thermal: Report temperature: [pa_0] temp :31  reportThreshold:1
07-20 01:44:59.566   634  9753 I netd    : trafficSwapActiveStatsMap() <18.74ms>
07-20 01:45:00.214   729   790 E ACCKIT_ : PerfMgr: fail to read 0
07-20 01:45:00.359  1061  6849 I iked    : [INFO]: ikev2.c:305: ikev2_periodic_task()
07-20 01:45:01.120  2334  2767 I SmartChgBase/Arb_HidlParam: Apply.[moduleName:BASP, param:dc_vterm_dec, detailsWithValue:source=trigger;event=heartbeat;chargestatus=start;value=50;]
07-20 01:45:01.120  2334  2767 I SmartChgBase/Arb_HidlParam: CalcVtermRoundDec [ret:50, ndcVstep:50, target:50, step:50]
07-20 01:45:01.125   724   724 I power_hidl: ExeSetState type=vterm_dec, value=lvc 50
07-20 01:45:01.126   724   724 I power_hidl: start write compatible, scene: vterm_dec, value: lvc 50
07-20 01:45:01.127   724   724 I power_hidl: ExeSetState success, type=vterm_dec, index=45
07-20 01:45:01.128  2334  2767 I SmartChgBase/Arb_HidlParam: SetHidlValue Success:[module:BASP, scene:vterm_dec, value:lvc 50]
07-20 01:45:01.132   724   724 I power_hidl: ExeSetState type=vterm_dec, value=sc 50
07-20 01:45:01.132   724   724 I power_hidl: start write compatible, scene: vterm_dec, value: sc 50
07-20 01:45:01.133   724   724 I power_hidl: ExeSetState success, type=vterm_dec, index=45
07-20 01:45:01.134  2334  2767 I SmartChgBase/Arb_HidlParam: SetHidlValue Success:[module:BASP, scene:vterm_dec, value:sc 50]
07-20 01:45:01.138   724   724 I power_hidl: ExeSetState type=vterm_dec, value=wl_sc 50
07-20 01:45:01.138   724   724 I power_hidl: start write compatible, scene: vterm_dec, value: wl_sc 50
07-20 01:45:01.139   724   724 I power_hidl: ExeSetState success, type=vterm_dec, index=45
07-20 01:45:01.140  2334  2767 I SmartChgBase/Arb_HidlParam: SetHidlValue Success:[module:BASP, scene:vterm_dec, value:wl_sc 50]
07-20 01:45:01.141  2334  2767 I SmartChgBase/Arb_HidlParam: Apply.[moduleName:BASP, param:ichg_ratio, detailsWithValue:source=trigger;event=heartbeat;chargestatus=start;value=80;]
07-20 01:45:01.144   724   724 I power_hidl: ExeSetState type=ichg_ratio, value=all 80
07-20 01:45:01.144   724   724 I power_hidl: start write compatible, scene: ichg_ratio, value: all 80
07-20 01:45:01.145   724   724 I power_hidl: ExeSetState success, type=ichg_ratio, index=46
07-20 01:45:01.146  2334  2767 I SmartChgBase/Arb_HidlParam: SetHidlValue Success:[module:BASP, scene:ichg_ratio, value:all 80]
07-20 01:45:01.147  2334  2767 I SmartChgBase/Arb_HidlParam: Apply.[moduleName:BASP, param:nondc_vterm_dec, detailsWithValue:source=trigger;event=heartbeat;chargestatus=start;value=100;]
07-20 01:45:01.147  2334  2767 I SmartChgBase/Arb_HidlParam: CalcVtermRoundDec [ret:100, ndcVstep:50, target:100, step:100]
07-20 01:45:01.151   724   724 I power_hidl: ExeSetState type=vterm_dec, value=dcp 100
07-20 01:45:01.151   724   724 I power_hidl: start write compatible, scene: vterm_dec, value: dcp 100
07-20 01:45:01.152   724   724 I power_hidl: ExeSetState success, type=vterm_dec, index=45
07-20 01:45:01.153  2334  2767 I SmartChgBase/Arb_HidlParam: SetHidlValue Success:[module:BASP, scene:vterm_dec, value:dcp 100]
07-20 01:45:01.156   724   724 I power_hidl: ExeSetState type=vterm_dec, value=fcp 100
07-20 01:45:01.156   724   724 I power_hidl: start write compatible, scene: vterm_dec, value: fcp 100
07-20 01:45:01.157   724   724 E power_hidl: file /sys/devices/virtual/hw_power/interface/vterm_dec write failed
07-20 01:45:01.157   724   724 E power_hidl: write fcp 100 to /sys/class/hw_power/interface/vterm_dec fail
07-20 01:45:01.157   724   724 I power_hidl: ExeSetState success, type=vterm_dec, index=45
07-20 01:45:01.158  2334  2767 E SmartChgBase/Arb_HidlParam: SetHidlValue Fail: Hidl Set Fail [ret:1, module:BASP, scene:vterm_dec, value:fcp 100]
07-20 01:45:01.161   724   724 I power_hidl: ExeSetState type=vterm_dec, value=pd 100
07-20 01:45:01.161   724   724 I power_hidl: start write compatible, scene: vterm_dec, value: pd 100
07-20 01:45:01.162   724   724 I power_hidl: ExeSetState success, type=vterm_dec, index=45
07-20 01:45:01.163  2334  2767 I SmartChgBase/Arb_HidlParam: SetHidlValue Success:[module:BASP, scene:vterm_dec, value:pd 100]
07-20 01:45:01.164   724   724 I power_hidl: ExeSetState type=vterm_dec, value=wl 100
07-20 01:45:01.164   724   724 I power_hidl: start write compatible, scene: vterm_dec, value: wl 100
07-20 01:45:01.165   724   724 I power_hidl: ExeSetState success, type=vterm_dec, index=45
07-20 01:45:01.166  2334  2767 I SmartChgBase/Arb_HidlParam: SetHidlValue Success:[module:BASP, scene:vterm_dec, value:wl 100]
07-20 01:45:01.167   724   724 I power_hidl: ExeSetState type=basp_coul_vdec, value=100
07-20 01:45:01.167   724   724 I power_hidl: start hvdp mmi test, type=basp_coul_vdec, value=100
07-20 01:45:01.168   724   724 I power_hidl: ExeSetState success, type=basp_coul_vdec, index=52
07-20 01:45:01.168  2334  2767 I SmartChgBase/Arb_HidlParam: SetHidlValue Success:[module:BASP, scene:basp_coul_vdec, value:100]
07-20 01:45:01.169  2334  2767 I SmartChgBase/Arb_HidlParam: Apply Skipped: IsApplyExcept return true. [moduleName:ASW, param:soc_control, detailsWithValue:source=trigger;event=heartbeat;chargestatus=start;value=1 95 100 1 1;]
07-20 01:45:01.169  2334  2759 E SmartChgBase/File: file /data/user_de/0/com.huawei.systemmanager/files/smart_charge/base/mock/enable is invalid in IsFileExist
07-20 01:45:01.169  2334  2759 E SmartChgBase/File: file /data/user_de/0/com.huawei.systemmanager/files/smart_charge/base/mock/enable is invalid in IsFileExist
07-20 01:45:02.217   729   790 E ACCKIT_ : PerfMgr: fail to read 0
07-20 01:45:02.772  1578  1777 I HwBatteryService: power_ui state= 1 mQuickChargeStatus=1
07-20 01:45:02.773  1578  1777 I HwBatteryService: handleWirelessTxStatus
07-20 01:45:02.773  1578  1777 I HwBatteryService: switch not open, return, mWirelessTxFlag : 0
07-20 01:45:02.773  1578  1777 W HwBatteryService: need return. Invalid value: -1
07-20 01:45:02.774  1578  1777 I HwBatteryService: IS_WATCH : false
07-20 01:45:02.777   676   676 W health@2.0-serv: type=1400 audit(0.0:112196): avc: denied { read } for pid=676 name="u:object_r:system_prop:s0" dev="tmpfs" ino=12021 scontext=u:r:hal_health_default:s0 tcontext=u:object_r:system_prop:s0 tclass=file permissive=0
07-20 01:45:02.781   676   676 W health@2.0-serv: type=1400 audit(0.0:112197): avc: denied { write } for pid=676 name="property_service" dev="tmpfs" ino=3014 scontext=u:r:hal_health_default:s0 tcontext=u:object_r:property_socket:s0 tclass=sock_file permissive=0
07-20 01:45:02.786   676   676 E libc    : Access denied finding property "sys.check.usbupdate"
07-20 01:45:02.786   676   676 W libc    : Unable to set property "sys.check.usbupdate" to "start": connection failed; errno=13 (Permission denied)
07-20 01:45:03.131  1578  1863 I WificondControl: Noise: -92, Snr: 32, Chload: -1, rssi: -60, txBitrate: 65, rxBitrate: 0, frequency: 2462, UlDelay: -1, currentTxBytes: 0, currentTxPackets: 510915, currentTxFailed: 757, currentRxBytes: 0, currentRxPackets: 765599
07-20 01:45:03.163  1578  1962 I HuaweiWifiWatchdogStateMachine: high data flow: protection_counter = 0,  not_detect_counter = 22
07-20 01:45:03.163  1578  1962 I HuaweiWifiWatchdogStateMachine: high data flow scenario: 0 --> 0 rx bytes =1KB
07-20 01:45:03.163  1578  1962 I HuaweiWifiWatchdogStateMachine: POta txb txg rxg:0, 5, 0. Lr =0% Totpkt=5
07-20 01:45:03.164  1578  1862 I WiFi_PRO: MSG_RETURN_AP_CURRY_RSSI rssi = -60
07-20 01:45:03.164  1578  1862 I QosMonitor: queryRtt: rttType = 3
07-20 01:45:03.164  1578  1862 I HwWifiProServiceProxy: ctrlHwWifiNetwork pkgName: WIFIPRO_SERVICE interfaceId: 8
07-20 01:45:03.165  1578  1862 I QosMonitor: postEventFromNative: msg=100,arg1=4,arg2=10
07-20 01:45:03.166  1578  1862 I HwWifiProServiceProxy: ctrlHwWifiNetwork pkgName: WIFIPRO_SERVICE interfaceId: 8
07-20 01:45:03.166  1578  1862 I QosMonitor: postEventFromNative: msg=100,arg1=0,arg2=10
07-20 01:45:03.167  1578  1862 I MQoS    : rtt=592,tcpTxPkts=172258,tcpRxPkts=342148
07-20 01:45:03.167  1578  1862 I QosMonitor: resetRtt: rttType = 3
07-20 01:45:03.167  1578  1862 I HwWifiProServiceProxy: ctrlHwWifiNetwork pkgName: WIFIPRO_SERVICE interfaceId: 8
07-20 01:45:03.167  1578  1962 I HuaweiWifiWatchdogStateMachine: PTcp RTT:0, rtt pkt=0, tcp_rx=1, tcp_tx=1, tcp_reTran=0, rtRate=0
07-20 01:45:03.167  1578  1962 I HuaweiWifiWatchdogStateMachine: rssi bad, mrssi=-60 < TargetRssi=-54
07-20 01:45:03.167  1578  1962 I HuaweiWifiWatchdogStateMachine: start computeQosLevel tcpRtt = 0 ,rssi = -60 ,mBestSpeedInPeriod = 0
07-20 01:45:03.167  1578  1962 I HuaweiWifiWatchdogStateMachine: smoothConsecutiveQosResults, currentQosLevel = 3
07-20 01:45:03.170  1578 11359 I MQoS    : QOS_level:0(0),wifi-link;SIM error;use level-0
07-20 01:45:03.365  1061  6849 I iked    : [INFO]: ikev2.c:305: ikev2_periodic_task()
07-20 01:45:03.847  2533  4101 I fwkit_kmds_heartbeat: [fwkit HeartbeatCollector.java:53] update heartbeat with type:1
07-20 01:45:03.850  2533  4101 I fwkit_HMSEventLog: [fwkit HMSEventLogDatabaseManager.java:6] Query by hour time in day heartbeat table
07-20 01:45:03.870  2533  4101 I fwkit_HMSEventLog: [fwkit HMSEventLogDatabaseManager.java:6] insert heartbeat to day heartbeat table
07-20 01:45:04.219   729   790 E ACCKIT_ : PerfMgr: fail to read 0
07-20 01:45:04.614   634  9753 I netd    : trafficSwapActiveStatsMap() <25.64ms>
07-20 01:45:06.198   634  9753 I netd    : trafficSwapActiveStatsMap() <13.26ms>
07-20 01:45:06.220   729   790 E ACCKIT_ : PerfMgr: fail to read 0
07-20 01:45:06.371  1061  6849 I iked    : [INFO]: ikev2.c:305: ikev2_periodic_task()
07-20 01:45:07.134  1578  1863 I WificondControl: Noise: -92, Snr: 31, Chload: -1, rssi: -61, txBitrate: 65, rxBitrate: 0, frequency: 2462, UlDelay: -1, currentTxBytes: 0, currentTxPackets: 510919, currentTxFailed: 757, currentRxBytes: 0, currentRxPackets: 765600
07-20 01:45:07.157  1578  1962 I HuaweiWifiWatchdogStateMachine: POta txb txg rxg:0, 9, 0. Lr =0% Totpkt=9
07-20 01:45:07.158  1578  1862 I WiFi_PRO: MSG_RETURN_AP_CURRY_RSSI rssi = -61
07-20 01:45:07.158  1578  1862 I QosMonitor: queryRtt: rttType = 3
07-20 01:45:07.158  1578  1862 I HwWifiProServiceProxy: ctrlHwWifiNetwork pkgName: WIFIPRO_SERVICE interfaceId: 8
07-20 01:45:07.159  1578  1862 I QosMonitor: postEventFromNative: msg=100,arg1=4,arg2=10
07-20 01:45:07.159  1578  1862 I HwWifiProServiceProxy: ctrlHwWifiNetwork pkgName: WIFIPRO_SERVICE interfaceId: 8
07-20 01:45:07.160  1578  1862 I QosMonitor: postEventFromNative: msg=100,arg1=0,arg2=10
07-20 01:45:07.160  1578  1862 I MQoS    : rtt=592,tcpTxPkts=172258,tcpRxPkts=342148
07-20 01:45:07.160  1578  1862 I QosMonitor: resetRtt: rttType = 3
07-20 01:45:07.160  1578  1862 I HwWifiProServiceProxy: ctrlHwWifiNetwork pkgName: WIFIPRO_SERVICE interfaceId: 8
07-20 01:45:07.162  1578  1962 I HuaweiWifiWatchdogStateMachine: PTcp RTT:0, rtt pkt=0, tcp_rx=0, tcp_tx=0, tcp_reTran=0, rtRate=0
07-20 01:45:07.162  1578  1962 I HuaweiWifiWatchdogStateMachine: rssi bad, mrssi=-60 < TargetRssi=-54
