07-20 01:45:36.250  1578  1686 I PowerManagerService: handleSandman: wakefulness: 1,startDreaming: false
07-20 01:45:36.250  1578  1686 I PowerManagerService: handleSandman: wakefulness: 1,startDreaming: false
07-20 01:45:36.251  1578  5171 I NetworkStats: openSession, pid = 2334
07-20 01:45:36.251  1578  2769 I NetworkStats: History for network, uid = 1000
07-20 01:45:36.255  1578  2769 I NetworkStats: Summary for network, uid = 1000
07-20 01:45:36.255  1578  5171 I AlarmManager: remove alarm:Alarm{ec28299 type 0 when 1784504766159 PendingIntent{5ae7e12: PendingIntentRecord{21e17a7 android broadcastIntent}}android procName com.huawei.android.pushagent.PushService} according to operation:7f2695e
07-20 01:45:36.258  1578  1686 I PowerManagerService: handleSandman: wakefulness: 1,startDreaming: false
07-20 01:45:36.260  1578  2196 I NetworkStats: forceUpdate, pid = 2334
07-20 01:45:36.261  1578  2196 I NetworkStats: performPollLocked, pid = 1578
07-20 01:45:36.261  1578  1686 I PowerManagerService: handleSandman: wakefulness: 1,startDreaming: false
07-20 01:45:36.262  1578  1657 I WindowManager: powerPress: eventTime=58463597 interactive=true count=1 beganFromNonInteractive=true mShortPressOnPowerBehavior=1
07-20 01:45:36.263  1578  1686 I PowerManagerService: handleSandman: wakefulness: 1,startDreaming: false
07-20 01:45:36.265  1578  1686 I chatty  : uid=1000(system) PowerManagerSer identical 1 line
07-20 01:45:36.267  1578  1686 I PowerManagerService: handleSandman: wakefulness: 1,startDreaming: false
07-20 01:45:36.273  1578  2698 I AlarmManager: remove alarm:Alarm{57e8af8 type 1 when 1784505718255 PendingIntent{264886c: PendingIntentRecord{dec1a4e android broadcastIntent}}android procName com.huawei.android.pushagent.PushService} according to operation:e2e225b
07-20 01:45:36.278  1578  1686 I PowerManagerService: handleSandman: wakefulness: 1,startDreaming: false
07-20 01:45:36.290  1578  2196 I HwNetworkStatsServiceEx: hwRecordUidAndProcSnapshotLocked currentTime = 1784504735562
07-20 01:45:36.305  1578  2698 I AlarmManager: remove alarm:Alarm{908ebd1 type 3 when 335758708 PendingIntent{c2a4e10: PendingIntentRecord{f60ac9f com.huawei.recsys startService}}com.huawei.recsys procName com.huawei.recsys} according to operation:54c4636
07-20 01:45:36.306  1578  2196 I HwNetworkManagementService: request swap success.
07-20 01:45:36.307  1578  2196 I HwNetworkStatsServiceEx: hwMaybeUidAndProcPersistLocked currentTime = 1784504735562
07-20 01:45:36.311  1578  2196 I NetworkStatsCollection: getSummary, uid = 1000stats size = 2
07-20 01:45:36.311  1578  2196 I NetworkStatsCollection: getSummary, uid = 1000stats size = 2
07-20 01:45:36.311  1578  2196 I NetworkStatsCollection: getSummary, uid = 1000stats size = 104
07-20 01:45:36.311  1578  2196 I NetworkStatsCollection: getSummary, uid = 1000stats size = 2
07-20 01:45:36.311  1578  2196 I NetworkStatsCollection: getSummary, uid = 1000stats size = 2
07-20 01:45:36.311  1578  2196 I NetworkStatsCollection: getSummary, uid = 1000stats size = 104
07-20 01:45:36.314  1578  1686 I PowerManagerService: handleSandman: wakefulness: 1,startDreaming: false
07-20 01:45:36.315  1578  2196 I NetworkStats: openSession, pid = 2334
07-20 01:45:36.316  1578  1634 I NetworkStats: History for network, uid = 1000
07-20 01:45:36.316  1578  1634 I NetworkStats: Summary for network, uid = 1000
07-20 01:45:36.317  2262  2440 I BoosterUtil: getSlaveCardSubId slotId: 1, subId: -1
07-20 01:45:36.317  2262  2440 I PositionFence_PositionFenceManager: start position fence recognize! reason for 2130903090
07-20 01:45:36.320  1578  1686 I PowerManagerService: handleSandman: wakefulness: 1,startDreaming: false
07-20 01:45:36.324  2262  2440 E OllieTelephony: sendFullData err:-2
07-20 01:45:36.325  1578  1686 I PowerManagerService: handleSandman: wakefulness: 1,startDreaming: false
07-20 01:45:36.336  1578  2698 I ActivityManager: sendIntentSender target:PendingIntentRecord{97bdca9 com.huawei.systemserver broadcastIntent}, intent:hwFlg=0x10
07-20 01:45:36.337  1578  2106 I ActivityManager: sendIntentSender target:PendingIntentRecord{fc8513a com.huawei.powergenie broadcastIntent}, intent:hwFlg=0x10
07-20 01:45:36.343  1578  1686 I PowerManagerService: handleSandman: wakefulness: 1,startDreaming: false
07-20 01:45:36.368  1578  2698 W ProcBatteryStats: timer is not running , not stop, name: com.android.phone, uid: 1001, tag: RILJ_ACK_WL
07-20 01:45:36.369  1578  1686 I PowerManagerService: handleSandman: wakefulness: 1,startDreaming: false
07-20 01:45:36.386  2262  2440 E BoosterGameP: inValidCQI:-1
07-20 01:45:36.388  2262  2440 I DeepNoDisturbSM: setScreenState isScreenOn=true
07-20 01:45:36.388  2262  2440 I HidataAppQoeP: other status.
07-20 01:45:36.388  2262  2440 I PreDnsQuery: No need to handled!
07-20 01:45:36.388  2262  2440 I NetworkQoeChr: start qoe report
07-20 01:45:36.389  2262  2440 I BoosterTelephonyCollector: handleDsdsStateChanged:dsds state= 0
07-20 01:45:36.389  2262  2440 I DeepNoDisturbSM: IdleState processMessage msg.what=EVENT_SCREEN_ON
07-20 01:45:36.390  2262  2440 I DeepNoDisturbSM: isWifiConnected = true
07-20 01:45:36.390  2262  2440 I DeepNoDisturbSM: isNeedEnterDeepNoDisturbMode false
07-20 01:45:36.393  1578  1686 I PowerManagerService: handleSandman: wakefulness: 1,startDreaming: false
07-20 01:45:36.396  2262  2440 E OllieTelephony: sendFullData err:-2
07-20 01:45:36.396  1578  1686 I PowerManagerService: handleSandman: wakefulness: 1,startDreaming: false
07-20 01:45:36.713  1578  1686 I PowerManagerService: handleSandman: wakefulness: 1,startDreaming: false
07-20 01:45:36.821  2262  2440 I PositionFenceSignalCollect: position fence recognize by cell and serve ap fail, no cell datas
07-20 01:45:36.883  1578  1686 I PowerManagerService: handleSandman: wakefulness: 1,startDreaming: false
07-20 01:45:36.886  1578  1686 I PowerManagerService: handleSandman: wakefulness: 1,startDreaming: false
07-20 01:45:36.928  1578  2698 I WindowManager: notifyRotate() to observer android.view.IHwRotateObserver$Stub$Proxy@e2d66a8
07-20 01:45:36.929  1578  2698 W WindowManager: Failed to take screenshot. No visible windows for {taskId=8781 appTokens=[AppWindowToken{b05b959 token=Token{62f79a0 ActivityRecord{bb9d1d2 u0 org.hackintosh1980.espgrowcontroller/org.kivy.android.PythonActivity t8781}}}] mdr=false}
07-20 01:45:36.936  1578  1686 I PowerManagerService: handleSandman: wakefulness: 1,startDreaming: false
07-20 01:45:36.949  1578  2698 I HwFreeFormAssistant: reset bounds records, displayWidth:2160 displayHeight:1080
07-20 01:45:36.950  1578  2698 I HwMultiWindowSplitUI: mUiMode = 16  current ui mode = 16
07-20 01:45:36.950  1578  2698 I ActivityTaskManager: Config changes=20000480 {1.0 214mcc3mnc [en_ES,de_DE] ldltr sw320dp w604dp h296dp 540dpi nrml long land finger -keyb/v/h -nav/h winConfig={ mBounds=Rect(0, 0 - 2160, 1080) mAppBounds=Rect(0, 0 - 2041, 1080) mWindowingMode=fullscreen mDisplayWindowingMode=fullscreen mActivityType=undefined mAlwaysOnTop=undefined mRotation=ROTATION_90} suim:4 fontWeightScale:100 s.770}
07-20 01:45:36.971  1578  2698 I ActivityTaskManager: Override config changes=20000480 {1.0 214mcc3mnc [en_ES,de_DE] ldltr sw320dp w604dp h296dp 540dpi nrml long land finger -keyb/v/h -nav/h winConfig={ mBounds=Rect(0, 0 - 2160, 1080) mAppBounds=Rect(0, 0 - 2041, 1080) mWindowingMode=fullscreen mDisplayWindowingMode=fullscreen mActivityType=undefined mAlwaysOnTop=undefined mRotation=ROTATION_90} suim:4 fontWeightScale:100 s.770} for displayId=0
07-20 01:45:36.983  1578  2698 I DisplayDevice: setProjectionLocked displayId 0 orientation(0->1) LayerStackRect(Rect(0, 0 - 1080, 2160)->Rect(0, 0 - 2160, 1080)) DisplayRect(Rect(0, 0 - 1080, 2160)->Rect(0, 0 - 2160, 1080))
07-20 01:45:36.984  1578  2698 I HwFreeFormAssistant: reset bounds records, displayWidth:2160 displayHeight:1080
07-20 01:45:36.984  1578  2698 I HwMultiWindowSplitUI: mUiMode = 16  current ui mode = 16
07-20 01:45:36.984  1578  2698 I HwMultiWindowSplitUI: orientation has not changed, mDisplayWidth: 2160, current height: 1080, bottom: 0, mBottom: 0
07-20 01:45:37.017  1578  2698 I WindowManager: Animation done in AppWindowToken{b05b959 token=Token{62f79a0 ActivityRecord{bb9d1d2 u0 org.hackintosh1980.espgrowcontroller/org.kivy.android.PythonActivity t8781}}} isHidden:false hiddenRequested:false
07-20 01:45:37.020  1578  2698 I ActivityTaskManager: setAppStartingWindow: token=Token{62f79a0 ActivityRecord{bb9d1d2 u0 org.hackintosh1980.espgrowcontroller/org.kivy.android.PythonActivity t8781}} pkg=org.hackintosh1980.espgrowcontroller transferFrom=null newTask=false taskSwitch=true processRunning=true allowTaskSnapshot=true activityCreated=true LowRamTaskSnapshots=false
07-20 01:45:37.021  1578  2698 I WindowManager: imeTarget=null displayId=0 isVisibleLw=false canShowWhenLocked=false canBeHiddenByKeyguardLw=false
07-20 01:45:37.022  1578  1657 I StatusBarDisable: setFlags what=0 which=1 pkg=Window{a2d55cc u0 StatusBar}
07-20 01:45:37.022  1578  2698 I WindowManager: performshow Window{30d0897 u0 com.android.settings} tok.waitingToShow=false isTransitionSet=false parentHidden=false vis=0 tok.hidden=false hasSurface=true policyVis=false destroying=false animating=false
07-20 01:45:37.024  1578  2698 I WindowManager: Checking 1 opening apps (frozen=true timeout=false)...
07-20 01:45:37.024  1578  2698 I WindowManager: Check opening app=AppWindowToken{b05b959 token=Token{62f79a0 ActivityRecord{bb9d1d2 u0 org.hackintosh1980.espgrowcontroller/org.kivy.android.PythonActivity t8781}}}: allDrawn=false startingDisplayed=false startingMoved=false isRelaunching()=false startingWindow=null
07-20 01:45:37.024  1578  2698 I WindowManager: dispatchResized : win = Window{30d0897 u0 com.android.settings} drawState = DRAW_PENDING
07-20 01:45:37.025  1578  2698 I WindowManager: dispatchResized : win = Window{a2d55cc u0 StatusBar} drawState = DRAW_PENDING
07-20 01:45:37.027  1578  2196 I WindowManager: imeTarget=null displayId=0 isVisibleLw=false canShowWhenLocked=false canBeHiddenByKeyguardLw=false
07-20 01:45:37.032  1578  2196 I WindowManager: Checking 1 opening apps (frozen=true timeout=false)...
07-20 01:45:37.032  1578  2196 I WindowManager: Check opening app=AppWindowToken{b05b959 token=Token{62f79a0 ActivityRecord{bb9d1d2 u0 org.hackintosh1980.espgrowcontroller/org.kivy.android.PythonActivity t8781}}}: allDrawn=false startingDisplayed=false startingMoved=false isRelaunching()=false startingWindow=null
07-20 01:45:37.034  1578  1833 I WindowManager: imeTarget=null displayId=0 isVisibleLw=false canShowWhenLocked=false canBeHiddenByKeyguardLw=false
07-20 01:45:37.034  1578  2204 I AlarmManager: remove alarm:Alarm{d93c110 type 3 when 420566488 PendingIntent{6784913: PendingIntentRecord{f2d1750 android broadcastIntent}}android procName system} according to operation:6784913
07-20 01:45:37.036  1578  1686 I PowerManagerService: handleSandman: wakefulness: 1,startDreaming: false
07-20 01:45:37.038  1578  1578 I HwMultiDisplayManager: onDisplayChanged: 0
07-20 01:45:37.038  1578  1833 I WindowManager: Checking 1 opening apps (frozen=true timeout=false)...
07-20 01:45:37.038  1578  1833 I WindowManager: Check opening app=AppWindowToken{b05b959 token=Token{62f79a0 ActivityRecord{bb9d1d2 u0 org.hackintosh1980.espgrowcontroller/org.kivy.android.PythonActivity t8781}}}: allDrawn=false startingDisplayed=false startingMoved=false isRelaunching()=false startingWindow=null
07-20 01:45:37.048  1578  1657 I HwActivityStackSupervisorEx: handleVrDisplayChanged displayId = 0
07-20 01:45:37.048  1578  1657 W HwActivityStackSupervisorEx: handleVrDisplayChanged other vr mode displayId: 0
07-20 01:45:37.049  1578  2196 I WindowManager: imeTarget=null displayId=0 isVisibleLw=false canShowWhenLocked=false canBeHiddenByKeyguardLw=false
07-20 01:45:37.051  1578  2196 I WindowManager: Checking 1 opening apps (frozen=true timeout=false)...
07-20 01:45:37.051  1578  2196 I WindowManager: Check opening app=AppWindowToken{b05b959 token=Token{62f79a0 ActivityRecord{bb9d1d2 u0 org.hackintosh1980.espgrowcontroller/org.kivy.android.PythonActivity t8781}}}: allDrawn=false startingDisplayed=false startingMoved=false isRelaunching()=false startingWindow=null
07-20 01:45:37.052  1578  2196 I WindowManager: imeTarget=null displayId=0 isVisibleLw=false canShowWhenLocked=false canBeHiddenByKeyguardLw=false
07-20 01:45:37.053  1578  2196 I WindowManager: Checking 1 opening apps (frozen=true timeout=false)...
07-20 01:45:37.053  1578  2196 I WindowManager: Check opening app=AppWindowToken{b05b959 token=Token{62f79a0 ActivityRecord{bb9d1d2 u0 org.hackintosh1980.espgrowcontroller/org.kivy.android.PythonActivity t8781}}}: allDrawn=false startingDisplayed=false startingMoved=false isRelaunching()=false startingWindow=null
07-20 01:45:37.053  1578  2196 I WindowManager: dispatchResized : win = Window{a2d55cc u0 StatusBar} drawState = DRAW_PENDING
07-20 01:45:37.057  1578  1833 I WindowManager: imeTarget=null displayId=0 isVisibleLw=false canShowWhenLocked=false canBeHiddenByKeyguardLw=false
07-20 01:45:37.059  1578  1833 I WindowManager: Checking 1 opening apps (frozen=true timeout=false)...
07-20 01:45:37.059  1578  1833 I WindowManager: Check opening app=AppWindowToken{b05b959 token=Token{62f79a0 ActivityRecord{bb9d1d2 u0 org.hackintosh1980.espgrowcontroller/org.kivy.android.PythonActivity t8781}}}: allDrawn=false startingDisplayed=false startingMoved=false isRelaunching()=false startingWindow=null
07-20 01:45:37.061  1578  1833 I WindowManager: imeTarget=null displayId=0 isVisibleLw=false canShowWhenLocked=false canBeHiddenByKeyguardLw=false
07-20 01:45:37.063  1578  1833 I WindowManager: Checking 1 opening apps (frozen=true timeout=false)...
07-20 01:45:37.063  1578  1833 I WindowManager: Check opening app=AppWindowToken{b05b959 token=Token{62f79a0 ActivityRecord{bb9d1d2 u0 org.hackintosh1980.espgrowcontroller/org.kivy.android.PythonActivity t8781}}}: allDrawn=false startingDisplayed=false startingMoved=false isRelaunching()=false startingWindow=null
07-20 01:45:37.070  1578  1833 I WindowManager: imeTarget=null displayId=0 isVisibleLw=false canShowWhenLocked=false canBeHiddenByKeyguardLw=false
07-20 01:45:37.072  1578  1833 I WindowManager: Checking 1 opening apps (frozen=true timeout=false)...
07-20 01:45:37.072  1578  1833 I WindowManager: Check opening app=AppWindowToken{b05b959 token=Token{62f79a0 ActivityRecord{bb9d1d2 u0 org.hackintosh1980.espgrowcontroller/org.kivy.android.PythonActivity t8781}}}: allDrawn=false startingDisplayed=false startingMoved=false isRelaunching()=false startingWindow=null
07-20 01:45:37.075  1578  1833 I WindowManager: imeTarget=null displayId=0 isVisibleLw=false canShowWhenLocked=false canBeHiddenByKeyguardLw=false
07-20 01:45:37.076  1578  1833 I WindowManager: Checking 1 opening apps (frozen=true timeout=false)...
07-20 01:45:37.076  1578  1833 I WindowManager: Check opening app=AppWindowToken{b05b959 token=Token{62f79a0 ActivityRecord{bb9d1d2 u0 org.hackintosh1980.espgrowcontroller/org.kivy.android.PythonActivity t8781}}}: allDrawn=false startingDisplayed=false startingMoved=false isRelaunching()=false startingWindow=null
07-20 01:45:37.079  1578  1686 I PowerManagerService: handleSandman: wakefulness: 1,startDreaming: false
07-20 01:45:37.101  1578  1668 I HwAudioServiceEx: ComponentInfo : className = org.kivy.android.PythonActivity, flag = onResume, isHomeActivity = , isTop = true
07-20 01:45:37.102  1578  1891 W HwAudioServiceEx: SoundEffectState bundle get reserved is invalid
07-20 01:45:37.107  1578  2698 I WindowManager: imeTarget=null displayId=0 isVisibleLw=false canShowWhenLocked=false canBeHiddenByKeyguardLw=false
07-20 01:45:37.108  1578  2698 I WindowManager: Checking 1 opening apps (frozen=true timeout=false)...
07-20 01:45:37.108  1578  2698 I WindowManager: Check opening app=AppWindowToken{b05b959 token=Token{62f79a0 ActivityRecord{bb9d1d2 u0 org.hackintosh1980.espgrowcontroller/org.kivy.android.PythonActivity t8781}}}: allDrawn=false startingDisplayed=false startingMoved=false isRelaunching()=false startingWindow=null
07-20 01:45:37.110  2262  2440 I NetworkQoeChr: checkForegroundApp timer end
07-20 01:45:37.117  2262  2440 E Booster_NetworkQoe: [checkModemParaCollecEnable]checkModemParaCollecEnable: false,mNetworkQoeConditions=254
07-20 01:45:37.123  2262  2440 I SmartDualCardConfig: getAppType,pkgName=org.hackintosh1980.espgrowcontroller,appType=-1
07-20 01:45:37.123  2262  2440 E SmartDualCardConfig: isAppInBlackList false,items==null
07-20 01:45:37.123  2262  2440 E Booster_MatterAppRecommend: [isMatterPackage]invalid mMatterPackagesConfig
07-20 01:45:37.148  1578  1686 I PowerManagerService: handleSandman: wakefulness: 1,startDreaming: false
07-20 01:45:37.203  1578  2764 I WindowManager: imeTarget=null displayId=0 isVisibleLw=false canShowWhenLocked=false canBeHiddenByKeyguardLw=false
07-20 01:45:37.204  1578  2764 I WindowManager: Checking 1 opening apps (frozen=true timeout=false)...
07-20 01:45:37.204  1578  2764 I WindowManager: Check opening app=AppWindowToken{b05b959 token=Token{62f79a0 ActivityRecord{bb9d1d2 u0 org.hackintosh1980.espgrowcontroller/org.kivy.android.PythonActivity t8781}}}: allDrawn=false startingDisplayed=false startingMoved=false isRelaunching()=false startingWindow=null
07-20 01:45:37.204  1578  2764 I WindowManager: dispatchResized : win = Window{cf65382 u0 org.hackintosh1980.espgrowcontroller/org.kivy.android.PythonActivity} drawState = DRAW_PENDING
07-20 01:45:37.212  1578  2760 I HwPhoneWindowManager: onShowingChangedL: false
07-20 01:45:37.215  1578  1660 I WindowManager: Checking 1 opening apps (frozen=true timeout=false)...
07-20 01:45:37.215  1578  1660 I WindowManager: Check opening app=AppWindowToken{b05b959 token=Token{62f79a0 ActivityRecord{bb9d1d2 u0 org.hackintosh1980.espgrowcontroller/org.kivy.android.PythonActivity t8781}}}: allDrawn=false startingDisplayed=false startingMoved=false isRelaunching()=false startingWindow=null
07-20 01:45:37.224  1578  1659 W UsageStatsService: Event reported without a package name, eventType:18
07-20 01:45:37.224  1578  1659 I StorageManagerService: onKeyguardStateChanged false
07-20 01:45:37.226  1578  2764 I KeyguardStateMonitor: onPendingLock pendingLock: false
07-20 01:45:37.227  1578  4552 I HwNetworkPolicy: onTransact, code = 12
07-20 01:45:37.227  1578  4552 I HwNetworkPolicy: code is not equals others
07-20 01:45:37.233  1578  2760 I StatusBarDisable: setFlags what=0 which=1 pkg=com.android.systemui
07-20 01:45:37.233  1578  2760 I StatusBarDisable: disableLocked mBar.disable net1=0 net2=0 pkg=com.android.systemui what=0
07-20 01:45:37.237  1578  1657 I StatusBarDisable: setFlags what=0 which=1 pkg=Window{a2d55cc u0 StatusBar}
07-20 01:45:37.238  1578  2698 I WindowManager: Checking 1 opening apps (frozen=true timeout=false)...
07-20 01:45:37.238  1578  2698 I WindowManager: Check opening app=AppWindowToken{b05b959 token=Token{62f79a0 ActivityRecord{bb9d1d2 u0 org.hackintosh1980.espgrowcontroller/org.kivy.android.PythonActivity t8781}}}: allDrawn=false startingDisplayed=false startingMoved=false isRelaunching()=false startingWindow=null
07-20 01:45:37.239  1578  2698 I WindowManager: Changing focus from Window{a2d55cc u0 StatusBar} to Window{30d0897 u0 com.android.settings} displayId=0 Callers=com.android.server.wm.RootWindowContainer.updateFocusedWindowLocked:209 com.android.server.wm.WindowManagerService.updateFocusedWindowLocked:6517 com.android.server.wm.WindowManagerService.relayoutWindow:2813 com.android.server.wm.Session.relayout:197 
07-20 01:45:37.240  1578  2698 I HwDisplayContentEx: currentFocus windowstate not null
07-20 01:45:37.240  1578  2698 I HwDisplayContentEx: trans currentFocus windowstate not null
07-20 01:45:37.246  1578  2698 I HwAlarmManagerService: SmartHeartBeat:setAlarmsPending, pkgList=[]
07-20 01:45:37.249  1578  1686 I PowerManagerService: handleSandman: wakefulness: 1,startDreaming: false
07-20 01:45:37.249  1578  1657 I StatusBarDisable: setFlags what=0 which=1 pkg=Window{30d0897 u0 com.android.settings}
07-20 01:45:37.254  2262  2440 I PreDnsQuery: No need to handled!
07-20 01:45:37.257  1578  1686 I PowerManagerService: handleSandman: wakefulness: 1,startDreaming: false
07-20 01:45:37.259  1578  2196 E WifiPermissionsUtil: getUidPermission is DENIED and permissionType android.permission.ACCESS_FINE_LOCATIONuid 10078
07-20 01:45:37.259  1578  2196 E WifiService: Permission violation - getScanResults not allowed for uid=10078, packageName=com.huawei.hwid, reason=java.lang.SecurityException: UID 10078 has no location permission
07-20 01:45:37.264  1578  2760 I WindowManager: Checking 1 opening apps (frozen=true timeout=false)...
07-20 01:45:37.264  1578  2760 I WindowManager: Check opening app=AppWindowToken{b05b959 token=Token{62f79a0 ActivityRecord{bb9d1d2 u0 org.hackintosh1980.espgrowcontroller/org.kivy.android.PythonActivity t8781}}}: allDrawn=false startingDisplayed=false startingMoved=false isRelaunching()=false startingWindow=null
07-20 01:45:37.269  1578  2165 E WifiPermissionsUtil: getUidPermission is DENIED and permissionType android.permission.ACCESS_FINE_LOCATIONuid 10078
07-20 01:45:37.273  1578  2764 I DE J DES: [effect] Pg pkg:org.hackintosh1980.espgrowcontroller
07-20 01:45:37.292  1578  1660 I WindowManager: Checking 1 opening apps (frozen=true timeout=false)...
07-20 01:45:37.292  1578  1660 I WindowManager: Check opening app=AppWindowToken{b05b959 token=Token{62f79a0 ActivityRecord{bb9d1d2 u0 org.hackintosh1980.espgrowcontroller/org.kivy.android.PythonActivity t8781}}}: allDrawn=true startingDisplayed=false startingMoved=false isRelaunching()=false startingWindow=null
07-20 01:45:37.292  1578  1660 I WindowManager: Checking 0 opening apps (frozen=true timeout=false)...
07-20 01:45:37.292  1578  1660 I WindowManager: send SET_LAUNCHER_VISIBLE_IN_FINGER_BOOST visible: true,delay:0, handle:true, userId:0, callingPid: 1578
07-20 01:45:37.292  1578  1660 I HwWindowManagerServiceEx: closing apps count = 0
07-20 01:45:37.292  1578  1660 I WindowManager: Animation done in AppWindowToken{b05b959 token=Token{62f79a0 ActivityRecord{bb9d1d2 u0 org.hackintosh1980.espgrowcontroller/org.kivy.android.PythonActivity t8781}}} isHidden:false hiddenRequested:false
07-20 01:45:37.296  1578  1660 I WindowManager: dispatchResized : win = Window{31144b3 u0 NavigationBar0} drawState = DRAW_PENDING
07-20 01:45:37.304  1578  1659 I WindowManager: handle SET_LAUNCHER_VISIBLE_IN_FINGER_BOOST visible:true handle:trueuserId:0, currentUserId:0
07-20 01:45:37.311  1578  1659 I WindowManager: setLauncherVisible setAlpha to 1.0
07-20 01:45:37.322 14027 14027 I RtgSchedEvent: current pid:14027 AppType:255
07-20 01:45:37.344  1578  1686 I PowerManagerService: handleSandman: wakefulness: 1,startDreaming: false
07-20 01:45:37.355  1578  2698 I WindowManager: addWindowToken: displayid:0 binder:android.os.BinderProxy@d1cc07 token:WindowToken{912fb5d android.os.BinderProxy@d1cc07}
07-20 01:45:37.358  1578  1686 I PowerManagerService: handleSandman: wakefulness: 1,startDreaming: false
07-20 01:45:37.359  1578  2698 E WindowManager: App trying to use insecure INPUT_FEATURE_NO_INPUT_CHANNEL flag. Ignoring
07-20 01:45:37.361  1578  2698 I WindowManager: addWindow: Window{2b521a3 u0 AssistPreviewPanel} client:android.os.BinderProxy@9e83134 currentDisplayId:0 requestDisplayId:0 token:android.os.BinderProxy@d1cc07
07-20 01:45:37.380  1578  2466 I WindowManager: dispatchResized : win = Window{30d0897 u0 com.android.settings} drawState = DRAW_PENDING
07-20 01:45:37.393  1578  2698 W ProcBatteryStats: timer is running , not start, name: com.google.android.gms, uid: 10179, tag: IntentOp:com.google.android.gms/.chimera.GmsIntentOperationService
07-20 01:45:37.393  1578  1686 I PowerManagerService: handleSandman: wakefulness: 1,startDreaming: false
07-20 01:45:37.397  1578  1578 I AccessibilityShortcutController: checkPackageInstalled packageName:com.google.android.marvin.talkback,isInstalled:true
07-20 01:45:37.398  1578  2769 I ActivityManager: App 10279/com.facebook.lite targets O+, restricted
07-20 01:45:37.398  1578  2769 W BroadcastQueue: Background execution not allowed: receiving Intent { act=android.intent.action.USER_PRESENT flg=0x24000010 (has extras) } to com.facebook.lite/com.facebook.rti.push.service.MqttSystemBroadcastReceiver
07-20 01:45:37.402  1578  1578 W Looper  : Slow dispatch took 161ms main h=android.app.ActivityThread$H c=android.app.-$$Lambda$LoadedApk$ReceiverDispatcher$Args$_BumDX2UKsnxLVrE6UJsJZkotuA@3cf3915 m=0
07-20 01:45:37.402  1578  1675 I ActivityManager: App 10243/com.wetter.androidclient targets O+, restricted
07-20 01:45:37.402  1578  1675 W BroadcastQueue: Background execution not allowed: receiving Intent { act=android.intent.action.USER_PRESENT flg=0x24000010 (has extras) } to com.wetter.androidclient/com.wetter.widget.update.UserPresentReceiver
07-20 01:45:37.403  1578  1864 I WifiP2pService: InactiveState143468
07-20 01:45:37.403  1578  1864 I WifiP2pService: P2pEnabledState when=58465221 what=143468 arg1=0 arg2=0
07-20 01:45:37.404  1578  1864 I WifiP2pService: DefaultStatewhen=58465221 what=143468 arg1=0 arg2=0
07-20 01:45:37.407  1578  1686 I PowerManagerService: handleSandman: wakefulness: 1,startDreaming: false
07-20 01:45:37.417  1578  8592 I CMA_ALLOC_SCENE: CmaSceneParse: get SMEM_UNLOCKED_TYPE
07-20 01:45:37.419  1578  2466 I WindowManager: addWindowToken: displayid:0 binder:android.os.BinderProxy@ddde42a token:WindowToken{5b3efb8 android.os.BinderProxy@ddde42a}
07-20 01:45:37.421  1578  2466 E WindowManager: App trying to use insecure INPUT_FEATURE_NO_INPUT_CHANNEL flag. Ignoring
07-20 01:45:37.421  1578  8592 E CMA_ALLOC_SCENE: face_recognition not enrolled, don't clear smem pool!
07-20 01:45:37.422  1578  8592 E CMA_ALLOC_SCENE: smem_pool_watermark doesn't exist!
07-20 01:45:37.423  1578  2466 I WindowManager: addWindow: Window{1fc4f7 u0 DockedStackDivider} client:android.os.BinderProxy@57b221b currentDisplayId:0 requestDisplayId:0 token:android.os.BinderProxy@ddde42a
07-20 01:45:37.431  1578  1660 I WindowManager: Policy visibility false: Window{1fc4f7 u0 DockedStackDivider}
07-20 01:45:37.432  1578  1686 I PowerManagerService: handleSandman: wakefulness: 1,startDreaming: false
07-20 01:45:37.454  1578  1686 I PowerManagerService: handleSandman: wakefulness: 1,startDreaming: false
07-20 01:45:37.459  1578  1660 I WindowManager: orientation change is complete, call stopFreezingDisplayLocked
07-20 01:45:37.460  1578  1660 I WindowManager: stopFreezingDisplayLocked: Unfreezing now
07-20 01:45:37.460  1578  1660 I WindowManager: Screen frozen for +577ms due to Window{30d0897 u0 com.android.settings}
07-20 01:45:37.466  1578  1660 I HwWindowManagerServiceEx: create ScreenRotationAnima: origin = 0, current = 1
07-20 01:45:37.468  1578  1660 I HwWindowManagerServiceEx: create ScreenRotationAnima: origin = 0, current = 1
07-20 01:45:37.475  1578  1686 I PowerManagerService: handleSandman: wakefulness: 1,startDreaming: false
07-20 01:45:37.475  1578  1686 I chatty  : uid=1000(system) PowerManagerSer identical 1 line
07-20 01:45:37.505  1578  1686 I PowerManagerService: handleSandman: wakefulness: 1,startDreaming: false
07-20 01:45:37.515  1578  2763 W ProcBatteryStats: timer is running , not start, name: com.google.android.gms, uid: 10179, tag: IntentOp:.personalsafety.psa.UserPresentIntentOperation
07-20 01:45:37.515  1578  1686 I PowerManagerService: handleSandman: wakefulness: 1,startDreaming: false
07-20 01:45:37.529  1578  1686 I PowerManagerService: handleSandman: wakefulness: 1,startDreaming: false
07-20 01:45:37.547  1578  1659 I WindowManager: dispatchResized : win = Window{8a5bc43 u0 GestureNavLeft} drawState = DRAW_PENDING
07-20 01:45:37.576  1578  1854 W ProcBatteryStats: timer is not running , not stop, name: com.google.android.gms, uid: 10179, tag: IntentOp:com.google.android.gms/.chimera.GmsIntentOperationService
07-20 01:45:37.576  1578  1686 I PowerManagerService: handleSandman: wakefulness: 1,startDreaming: false
07-20 01:45:37.594  1578  1659 I WindowManager: dispatchResized : win = Window{27ecac6 u0 GestureNavRight} drawState = HAS_DRAWN
07-20 01:45:37.609  1578  1854 W ProcBatteryStats: timer is not running , not stop, name: com.google.android.gms, uid: 10179, tag: IntentOp:.personalsafety.psa.UserPresentIntentOperation
07-20 01:45:37.610  1578  1686 I PowerManagerService: handleSandman: wakefulness: 1,startDreaming: false
07-20 01:45:37.843  1578  1660 I HwWindowManagerServiceEx: setLandAnimationInfo : false
07-20 01:45:38.208  1578  2196 I WindowManager: dispatchResized : win = Window{a2d55cc u0 StatusBar} drawState = HAS_DRAWN
07-20 01:45:38.238  2037  2037 I ViewRootImpl: dispatchDetachedFromWindow in doDie
07-20 01:45:38.239  1578  2196 I WindowManager: removeIfPossible: Window{51da97f u0 AssistPreviewPanel} callers=com.android.server.wm.WindowState.removeIfPossible:2602 com.android.server.wm.WindowManagerService.removeWindow:2282 com.android.server.wm.Session.remove:179 android.view.IWindowSession$Stub.onTransact:702 com.android.server.wm.Session.onTransact:137 
07-20 01:45:38.241  1578  2196 I WindowManager: postWindowRemoveCleanupLocked: Window{51da97f u0 AssistPreviewPanel}
07-20 01:45:38.241  1578  2196 I WindowManager: Removing Window{51da97f u0 AssistPreviewPanel} from WindowToken{a8a1a9e android.os.BinderProxy@f681f20}
07-20 01:45:38.241  1578  2196 I WindowManager: removeWindowToken: displayid:0 binder:android.os.BinderProxy@f681f20 token:WindowToken{a8a1a9e android.os.BinderProxy@f681f20}
07-20 01:45:38.249  1578  1854 E WifiPermissionsUtil: getUidPermission is DENIED and permissionType android.permission.ACCESS_FINE_LOCATIONuid 10078
07-20 01:45:38.250  1578  2769 E WifiPermissionsUtil: getUidPermission is DENIED and permissionType android.permission.ACCESS_FINE_LOCATIONuid 10078
07-20 01:45:38.256  2037  2037 I ViewRootImpl: dispatchDetachedFromWindow in doDie
07-20 01:45:38.260  1578  2196 I WindowManager: removeIfPossible: Window{6b72211 u0 DockedStackDivider} callers=com.android.server.wm.WindowState.removeIfPossible:2602 com.android.server.wm.WindowManagerService.removeWindow:2282 com.android.server.wm.Session.remove:179 android.view.IWindowSession$Stub.onTransact:702 com.android.server.wm.Session.onTransact:137 
07-20 01:45:38.264  1578  2196 I WindowManager: postWindowRemoveCleanupLocked: Window{6b72211 u0 DockedStackDivider}
07-20 01:45:38.264  1578  2196 I WindowManager: Removing Window{6b72211 u0 DockedStackDivider} from WindowToken{b46b238 android.os.BinderProxy@7942aa}
07-20 01:45:38.264  1578  2196 I WindowManager: removeWindowToken: displayid:0 binder:android.os.BinderProxy@7942aa token:WindowToken{b46b238 android.os.BinderProxy@7942aa}
07-20 01:45:38.607 14027 25040 I LoadedApk: makePaths: outLibPaths=[/hw_product/region_comm/oversea/app/HwHiAiEngine/lib/arm64, /hw_product/region_comm/oversea/app/HwHiAiEngine/HwHiAiEngine.apk!/lib/arm64-v8a, /system/lib64:/hw_product/lib64:/system/product/lib64:/prets/lib64]
07-20 01:45:38.898  1578  5183 I DebugKeepScreenOn: setHoldScreenLocked newHoldScreen:Session{db555f7 24704:u0a10677} currentHoldScreen:null wakeLockState:false
07-20 01:45:38.898  1578  5183 I DebugKeepScreenOn: Acquiring screen wakelock due to Window{cf65382 u0 org.hackintosh1980.espgrowcontroller/org.kivy.android.PythonActivity}
07-20 01:45:38.900  1578  1686 I PowerManagerService: handleSandman: wakefulness: 1,startDreaming: false
07-20 01:45:38.942  1578  5183 I WindowManager:   SURFACE SIZE 2160x1080: org.hackintosh1980.espgrowcontroller/org.kivy.android.PythonActivity
07-20 01:45:38.944  1578  5183 I WindowManager: dispatchResized : win = Window{cf65382 u0 org.hackintosh1980.espgrowcontroller/org.kivy.android.PythonActivity} drawState = HAS_DRAWN
07-20 01:45:39.003  1578  5183 I DebugKeepScreenOn: setHoldScreenLocked newHoldScreen:null currentHoldScreen:Session{db555f7 24704:u0a10677} wakeLockState:true
07-20 01:45:39.003  1578  5183 I DebugKeepScreenOn: Releasing screen wakelock, obscured by null
07-20 01:45:39.005  1578  1686 I PowerManagerService: handleSandman: wakefulness: 1,startDreaming: false
07-20 01:45:39.359  1578  1660 I WindowManager: dispatchResized : win = Window{cf65382 u0 org.hackintosh1980.espgrowcontroller/org.kivy.android.PythonActivity} drawState = HAS_DRAWN
07-20 01:45:39.360  1578  1660 I WindowManager: dispatchResized : win = Window{30d0897 u0 com.android.settings} drawState = HAS_DRAWN
07-20 01:45:39.935  1578  2769 I ActivityManager: Need to start process com.android.gallery3d for provider ContentProviderInfo{name=com.huawei.gallery.distributeshare.settings.DistributedSettingsProvider className=com.huawei.gallery.distributeshare.settings.DistributedSettingsProvider}, callerApp: ProcessRecord{fa81c19 22059:com.huawei.controlcenter:collaboration/u0a35}
07-20 01:45:39.963  1578  1676 I ActivityManager: Start proc 25070:com.android.gallery3d/u0a141 for content provider {com.android.gallery3d/com.huawei.gallery.distributeshare.settings.DistributedSettingsProvider}
07-20 01:45:39.997 25070 25088 I ActivityThread: Init compatible state: false
07-20 01:45:40.015 25070 25070 I LoadedApk: makePaths: outLibPaths=[/hw_product/app/Gallery2/lib/arm64, /hw_product/app/Gallery2/Gallery2.apk!/lib/arm64-v8a, /system/priv-app/HwCameraKit/HwCameraKit.apk!/lib/arm64-v8a, /system/lib64:/hw_product/lib64:/system/product/lib64:/prets/lib64]
07-20 01:45:40.236  1578  1967 I HwNormalizedAutomaticBrightnessController: updateProximityState, isProximityState=false
07-20 01:45:40.541  1578  2769 I ActivityManager: Need to start process com.huawei.filemanager for provider ContentProviderInfo{name=com.huawei.hidisk.model.file.db.DistributedSettingsProvider className=com.huawei.hidisk.model.file.db.DistributedSettingsProvider}, callerApp: ProcessRecord{fa81c19 22059:com.huawei.controlcenter:collaboration/u0a35}
07-20 01:45:40.571  1578  1676 I ActivityManager: Start proc 25103:com.huawei.filemanager/u0a94 for content provider {com.huawei.filemanager/com.huawei.hidisk.model.file.db.DistributedSettingsProvider}
07-20 01:45:40.615 25070 25070 I ActivityThread: finishPreloaded preloadStatus 0
07-20 01:45:40.639 25070 25092 I DE J DisplayEngineLibraries: [effect] DisplayEngineLibraries enter
07-20 01:45:40.647 25070 25092 I DE J ImageProcessor: [effect] ImageProcessor enter
07-20 01:45:40.654 25070 25092 I DE J ImageProcessorAlgoStrategy: [effect] ImageProcessorAlgoStrategy enter
07-20 01:45:40.675 25103 25103 I LoadedApk: makePaths: outLibPaths=[/system/app/HwFileManager/lib/arm64, /system/app/HwFileManager/HwFileManager.apk!/lib/arm64-v8a, /system/priv-app/MediaLibrary/MediaLibrary.apk!/lib/arm64-v8a, /system/lib64:/hw_product/lib64:/system/product/lib64:/prets/lib64]
07-20 01:45:40.684 25070 25092 I HwXmlElement_CustomGroup: [effect] GamutName = Super Gamut
07-20 01:45:40.686 25070 25092 I DE J ImageProcessorAlgoStrategy: [effect] parseXml() load success!
07-20 01:45:40.687 25070 25092 I DE J ImageProcessorAlgoStrategy: [effect] printStrategy Enable=true, AlgoWideColorSpaceEnable=false, AlgoSkinBeautyEnable=true, AlgoVividEnable=false, NeedNormallizeColorSpace=true, NormallizeColorGamut=SUPER_GAMUT
07-20 01:45:40.687 25070 25092 I DE J ImageProcessorAlgoStrategy: [effect] printStrategy Thumbnail: HALFSCREEN, Algo:{SKIN_BEAUTY=[ACM]}, CommonInfoAlgo:{NORMAL=[SR], SKIN_BEAUTY=[SR, ACM]}
07-20 01:45:40.687 25070 25092 I DE J ImageProcessorAlgoStrategy: [effect] printStrategy Thumbnail: FAST, Algo:{SKIN_BEAUTY=[ACM]}
07-20 01:45:40.687 25070 25092 I DE J ImageProcessorAlgoStrategy: [effect] printStrategy Thumbnail: ANIMATION, Algo:{SKIN_BEAUTY=[ACM]}
07-20 01:45:40.687 25070 25092 I DE J ImageProcessorAlgoStrategy: [effect] printStrategy Thumbnail: FULLSCREEN, Algo:{NORMAL=[SR], SKIN_BEAUTY=[SR, ACM]}, CommonInfoAlgo:{NORMAL=[SR], SKIN_BEAUTY=[SR, ACM]}
07-20 01:45:40.687 25070 25092 I DE J ImageProcessorAlgoStrategy: [effect] printStrategy Thumbnail: DEFAULT, Algo:{SKIN_BEAUTY=[ACM]}
07-20 01:45:40.687 25070 25092 I DE J ImageProcessorAlgoStrategy: [effect] printStrategy Tile: SR, Algo:{NORMAL=[SR]}
07-20 01:45:40.687 25070 25092 I DE J ImageProcessorAlgoStrategy: [effect] printStrategy Tile: NON_SR, Algo:{SKIN_BEAUTY=[ACM]}
07-20 01:45:40.687 25070 25092 I DE J ImageProcessorAlgoStrategy: [effect] ImageProcessorAlgoStrategy exit
07-20 01:45:40.687 25070 25092 I DE J ImageProcessorAlgoImpl: [effect] ImageProcessorAlgoImpl enter
07-20 01:45:40.687 25070 25092 I DE J ImageProcessorAlgoImpl: [effect] initAlgo enter
07-20 01:45:40.708 25070 25092 I DE J ImageProcessorAlgoImpl: [effect] initAlgo exit
07-20 01:45:40.737 25103 25125 I ActivityThread: Init compatible state: false
07-20 01:45:40.742  1578  1686 I PowerManagerService: handleSandman: wakefulness: 1,startDreaming: false
07-20 01:45:40.754 25070 25092 W DE J ImageProcessorAlgoImpl: [effect] initAlgoXmlPath() error! can't find xml
07-20 01:45:40.755 25070 25092 I DE J ImageProcessor: [effect] ImageProcessor exit
07-20 01:45:40.808 14027 14027 W HwApsManager: HwApsManagerService, registerCallback, start !
07-20 01:45:40.809  1578  1854 I HwApsManagerConfig: registerCallbackLocked success, pkgName:com.android.settings, callback_count:11
07-20 01:45:40.809  1578  1854 I HwApsManagerConfig: doCallbackAtFirstRegisterLocked, start ! pkgName:com.android.settings
07-20 01:45:40.831 14027 14027 I ViewRootImpl: dispatchDetachedFromWindow in doDie
07-20 01:45:40.840  1578  5183 I WindowManager: removeIfPossible: Window{30d0897 u0 com.android.settings} callers=com.android.server.wm.WindowState.removeIfPossible:2602 com.android.server.wm.WindowManagerService.removeWindow:2282 com.android.server.wm.Session.remove:179 android.view.IWindowSession$Stub.onTransact:702 com.android.server.wm.Session.onTransact:137 
07-20 01:45:40.863  1578  5183 I WindowManager: Not removing Window{30d0897 u0 com.android.settings EXITING} due to exit animation 
07-20 01:45:40.864  1578  5183 I WindowManager: Changing focus from Window{30d0897 u0 com.android.settings EXITING} to Window{cf65382 u0 org.hackintosh1980.espgrowcontroller/org.kivy.android.PythonActivity} displayId=0 Callers=com.android.server.wm.RootWindowContainer.updateFocusedWindowLocked:209 com.android.server.wm.WindowManagerService.updateFocusedWindowLocked:6517 com.android.server.wm.WindowState.setupWindowForRemoveOnExit:2758 com.android.server.wm.WindowState.removeIfPossible:2720 
--------- beginning of main
07-20 01:45:40.864  1134  1773 I HwaUtils: [b2ccce4_64I] getProductExtendName() path=BLANC
07-20 01:45:40.865  1134  1773 I HwaUtils: [b2ccce4_64I] getOneCfgFile() path=/odm/etc/camera/dcamera/config.xml
07-20 01:45:40.866  1134  1773 W VideoBokehDspAlgo: [b2ccce4_64W] setXmlConfigPara, can not get EDOF_ZOOM_RATIO value, use defalt!
07-20 01:45:40.866  1134  1773 W VideoBokehDspAlgo: [b2ccce4_64W] setXmlConfigPara: can not get SUPPORT_DEFAULT_HDC_PARAM value, use default!
07-20 01:45:40.866  1134  1773 I VideoBokehDspAlgo: [b2ccce4_64I] setXmlConfigPara() Edof Status=1, Front Support:0, mSupportZoomRatio:2 ,mSmartCaptureBokehOn:0!!
07-20 01:45:40.866  1134  1773 I VideoBokehDspAlgo: [b2ccce4_64I] setXmlConfigPara previewUsingMoca:1 captureUsingMoca:1 ozCaptureUsingMoca:1 captureSwitchMocaMode:0 superPortraitUsingMoca:0
07-20 01:45:40.866  1134  1773 I VideoBokehDspAlgo: [b2ccce4_64I] setXmlConfigPara RAW_FRAME_SUPPORT:0
07-20 01:45:40.866  1134  1773 I HwaUtils: [b2ccce4_64I] getProductExtendName() path=BLANC
07-20 01:45:40.866  1134  1773 I HwaUtils: [b2ccce4_64I] getOneCfgFile() path=/odm/etc/camera/dcamera/config.xml
07-20 01:45:40.866  1134  1773 I VideoBokehDspAlgo: [b2ccce4_64I] setXmlConfigMonoPara() EDOF_MONO_MODE_Cap = 1
07-20 01:45:40.866  1134  1773 I HwaUtils: [b2ccce4_64I] getProductExtendName() path=BLANC
07-20 01:45:40.866  1134  1773 I HwaUtils: [b2ccce4_64I] getOneCfgFile() path=/odm/etc/camera/dcamera/config.xml
07-20 01:45:40.866  1134  1773 I VideoBokehDspAlgo: [b2ccce4_64I] configForceArmPara() mVideoBokehEdofForceArm = 0 mVideoBokehPortraitForceArm = 0
07-20 01:45:40.866  1134  1773 I HwaUtils: [b2ccce4_64I] getOneCfgFile() path=nullptr
07-20 01:45:40.866  1134  1773 I HwaUtils: [b2ccce4_64I] GetProductExtendName() path=BLANC
07-20 01:45:40.866  1134  1773 I HwaUtils: [b2ccce4_64I] getOneCfgFile() path=nullptr
07-20 01:45:40.866  1134  1773 E HwaUtils: [b2ccce4_64E] LoadPqStateSplitCfg() getOneCfgFile failed. dirPath=[/odm/etc/camera/], extendDir=[BLANC], fileName=[pq_state_split_config.xml].
07-20 01:45:40.866  1134  1773 I HwaUtils: [b2ccce4_64I] FillPqSplitCfgLoadResult(): switchCfg(0,0,0,0), pqStateSplitCfgInfo(0,0,0,0).
07-20 01:45:40.866  1578  1657 I chatty  : uid=1000(system) android.ui expire 2 lines
07-20 01:45:40.867  1578  5183 I HwDisplayContentEx: currentFocus windowstate not null
07-20 01:45:40.867  1578  5183 I HwDisplayContentEx: trans currentFocus windowstate not null
07-20 01:45:40.867  2037 14399 I HwCommandQueue: updateBarBgColor
07-20 01:45:40.868  1578  1657 I StatusBarDisable: setFlags what=0 which=1 pkg=Window{cf65382 u0 org.hackintosh1980.espgrowcontroller/org.kivy.android.PythonActivity}
07-20 01:45:40.870  2635 29692 I KStateManager: send binder call message, called pid:2037, calling pid:[1578]
07-20 01:45:40.871  1578  2165 I chatty  : uid=1000(system) Binder:1578_6 expire 7 lines
07-20 01:45:40.874  1578  5183 I WindowManager: dispatchResized : win = Window{cf65382 u0 org.hackintosh1980.espgrowcontroller/org.kivy.android.PythonActivity} drawState = HAS_DRAWN
07-20 01:45:40.874  1578  5183 I WindowManager: dispatchResized : win = Window{30d0897 u0 com.android.settings EXITING} drawState = HAS_DRAWN
07-20 01:45:40.877 24704 24704 I RtgSchedEvent: current pid:24704 AppType:-1
07-20 01:45:40.879  1134  1773 I HwaUtils: [b2ccce4_64I] getOneCfgFile() path=/odm/etc/camera/portrait/portraitModeConfig.xml
07-20 01:45:40.879  1134  1773 I HwaUtils: [b2ccce4_64I] getFcveInterfaceVersion() fcveInterfaceVersion =1
07-20 01:45:40.879  1134  1773 I DLibLoader: [b2ccce4_64I] enter DLibLoader(), soName=libSuperVideo.so
07-20 01:45:40.879  1134  1773 I ObjectDetectionDraw: [b2ccce4_64I] enter ObjectDetectionDraw()
07-20 01:45:40.879  1134  1773 I HwaStatInfo: [b2ccce4_64I] enter initialize()
07-20 01:45:40.880 25070 25122 I AppFeatureLoader: loadFeature entryClazz:com.huawei.gallery.featurelayer.feature.dynamic.AutoBeautyFeatureEntry clazz:com.huawei.gallery.feature.autobeauty.IAutoBeautyFeature
07-20 01:45:40.882  1134  1773 I DLibLoader: [b2ccce4_64I] enter DLibLoader(), soName=libSmartAE.so
07-20 01:45:40.882  1134  1773 I HwaUtils: [b2ccce4_64I] getProductExtendName() path=BLANC
07-20 01:45:40.882  1134  1773 I HwaUtils: [b2ccce4_64I] getOneCfgFile() path=/odm/etc/camera/dcamera/dmap.xml
07-20 01:45:40.883  1134  1773 I HwaDMapIpp: [b2ccce4_64I] loadConfig(), normal dmap config info[base(1), format(1), kind(0), size(0)]!
07-20 01:45:40.883  1134  1773 I HwaDMapIpp: [b2ccce4_64I] loadConfig(), apertur dmap config info[base(0), kind(0), size(2)], mono info[base(1), size(2)], dmapRechargeEnable(1)
07-20 01:45:40.883  1134  1773 I HwaDMapIpp: [b2ccce4_64I] loadConfig Fail! Config Num=0
07-20 01:45:40.883  1134  1773 E HwaUtils: [b2ccce4_64E] FirstLevelXmlParser() LoadFile /odm/etc/camera/misc/video_fps_params.xml Failed
07-20 01:45:40.883  1134  1773 E HwaUtils: [b2ccce4_64E] getAttributeValue() mFirstLevelElement Is NULL
07-20 01:45:40.883  1134  1773 E Misc____: [b2ccce4_64E] get supportChangeVideoFps fail
07-20 01:45:40.883  1134  1773 I HwaUtils: [b2ccce4_64I] getProductExtendName() path=BLANC
07-20 01:45:40.883  1134  1773 I HwaUtils: [b2ccce4_64I] getOneCfgFile() path=nullptr
07-20 01:45:40.883  1134  1773 W Misc____: [b2ccce4_64W] loadDiffFovFusionConfig: diff fov config file is not exist
07-20 01:45:40.885  1134  1773 I HwaUtils: [b2ccce4_64I] getOneCfgFile() path=/odm/etc/camera/mmi/config.xml
07-20 01:45:40.891  1134  1773 I MRMain  : [b2ccce4_64I] ModeRecomm version: mode_recom_v3.1.0
07-20 01:45:40.892  1134  1773 I HwaUtils: [b2ccce4_64I] getOneCfgFile() path=/odm/etc/camera/moderecomm/config.xml
07-20 01:45:40.893  1134  1773 E HwaUtils: [b2ccce4_64E] str2float(), input or value is NULL
07-20 01:45:40.893  1134  1773 I chatty  : uid=1013(media) HwBinder:1134_2 identical 8 lines
07-20 01:45:40.893  1134  1773 E HwaUtils: [b2ccce4_64E] str2float(), input or value is NULL
07-20 01:45:40.894  1134  1773 I MRMain  : [b2ccce4_64I] getXmlConfig(), switch[0,1], ModeSwitch[1,1,1,1,1,1,1,1,1,1,1,1,1,0,1,1,1,1,0,1,1,1,0,0,0,0,0,0,1],    ModeSwitchFrontCamera[0,0,0,0,0,0,0,0,0,0,0,0,0,0,0,0,0,0,0,0,0,0,0,0,0,0,0,0,0,0,0,0,0],    V2AppearTime[0.5,0.5,0.5,0.5,0.3,0.5,0.5,0.5,0.5,0.5,0.5,0.5,0.5,0.5,1.5,1.0],    V2DisappearTime[0.5,0.5,0.5,0.5,0.5,0.5,0.5,0.5,0.5,0.5,3.0,0.5,0.5,0.5,1.0,1.0],    zoomRatioTh[2.0,6.0,6.0], nightScene[10,20,0.20,0.10,50,255,0.30,0.40,3,3,230,0.01,0.10,4,0,1], portrait[0.06,0.06,0.04,0.04,1,0]    quitProb[1,0,400,400,400,0,100,400,400,0,400], macro[70], gyroInvalid[0]
07-20 01:45:40.898  1134  1773 I MRMain  : [b2ccce4_64I] ModeRecommendation() V1Switch=0, V2Switch=1, V3Switch=0
07-20 01:45:40.898  1134  1773 I ObjectDetection: [b2ccce4_64I] enter ObjectDetection()
07-20 01:45:40.900  1134  1773 I CIEProxy: CIEProxyLibLoaderMgr::loadCIELib::dlopen lib /vendor/lib64/libcie.so successfully.
07-20 01:45:40.900  1134  1773 I AlgoFilterManager: enter offlinealgo_query_cap,algoName = BigApertureAlgo,mOfflineProcess = 0x7f1b109c20
07-20 01:45:40.900  1134  1773 I AlgoFilterManager: 111 offlinealgo_query_cap,algoName = BigApertureAlgo,mOfflineProcess = 0x7f1b109c20
07-20 01:45:40.900 25070 25092 E WideAperture: supportEdit ret 1, line 242
07-20 01:45:40.900 25070 25092 I WideAperture: supportEdit: End
07-20 01:45:40.906 25070 25092 E WideAperture: dlopen failed: library "libdcamera_multiview.so" not found
07-20 01:45:40.920 25070 25092 E WideAperture: dlopen failed: library "libdcamera_visual_effect.so" not found
07-20 01:45:40.934 27313 27313 W e0      : onStartInput event aborted
07-20 01:45:40.934 27313 27313 W e0      : fc0.b0: could not obtain extracted text
07-20 01:45:40.934 27313 27313 W e0      : 	at fc0.y0.H(Unknown Source:369)
07-20 01:45:40.934 27313 27313 W e0      : 	at n70.x.g(Unknown Source:283)
07-20 01:45:40.934 27313 27313 W e0      : 	at n70.i3.g(Unknown Source:4)
07-20 01:45:40.934 27313 27313 W e0      : 	at com.touchtype.KeyboardService.onStartInput(Unknown Source:11)
07-20 01:45:40.934 27313 27313 W e0      : 	at android.inputmethodservice.InputMethodService.doStartInput(InputMethodService.java:2408)
07-20 01:45:40.934 27313 27313 W e0      : 	at android.inputmethodservice.InputMethodService$InputMethodImpl.startInput(InputMethodService.java:697)
07-20 01:45:40.934 27313 27313 W e0      : 	at android.inputmethodservice.InputMethodService$InputMethodImpl.dispatchStartInputWithToken(InputMethodService.java:731)
07-20 01:45:40.934 27313 27313 W e0      : 	at android.inputmethodservice.IInputMethodWrapper.executeMessage(IInputMethodWrapper.java:194)
07-20 01:45:40.934 27313 27313 W e0      : 	at com.android.internal.os.HandlerCaller$MyHandler.handleMessage(HandlerCaller.java:44)
07-20 01:45:40.934 27313 27313 W e0      : 	at android.os.Handler.dispatchMessage(Handler.java:110)
07-20 01:45:40.934 27313 27313 W e0      : 	at android.os.Looper.loop(Looper.java:219)
07-20 01:45:40.934 27313 27313 W e0      : 	at android.app.ActivityThread.main(ActivityThread.java:8668)
07-20 01:45:40.934 27313 27313 W e0      : 	at java.lang.reflect.Method.invoke(Native Method)
07-20 01:45:40.934 27313 27313 W e0      : 	at com.android.internal.os.RuntimeInit$MethodAndArgsCaller.run(RuntimeInit.java:513)
07-20 01:45:40.934 27313 27313 W e0      : 	at com.android.internal.os.ZygoteInit.main(ZygoteInit.java:1109)
07-20 01:45:40.980 14027 14027 I RmeSchedManager: init Rme, version is: v1.0
07-20 01:45:40.998 25070 25102 I NetworkKit_c: taskId:10|null|com.huawei.hms.framework.network.grs.e.c|a|23|ContextHolder.getAppContext() from GRS is:null
07-20 01:45:41.009 22059 22078 E HwCtrlCtr: TimeoutUtil:=>future task throw exception.
07-20 01:45:41.010 22059 22078 E HwCtrlCtr: ExtAppConfUtil:=>item is null so skip
07-20 01:45:41.010 22059 22078 I HwCtrlCtr: ExtAppConfUtil:=>getExternalAppInfoList use time milliseconds : 1093
07-20 01:45:41.012 25070 25102 I NetworkKit_c: taskId:10|null|com.huawei.hms.framework.network.grs.e.c|a|23|ContextHolder.getAppContext() from GRS is:null
07-20 01:45:41.014 22059 22078 I HwCtrlCtr: SearchProvider:=>getDynSrh result got
07-20 01:45:41.020  1578  1660 I WindowManager: Exit animation finished in Window{30d0897 u0 com.android.settings EXITING}: remove=true
07-20 01:45:41.046  1578  1660 I WindowManager: postWindowRemoveCleanupLocked: Window{30d0897 u0 com.android.settings}
07-20 01:45:41.046  1578  1660 I WindowManager: Removing Window{30d0897 u0 com.android.settings} from WindowToken{e9da716 android.os.BinderProxy@bf1c431}
07-20 01:45:41.046  1578  1660 I WindowManager: removeWindowToken: displayid:0 binder:android.os.BinderProxy@bf1c431 token:WindowToken{e9da716 android.os.BinderProxy@bf1c431}
07-20 01:45:41.047 25070 25137 I NetworkKit_LocalManagerV2: taskId:10 -->NetworkKit_GRS_GrsClient-Init_0|null|com.huawei.hms.framework.network.grs.f.d|<init>|32|appConfigName isnull
07-20 01:45:41.061 22059 22078 I HwCtrlCtr: SearchProvider:=>call method = getDynamicSearchData ; arg = PlaceHolderForSettings ; extras = Bundle[mParcelledData.dataSize=260]
07-20 01:45:41.062 22059 22078 I HwCtrlCtr: ExtAppConfUtil:=>getExternalAppInfoList
07-20 01:45:41.062 25070 25106 I HwApiCacheMangerEx: apicache path=/storage/emulated/0 state=mounted key=com.android.gallery3d#10141#256
07-20 01:45:41.063 25070 25106 I HwApiCacheMangerEx: need clear apicache,because volumes changed,oldCnt=1 newCnt=1
07-20 01:45:41.065 22059 22078 I HwCtrlCtr: TimeoutUtil:=>processTask
