--------- beginning of main
07-20 01:49:41.946  1578  2768 I WificondControl: Noise: -92, Snr: 35, Chload: -1, rssi: -53, txBitrate: 72, rxBitrate: 0, frequency: 2462, UlDelay: -1, currentTxBytes: 0, currentTxPackets: 515284, currentTxFailed: 757, currentRxBytes: 0, currentRxPackets: 768778
07-20 01:49:41.952  2880  5886 I VoWifiQoe_N: ProcessReqInfo ul_msgid=5
07-20 01:49:41.952  2880  5886 I VoWifiQoe_N: processReqInfo MSG_WIFI_SIGNAL_INFO_IND 
07-20 01:49:41.952  2880  5886 I VoWifiQoe_N: ProcessSignalInfoInd curStateIsIdle 0 
07-20 01:49:41.952  2880  5886 I VoWifiQoe_N: ProcessSignalInfoInd wifiInterruptFlg 1 enScreenState 1 curStateIsIdle 0
07-20 01:49:41.952  2880  5886 I VoWifiQoe_N: UpdateEvaluatePolicy EVALUATE_POLICY_RSSI
07-20 01:49:41.952  2880  5886 I VoWifiQoe_N: UpdateEvaluatePolicy phoneId 1 is not qoe started!
07-20 01:49:42.038 26792 26882 I python  : [DEBUG  ] [Starting new HTTP connection (1)] 192.168.2.39:80
07-20 01:49:42.040 26792 26892 I python  : [DEBUG  ] [Starting new HTTP connection (1)] 192.168.2.20:80
--------- beginning of system
07-20 01:49:42.046  1578  2768 I ActivityManager: Force stopping org.hackintosh1980.espgrowcontroller appid=10677 user=0: from pid 26933by app
07-20 01:49:42.046  1578  2768 I ActivityManager: Killing 26867:org.hackintosh1980.espgrowcontroller:service_ble_service/u0a677 (adj 500): stop org.hackintosh1980.espgrowcontrollerfrom pid 26933by app
07-20 01:49:42.048  1578  1668 I HwPowerManagerService: appdie release wakelock, pid = 26867, uid = 10677
07-20 01:49:42.048  1578  2768 W ActivityManager: Scheduling restart of crashed service org.hackintosh1980.espgrowcontroller/.ServiceBle_service in 1000ms
07-20 01:49:42.048  1578  1668 I HwPowerManagerService: releaseWakeLockInternal wl: mLock:265074706 PARTIAL_WAKE_LOCK              'LGS:PermanentWakeLock' ACQ=-22s295ms (uid=10677 pid=26867)
07-20 01:49:42.048  1578  1891 W HwAudioServiceEx: SoundEffectState bundle get reserved is invalid
07-20 01:49:42.048  2635  3885 I BluetoothState: process die, remove bt record, pid:26867
07-20 01:49:42.050  1578  1686 I DisplayPowerController: mPowerState.mScreenChangedReason: 65537 mPendingRequestLocked.mScreenChangeReason 65537
07-20 01:49:42.052  2262  2289 E HsmCoreServiceImpl: onTransact in code is: 102
07-20 01:49:42.053  2262  2289 I MediaProcessHandler: processOp opType: 1, uid: 10677, pid: 26867
07-20 01:49:42.053  2262  2289 W MediaProcessHandler: only the process it self can do this operation: 10677, 1000, 26867, 2334
07-20 01:49:42.053  2262  2289 I MediaProcessHandler: executedCallBack opType: 1 mMediaStatusObservers.size=0
07-20 01:49:42.059  1578  1686 I DisplayPowerController: Animating brightness: target=9, rate=60,brightnessTargetReal=9,AutoBrightness=true
07-20 01:49:42.060  1578  1686 I PowerManagerService: handleSandman: wakefulness: 1,startDreaming: false
07-20 01:49:42.062  1578  2768 I ActivityManager: Killing 26792:org.hackintosh1980.espgrowcontroller/u0a677 (adj 0): stop org.hackintosh1980.espgrowcontrollerfrom pid 26933by app
07-20 01:49:42.063  1578  1891 W HwAudioServiceEx: SoundEffectState bundle get reserved is invalid
07-20 01:49:42.064  2635  3885 I BluetoothState: process die, remove bt record, pid:26792
07-20 01:49:42.064  1578  1668 I HwPowerManagerService: appdie release wakelock, pid = 26792, uid = 10677
07-20 01:49:42.065  1578  2768 W ActivityTaskManager: Force removing ActivityRecord{cae3ac7 u0 org.hackintosh1980.espgrowcontroller/org.kivy.android.PythonActivity t8783 f}: app died, no saved state
07-20 01:49:42.065  1578  2768 I WindowManager: removeWindowToken: displayid:0 binder:Token{69be81d ActivityRecord{cae3ac7 u0 org.hackintosh1980.espgrowcontroller/org.kivy.android.PythonActivity t8783 f}} token:AppWindowToken{488da92 token=Token{69be81d ActivityRecord{cae3ac7 u0 org.hackintosh1980.espgrowcontroller/org.kivy.android.PythonActivity t8783}}}
07-20 01:49:42.066  1578  2768 I WindowManager: Changing focus from Window{e15c169 u0 org.hackintosh1980.espgrowcontroller/org.kivy.android.PythonActivity} to null displayId=0 Callers=com.android.server.wm.RootWindowContainer.updateFocusedWindowLocked:209 com.android.server.wm.WindowManagerService.updateFocusedWindowLocked:6517 com.android.server.wm.AppWindowToken.commitVisibility:988 com.android.server.wm.AppWindowToken.onRemovedFromDisplay:1223 
07-20 01:49:42.067  1578  2768 I HwDisplayContentEx: currentFocus windowstate null
07-20 01:49:42.075  1578  2768 I WindowManager: Animation done in AppWindowToken{488da92 token=Token{69be81d ActivityRecord{cae3ac7 u0 org.hackintosh1980.espgrowcontroller/org.kivy.android.PythonActivity t8783}}} isHidden:true hiddenRequested:true
07-20 01:49:42.075  1578  2768 W WindowManager: Failed to take screenshot. No visible windows for {taskId=8783 appTokens=[AppWindowToken{488da92 token=Token{69be81d ActivityRecord{cae3ac7 u0 org.hackintosh1980.espgrowcontroller/org.kivy.android.PythonActivity t8783}}}] mdr=false}
07-20 01:49:42.077  1578  2768 I WindowManager: removeIfPossible: Window{e15c169 u0 org.hackintosh1980.espgrowcontroller/org.kivy.android.PythonActivity} callers=com.android.server.wm.WindowState.removeIfPossible:2602 com.android.server.wm.WindowToken.removeAllWindowsIfPossible:162 com.android.server.wm.AppWindowToken.removeIfPossible:1203 com.android.server.wm.AppWindowToken.onRemovedFromDisplay:1272 com.android.server.wm.DisplayContent.removeAppToken:1320 
07-20 01:49:42.079  1578  2768 I WindowManager: postWindowRemoveCleanupLocked: Window{e15c169 u0 org.hackintosh1980.espgrowcontroller/org.kivy.android.PythonActivity}
07-20 01:49:42.079  1578  2768 I WindowManager: Removing Window{e15c169 u0 org.hackintosh1980.espgrowcontroller/org.kivy.android.PythonActivity} from AppWindowToken{488da92 token=Token{69be81d ActivityRecord{cae3ac7 u0 org.hackintosh1980.espgrowcontroller/org.kivy.android.PythonActivity t8783}}}
07-20 01:49:42.082   635   635 I Zygote  : Process 26867 exited due to signal 9 (Killed)
07-20 01:49:42.086  1578  2768 I WindowManager: removeWindowToken: displayid:0 binder:Token{69be81d ActivityRecord{cae3ac7 u0 org.hackintosh1980.espgrowcontroller/org.kivy.android.PythonActivity t8783 f}} token:null
07-20 01:49:42.092  2209  3502 I bt_stack: [INFO:bta_gattc_api.cc(101)] BTA_GATTC_AppDeregister client_if = 13
07-20 01:49:42.092  2209  3502 I bt_stack: [INFO:bta_gattc_api.cc(85)] app_deregister_impl client_if = 13
07-20 01:49:42.092  2209  3502 E bt_stack: [ERROR:bta_gattc_act.cc(238)] bta_gattc_deregister p_clreg->num_clcb is 0
07-20 01:49:42.092  2209  3502 I bt_stack: [INFO:bta_gattc_act.cc(1028)] bta_gattc_deregister_cmpl client_if is 13
07-20 01:49:42.092  2209  3502 I bt_stack: [INFO:gatt_api.cc(1016)] GATT_Deregister gatt_if=13
07-20 01:49:42.098  1578  1677 I libprocessgroup: Successfully killed process cgroup uid 10677 pid 26867 in 51ms
07-20 01:49:42.100  1578  1686 I PowerManagerService: handleSandman: wakefulness: 1,startDreaming: false
07-20 01:49:42.137  1578  2768 I WindowManager: notifyRotate() to observer android.view.IHwRotateObserver$Stub$Proxy@e2d66a8
07-20 01:49:42.137  1578  2768 I WindowManager: notifyRotate() to observer android.view.IHwRotateObserver$Stub$Proxy@6691e72
07-20 01:49:42.139   723   750 I PF_FREQ_GRP: [RecordLimitCmd:72] [CPU_B] end limit freq 2093000 ~ 2362000
07-20 01:49:42.139   723   751 I PF_FREQ_GRP: [RecordLimitCmd:72] [GPU] end limit freq 550000000 ~ 767000000
07-20 01:49:42.151  1578  2768 I HwFreeFormAssistant: reset bounds records, displayWidth:1080 displayHeight:2160
07-20 01:49:42.151  1578  2768 I HwMultiWindowSplitUI: mUiMode = 16  current ui mode = 16
07-20 01:49:42.151  1578  2768 I ActivityTaskManager: Config changes=20000480 {1.0 214mcc3mnc [en_ES,de_DE] ldltr sw320dp w320dp h580dp 540dpi nrml long port finger -keyb/v/h -nav/h winConfig={ mBounds=Rect(0, 0 - 1080, 2160) mAppBounds=Rect(0, 0 - 1080, 2040) mWindowingMode=fullscreen mDisplayWindowingMode=fullscreen mActivityType=undefined mAlwaysOnTop=undefined mRotation=ROTATION_0} suim:4 fontWeightScale:100 s.1111}
07-20 01:49:42.159  1578  5218 I WificondControl: Noise: -92, Snr: 35, Chload: -1, rssi: -53, txBitrate: 72, rxBitrate: 0, frequency: 2462, UlDelay: -1, currentTxBytes: 0, currentTxPackets: 515286, currentTxFailed: 757, currentRxBytes: 0, currentRxPackets: 768779
07-20 01:49:42.159  1578  1779 E SensorService: 0x706d305980 removeFd fd=487
07-20 01:49:42.174  1578  2768 I ActivityTaskManager: Override config changes=20000480 {1.0 214mcc3mnc [en_ES,de_DE] ldltr sw320dp w320dp h580dp 540dpi nrml long port finger -keyb/v/h -nav/h winConfig={ mBounds=Rect(0, 0 - 1080, 2160) mAppBounds=Rect(0, 0 - 1080, 2040) mWindowingMode=fullscreen mDisplayWindowingMode=fullscreen mActivityType=undefined mAlwaysOnTop=undefined mRotation=ROTATION_0} suim:4 fontWeightScale:100 s.1111} for displayId=0
07-20 01:49:42.175  1578  2768 I DisplayDevice: setProjectionLocked displayId 0 orientation(1->0) LayerStackRect(Rect(0, 0 - 2160, 1080)->Rect(0, 0 - 1080, 2160)) DisplayRect(Rect(0, 0 - 2160, 1080)->Rect(0, 0 - 1080, 2160))
07-20 01:49:42.175  1578  2768 I SurfaceControl: setDisplayProjection orientation 0 layerStackRect Rect(0, 0 - 1080, 2160) displayRect Rect(0, 0 - 1080, 2160)
07-20 01:49:42.176  1578  2768 I HwFreeFormAssistant: reset bounds records, displayWidth:1080 displayHeight:2160
07-20 01:49:42.176  1578  2768 I HwMultiWindowSplitUI: mUiMode = 16  current ui mode = 16
07-20 01:49:42.177  1578  2768 I HwMultiWindowSplitUI: orientation has not changed, mDisplayWidth: 1080, current height: 2160, bottom: 0, mBottom: 0
07-20 01:49:42.177   726   726 E TS_Service: hwTsSetAftAlgoOrientation
07-20 01:49:42.177   726   726 I TS_HAL  : ts_set_aft_orientation:called
07-20 01:49:42.177   726   726 I TS_HAL  : ts_set_horizon_enable: called
07-20 01:49:42.177   726   726 I TS_HAL  : ts_feature_ctrl: feature(/sys/touchscreen/horizon_switch)set succ, status = 0
07-20 01:49:42.181 25617 25617 I HAF_LanguageStore: 1600105320|R|I|locale not changed, isPreset=true, language=en, tag=en-ES, locale=en_ES, display=English, sdkVersion=29
07-20 01:49:42.181 25617 25617 I HAF_LanguageCloud: 1600105320|R|I|locale not changed, isPreset=true, language=en, tag=en-ES, locale=en_ES, display=English, sdkVersion=29
07-20 01:49:42.181 25617 25617 I StageApplicationDelegate: language: en
07-20 01:49:42.181 25617 25617 I Ace     : [stage_application_info_adapter.cpp(46)-(-1:-1:undefined)] SetLocale, language: en, country: ES, script: 
07-20 01:49:42.181  1578  2768 I HwDisplayPolicyEx: screen width:1080; mIsLandscape:false
07-20 01:49:42.181 25617 25617 I StageConfiguration: convertConfiguration json:{"ohos.system.colorMode":"light","ohos.application.direction":"vertical","ohos.application.densitydpi":"540","ohos.system.language":"en_ES","const.build.characteristics":"Phone"}
07-20 01:49:42.181 25617 25617 I Ace     : [stage_application_delegate_jni.cpp(292)-(-1:-1:undefined)] JNI OnConfigurationChanged is called.
07-20 01:49:42.181 25617 25617 I Ace     : [app_main.cpp(294)] OnConfigurationUpdate called.
07-20 01:49:42.185  1578  2768 I HwDisplayPolicyEx: screen width:1080; mIsLandscape:false
07-20 01:49:42.185  1578  2768 I ActivityTaskManager: Making visible and scheduling visibility: ActivityRecord{c97aaf3 u0 com.huawei.android.launcher/.drawer.DrawerLauncher t1}
07-20 01:49:42.188  1578  2768 I WindowManager: Animation done in AppWindowToken{a8c9f5b token=Token{efe0e6a ActivityRecord{c97aaf3 u0 com.huawei.android.launcher/.drawer.DrawerLauncher t1}}} isHidden:false hiddenRequested:false
07-20 01:49:42.189  1578  2768 W HwActivityTaskManagerServiceEx: setResumedActivityUncheckLocked start call, from: ActivityRecord{cae3ac7 u0 org.hackintosh1980.espgrowcontroller/org.kivy.android.PythonActivity t-1 f}, to: ActivityRecord{c97aaf3 u0 com.huawei.android.launcher/.drawer.DrawerLauncher t1}
07-20 01:49:42.189  1578  2768 W HwActivityTaskManagerServiceEx: appSwitch from: org.hackintosh1980.espgrowcontroller to: com.huawei.android.launcher
07-20 01:49:42.192  1578  2106 I HwWindowManagerServiceEx: set app win exit info, bundle = Bundle[mParcelledData.dataSize=160], iconBitmap = null
07-20 01:49:42.193  1578  1961 I WiFi_PRO_WifiProStateMachine: current app com.huawei.android.launcher, has changed
07-20 01:49:42.193  1578  1961 I WiFi_PRO_WifiProStateMachine: not in RecommendWifi2CellState.
07-20 01:49:42.193  2635  3724 I ScenarioService: app focus change from: org.hackintosh1980.espgrowcontroller to:com.huawei.android.launcher
07-20 01:49:42.193  2635  3724 I ScenarioService: add focus on app:com.huawei.android.launcher to visiblePkgs
07-20 01:49:42.193  2635  3885 I AppFastHibernation: rev F_Z exception for visible pkg: com.huawei.android.launcher
07-20 01:49:42.194   635   635 I Zygote  : Process 26792 exited due to signal 9 (Killed)
07-20 01:49:42.195  1578  1633 I SensorService: cleanupConnection begin
07-20 01:49:42.195  1578  1633 I SensorService: Calling by proxySensorAppDeadHandle c[0x706d305980] handle=[0]...
07-20 01:49:42.195  1578  1633 I SensorService: Calling by Destroy connection...ident [0x706d305980] handle: [0], isProxy: 0
07-20 01:49:42.195  1578  1633 W SensorService: proxySensor recovery param: ident [0x706d305980] cannot be found in back params record
07-20 01:49:42.195  1578  1633 I SensorService: cleanupConnection activate begin
07-20 01:49:42.195  2262 29590 I Hicom_Monitor: mAppSwitchNotifierEx. uid: 10095, foreground app: com.huawei.android.launcher, foreground activity: com.huawei.android.launcher.drawer.DrawerLauncher
07-20 01:49:42.196  2262  2289 I AssistantService-11.2.1.200: registerHwActivityNotifier call fromPackage:org.hackintosh1980.espgrowcontroller, toPackage:com.huawei.android.launcher
07-20 01:49:42.197  2560 11607 I iconnect:BluetoothApi: adapter status 12
07-20 01:49:42.197  1155  1155 I Sensors@1.2-impl: activate-0 enabled-0 fwkOals-1 camOals-0 fwkOcolor-0 camOcolor-0 fwkOtof-0 camOtof-0
07-20 01:49:42.197  1155  1155 I Sensors@1.2-impl: IsOpenNeedUpdate: service: 1578, sensor: 0, open: 0, openCnt: 1
07-20 01:49:42.197  1155  1155 I Sensors@1.2-impl: SetTotalOpenCnt: sensor: 0 has been close, erase it's map
07-20 01:49:42.197  1155  1155 I Sensors@1.2-impl: EraseSensorConfig: sensor: 0
07-20 01:49:42.197  1155  1155 I Sensors@1.2-impl: EraseSensorConfig: erase the config of sensorId: 0
07-20 01:49:42.197  1155  1155 I Sensors@1.2-impl: SetTotalOpenCnt: erase the config of sensorId: 0
07-20 01:49:42.197  2560 11607 I iconnect:NearbyDeviceDetect: isPropEnable=true, isBluetoothEnabled=true, isScreenOn=true, isNotSpecialAppOnTop=true, scanCondition=0
07-20 01:49:42.197  2262  3431 W Hicom_XEngineProc: handleForegroundAppChanged. Feature is not enable.
07-20 01:49:42.197  2533 26269 I HiAdKit.DC.PersistentMessageCenter:  notifyMessage com.huawei.hwid_app_switch_from_to_intent
07-20 01:49:42.197  1578  2763 I WindowManager: setActivityVisibleInFingerBoost callingPid: 2911
07-20 01:49:42.198  2880  5886 I VoWifiQoe_N: ProcessReqInfo ul_msgid=5
07-20 01:49:42.198  2880  5886 I VoWifiQoe_N: processReqInfo MSG_WIFI_SIGNAL_INFO_IND 
07-20 01:49:42.198  2880  5886 I VoWifiQoe_N: ProcessSignalInfoInd curStateIsIdle 0 
07-20 01:49:42.198  2880  5886 I VoWifiQoe_N: ProcessSignalInfoInd wifiInterruptFlg 1 enScreenState 1 curStateIsIdle 0
07-20 01:49:42.198  2880  5886 I VoWifiQoe_N: UpdateEvaluatePolicy EVALUATE_POLICY_RSSI
07-20 01:49:42.198  2880  5886 I VoWifiQoe_N: UpdateEvaluatePolicy phoneId 1 is not qoe started!
07-20 01:49:42.202  2635  3885 I PG_ash  : front pkg : com.huawei.android.launcher
07-20 01:49:42.202  1578  2768 I WindowManager: Animation done in AppWindowToken{a8c9f5b token=Token{efe0e6a ActivityRecord{c97aaf3 u0 com.huawei.android.launcher/.drawer.DrawerLauncher t1}}} isHidden:false hiddenRequested:false
07-20 01:49:42.202  2635  3724 I AppsUsage: scnOff:false FgAPP:com.huawei.android.launcher BgAPP:org.hackintosh1980.espgrowcontroller
07-20 01:49:42.202  2635  3988 I PGServer: report state:10000 event type:2 pid:0 uid:0 pkg:org.hackintosh1980.espgrowcontroller to pid: 1578
07-20 01:49:42.202  2635  3988 I PGServer: report state:10000 event type:2 pid:0 uid:0 pkg:org.hackintosh1980.espgrowcontroller to pid: 2635
07-20 01:49:42.202  2635  3988 I SceneReceiver: state type: 10000 eventType:2 pid:0 uid:0 pkg:org.hackintosh1980.espgrowcontroller
07-20 01:49:42.202  2635  3988 I PGServer: report state:10010 event type:1 pid:0 uid:0 pkg:com.huawei.android.launcher to pid: 1578
07-20 01:49:42.202  2635  3988 I PGServer: report state:10010 event type:1 pid:0 uid:0 pkg:com.huawei.android.launcher to pid: 2635
07-20 01:49:42.202  2635  3988 I ApsAppsTypeHandler: APS: APK: ApsAppsTypeHandler.getInstance, sInstance = com.huawei.android.hwaps.o@146cb66
07-20 01:49:42.203  2635  3988 I SceneReceiver: state type: 10010 eventType:1 pid:0 uid:0 pkg:com.huawei.android.launcher
07-20 01:49:42.203  1155  1155 I SensorHub: Activate, handle: 0, enabled:0, err: 0
07-20 01:49:42.203  2635 29108 I PGServer: checkPkgType. calling pkg: android
07-20 01:49:42.204  1155  1155 I SensorHub: SetAccConvertCoff, kernel sensor lib ver is 15
07-20 01:49:42.204  1155  1155 I SensorHub: accConvertCoff = 1000.000000
07-20 01:49:42.204  1578  2178 I HwBastetService: current len less then 0, need return!
07-20 01:49:42.204  1578  2178 I HwBastetService: current len less then 0, need return!
07-20 01:49:42.204  1578  2178 I DE J DES: [effect] Pg pkg:com.huawei.android.launcher
07-20 01:49:42.204  1578  1633 I SensorService: cleanupConnection activate end
07-20 01:49:42.205  1578  1633 I SensorService: cleanupConnection end
07-20 01:49:42.205  1578  1633 I SensorService: SensorEventConnection::destroy clear mEventCache
07-20 01:49:42.205 25617 25617 I Ace     : [app_main.cpp(413)] HandleOnConfigurationUpdate called.
07-20 01:49:42.205 25617 25617 I Ace     : [application.cpp(159)] Application::OnConfigurationUpdate
07-20 01:49:42.210  1578  2768 I SurfaceComposerClient: apply setProjection orientation 0
07-20 01:49:42.211   732  1698 I SurfaceFlinger: [Internal display] set orientation previous = 1, current = 0
07-20 01:49:42.211   732  1698 I SurfaceFlinger: [Internal display] set frame: previous [0 0 2160 1080], current [0 0 1080 2160]
07-20 01:49:42.211   732  1698 I SurfaceFlinger: [Internal display] set viewport: previous [0 0 2160 1080], current [0 0 1080 2160]
07-20 01:49:42.211  1578  2768 I WindowManager: Checking 1 opening apps (frozen=true timeout=false)...
07-20 01:49:42.212  1578  2768 I WindowManager: Check opening app=AppWindowToken{a8c9f5b token=Token{efe0e6a ActivityRecord{c97aaf3 u0 com.huawei.android.launcher/.drawer.DrawerLauncher t1}}}: allDrawn=false startingDisplayed=false startingMoved=false isRelaunching()=false startingWindow=null
07-20 01:49:42.212  1578  2768 I WindowManager: dispatchResized : win = Window{a2d55cc u0 StatusBar} drawState = DRAW_PENDING
07-20 01:49:42.212  1578  2768 I WindowManager: dispatchResized : win = Window{31144b3 u0 NavigationBar0} drawState = DRAW_PENDING
07-20 01:49:42.216  2880  2880 W Settings: Setting airplane_mode_on has moved from android.provider.Settings.System to android.provider.Settings.Global, returning read-only value.
07-20 01:49:42.216  1578  4214 I WindowManager: Checking 1 opening apps (frozen=true timeout=false)...
07-20 01:49:42.216  1578  4214 I WindowManager: Check opening app=AppWindowToken{a8c9f5b token=Token{efe0e6a ActivityRecord{c97aaf3 u0 com.huawei.android.launcher/.drawer.DrawerLauncher t1}}}: allDrawn=false startingDisplayed=false startingMoved=false isRelaunching()=false startingWindow=null
07-20 01:49:42.217   732   732 I SurfaceFlinger: processDisplayChangesLocked:3432 the current display is different from the drawing dispaly.
07-20 01:49:42.217   732   732 I SurfaceFlinger: [Internal display] setProjection: orientation 0, viewport [0 0 1080 2160], frame [0 0 1080 2160]
07-20 01:49:42.217  2880  2880 W Settings: Setting airplane_mode_on has moved from android.provider.Settings.System to android.provider.Settings.Global, returning read-only value.
07-20 01:49:42.222  1578  2698 I WindowManager: Checking 1 opening apps (frozen=true timeout=false)...
07-20 01:49:42.222  1578  2698 I WindowManager: Check opening app=AppWindowToken{a8c9f5b token=Token{efe0e6a ActivityRecord{c97aaf3 u0 com.huawei.android.launcher/.drawer.DrawerLauncher t1}}}: allDrawn=false startingDisplayed=false startingMoved=false isRelaunching()=false startingWindow=null
07-20 01:49:42.223  1578  2698 I WindowManager: dispatchResized : win = Window{b1036d4 u0 com.huawei.android.launcher/com.huawei.android.launcher.drawer.DrawerLauncher} drawState = DRAW_PENDING
07-20 01:49:42.227  1578  2763 I WindowManager: send SET_LAUNCHER_VISIBLE_IN_FINGER_BOOST visible: true,delay:0, handle:false, userId:0, callingPid: 2911
07-20 01:49:42.228  2635  3724 I SensorState: sensor:0 name:accelerometer enable:false uid:10677
07-20 01:49:42.228  2635  3724 I SensorState: sensor stop, total history time:340057
07-20 01:49:42.228  2635  3724 I SensorState: removeSensor,mHandles:{}
07-20 01:49:42.228  2635  3724 I PGServer: report state:4 event type:2 pid:0 uid:10677 pkg:null to pid: 1578
07-20 01:49:42.231  1578  2761 E AwareLog: CpuKeyBackground: checkIsTargetGroup read catch IOException msg = /proc/26792/cpuset: open failed: ENOENT (No such file or directory)
07-20 01:49:42.232  1578  1660 I WindowManager: Checking 1 opening apps (frozen=true timeout=false)...
07-20 01:49:42.232  1578  1660 I WindowManager: Check opening app=AppWindowToken{a8c9f5b token=Token{efe0e6a ActivityRecord{c97aaf3 u0 com.huawei.android.launcher/.drawer.DrawerLauncher t1}}}: allDrawn=false startingDisplayed=false startingMoved=false isRelaunching()=false startingWindow=null
07-20 01:49:42.237  1578  1677 I libprocessgroup: Successfully killed process cgroup uid 10677 pid 26792 in 137ms
07-20 01:49:42.238  1578  1833 I WindowManager: Checking 1 opening apps (frozen=true timeout=false)...
07-20 01:49:42.238  1578  1833 I WindowManager: Check opening app=AppWindowToken{a8c9f5b token=Token{efe0e6a ActivityRecord{c97aaf3 u0 com.huawei.android.launcher/.drawer.DrawerLauncher t1}}}: allDrawn=false startingDisplayed=false startingMoved=false isRelaunching()=false startingWindow=null
07-20 01:49:42.240  1578  1833 I WindowManager: Checking 1 opening apps (frozen=true timeout=false)...
07-20 01:49:42.241  1578  1833 I WindowManager: Check opening app=AppWindowToken{a8c9f5b token=Token{efe0e6a ActivityRecord{c97aaf3 u0 com.huawei.android.launcher/.drawer.DrawerLauncher t1}}}: allDrawn=false startingDisplayed=false startingMoved=false isRelaunching()=false startingWindow=null
07-20 01:49:42.242  1578  2698 I HwPCUtils#HwRioViewManager: check if rio enable, displayId = 0， packageName = com.android.systemui
07-20 01:49:42.244  1578  2768 I ActivityManager: Start to clean activity stack when force stop the app org.hackintosh1980.espgrowcontroller , reason:from pid 26933by app
07-20 01:49:42.245  1578  2761 I WindowManager: addWindowToken: displayid:0 binder:android.os.BinderProxy@2e65c7d token:WindowToken{91537c3 android.os.BinderProxy@2e65c7d}
07-20 01:49:42.245   732  1698 W BufferQueueProducer: [GestureNavLeft#0]:1390: disconnect: not connected (req=1)
07-20 01:49:42.245  1578  1970 W libEGL  : EGLNativeWindowType 0x6f6b7846d0 disconnect failed
07-20 01:49:42.246  1578  2761 E WindowManager: App trying to use insecure INPUT_FEATURE_NO_INPUT_CHANNEL flag. Ignoring
07-20 01:49:42.248  1578  2761 I WindowManager: addWindow: Window{8d85840 u0 AssistPreviewPanel} client:android.os.BinderProxy@1f1a772 currentDisplayId:0 requestDisplayId:0 token:android.os.BinderProxy@2e65c7d
07-20 01:49:42.249  2037  2037 W StatusBar: disable<e i a s b h r c s > disable2<q i n >
07-20 01:49:42.250  1578  1578 I AlarmManager: UninstallReceiver onReceive action:android.intent.action.PACKAGE_RESTARTED
07-20 01:49:42.250  2037  2037 I HwQsUtils: config changed, use new width: 536872064
07-20 01:49:42.255  2262  2262 I HwCoreAppHelperService: LocalReceiver receives:android.intent.action.PACKAGE_RESTARTED,pkg:org.hackintosh1980.espgrowcontroller,uid:10677
07-20 01:49:42.256 27313 27313 W e0      : onStartInput event aborted
07-20 01:49:42.256 27313 27313 W e0      : fc0.b0: could not obtain extracted text
07-20 01:49:42.256 27313 27313 W e0      : 	at fc0.y0.H(Unknown Source:369)
07-20 01:49:42.256 27313 27313 W e0      : 	at n70.x.g(Unknown Source:283)
07-20 01:49:42.256 27313 27313 W e0      : 	at n70.i3.g(Unknown Source:4)
07-20 01:49:42.256 27313 27313 W e0      : 	at com.touchtype.KeyboardService.onStartInput(Unknown Source:11)
07-20 01:49:42.256 27313 27313 W e0      : 	at android.inputmethodservice.InputMethodService.doStartInput(InputMethodService.java:2408)
07-20 01:49:42.256 27313 27313 W e0      : 	at android.inputmethodservice.InputMethodService.resetStateForNewConfiguration(InputMethodService.java:1294)
07-20 01:49:42.256 27313 27313 W e0      : 	at android.inputmethodservice.InputMethodService.onConfigurationChanged(InputMethodService.java:1282)
07-20 01:49:42.256 27313 27313 W e0      : 	at com.touchtype.KeyboardService.b(Unknown Source:0)
07-20 01:49:42.256 27313 27313 W e0      : 	at n70.x.onConfigurationChanged(Unknown Source:48)
07-20 01:49:42.256 27313 27313 W e0      : 	at n70.i3.onConfigurationChanged(Unknown Source:4)
07-20 01:49:42.256 27313 27313 W e0      : 	at com.touchtype.KeyboardService.onConfigurationChanged(Unknown Source:9)
07-20 01:49:42.256 27313 27313 W e0      : 	at android.app.ActivityThread.performConfigurationChanged(ActivityThread.java:6411)
07-20 01:49:42.256 27313 27313 W e0      : 	at android.app.ActivityThread.handleConfigurationChanged(ActivityThread.java:6644)
07-20 01:49:42.256 27313 27313 W e0      : 	at android.app.ActivityThread.handleConfigurationChanged(ActivityThread.java:6550)
07-20 01:49:42.256 27313 27313 W e0      : 	at android.app.servertransaction.ConfigurationChangeItem.execute(ConfigurationChangeItem.java:42)
07-20 01:49:42.256 27313 27313 W e0      : 	at android.app.servertransaction.TransactionExecutor.executeCallbacks(TransactionExecutor.java:149)
07-20 01:49:42.256 27313 27313 W e0      : 	at android.app.servertransaction.TransactionExecutor.execute(TransactionExecutor.java:103)
07-20 01:49:42.256 27313 27313 W e0      : 	at android.app.ActivityThread$H.handleMessage(ActivityThread.java:2613)
07-20 01:49:42.256 27313 27313 W e0      : 	at android.os.Handler.dispatchMessage(Handler.java:110)
07-20 01:49:42.256 27313 27313 W e0      : 	at android.os.Looper.loop(Looper.java:219)
07-20 01:49:42.256 27313 27313 W e0      : 	at android.app.ActivityThread.main(ActivityThread.java:8668)
07-20 01:49:42.256 27313 27313 W e0      : 	at java.lang.reflect.Method.invoke(Native Method)
07-20 01:49:42.256 27313 27313 W e0      : 	at com.android.internal.os.RuntimeInit$MethodAndArgsCaller.run(RuntimeInit.java:513)
07-20 01:49:42.256 27313 27313 W e0      : 	at com.android.internal.os.ZygoteInit.main(ZygoteInit.java:1109)
07-20 01:49:42.257  1578  1660 I WindowManager: Checking 1 opening apps (frozen=true timeout=false)...
07-20 01:49:42.257  1578  1660 I WindowManager: Check opening app=AppWindowToken{a8c9f5b token=Token{efe0e6a ActivityRecord{c97aaf3 u0 com.huawei.android.launcher/.drawer.DrawerLauncher t1}}}: allDrawn=false startingDisplayed=false startingMoved=false isRelaunching()=false startingWindow=null
07-20 01:49:42.257  2262  2440 E DollieAdapterService: notifyActivityState pkg:org.hackintosh1980.espgrowcontroller/org.kivy.android.PythonActivity state:20 fg:false mUid:10677
07-20 01:49:42.258  1578  1657 W Looper  : Slow dispatch took 207ms android.ui h=com.android.server.am.ActivityManagerService$UiHandler c=null m=53
07-20 01:49:42.258  2911 22214 W HwLauncher: Launcher.Utilities recycleBm() Drawable = null
07-20 01:49:42.258  2262  3431 I Hicom_Monitor: notifyAppDied: uid = 10677
07-20 01:49:42.258  2262  3431 I UctpAppMonitor: handleAppDied: pkgName is org.hackintosh1980.espgrowcontroller mIsNeedToOpen is false
07-20 01:49:42.259  4553  4553 E NfcNci  : NfcUtils error: APP do not have nfc permission
07-20 01:49:42.259  1578  1657 I StatusBarDisable: setFlags what=0 which=1 pkg=Window{697d1f6 u0 com.huawei.android.launcher/com.huawei.android.launcher.drawer.DrawerLauncher}
07-20 01:49:42.259  2911  2911 I ActivityThread: Handle window ActivityRecord{a2de50c token=android.os.BinderProxy@84555e4 {com.huawei.android.launcher/com.huawei.android.launcher.drawer.DrawerLauncher}} visibility: true
07-20 01:49:42.260  4553  4553 E NfcNci  : NfcUtils error: APP do not have nfc permission
07-20 01:49:42.262  2911  2911 I HwLauncher: Model loadWidgetsAfterUserUnlockIfNeeded, sLoadWidgetOnResume is false!
07-20 01:49:42.262  1060  1162 I bastetd : [IBastetService ] onTransact# BnBastetService::onTransact, code=29, flags=17
07-20 01:49:42.264  2209  3502 I bt_stack: [INFO:bta_gattc_api.cc(101)] BTA_GATTC_AppDeregister client_if = 12
07-20 01:49:42.264  2209  3502 I bt_stack: [INFO:bta_gattc_api.cc(85)] app_deregister_impl client_if = 12
07-20 01:49:42.264  2209  3502 E bt_stack: [ERROR:bta_gattc_act.cc(238)] bta_gattc_deregister p_clreg->num_clcb is 0
07-20 01:49:42.264  2209  3502 I bt_stack: [INFO:bta_gattc_act.cc(1028)] bta_gattc_deregister_cmpl client_if is 12
07-20 01:49:42.264  2209  3502 I bt_stack: [INFO:gatt_api.cc(1016)] GATT_Deregister gatt_if=12
07-20 01:49:42.264  2262  4098 E HsmCoreServiceImpl: onTransact in code is: 102
07-20 01:49:42.264  2262  4098 I MediaProcessHandler: processOp opType: 1, uid: 10677, pid: 26792
07-20 01:49:42.264  2262  4098 W MediaProcessHandler: only the process it self can do this operation: 10677, 1000, 26792, 2334
07-20 01:49:42.264  2262  4098 I MediaProcessHandler: executedCallBack opType: 1 mMediaStatusObservers.size=0
07-20 01:49:42.265  2262  2440 I HidataAppQoeP: foregroundUidRemove uid: 10677 name: org.hackintosh1980.espgrowcontroller
07-20 01:49:42.265  2262  2440 I PowerMsgAdapter: handleUidGone uid: 10677
07-20 01:49:42.265  2262  2440 I HwPacketFilterBypass: handleActivityUidStateChanged uid:10677 -1 foreground:0
07-20 01:49:42.265  2262  2440 I HwPacketFilterBypass: isAllowSendSmartCureToChr false, no exceptions occur, dropCnt:0
07-20 01:49:42.265  2262  2440 I OllieMsgCenter: publishEvt=2130771969
07-20 01:49:42.266  1578  2760 I ActivityTaskManager: Stop interception for recently back-home app when launcher resumed
07-20 01:49:42.267  1578  1668 I HwAudioServiceEx: ComponentInfo : className = com.huawei.android.launcher.drawer.DrawerLauncher, flag = onResume, isHomeActivity = , isTop = true
07-20 01:49:42.268  1578  1891 W HwAudioServiceEx: SoundEffectState bundle get reserved is invalid
07-20 01:49:42.270 32563 32563 I DecorView[DrawerLauncher]: pkgName:com.google.android.googlequicksearchbox old windowMode:1 new windoMode:1, isFixedSize:false
07-20 01:49:42.270  2262  2440 I SmartDualCardConfig: getAppType,pkgName=org.hackintosh1980.espgrowcontroller,appType=-1
07-20 01:49:42.271  2262  2440 E SmartDualCardConfig: isAppInBlackList false,items==null
07-20 01:49:42.272  1578  1686 I PowerManagerService: handleSandman: wakefulness: 1,startDreaming: false
07-20 01:49:42.272  2911  3198 I HwLauncher: LocalTaskList loadTasksInBackground:5 numTasks:20 currentUserId:0
07-20 01:49:42.272  2262  2440 I OllieMsgCenter: publishEvt=2134966274
07-20 01:49:42.276  1578  2698 I WindowManager: Checking 1 opening apps (frozen=true timeout=false)...
07-20 01:49:42.276  1578  2698 I WindowManager: Check opening app=AppWindowToken{a8c9f5b token=Token{efe0e6a ActivityRecord{c97aaf3 u0 com.huawei.android.launcher/.drawer.DrawerLauncher t1}}}: allDrawn=false startingDisplayed=false startingMoved=false isRelaunching()=false startingWindow=null
07-20 01:49:42.278  2262  2443 E OllieTelephony: sendFullData err:-2
07-20 01:49:42.279  1578  2698 I WindowManager: Changing focus from null to Window{697d1f6 u0 com.huawei.android.launcher/com.huawei.android.launcher.drawer.DrawerLauncher} displayId=0 Callers=com.android.server.wm.RootWindowContainer.updateFocusedWindowLocked:209 com.android.server.wm.WindowManagerService.updateFocusedWindowLocked:6517 com.android.server.wm.WindowManagerService.relayoutWindow:2813 com.android.server.wm.Session.relayout:197 
07-20 01:49:42.280  1578  1686 I PowerManagerService: handleSandman: wakefulness: 1,startDreaming: false
07-20 01:49:42.280  1578  2698 I HwDisplayContentEx: currentFocus windowstate not null
07-20 01:49:42.280  1578  2698 I HwDisplayContentEx: trans currentFocus windowstate not null
07-20 01:49:42.283  1578  1913 I HwMediaSessionServiceEx: MediaDisplayEventReceiver onDisplayChanged: 0
07-20 01:49:42.283  1578  2204 I NetworkTimeUpdateService: Display displayState:2
07-20 01:49:42.284  1578  2204 I NetworkTimeUpdateService: skew is :700mBasePollingIntervalMs start is :86400000
07-20 01:49:42.284  1578  1686 I PowerManagerService: handleSandman: wakefulness: 1,startDreaming: false
07-20 01:49:42.284  1578  2204 I NetworkTimeUpdateService: mBasePollingIntervalMs process is :86400000
07-20 01:49:42.284  1578  1578 I HwMultiDisplayManager: onDisplayChanged: 0
07-20 01:49:42.284  1578  1892 I AudioService.RotationHelper: publishing device rotation =0 (x90deg)
07-20 01:49:42.285   728   965 I SwsHandle: rotation angle: 0
07-20 01:49:42.285   692 12979 I AudioModuleManager: [AudioModuleSetParameters:51]: list size: 13
07-20 01:49:42.285   692 12979 I smartpakit: [smartpa_set_rotation_parameters:765]: smartpa_set_rotation_parameters: value = 0
07-20 01:49:42.285   692 12979 I smartpakit: [smartpa_set_rotation_parameters:782]: smartpa_set_rotation_parameters: screen_angle = 0
07-20 01:49:42.285   692 12979 I smartpakit: [smartpa_algo_control:463]: smartpa_algo_control: enter, cmd = 17
07-20 01:49:42.288   692 12979 W audio_dts_parser: [get_config_value:31]: get config file path failed
07-20 01:49:42.288  1578  2204 I AlarmManager: remove alarm:Alarm{98ab2ca type 3 when 420784057 PendingIntent{6784913: PendingIntentRecord{f2d1750 android broadcastIntent}}android procName system} according to operation:6784913
07-20 01:49:42.293  1578  1833 I WindowManager: Checking 1 opening apps (frozen=true timeout=false)...
07-20 01:49:42.293  1578  1833 I WindowManager: Check opening app=AppWindowToken{a8c9f5b token=Token{efe0e6a ActivityRecord{c97aaf3 u0 com.huawei.android.launcher/.drawer.DrawerLauncher t1}}}: allDrawn=false startingDisplayed=false startingMoved=false isRelaunching()=false startingWindow=null
07-20 01:49:42.293  1578  1833 I WindowManager: dispatchResized : win = Window{697d1f6 u0 com.huawei.android.launcher/com.huawei.android.launcher.drawer.DrawerLauncher} drawState = DRAW_PENDING
07-20 01:49:42.295  2037  2333 I MobileSignalController: copyFrom::dataConnected = false
07-20 01:49:42.295  2037  2333 I MobileSignalController: copyFrom::dataConnected = false
07-20 01:49:42.297  2533 26269 I HiAdKit.DC.LiteAppPageSwitchEvent:  switch is off
07-20 01:49:42.298  1578  1833 I WindowManager: Checking 1 opening apps (frozen=true timeout=false)...
07-20 01:49:42.298  1578  1833 I WindowManager: Check opening app=AppWindowToken{a8c9f5b token=Token{efe0e6a ActivityRecord{c97aaf3 u0 com.huawei.android.launcher/.drawer.DrawerLauncher t1}}}: allDrawn=false startingDisplayed=false startingMoved=false isRelaunching()=false startingWindow=null
07-20 01:49:42.301  2635  3724 I ScenarioService: refresh visibleApp:[com.huawei.android.launcher]
07-20 01:49:42.301  2262 29590 I Hicom_Monitor: mActivityNotifierEx, className = com.huawei.android.launcher.drawer.DrawerLauncher, uid = 10095
07-20 01:49:42.301  2635  3724 I PGServer: report state:14 event type:1 pid:-1 uid:-1 pkg:com.huawei.android.launcher to pid: 2635
07-20 01:49:42.301  2635  3724 I ApsAppsTypeHandler: APS: APK: ApsAppsTypeHandler.getInstance, sInstance = com.huawei.android.hwaps.o@146cb66
07-20 01:49:42.301  2635  3724 I PF_API_JNI: ACCKIT_APS_NotifyInfo 3: com.huawei.android.launcher
07-20 01:49:42.302  1070 28923 I AGPService: aps-info: focus pkgName - com.huawei.android.launcher, with 0 more apps
07-20 01:49:42.302  1070 28923 I AGPService: FrameRateManager: aps-info: new pkgName - com.huawei.android.launcher, type - 28
07-20 01:49:42.302  2262  2440 E DollieAdapterService: notifyActivityState pkg:com.huawei.android.launcher/com.huawei.android.launcher.drawer.DrawerLauncher state:2 fg:true mUid:10095
07-20 01:49:42.304  4633  1500 I CAWARENESS_AppUsageManager: onEvent, packageName=com.huawei.android.launcher, activityName=com.huawei.android.launcher.drawer.DrawerLauncher
07-20 01:49:42.304  2533 26267 I HiAdKit.DC.RedirectionAppSwitchEvent:  switch is off
07-20 01:49:42.304  2533 26267 I HiAdKit.DC.LiteAppPageSwitchEvent:  switch is off
07-20 01:49:42.304  2262  2440 I OllieMsgCenter: publishEvt=2135097351
07-20 01:49:42.304  2262  2440 I NetworkQoeChr: checkForegroundApp timer start
07-20 01:49:42.304  1070 28923 I AGPService: GpuPolicyManager: m_currentPkgName - com.huawei.android.launcher
07-20 01:49:42.304  2262  2440 I NetworkQoeChr: end qoe report
07-20 01:49:42.305  2533 26267 I HiAdKit.DC.PageSwitchEvent:  switch is off
07-20 01:49:42.305  2262  2440 I OllieMsgCenter: publishEvt=2130771969
07-20 01:49:42.305  2262  2440 I OllieMsgCenter: publishEvt=2130771985
07-20 01:49:42.305  2533 26267 I HiAdKit.DC.PaymentPageSwitchEvent:  switch is off
07-20 01:49:42.305  2262  2440 I SpeedTestNotifier: Speed test app is back Activity
07-20 01:49:42.305  2911  2911 I RmeSchedManager: init Rme, version is: v1.0
07-20 01:49:42.305  4633  1500 I CAWARENESS_AbilityContext: [1784505010354] publishing {dataId=100000006, mode=0}
07-20 01:49:42.305  2911  2911 I RtgSchedEvent: current pid:2911 AppType:28
07-20 01:49:42.305  4633  1500 I CAWARENESS_AbilityContext: [1784505010354] deliver {dataId=100000006, mode=0} to 5 receivers
07-20 01:49:42.306  2635  3885 I PG_ash  : org.hackintosh1980.espgrowcontroller become invisible
07-20 01:49:42.307  1578  1660 I WindowManager: Checking 1 opening apps (frozen=true timeout=false)...
07-20 01:49:42.307  1578  1660 I WindowManager: Check opening app=AppWindowToken{a8c9f5b token=Token{efe0e6a ActivityRecord{c97aaf3 u0 com.huawei.android.launcher/.drawer.DrawerLauncher t1}}}: allDrawn=false startingDisplayed=false startingMoved=false isRelaunching()=false startingWindow=null
07-20 01:49:42.307   732  1685 W BufferQueueProducer: [GestureNavRight#0]:1390: disconnect: not connected (req=1)
07-20 01:49:42.307  1578  2763 I HwPackageManagerServiceEx: !isDefaultPreferredActivityChanged = true ,isDefaultGoogleCalendar = false
07-20 01:49:42.307  1578  1970 W libEGL  : EGLNativeWindowType 0x6fd8a14c90 disconnect failed
07-20 01:49:42.309  2262  2440 I SmartDualCardConfig: getAppType,pkgName=com.huawei.android.launcher,appType=28
07-20 01:49:42.309  2262  2440 E SmartDualCardConfig: isAppInBlackList false,items==null
07-20 01:49:42.309  2262  2440 I PowerMsgAdapter: UID hot switch, uid:10095, pkgName:com.huawei.android.launcher
07-20 01:49:42.309  2262  2440 E Booster_MatterAppRecommend: [isMatterPackage]invalid mMatterPackagesConfig
07-20 01:49:42.309  2262  2440 I OllieMsgCenter: publishEvt=2134966274
07-20 01:49:42.309  2262  2440 I OllieMsgCenter: publishEvt=2135097350
07-20 01:49:42.311  1578  1660 I WindowManager: Checking 1 opening apps (frozen=true timeout=false)...
07-20 01:49:42.311  1578  1660 I WindowManager: Check opening app=AppWindowToken{a8c9f5b token=Token{efe0e6a ActivityRecord{c97aaf3 u0 com.huawei.android.launcher/.drawer.DrawerLauncher t1}}}: allDrawn=false startingDisplayed=false startingMoved=false isRelaunching()=false startingWindow=null
07-20 01:49:42.316  1578  2768 I HwPCUtils#HwRioViewManager: check if rio enable, displayId = 0， packageName = com.android.systemui
07-20 01:49:42.318  1578  2768 I WindowManager: addWindowToken: displayid:0 binder:android.os.BinderProxy@4c3dc3b token:WindowToken{e02e8b1 android.os.BinderProxy@4c3dc3b}
07-20 01:49:42.320 32563 32563 I HwViewRootImpl: removeInvalidNode all the node in jank list is out of time
07-20 01:49:42.321  1578  2768 E WindowManager: App trying to use insecure INPUT_FEATURE_NO_INPUT_CHANNEL flag. Ignoring
07-20 01:49:42.323  1578  2768 I WindowManager: addWindow: Window{4093196 u0 DockedStackDivider} client:android.os.BinderProxy@520ef58 currentDisplayId:0 requestDisplayId:0 token:android.os.BinderProxy@4c3dc3b
07-20 01:49:42.327  1578  2760 I WindowManager: Policy visibility false: Window{4093196 u0 DockedStackDivider}
07-20 01:49:42.329  1578  2760 I WindowManager: Checking 1 opening apps (frozen=true timeout=false)...
07-20 01:49:42.329  1578  2760 I WindowManager: Check opening app=AppWindowToken{a8c9f5b token=Token{efe0e6a ActivityRecord{c97aaf3 u0 com.huawei.android.launcher/.drawer.DrawerLauncher t1}}}: allDrawn=false startingDisplayed=false startingMoved=false isRelaunching()=false startingWindow=null
07-20 01:49:42.334   732  1685 W BufferQueueProducer: [com.huawei.android.launcher/com.huawei.android.launcher.drawer.DrawerLauncher#0]:1390: disconnect: not connected (req=1)
07-20 01:49:42.334 32563 32614 W libEGL  : EGLNativeWindowType 0x706293ffd0 disconnect failed
07-20 01:49:42.340   634  8415 I OemNetd : setChrAppUid(10, 10095)
07-20 01:49:42.340  1578  2178 I HwNetworkManagementService: chr appuid set succeeded
07-20 01:49:42.342 32563 32563 I bqwu    : onStart
07-20 01:49:42.343  2911  2911 E HwLauncher: HwAlphaIndexResourceManager Can not find the LanguageIndexerFile.conf file
07-20 01:49:42.344  1578  2760 I HwNetworkPolicy: onTransact, code = 203
07-20 01:49:42.344  2334  2601 I HwNetworkPolicyManager: getHwUidPolicy uid = 10095 policy = 0
07-20 01:49:42.345 32563 32563 I bout    : (REDACTED) [%s] onStart()
07-20 01:49:42.345 32563 32563 I boxc    : Reloading theme data
07-20 01:49:42.348 32563 32563 I bqwu    : onResume
07-20 01:49:42.352  1578  1833 I WindowManager: Checking 1 opening apps (frozen=true timeout=false)...
07-20 01:49:42.352  1578  1833 I WindowManager: Check opening app=AppWindowToken{a8c9f5b token=Token{efe0e6a ActivityRecord{c97aaf3 u0 com.huawei.android.launcher/.drawer.DrawerLauncher t1}}}: allDrawn=false startingDisplayed=false startingMoved=false isRelaunching()=false startingWindow=null
07-20 01:49:42.355  2037  2037 I HwImageWallpaper: onConfigurationChanged
07-20 01:49:42.356  1070 28923 I AGPService: aps-info: get max lcd freq: 60, list: 60
07-20 01:49:42.356  2037  2037 I HwImageWallpaper: APS:APK:getLcdFreqInfoFromAgp: result = 60
07-20 01:49:42.356  1578  1634 I WindowManager: Checking 1 opening apps (frozen=true timeout=false)...
07-20 01:49:42.357  1578  1634 I WindowManager: Check opening app=AppWindowToken{a8c9f5b token=Token{efe0e6a ActivityRecord{c97aaf3 u0 com.huawei.android.launcher/.drawer.DrawerLauncher t1}}}: allDrawn=false startingDisplayed=false startingMoved=false isRelaunching()=false startingWindow=null
07-20 01:49:42.359  1578  1659 I InputManager-JNI: Viewport [0] to add: Viewport INTERNAL: displayId=0, uniqueId=local:0, port=0, orientation=0, logicalFrame=[0, 0, 1080, 2160], physicalFrame=[0, 0, 1080, 2160], deviceSize=[1080, 2160]
07-20 01:49:42.359  1578  1659 I InputManager-JNI: Viewport [1] to add: Viewport EXTERNAL: displayId=0, uniqueId=local:0, port=0, orientation=0, logicalFrame=[0, 0, 1080, 2160], physicalFrame=[0, 0, 1080, 2160], deviceSize=[1080, 2160]
07-20 01:49:42.360  1578  1578 E HwVrServiceManagerImpl: client service is not alive.
07-20 01:49:42.361  1578  1961 I HwWifiProServiceProxy: ctrlHwWifiNetwork pkgName: WIFIPRO_SERVICE interfaceId: 9
07-20 01:49:42.361   732   935 W BufferQueueProducer: [com.huawei.android.launcher/com.huawei.android.launcher.drawer.DrawerLauncher#0]:1390: disconnect: not connected (req=1)
07-20 01:49:42.361  1578  2204 I NetworkTimeUpdateService: Ignoring NTP update
07-20 01:49:42.361 32563 32614 W libEGL  : EGLNativeWindowType 0x70629665d0 disconnect failed
07-20 01:49:42.361  1578  2761 I WindowManager: Checking 1 opening apps (frozen=true timeout=false)...
07-20 01:49:42.361  1578  2761 I WindowManager: Check opening app=AppWindowToken{a8c9f5b token=Token{efe0e6a ActivityRecord{c97aaf3 u0 com.huawei.android.launcher/.drawer.DrawerLauncher t1}}}: allDrawn=false startingDisplayed=false startingMoved=false isRelaunching()=false startingWindow=null
07-20 01:49:42.362  1578  1686 I PowerManagerService: handleSandman: wakefulness: 1,startDreaming: false
07-20 01:49:42.364  1578  1839 I InputReader: Reconfiguring input devices.  changes=0x00000004
07-20 01:49:42.364  1578  1839 I InputReader: Device reconfigured: id=5, name='huawei,ts_kit', size 1080x2160, orientation 0, mode 1, display id 0
07-20 01:49:42.366  1172  1383 E ScreemCommon: fail to extract lcd fps mode!
07-20 01:49:42.368  1172  1383 W ScreemCommon: ProcessEntry, not beta version or commercial log off
07-20 01:49:42.372  1578  1833 I WindowManager: Checking 1 opening apps (frozen=true timeout=false)...
07-20 01:49:42.372  1578  1833 I WindowManager: Check opening app=AppWindowToken{a8c9f5b token=Token{efe0e6a ActivityRecord{c97aaf3 u0 com.huawei.android.launcher/.drawer.DrawerLauncher t1}}}: allDrawn=false startingDisplayed=false startingMoved=false isRelaunching()=false startingWindow=null
07-20 01:49:42.375  1578  1578 I BehaviorCollectorService: register the point listener successfully
07-20 01:49:42.382  1578  1833 I WindowManager: Checking 1 opening apps (frozen=true timeout=false)...
07-20 01:49:42.383  1578  1833 I WindowManager: Check opening app=AppWindowToken{a8c9f5b token=Token{efe0e6a ActivityRecord{c97aaf3 u0 com.huawei.android.launcher/.drawer.DrawerLauncher t1}}}: allDrawn=false startingDisplayed=false startingMoved=false isRelaunching()=false startingWindow=null
07-20 01:49:42.384  2911  2911 I DecorView[DrawerLauncher]: pkgName:com.huawei.android.launcher old windowMode:1 new windoMode:1, isFixedSize:false
07-20 01:49:42.385 27313 27313 W e0      : selectionUpdated event aborted
07-20 01:49:42.385 27313 27313 W e0      : fc0.b0: Could not create selection changed event
07-20 01:49:42.385 27313 27313 W e0      : 	at ar.r.g(Unknown Source:64)
07-20 01:49:42.385 27313 27313 W e0      : 	at fc0.e0.w0(Unknown Source:278)
07-20 01:49:42.385 27313 27313 W e0      : 	at fc0.e0.f(Unknown Source:760)
07-20 01:49:42.385 27313 27313 W e0      : 	at ob0.f0.e(Unknown Source:593)
07-20 01:49:42.385 27313 27313 W e0      : 	at n70.x.onConfigurationChanged(Unknown Source:244)
07-20 01:49:42.385 27313 27313 W e0      : 	at n70.i3.onConfigurationChanged(Unknown Source:4)
07-20 01:49:42.385 27313 27313 W e0      : 	at com.touchtype.KeyboardService.onConfigurationChanged(Unknown Source:9)
07-20 01:49:42.385 27313 27313 W e0      : 	at android.app.ActivityThread.performConfigurationChanged(ActivityThread.java:6411)
07-20 01:49:42.385 27313 27313 W e0      : 	at android.app.ActivityThread.handleConfigurationChanged(ActivityThread.java:6644)
07-20 01:49:42.385 27313 27313 W e0      : 	at android.app.ActivityThread.handleConfigurationChanged(ActivityThread.java:6550)
07-20 01:49:42.385 27313 27313 W e0      : 	at android.app.servertransaction.ConfigurationChangeItem.execute(ConfigurationChangeItem.java:42)
07-20 01:49:42.385 27313 27313 W e0      : 	at android.app.servertransaction.TransactionExecutor.executeCallbacks(TransactionExecutor.java:149)
07-20 01:49:42.385 27313 27313 W e0      : 	at android.app.servertransaction.TransactionExecutor.execute(TransactionExecutor.java:103)
07-20 01:49:42.385 27313 27313 W e0      : 	at android.app.ActivityThread$H.handleMessage(ActivityThread.java:2613)
07-20 01:49:42.385 27313 27313 W e0      : 	at android.os.Handler.dispatchMessage(Handler.java:110)
07-20 01:49:42.385 27313 27313 W e0      : 	at android.os.Looper.loop(Looper.java:219)
07-20 01:49:42.385 27313 27313 W e0      : 	at android.app.ActivityThread.main(ActivityThread.java:8668)
07-20 01:49:42.385 27313 27313 W e0      : 	at java.lang.reflect.Method.invoke(Native Method)
07-20 01:49:42.385 27313 27313 W e0      : 	at com.android.internal.os.RuntimeInit$MethodAndArgsCaller.run(RuntimeInit.java:513)
07-20 01:49:42.385 27313 27313 W e0      : 	at com.android.internal.os.ZygoteInit.main(ZygoteInit.java:1109)
07-20 01:49:42.388  1578  1854 I HwWindowManagerServiceEx: set app win exit info, bundle = Bundle[mParcelledData.dataSize=160], iconBitmap = null
07-20 01:49:42.393  1578  1833 I WindowManager: Checking 1 opening apps (frozen=true timeout=false)...
07-20 01:49:42.393  1578  1833 I WindowManager: Check opening app=AppWindowToken{a8c9f5b token=Token{efe0e6a ActivityRecord{c97aaf3 u0 com.huawei.android.launcher/.drawer.DrawerLauncher t1}}}: allDrawn=false startingDisplayed=false startingMoved=false isRelaunching()=false startingWindow=null
07-20 01:49:42.398   732   924 W BufferQueueProducer: [GestureNavLeft#0]:1390: disconnect: not connected (req=1)
07-20 01:49:42.398  1578  1970 W libEGL  : EGLNativeWindowType 0x6fd8a64710 disconnect failed
07-20 01:49:42.400  1578  1659 I WindowManager: dispatchResized : win = Window{8a5bc43 u0 GestureNavLeft} drawState = HAS_DRAWN
07-20 01:49:42.400  1578  1659 I WindowManager: dispatchResized : win = Window{27ecac6 u0 GestureNavRight} drawState = HAS_DRAWN
07-20 01:49:42.401  1578  2763 I ActivityManager: Force stopping org.hackintosh1980.espgrowcontroller appid=10677 user=0: from pid 26948by app
07-20 01:49:42.405  1578  2763 I ActivityManager: Start to clean activity stack when force stop the app org.hackintosh1980.espgrowcontroller , reason:from pid 26948by app
07-20 01:49:42.409  1578  1659 W ActivityManager: setHasOverlayUi called on unknown pid: 26792
07-20 01:49:42.409  1578  1633 I WificondControl: Noise: -92, Snr: 34, Chload: -1, rssi: -54, txBitrate: 72, rxBitrate: 0, frequency: 2462, UlDelay: -1, currentTxBytes: 0, currentTxPackets: 515289, currentTxFailed: 757, currentRxBytes: 0, currentRxPackets: 768781
