07-20 01:12:11.663  1308  1308 I adbd    : adbd service requested 'shell,v2,TERM=dumb:export ANDROID_LOG_TAGS=''; exec logcat '-d' '-v' 'threadtime' '*:I' 'python:D''
07-20 01:12:11.679  2670 19292 I OpenGLRenderer: Davey! duration=9222905142719ms; Flags=0, FrameTimelineVsyncId=9227328, IntendedVsync=466894130332790, Vsync=466894130332790, InputEventId=0, HandleInputStart=466894132210330, AnimationStart=466894132212726, PerformTraversalsStart=466894132680903, DrawStart=466894132762309, FrameDeadline=466894163666122, FrameInterval=466894132201528, FrameStartTime=16666666, SyncQueued=466894132935330, SyncStart=466894137412518, IssueDrawCommandsStart=466894137632413, SwapBuffers=466894138365434, FrameCompleted=9223372036854775807, DequeueBufferDuration=30208, QueueBufferDuration=3403021, GpuCompleted=9223372036854775807, SwapBuffersCompleted=466894142234913, DisplayPresentTime=0, 
07-20 01:12:11.679  2670 19292 I OpenGLRenderer: Davey! duration=9222905142807ms; Flags=0, FrameTimelineVsyncId=9227313, IntendedVsync=466894046837889, Vsync=466894046837889, InputEventId=0, HandleInputStart=466894049923820, AnimationStart=466894049925747, PerformTraversalsStart=466894050449288, DrawStart=466894141945226, FrameDeadline=466894063504555, FrameInterval=466894049919705, FrameStartTime=16666666, SyncQueued=466894141954705, SyncStart=466894142372101, IssueDrawCommandsStart=466894142492882, SwapBuffers=466894143162101, FrameCompleted=9223372036854775807, DequeueBufferDuration=35990, QueueBufferDuration=1030260, GpuCompleted=9223372036854775807, SwapBuffersCompleted=466894144669966, DisplayPresentTime=0, 
07-20 01:12:11.681 13953 13965 I OpenGLRenderer: Davey! duration=9222905142724ms; Flags=0, FrameTimelineVsyncId=9227328, IntendedVsync=466894130332790, Vsync=466894130332790, InputEventId=0, HandleInputStart=466894132554132, AnimationStart=466894132563299, PerformTraversalsStart=466894133389966, DrawStart=466894133825538, FrameDeadline=466894163666122, FrameInterval=466894132530174, FrameStartTime=16666666, SyncQueued=466894133891997, SyncStart=466894133961580, IssueDrawCommandsStart=466894134066841, SwapBuffers=466894134999184, FrameCompleted=9223372036854775807, DequeueBufferDuration=31979, QueueBufferDuration=753177, GpuCompleted=9223372036854775807, SwapBuffersCompleted=466894136266684, DisplayPresentTime=0, 
07-20 01:12:11.710 13953 13965 I OpenGLRenderer: Davey! duration=9222905142690ms; Flags=0, FrameTimelineVsyncId=9227334, IntendedVsync=466894163727049, Vsync=466894163727049, InputEventId=0, HandleInputStart=466894164446476, AnimationStart=466894164455538, PerformTraversalsStart=466894165300174, DrawStart=466894165817153, FrameDeadline=466894197060381, FrameInterval=466894164420643, FrameStartTime=16666666, SyncQueued=466894166239601, SyncStart=466894166322309, IssueDrawCommandsStart=466894166396163, SwapBuffers=466894169304497, FrameCompleted=9223372036854775807, DequeueBufferDuration=1794740, QueueBufferDuration=1481823, GpuCompleted=9223372036854775807, SwapBuffersCompleted=466894171248924, DisplayPresentTime=0, 
07-20 01:12:11.711  2670 19292 I OpenGLRenderer: Davey! duration=9222905142689ms; Flags=0, FrameTimelineVsyncId=9227334, IntendedVsync=466894163727049, Vsync=466894163727049, InputEventId=0, HandleInputStart=466894164273455, AnimationStart=466894164276216, PerformTraversalsStart=466894164791684, DrawStart=466894164879028, FrameDeadline=466894197060381, FrameInterval=466894164266945, FrameStartTime=16666666, SyncQueued=466894165058507, SyncStart=466894166515070, IssueDrawCommandsStart=466894166858091, SwapBuffers=466894167615122, FrameCompleted=9223372036854775807, DequeueBufferDuration=29844, QueueBufferDuration=1192916, GpuCompleted=9223372036854775807, SwapBuffersCompleted=466894169338559, DisplayPresentTime=0, 
07-20 01:12:11.712  2670 19292 I OpenGLRenderer: Davey! duration=9222905142789ms; Flags=0, FrameTimelineVsyncId=9227316, IntendedVsync=466894063549083, Vsync=466894130215747, InputEventId=0, HandleInputStart=466894144589705, AnimationStart=466894144592934, PerformTraversalsStart=466894144803768, DrawStart=466894174260486, FrameDeadline=466894096882415, FrameInterval=466894144579757, FrameStartTime=16666666, SyncQueued=466894174274080, SyncStart=466894175520747, IssueDrawCommandsStart=466894175593038, SwapBuffers=466894176476632, FrameCompleted=9223372036854775807, DequeueBufferDuration=299896, QueueBufferDuration=860417, GpuCompleted=9223372036854775807, SwapBuffersCompleted=466894177732257, DisplayPresentTime=0, 
07-20 01:12:11.727 13953 13965 I OpenGLRenderer: Davey! duration=9222905142674ms; Flags=0, FrameTimelineVsyncId=9227337, IntendedVsync=466894180475721, Vsync=466894180475721, InputEventId=0, HandleInputStart=466894187087413, AnimationStart=466894187107518, PerformTraversalsStart=466894188369705, DrawStart=466894189826111, FrameDeadline=466894213809053, FrameInterval=466894187032830, FrameStartTime=16666666, SyncQueued=466894189943038, SyncStart=466894190211632, IssueDrawCommandsStart=466894190391372, SwapBuffers=466894191157778, FrameCompleted=9223372036854775807, DequeueBufferDuration=32136, QueueBufferDuration=903125, GpuCompleted=9223372036854775807, SwapBuffersCompleted=466894192506580, DisplayPresentTime=0, 
07-20 01:12:11.729  2670 19292 I OpenGLRenderer: Davey! duration=9222905142787ms; Flags=0, FrameTimelineVsyncId=9227316, IntendedVsync=466894063549083, Vsync=466894130215747, InputEventId=0, HandleInputStart=466894144589705, AnimationStart=466894144592934, PerformTraversalsStart=466894144803768, DrawStart=466894188787570, FrameDeadline=466894096882415, FrameInterval=466894144579757, FrameStartTime=16666666, SyncQueued=466894188800695, SyncStart=466894192629497, IssueDrawCommandsStart=466894192710538, SwapBuffers=466894193720955, FrameCompleted=9223372036854775807, DequeueBufferDuration=45261, QueueBufferDuration=2825782, GpuCompleted=9223372036854775807, SwapBuffersCompleted=466894197132778, DisplayPresentTime=0, 
07-20 01:12:11.739  1833  3051 W InputManager-JNI: Input channel object '50a3291 Splash Screen org.hackintosh1980.espgrowcontroller (client)' was disposed without first being removed with the input manager!
07-20 01:12:11.805 13953 13953 W SDLThread: type=1400 audit(0.0:128341): avc: granted { execute } for path="/data/data/org.hackintosh1980.espgrowcontroller/files/app/_python_bundle/modules/_typing.cpython-311.so" dev="dm-12" ino=122023 scontext=u:r:untrusted_app:s0:c244,c256,c512,c768 tcontext=u:object_r:app_data_file:s0:c244,c256,c512,c768 tclass=file app=org.hackintosh1980.espgrowcontroller
07-20 01:12:11.875 13953 13953 W SDLThread: type=1400 audit(0.0:128342): avc: granted { execute } for path="/data/data/org.hackintosh1980.espgrowcontroller/files/app/_python_bundle/modules/math.cpython-311.so" dev="dm-12" ino=122040 scontext=u:r:untrusted_app:s0:c244,c256,c512,c768 tcontext=u:object_r:app_data_file:s0:c244,c256,c512,c768 tclass=file app=org.hackintosh1980.espgrowcontroller
07-20 01:12:11.885 13953 13953 W SDLThread: type=1400 audit(0.0:128343): avc: granted { execute } for path="/data/data/org.hackintosh1980.espgrowcontroller/files/app/_python_bundle/modules/_heapq.cpython-311.so" dev="dm-12" ino=121971 scontext=u:r:untrusted_app:s0:c244,c256,c512,c768 tcontext=u:object_r:app_data_file:s0:c244,c256,c512,c768 tclass=file app=org.hackintosh1980.espgrowcontroller
07-20 01:12:11.885 13953 13953 W SDLThread: type=1400 audit(0.0:128344): avc: granted { execute } for path="/data/data/org.hackintosh1980.espgrowcontroller/files/app/_python_bundle/modules/_queue.cpython-311.so" dev="dm-12" ino=122004 scontext=u:r:untrusted_app:s0:c244,c256,c512,c768 tcontext=u:object_r:app_data_file:s0:c244,c256,c512,c768 tclass=file app=org.hackintosh1980.espgrowcontroller
07-20 01:12:11.925 13953 13953 W SDLThread: type=1400 audit(0.0:128345): avc: granted { execute } for path="/data/data/org.hackintosh1980.espgrowcontroller/files/app/_python_bundle/modules/_opcode.cpython-311.so" dev="dm-12" ino=121999 scontext=u:r:untrusted_app:s0:c244,c256,c512,c768 tcontext=u:object_r:app_data_file:s0:c244,c256,c512,c768 tclass=file app=org.hackintosh1980.espgrowcontroller
07-20 01:12:11.973 13953 13992 I python  : [INFO   ] [Logger      ] Record log in /data/user/0/org.hackintosh1980.espgrowcontroller/files/app/.kivy/logs/kivy_26-07-20_2.txt
07-20 01:12:11.974 13953 13992 I python  : [INFO   ] [Kivy        ] v2.3.0
07-20 01:12:11.974 13953 13992 I python  : [INFO   ] [Kivy        ] Installed at "/data/user/0/org.hackintosh1980.espgrowcontroller/files/app/_python_bundle/site-packages/kivy/__init__.pyc"
07-20 01:12:11.974 13953 13992 I python  : [INFO   ] [Python      ] v3.11.9 (main, Jul 19 2026, 09:21:02) [Clang 14.0.6 (https://android.googlesource.com/toolchain/llvm-project 4c603efb0
07-20 01:12:11.974 13953 13992 I python  : [INFO   ] [Python      ] Interpreter at ""
07-20 01:12:11.975 13953 13992 I python  : [INFO   ] [Logger      ] Purge log fired. Processing...
07-20 01:12:11.976 13953 13992 I python  : [INFO   ] [Logger      ] Purge finished!
07-20 01:12:11.985 13953 13953 W SDLThread: type=1400 audit(0.0:128346): avc: granted { execute } for path="/data/data/org.hackintosh1980.espgrowcontroller/files/app/_python_bundle/site-packages/kivy/_clock.so" dev="dm-12" ino=123209 scontext=u:r:untrusted_app:s0:c244,c256,c512,c768 tcontext=u:object_r:app_data_file:s0:c244,c256,c512,c768 tclass=file app=org.hackintosh1980.espgrowcontroller
07-20 01:12:12.228 23008 23022 W System  : A resource failed to call close. 
07-20 01:12:12.228 23008 23022 W System  : A resource failed to call close. 
07-20 01:12:12.228 23008 23022 W System  : A resource failed to call close. 
07-20 01:12:12.236 23008 23022 W System  : A resource failed to call close. 
07-20 01:12:12.247  1833  2195 I ActivityManager: Start proc 14004:com.qualcomm.telephony/u0a168 for service {com.qualcomm.atfwd/com.qualcomm.atfwd.AtFwdService}
07-20 01:12:12.265 14004 14004 I lcomm.telephon: Using generational CollectorTypeCC GC.
07-20 01:12:12.336 14004 14004 I Perf    : Connecting to perf service.
07-20 01:12:12.351 14004 14004 I AtCmdFwd: AtCmdFwd
07-20 01:12:12.359 14004 14004 I HidlServiceManagement: Registered vendor.qti.hardware.radio.atcmdfwd@1.0::IAtCmdFwd/AtCmdFwdService
07-20 01:12:12.359 14004 14004 I android_os_HwBinder: HwBinder: Starting thread pool for AtCmdFwdService
07-20 01:12:12.812  3187  3218 W System.err: java.io.FileNotFoundException: /proc/ant_state: open failed: ENOENT (No such file or directory)
07-20 01:12:12.813  3187  3218 W System.err: 	at libcore.io.IoBridge.open(IoBridge.java:574)
07-20 01:12:12.813  3187  3218 W System.err: 	at java.io.FileInputStream.<init>(FileInputStream.java:179)
07-20 01:12:12.813  3187  3218 W System.err: 	at java.io.FileReader.<init>(FileReader.java:75)
07-20 01:12:12.813  3187  3218 W System.err: 	at com.hmd.sarsensor.ModeService$NodeWatcher.readNode(ModeService.java:539)
07-20 01:12:12.813  3187  3218 W System.err: 	at com.hmd.sarsensor.ModeService$NodeWatcher.run(ModeService.java:514)
07-20 01:12:12.813  3187  3218 W System.err: Caused by: android.system.ErrnoException: open failed: ENOENT (No such file or directory)
07-20 01:12:12.813  3187  3218 W System.err: 	at libcore.io.Linux.open(Native Method)
07-20 01:12:12.813  3187  3218 W System.err: 	at libcore.io.ForwardingOs.open(ForwardingOs.java:579)
07-20 01:12:12.813  3187  3218 W System.err: 	at libcore.io.BlockGuardOs.open(BlockGuardOs.java:274)
07-20 01:12:12.813  3187  3218 W System.err: 	at libcore.io.ForwardingOs.open(ForwardingOs.java:579)
07-20 01:12:12.813  3187  3218 W System.err: 	at android.app.ActivityThread$AndroidOs.open(ActivityThread.java:7766)
07-20 01:12:12.813  3187  3218 W System.err: 	at libcore.io.IoBridge.open(IoBridge.java:560)
07-20 01:12:12.813  3187  3218 W System.err: 	... 4 more
07-20 01:12:12.813  3187  3218 E SarTest : read node fail: java.io.FileNotFoundException: /proc/ant_state: open failed: ENOENT (No such file or directory)
07-20 01:12:12.837  1308  1308 I adbd    : adbd service requested 'shell,v2,TERM=dumb:export ANDROID_LOG_TAGS=''; exec logcat '-d' '-v' 'threadtime' '*:I' 'python:D''
07-20 01:12:12.945 13953 13953 W SDLThread: type=1400 audit(0.0:128354): avc: granted { execute } for path="/data/data/org.hackintosh1980.espgrowcontroller/files/app/_python_bundle/modules/_socket.cpython-311.so" dev="dm-12" ino=122009 scontext=u:r:untrusted_app:s0:c244,c256,c512,c768 tcontext=u:object_r:app_data_file:s0:c244,c256,c512,c768 tclass=file app=org.hackintosh1980.espgrowcontroller
07-20 01:12:12.955 13953 13953 W SDLThread: type=1400 audit(0.0:128355): avc: granted { execute } for path="/data/data/org.hackintosh1980.espgrowcontroller/files/app/_python_bundle/modules/array.cpython-311.so" dev="dm-12" ino=122027 scontext=u:r:untrusted_app:s0:c244,c256,c512,c768 tcontext=u:object_r:app_data_file:s0:c244,c256,c512,c768 tclass=file app=org.hackintosh1980.espgrowcontroller
07-20 01:12:12.965 13953 13953 W SDLThread: type=1400 audit(0.0:128356): avc: granted { execute } for path="/data/data/org.hackintosh1980.espgrowcontroller/files/app/_python_bundle/modules/_ssl.cpython-311.so" dev="dm-12" ino=122012 scontext=u:r:untrusted_app:s0:c244,c256,c512,c768 tcontext=u:object_r:app_data_file:s0:c244,c256,c512,c768 tclass=file app=org.hackintosh1980.espgrowcontroller
07-20 01:12:12.985 13953 13953 W SDLThread: type=1400 audit(0.0:128357): avc: granted { execute } for path="/data/data/org.hackintosh1980.espgrowcontroller/files/app/_python_bundle/modules/binascii.cpython-311.so" dev="dm-12" ino=122029 scontext=u:r:untrusted_app:s0:c244,c256,c512,c768 tcontext=u:object_r:app_data_file:s0:c244,c256,c512,c768 tclass=file app=org.hackintosh1980.espgrowcontroller
07-20 01:12:13.005 13953 13953 W SDLThread: type=1400 audit(0.0:128358): avc: granted { execute } for path="/data/data/org.hackintosh1980.espgrowcontroller/files/app/_python_bundle/modules/_contextvars.cpython-311.so" dev="dm-12" ino=121933 scontext=u:r:untrusted_app:s0:c244,c256,c512,c768 tcontext=u:object_r:app_data_file:s0:c244,c256,c512,c768 tclass=file app=org.hackintosh1980.espgrowcontroller
07-20 01:12:13.111 13953 13992 I python  : [INFO   ] [Factory     ] 195 symbols loaded
07-20 01:12:13.572 13953 13992 I python  : [INFO   ] [Image       ] Providers: img_tex, img_dds, img_sdl2, img_pil (img_ffpyplayer ignored)
07-20 01:12:13.687 13953 13992 I python  : [INFO   ] [Window      ] Provider: sdl2
07-20 01:12:13.725 13953 13992 I SDL/APP : pixel format wanted SDL_PIXELFORMAT_RGBA8888 (1), got SDL_PIXELFORMAT_RGBA8888 (1)
07-20 01:12:13.746 13953 13992 I python  : [INFO   ] [GL          ] Using the "OpenGL ES 2" graphics system
07-20 01:12:13.757 13953 13992 I python  : [INFO   ] [GL          ] Backend used <sdl2>
07-20 01:12:13.758 13953 13992 I python  : [INFO   ] [GL          ] OpenGL version <b'OpenGL ES 3.2 V@0502.0 (GIT@38059de551, If855f1c192, 1643012380) (Date:01/24/22)'>
07-20 01:12:13.759 13953 13992 I python  : [INFO   ] [GL          ] OpenGL vendor <b'Qualcomm'>
07-20 01:12:13.759 13953 13992 I python  : [INFO   ] [GL          ] OpenGL renderer <b'Adreno (TM) 610'>
07-20 01:12:13.760 13953 13992 I python  : [INFO   ] [GL          ] OpenGL parsed version: 3, 2
07-20 01:12:13.760 13953 13992 I python  : [INFO   ] [GL          ] Texture max size <16384>
07-20 01:12:13.760 13953 13992 I python  : [INFO   ] [GL          ] Texture max units <16>
07-20 01:12:13.807 13953 13992 I python  : [INFO   ] [Window      ] auto add sdl2 input provider
07-20 01:12:13.810 13953 13992 I python  : [INFO   ] [Window      ] virtual keyboard not allowed, single mode, not docked
07-20 01:12:13.824 13953 13992 I python  : [INFO   ] [Text        ] Provider: sdl2
07-20 01:12:13.830 13953 13992 I python  : [PERF] Kivy Basis-Core geladen in: 2.2463s
07-20 01:12:13.910 13953 13992 I python  : BLE DESKTOP MODULE IMPORTIERT
07-20 01:12:13.976  1308  1308 I adbd    : adbd service requested 'shell,v2,TERM=dumb:export ANDROID_LOG_TAGS=''; exec logcat '-d' '-v' 'threadtime' '*:I' 'python:D''
07-20 01:12:13.985 13953 13953 W SDLThread: type=1400 audit(0.0:128398): avc: granted { execute } for path="/data/data/org.hackintosh1980.espgrowcontroller/files/app/_python_bundle/modules/_hashlib.cpython-311.so" dev="dm-12" ino=121819 scontext=u:r:untrusted_app:s0:c244,c256,c512,c768 tcontext=u:object_r:app_data_file:s0:c244,c256,c512,c768 tclass=file app=org.hackintosh1980.espgrowcontroller
07-20 01:12:13.985 13953 13953 W SDLThread: type=1400 audit(0.0:128399): avc: granted { execute } for path="/data/data/org.hackintosh1980.espgrowcontroller/files/app/_python_bundle/modules/_blake2.cpython-311.so" dev="dm-12" ino=121912 scontext=u:r:untrusted_app:s0:c244,c256,c512,c768 tcontext=u:object_r:app_data_file:s0:c244,c256,c512,c768 tclass=file app=org.hackintosh1980.espgrowcontroller
07-20 01:12:14.085 13953 13953 W SDLThread: type=1400 audit(0.0:128400): avc: granted { execute } for path="/data/data/org.hackintosh1980.espgrowcontroller/files/app/_python_bundle/modules/unicodedata.cpython-311.so" dev="dm-12" ino=122144 scontext=u:r:untrusted_app:s0:c244,c256,c512,c768 tcontext=u:object_r:app_data_file:s0:c244,c256,c512,c768 tclass=file app=org.hackintosh1980.espgrowcontroller
07-20 01:12:14.154 13953 13992 I python  :  /home/domivm/TEST/.buildozer/android/platform/build-arm64-v8a/build/python-installs/espgrowcontroller/arm64-v8a/requests/__init__.py:92: RequestsDependencyWarning: Unable to find acceptable character detection dependency (chardet or charset_normalizer).
07-20 01:12:14.206 13953 13992 I python  : [Storage] RAM-Cache für Pflanzen erfolgreich geladen.
07-20 01:12:14.228 13953 13992 I python  : [MixedEngine] mixed.json initialisiert: /data/user/0/org.hackintosh1980.espgrowcontroller/files/app/data/mixed.json
07-20 01:12:14.310 13953 13992 I python  : [PERF] Starte Import der 14 Screens...
07-20 01:12:14.573 13953 13992 I python  : [PERF] Alle Module & Screens importiert in: 0.7413s
07-20 01:12:14.574 13953 13992 I python  : [PERF] App.build() aufgerufen.
07-20 01:12:14.574 13953 13992 I python  : [PERF] I18N initialisiert in: 0.0000s
07-20 01:12:14.577 13953 13992 I python  : [PERF] Buffer initialisiert/geladen in: 0.0028s
07-20 01:12:14.614 13953 13992 I python  : [INFO   ] [GL          ] NPOT texture support is available
07-20 01:12:14.632 13953 13992 I python  : [WARNING] Deprecated property "<BooleanProperty name=keep_ratio>" of object "<kivy.uix.image.Image object at 0x6d8a089710>" has been set, it will be removed in a future version
07-20 01:12:14.813  3187  3218 W System.err: java.io.FileNotFoundException: /proc/ant_state: open failed: ENOENT (No such file or directory)
07-20 01:12:14.814  3187  3218 W System.err: 	at libcore.io.IoBridge.open(IoBridge.java:574)
07-20 01:12:14.814  3187  3218 W System.err: 	at java.io.FileInputStream.<init>(FileInputStream.java:179)
07-20 01:12:14.814  3187  3218 W System.err: 	at java.io.FileReader.<init>(FileReader.java:75)
07-20 01:12:14.814  3187  3218 W System.err: 	at com.hmd.sarsensor.ModeService$NodeWatcher.readNode(ModeService.java:539)
07-20 01:12:14.814  3187  3218 W System.err: 	at com.hmd.sarsensor.ModeService$NodeWatcher.run(ModeService.java:514)
07-20 01:12:14.814  3187  3218 W System.err: Caused by: android.system.ErrnoException: open failed: ENOENT (No such file or directory)
07-20 01:12:14.814  3187  3218 W System.err: 	at libcore.io.Linux.open(Native Method)
07-20 01:12:14.814  3187  3218 W System.err: 	at libcore.io.ForwardingOs.open(ForwardingOs.java:579)
07-20 01:12:14.814  3187  3218 W System.err: 	at libcore.io.BlockGuardOs.open(BlockGuardOs.java:274)
07-20 01:12:14.814  3187  3218 W System.err: 	at libcore.io.ForwardingOs.open(ForwardingOs.java:579)
07-20 01:12:14.814  3187  3218 W System.err: 	at android.app.ActivityThread$AndroidOs.open(ActivityThread.java:7766)
07-20 01:12:14.814  3187  3218 W System.err: 	at libcore.io.IoBridge.open(IoBridge.java:560)
07-20 01:12:14.814  3187  3218 W System.err: 	... 4 more
07-20 01:12:14.814  3187  3218 E SarTest : read node fail: java.io.FileNotFoundException: /proc/ant_state: open failed: ENOENT (No such file or directory)
07-20 01:12:14.909 13953 13992 I python  : [WARNING] Deprecated property "<BooleanProperty name=allow_stretch>" of object "<kivy.uix.image.Image object at 0x6d8963dfd0>" has been set, it will be removed in a future version
07-20 01:12:15.137  1308  1308 I adbd    : adbd service requested 'shell,v2,TERM=dumb:export ANDROID_LOG_TAGS=''; exec logcat '-d' '-v' 'threadtime' '*:I' 'python:D''
07-20 01:12:16.302  1308  1308 I adbd    : adbd service requested 'shell,v2,TERM=dumb:export ANDROID_LOG_TAGS=''; exec logcat '-d' '-v' 'threadtime' '*:I' 'python:D''
07-20 01:12:16.814  3187  3218 W System.err: java.io.FileNotFoundException: /proc/ant_state: open failed: ENOENT (No such file or directory)
07-20 01:12:16.815  3187  3218 W System.err: 	at libcore.io.IoBridge.open(IoBridge.java:574)
07-20 01:12:16.815  3187  3218 W System.err: 	at java.io.FileInputStream.<init>(FileInputStream.java:179)
07-20 01:12:16.815  3187  3218 W System.err: 	at java.io.FileReader.<init>(FileReader.java:75)
07-20 01:12:16.815  3187  3218 W System.err: 	at com.hmd.sarsensor.ModeService$NodeWatcher.readNode(ModeService.java:539)
07-20 01:12:16.815  3187  3218 W System.err: 	at com.hmd.sarsensor.ModeService$NodeWatcher.run(ModeService.java:514)
07-20 01:12:16.815  3187  3218 W System.err: Caused by: android.system.ErrnoException: open failed: ENOENT (No such file or directory)
07-20 01:12:16.815  3187  3218 W System.err: 	at libcore.io.Linux.open(Native Method)
07-20 01:12:16.815  3187  3218 W System.err: 	at libcore.io.ForwardingOs.open(ForwardingOs.java:579)
07-20 01:12:16.815  3187  3218 W System.err: 	at libcore.io.BlockGuardOs.open(BlockGuardOs.java:274)
07-20 01:12:16.815  3187  3218 W System.err: 	at libcore.io.ForwardingOs.open(ForwardingOs.java:579)
07-20 01:12:16.815  3187  3218 W System.err: 	at android.app.ActivityThread$AndroidOs.open(ActivityThread.java:7766)
07-20 01:12:16.815  3187  3218 W System.err: 	at libcore.io.IoBridge.open(IoBridge.java:560)
07-20 01:12:16.815  3187  3218 W System.err: 	... 4 more
07-20 01:12:16.815  3187  3218 E SarTest : read node fail: java.io.FileNotFoundException: /proc/ant_state: open failed: ENOENT (No such file or directory)
07-20 01:12:17.455  1308  1308 I adbd    : adbd service requested 'shell,v2,TERM=dumb:export ANDROID_LOG_TAGS=''; exec logcat '-d' '-v' 'threadtime' '*:I' 'python:D''
07-20 01:12:17.529 13953 13992 I python  : [PERF] Alle 14 Screens instanziiert und hinzugefügt in: 2.9504s
07-20 01:12:17.536 13953 13992 I python  : [Core] Starte Core (Foreground Service Mode)…
07-20 01:12:17.536 13953 13992 I python  : [Core] is_android(): True
07-20 01:12:17.536 13953 13992 I python  : [Core] decoded.json entfernt
07-20 01:12:17.537 13953 13992 I python  : [Core] ble_dump.json geleert: /data/user/0/org.hackintosh1980.espgrowcontroller/files/app/data/ble_dump.json
07-20 01:12:17.541 13953 13992 I python  : [Core] ble_log_dump.json geleert: /data/user/0/org.hackintosh1980.espgrowcontroller/files/app/data/ble_log_dump.json
07-20 01:12:17.542 13953 13992 I python  : [Core] web_dump.json geleert: /data/user/0/org.hackintosh1980.espgrowcontroller/files/app/data/web_dump.json
07-20 01:12:17.715 13953 13992 I python  : [Core] BLE Python Service gestartet (Foreground)
07-20 01:12:17.733  1833  2195 I ActivityManager: Start proc 14041:org.hackintosh1980.espgrowcontroller:service_ble_service/u0a244 for service {org.hackintosh1980.espgrowcontroller/org.hackintosh1980.espgrowcontroller.ServiceBle_service}
07-20 01:12:17.748 14041 14041 I ice_ble_servic: Late-enabling -Xcheck:jni
07-20 01:12:17.776 14041 14041 I ice_ble_servic: Using generational CollectorTypeCC GC.
07-20 01:12:17.782  1308  1333 I adbd    : jdwp connection from 14041
07-20 01:12:17.844  2174  2243 I bt_stack: [INFO:gatt_api.cc(1223)] GATT_Register fddb6361-cd7f-cfb3-8fdb-fb07d4781582
07-20 01:12:17.844  2174  2243 I bt_stack: [INFO:gatt_api.cc(1244)] allocated gatt_if=22
07-20 01:12:17.845 14041 14041 I Perf    : Connecting to perf service.
07-20 01:12:17.873  2174  2229 I BtGatt.ScanManager: msg.what = 0
07-20 01:12:17.876 13953 13992 I python  : [Core] Android-Bridges gestartet (ADV + GATT + BROADCAST)
07-20 01:12:17.880 13953 13992 I python  : [Core] WebClient-Thread gestartet
07-20 01:12:17.883  1095  1095 I vendor.qti.bluetooth@1.0-ibs_handler: DeviceWakeUp: Writing IBS_WAKE_IND
07-20 01:12:17.883  1095  2241 I vendor.qti.bluetooth@1.0-ibs_handler: ProcessIbsCmd: Received IBS_WAKE_ACK: 0xFC
07-20 01:12:17.883  1095  2241 I vendor.qti.bluetooth@1.0-ibs_handler: ProcessIbsCmd: Signal wack_cond_
07-20 01:12:17.884  1095  2241 I vendor.qti.bluetooth@1.0-ibs_handler: ProcessIbsCmd: Received IBS_WAKE_IND: 0xFD
07-20 01:12:17.884  1095  2241 I vendor.qti.bluetooth@1.0-ibs_handler: ProcessIbsCmd: Writing IBS_WAKE_ACK
07-20 01:12:17.887 13953 14062 I python  : [Decoder] Background Thread STARTED.
07-20 01:12:17.887 13953 14062 I python  : [HEARTBEAT DECODER] Ticking! Active Config Devices: ['E697B52A-2E7F-D41E-BC4D-2D027CB38D0B', '827482CC-A977-43D7-835E-8E8B6978E66A', 'C898B4F2-B452-7502-1A67-0536E77D49EA', 'FABCEA8B-7EC8-2594-4879-2B3B63989660'] | Live Web RAM Keys: []
07-20 01:12:17.894 13953 14061 I python  : [DEBUG  ] [Starting new HTTP connection (1)] 192.168.2.20:80
07-20 01:12:17.898 13953 14063 I python  : [DEBUG  ] [Starting new HTTP connection (1)] 192.168.2.39:80
07-20 01:12:17.910 13953 13992 I python  : [Core] Decoder-Thread gestartet
07-20 01:12:17.911 13953 13992 I python  : [Core] Watchdog gestartet
07-20 01:12:17.911 13953 13992 I python  : [Core] System läuft stabil im Hintergrund (Foreground Service Active).
07-20 01:12:17.911 13953 13992 I python  : [PERF] core.start() ausgeführt in: 0.3751s
07-20 01:12:17.911 13953 13992 I python  : [PERF] 🚀 GESAMTZEIT BIS ZUM START: 6.3279s 🚀
07-20 01:12:17.912 13953 13992 I python  : [WARNING] [Base        ] Unknown <android> provider
07-20 01:12:17.913 13953 13992 I python  : [INFO   ] [Base        ] Start application main loop
07-20 01:12:17.925  1095  2241 I vendor.qti.bluetooth@1.0-ibs_handler: ProcessIbsCmd: Received IBS_SLEEP_IND: 0xFE
07-20 01:12:17.925  1095  2241 I vendor.qti.bluetooth@1.0-ibs_handler: ProcessIbsCmd: Received IBS_WAKE_IND: 0xFD
07-20 01:12:17.925  1095  2241 I vendor.qti.bluetooth@1.0-ibs_handler: ProcessIbsCmd: Writing IBS_WAKE_ACK
07-20 01:12:17.972  1095  2241 I vendor.qti.bluetooth@1.0-ibs_handler: ProcessIbsCmd: Received IBS_SLEEP_IND: 0xFE
07-20 01:12:17.979  1095  2241 I vendor.qti.bluetooth@1.0-ibs_handler: ProcessIbsCmd: Received IBS_WAKE_IND: 0xFD
07-20 01:12:17.979  1095  2241 I vendor.qti.bluetooth@1.0-ibs_handler: ProcessIbsCmd: Writing IBS_WAKE_ACK
07-20 01:12:18.007 14041 14055 I python  : Initializing Python for Android
07-20 01:12:18.007 14041 14055 I python  : Setting additional env vars from p4a_env_vars.txt
07-20 01:12:18.007 14041 14055 I python  : Changing directory to the one provided by ANDROID_ARGUMENT
07-20 01:12:18.007 14041 14055 I python  : /data/user/0/org.hackintosh1980.espgrowcontroller/files/app
07-20 01:12:18.007 14041 14055 I python  : Preparing to initialize python
07-20 01:12:18.007 14041 14055 I python  : _python_bundle dir exists
07-20 01:12:18.007 14041 14055 I python  : calculated paths to be...
07-20 01:12:18.007 14041 14055 I python  : /data/user/0/org.hackintosh1980.espgrowcontroller/files/app/_python_bundle/stdlib.zip:/data/user/0/org.hackintosh1980.espgrowcontroller/files/app/_python_bundle/modules
07-20 01:12:18.007 14041 14055 I python  : set wchar paths...
07-20 01:12:18.020  1095  2241 I vendor.qti.bluetooth@1.0-ibs_handler: ProcessIbsCmd: Received IBS_SLEEP_IND: 0xFE
07-20 01:12:18.045 14041 14041 W Thread-2: type=1400 audit(0.0:128401): avc: granted { execute } for path="/data/data/org.hackintosh1980.espgrowcontroller/files/app/_python_bundle/modules/zlib.cpython-311.so" dev="dm-12" ino=122147 scontext=u:r:untrusted_app:s0:c244,c256,c512,c768 tcontext=u:object_r:app_data_file:s0:c244,c256,c512,c768 tclass=file app=org.hackintosh1980.espgrowcontroller
07-20 01:12:18.084 14041 14055 I python  : Initialized python
07-20 01:12:18.084 14041 14055 I python  : AND: Init threads
07-20 01:12:18.085 14041 14055 I ble_service: testing python print redirection
07-20 01:12:18.088 14041 14055 I ble_service: Android path ['.', '/data/user/0/org.hackintosh1980.espgrowcontroller/files/app/_python_bundle/stdlib.zip', '/data/user/0/org.hackintosh1980.espgrowcontroller/files/app/_python_bundle/modules', '/data/user/0/org.hackintosh1980.espgrowcontroller/files/app/_python_bundle/site-packages']
07-20 01:12:18.088 14041 14055 I ble_service: os.environ is environ({'PATH': '/product/bin:/apex/com.android.runtime/bin:/apex/com.android.art/bin:/system_ext/bin:/system/bin:/system/xbin:/odm/bin:/vendor/bin:/vendor/xbin', 'ANDROID_BOOTLOGO': '1', 'ANDROID_ROOT': '/system', 'ANDROID_ASSETS': '/system/app', 'ANDROID_DATA': '/data', 'ANDROID_STORAGE': '/storage', 'ANDROID_ART_ROOT': '/apex/com.android.art', 'ANDROID_I18N_ROOT': '/apex/com.android.i18n', 'ANDROID_TZDATA_ROOT': '/apex/com.android.tzdata', 'EXTERNAL_STORAGE': '/sdcard', 'ASEC_MOUNTPOINT': '/mnt/asec', 'DOWNLOAD_CACHE': '/data/cache', 'BOOTCLASSPATH': '/apex/com.android.art/javalib/core-oj.jar:/apex/com.android.art/javalib/core-libart.jar:/apex/com.android.art/javalib/okhttp.jar:/apex/com.android.art/javalib/bouncycastle.jar:/apex/com.android.art/javalib/apache-xml.jar:/system/framework/framework.jar:/system/framework/framework-graphics.jar:/system/framework/ext.jar:/system/framework/telephony-common.jar:/system/framework/voip-common.jar:/system/framework/ims-common.jar:/apex/com.android.i18n/javalib/core-icu4j.jar:/system/framework/tcmiface.jar:/system/framework/telephony-ext.jar:/system/framework/qcom.fmradio.jar:/system/framework/QPerformance.jar:/system/framework/UxPerformance.jar:/system/framework/WfdCommon.jar:/apex/com.android.appsearch/javalib/framework-appsearch.jar:/apex/com.android.conscrypt/javalib/conscrypt.jar:/apex/com.android.ipsec/javalib/android.net.ipsec.ike.jar:/apex/com.android.media/javalib/updatable-media.jar:/apex/com.android.mediaprovider/javalib/framework-mediaprovider.jar:/apex/com.android.mediaprovider/javalib/framework-pdf.jar:/apex/com.android.mediaprovider/javalib/framework-photopicker.jar:/apex/com.android.os.statsd/javalib/framework-statsd.jar:/apex/com.android.permission/javalib/framework-permission.jar:/apex/com.android.permission/javalib/framework-permission-s.jar:/apex/com.android.scheduling/javalib/framework-scheduling.jar:/apex/com.android.sdkext/javalib/framework-sdkextensions.jar:/apex/com.android.tethering/javalib/framework-connectivity.jar:/apex/com.android.tethering/javalib/framework-tethering.jar:/apex/com.android.wifi/javalib/framework-wifi.jar', 'DEX2OATBOOTCLASSPATH': '/apex/com.android.art/javalib/core-oj.jar:/apex/com.android.art/javalib/core-libart.jar:/apex/com.android.art/javalib/okhttp.jar:/apex/com.android.art/javalib/bouncycastle.jar:/apex/com.android.art/javalib/apache-xml.jar:/system/framework/framework.jar:/system/framework/framework-graphics.jar:/system/framework/ext.jar:/system/framework/telephony-common.jar:/system/framework/voip-common.jar:/system/framework/ims-common.jar:/apex/com.android.i18n/javalib/core-icu4j.jar:/system/framework/tcmiface.jar:/system/framework/telephony-ext.jar:/system/framework/qcom.fmradio.jar:/system/framework/QPerformance.jar:/system/framework/UxPerformance.jar:/system/framework/WfdCommon.jar', 'SYSTEMSERVERCLASSPATH': '/system/framework/com.android.location.provider.jar:/system/framework/services.jar:/system/framework/ethernet-service.jar:/apex/com.android.appsearch/javalib/service-appsearch.jar:/apex/com.android.art/javalib/service-art.jar:/apex/com.android.media/javalib/service-media-s.jar:/apex/com.android.permission/javalib/service-permission.jar', 'STANDALONE_SYSTEMSERVER_JARS': '/apex/com.android.os.statsd/javalib/service-statsd.jar:/apex/com.android.scheduling/javalib/service-scheduling.jar:/apex/com.android.tethering/javalib/service-connectivity.jar', 'ANDROID_SOCKET_zygote': '17', 'ANDROID_SOCKET_usap_pool_primary': '21', 'ANDROID_PRIVATE': '/data/user/0/org.hackintosh1980.espgrowcontroller/files', 'ANDROID_ARGUMENT': '/data/user/0/org.hackintosh1980.espgrowcontroller/files/app', 'ANDROID_APP_PATH': '/data/user/0/org.hackintosh1980.espgrowcontroller/files/app', 'ANDROID_ENTRYPOINT': 'services/ble_service.py', 'PYTHONOPTIMIZE': '2', 'PYTHON_NAME': 'ble_service', 'PYTHONHOME': '/data/user/0/org.hackintosh1980.espgrowcontroller/files/app', 'PYTHONPATH': '/data/user/0/org.hackintosh1980.espgrowcontroller/files/app:/data/user/0/org.hackintosh1980.espgrowcontroller/files/
07-20 01:12:18.089 14041 14055 I ble_service: Android kivy bootstrap done. __name__ is __main__
07-20 01:12:18.089 14041 14055 I python  : AND: Ran string
07-20 01:12:18.089 14041 14055 I python  : Run user program, change dir and execute entrypoint
07-20 01:12:18.125  1095  2241 I vendor.qti.bluetooth@1.0-ibs_handler: ProcessIbsCmd: Received IBS_WAKE_IND: 0xFD
07-20 01:12:18.125  1095  2241 I vendor.qti.bluetooth@1.0-ibs_handler: ProcessIbsCmd: Writing IBS_WAKE_ACK
07-20 01:12:18.186  1095  2241 I vendor.qti.bluetooth@1.0-ibs_handler: ProcessIbsCmd: Received IBS_SLEEP_IND: 0xFE
07-20 01:12:18.240  1095  2241 I vendor.qti.bluetooth@1.0-ibs_handler: ProcessIbsCmd: Received IBS_WAKE_IND: 0xFD
07-20 01:12:18.240  1095  2241 I vendor.qti.bluetooth@1.0-ibs_handler: ProcessIbsCmd: Writing IBS_WAKE_ACK
07-20 01:12:18.225 14041 14041 W Thread-2: type=1400 audit(0.0:128402): avc: granted { execute } for path="/data/data/org.hackintosh1980.espgrowcontroller/files/app/_python_bundle/modules/fcntl.cpython-311.so" dev="dm-12" ino=122031 scontext=u:r:untrusted_app:s0:c244,c256,c512,c768 tcontext=u:object_r:app_data_file:s0:c244,c256,c512,c768 tclass=file app=org.hackintosh1980.espgrowcontroller
07-20 01:12:18.235 14041 14041 W Thread-2: type=1400 audit(0.0:128403): avc: granted { execute } for path="/data/data/org.hackintosh1980.espgrowcontroller/files/app/_python_bundle/modules/_posixsubprocess.cpython-311.so" dev="dm-12" ino=122001 scontext=u:r:untrusted_app:s0:c244,c256,c512,c768 tcontext=u:object_r:app_data_file:s0:c244,c256,c512,c768 tclass=file app=org.hackintosh1980.espgrowcontroller
07-20 01:12:18.235 14041 14041 W Thread-2: type=1400 audit(0.0:128404): avc: granted { execute } for path="/data/data/org.hackintosh1980.espgrowcontroller/files/app/_python_bundle/modules/select.cpython-311.so" dev="dm-12" ino=122133 scontext=u:r:untrusted_app:s0:c244,c256,c512,c768 tcontext=u:object_r:app_data_file:s0:c244,c256,c512,c768 tclass=file app=org.hackintosh1980.espgrowcontroller
07-20 01:12:18.245 14041 14041 W Thread-2: type=1400 audit(0.0:128405): avc: granted { execute } for path="/data/data/org.hackintosh1980.espgrowcontroller/files/app/_python_bundle/modules/math.cpython-311.so" dev="dm-12" ino=122040 scontext=u:r:untrusted_app:s0:c244,c256,c512,c768 tcontext=u:object_r:app_data_file:s0:c244,c256,c512,c768 tclass=file app=org.hackintosh1980.espgrowcontroller
07-20 01:12:18.282  1095  2241 I vendor.qti.bluetooth@1.0-ibs_handler: ProcessIbsCmd: Received IBS_SLEEP_IND: 0xFE
07-20 01:12:18.325 14041 14041 W Thread-2: type=1400 audit(0.0:128406): avc: granted { execute } for path="/data/data/org.hackintosh1980.espgrowcontroller/files/app/_python_bundle/site-packages/jnius/jnius.so" dev="dm-12" ino=86273 scontext=u:r:untrusted_app:s0:c244,c256,c512,c768 tcontext=u:object_r:app_data_file:s0:c244,c256,c512,c768 tclass=file app=org.hackintosh1980.espgrowcontroller
07-20 01:12:18.365 14041 14041 W Thread-2: type=1400 audit(0.0:128407): avc: granted { execute } for path="/data/data/org.hackintosh1980.espgrowcontroller/files/app/_python_bundle/modules/_typing.cpython-311.so" dev="dm-12" ino=122023 scontext=u:r:untrusted_app:s0:c244,c256,c512,c768 tcontext=u:object_r:app_data_file:s0:c244,c256,c512,c768 tclass=file app=org.hackintosh1980.espgrowcontroller
07-20 01:12:18.390  1095  2241 I vendor.qti.bluetooth@1.0-ibs_handler: ProcessIbsCmd: Received IBS_WAKE_IND: 0xFD
07-20 01:12:18.390  1095  2241 I vendor.qti.bluetooth@1.0-ibs_handler: ProcessIbsCmd: Writing IBS_WAKE_ACK
07-20 01:12:18.431  1095  2241 I vendor.qti.bluetooth@1.0-ibs_handler: ProcessIbsCmd: Received IBS_SLEEP_IND: 0xFE
07-20 01:12:18.519  1095  2241 I vendor.qti.bluetooth@1.0-ibs_handler: ProcessIbsCmd: Received IBS_WAKE_IND: 0xFD
07-20 01:12:18.519  1095  2241 I vendor.qti.bluetooth@1.0-ibs_handler: ProcessIbsCmd: Writing IBS_WAKE_ACK
07-20 01:12:18.531 13953 14066 I python  : [Discovery] mDNS Match für 827482CC-A977-43D7-835E-8E8B6978E66A: 192.168.2.39 (growmaster-1d3c.local)
07-20 01:12:18.537 13953 14066 I python  : [Discovery] mDNS Match für E697B52A-2E7F-D41E-BC4D-2D027CB38D0B: 192.168.2.20 (growmaster-d064.local)
07-20 01:12:18.551 14041 14055 I ble_service: [INFO   ] [Logger      ] Record log in /data/user/0/org.hackintosh1980.espgrowcontroller/files/app/.kivy/logs/kivy_26-07-20_3.txt
07-20 01:12:18.552 14041 14055 I ble_service: [INFO   ] [Kivy        ] v2.3.0
07-20 01:12:18.553 14041 14055 I ble_service: [INFO   ] [Kivy        ] Installed at "/data/user/0/org.hackintosh1980.espgrowcontroller/files/app/_python_bundle/site-packages/kivy/__init__.pyc"
07-20 01:12:18.554 14041 14055 I ble_service: [INFO   ] [Python      ] v3.11.9 (main, Jul 19 2026, 09:21:02) [Clang 14.0.6 (https://android.googlesource.com/toolchain/llvm-project 4c603efb0
07-20 01:12:18.555 14041 14055 I ble_service: [INFO   ] [Python      ] Interpreter at ""
07-20 01:12:18.556 14041 14055 I ble_service: [INFO   ] [Logger      ] Purge log fired. Processing...
07-20 01:12:18.558 14041 14055 I ble_service: [INFO   ] [Logger      ] Purge finished!
07-20 01:12:18.567 13953 14061 I python  : [DEBUG  ] [http          ]//192.168.2.20:80 "GET /data HTTP/1.1" 200 2513
07-20 01:12:18.576  1095  2241 I vendor.qti.bluetooth@1.0-ibs_handler: ProcessIbsCmd: Received IBS_SLEEP_IND: 0xFE
07-20 01:12:18.626  1308  1308 I adbd    : adbd service requested 'shell,v2,TERM=dumb:export ANDROID_LOG_TAGS=''; exec logcat '-d' '-v' 'threadtime' '*:I' 'python:D''
07-20 01:12:18.649  1095  2241 I vendor.qti.bluetooth@1.0-ibs_handler: ProcessIbsCmd: Received IBS_WAKE_IND: 0xFD
07-20 01:12:18.649  1095  2241 I vendor.qti.bluetooth@1.0-ibs_handler: ProcessIbsCmd: Writing IBS_WAKE_ACK
07-20 01:12:18.706  1095  2241 I vendor.qti.bluetooth@1.0-ibs_handler: ProcessIbsCmd: Received IBS_SLEEP_IND: 0xFE
07-20 01:12:18.816  3187  3218 W System.err: java.io.FileNotFoundException: /proc/ant_state: open failed: ENOENT (No such file or directory)
07-20 01:12:18.816  3187  3218 W System.err: 	at libcore.io.IoBridge.open(IoBridge.java:574)
07-20 01:12:18.816  3187  3218 W System.err: 	at java.io.FileInputStream.<init>(FileInputStream.java:179)
07-20 01:12:18.816  3187  3218 W System.err: 	at java.io.FileReader.<init>(FileReader.java:75)
07-20 01:12:18.816  3187  3218 W System.err: 	at com.hmd.sarsensor.ModeService$NodeWatcher.readNode(ModeService.java:539)
07-20 01:12:18.816  3187  3218 W System.err: 	at com.hmd.sarsensor.ModeService$NodeWatcher.run(ModeService.java:514)
07-20 01:12:18.816  3187  3218 W System.err: Caused by: android.system.ErrnoException: open failed: ENOENT (No such file or directory)
07-20 01:12:18.816  3187  3218 W System.err: 	at libcore.io.Linux.open(Native Method)
07-20 01:12:18.816  3187  3218 W System.err: 	at libcore.io.ForwardingOs.open(ForwardingOs.java:579)
07-20 01:12:18.816  3187  3218 W System.err: 	at libcore.io.BlockGuardOs.open(BlockGuardOs.java:274)
07-20 01:12:18.816  3187  3218 W System.err: 	at libcore.io.ForwardingOs.open(ForwardingOs.java:579)
07-20 01:12:18.816  3187  3218 W System.err: 	at android.app.ActivityThread$AndroidOs.open(ActivityThread.java:7766)
07-20 01:12:18.816  3187  3218 W System.err: 	at libcore.io.IoBridge.open(IoBridge.java:560)
07-20 01:12:18.816  3187  3218 W System.err: 	... 4 more
07-20 01:12:18.816  3187  3218 E SarTest : read node fail: java.io.FileNotFoundException: /proc/ant_state: open failed: ENOENT (No such file or directory)
07-20 01:12:18.826  1095  2241 I vendor.qti.bluetooth@1.0-ibs_handler: ProcessIbsCmd: Received IBS_WAKE_IND: 0xFD
07-20 01:12:18.826  1095  2241 I vendor.qti.bluetooth@1.0-ibs_handler: ProcessIbsCmd: Writing IBS_WAKE_ACK
07-20 01:12:18.870  1095  2241 I vendor.qti.bluetooth@1.0-ibs_handler: ProcessIbsCmd: Received IBS_SLEEP_IND: 0xFE
07-20 01:12:18.890 13953 14063 I python  : [DEBUG  ] [http          ]//192.168.2.39:80 "GET /data HTTP/1.1" 200 2552
07-20 01:12:18.931  1095  2247 I vendor.qti.bluetooth@1.0-ibs_handler: DeviceSleep: TX Awake, Sending SLEEP_IND
07-20 01:12:19.055 13953 14063 I python  : [DEBUG  ] [Starting new HTTP connection (1)] 192.168.2.20:80
07-20 01:12:19.062 13953 14061 I python  : [DEBUG  ] [Starting new HTTP connection (1)] 192.168.2.39:80
07-20 01:12:19.198  1095  2241 I vendor.qti.bluetooth@1.0-ibs_handler: ProcessIbsCmd: Received IBS_WAKE_IND: 0xFD
07-20 01:12:19.200  1095  2241 I vendor.qti.bluetooth@1.0-ibs_handler: ProcessIbsCmd: Writing IBS_WAKE_ACK
07-20 01:12:19.241  1095  2241 I vendor.qti.bluetooth@1.0-ibs_handler: ProcessIbsCmd: Received IBS_SLEEP_IND: 0xFE
07-20 01:12:19.300  1095  2241 I vendor.qti.bluetooth@1.0-ibs_handler: ProcessIbsCmd: Received IBS_WAKE_IND: 0xFD
07-20 01:12:19.300  1095  2241 I vendor.qti.bluetooth@1.0-ibs_handler: ProcessIbsCmd: Writing IBS_WAKE_ACK
07-20 01:12:19.344  1095  2241 I vendor.qti.bluetooth@1.0-ibs_handler: ProcessIbsCmd: Received IBS_SLEEP_IND: 0xFE
07-20 01:12:19.468 14041 14055 I ble_service:  Traceback (most recent call last):
07-20 01:12:19.469 14041 14055 I ble_service:    File "/home/domivm/TEST/.buildozer/android/app/services/ble_service.py", line 2, in <module>
07-20 01:12:19.469  1095  2241 I vendor.qti.bluetooth@1.0-ibs_handler: ProcessIbsCmd: Received IBS_WAKE_IND: 0xFD
07-20 01:12:19.469  1095  2241 I vendor.qti.bluetooth@1.0-ibs_handler: ProcessIbsCmd: Writing IBS_WAKE_ACK
07-20 01:12:19.470 14041 14055 I ble_service:    File "/home/domivm/TEST/.buildozer/android/app/bridge_manager.py", line 4, in <module>
07-20 01:12:19.471 14041 14055 I ble_service:    File "/home/domivm/TEST/.buildozer/android/app/config.py", line 13, in <module>
07-20 01:12:19.472 14041 14055 I ble_service:  AttributeError: 'NoneType' object has no attribute 'getFilesDir'
07-20 01:12:19.472 14041 14055 I python  : Python for android ended.
07-20 01:12:19.510  1095  2241 I vendor.qti.bluetooth@1.0-ibs_handler: ProcessIbsCmd: Received IBS_SLEEP_IND: 0xFE
07-20 01:12:19.566  1095  2241 I vendor.qti.bluetooth@1.0-ibs_handler: ProcessIbsCmd: Received IBS_WAKE_IND: 0xFD
07-20 01:12:19.566  1095  2241 I vendor.qti.bluetooth@1.0-ibs_handler: ProcessIbsCmd: Writing IBS_WAKE_ACK
07-20 01:12:19.608  1095  2241 I vendor.qti.bluetooth@1.0-ibs_handler: ProcessIbsCmd: Received IBS_SLEEP_IND: 0xFE
07-20 01:12:19.807 13953 14061 I python  : [DEBUG  ] [http          ]//192.168.2.39:80 "GET /data HTTP/1.1" 200 2552
07-20 01:12:19.840  1308  1308 I adbd    : Remote process closed the socket (on MSG_PEEK)
07-20 01:12:19.852  1095  2241 I vendor.qti.bluetooth@1.0-ibs_handler: ProcessIbsCmd: Received IBS_WAKE_IND: 0xFD
07-20 01:12:19.854  1095  2241 I vendor.qti.bluetooth@1.0-ibs_handler: ProcessIbsCmd: Writing IBS_WAKE_ACK
07-20 01:12:19.872  1833  4470 I ActivityManager: Process org.hackintosh1980.espgrowcontroller:service_ble_service (pid 14041) has died: svc SVC 
07-20 01:12:19.873  1833  2210 I libprocessgroup: Successfully killed process cgroup uid 10244 pid 14041 in 0ms
07-20 01:12:19.875   974   974 I Zygote  : Process 14041 exited cleanly (255)
07-20 01:12:19.896  1095  2241 I vendor.qti.bluetooth@1.0-ibs_handler: ProcessIbsCmd: Received IBS_SLEEP_IND: 0xFE
07-20 01:12:19.900 13953 14063 I python  : [DEBUG  ] [http          ]//192.168.2.20:80 "GET /data HTTP/1.1" 200 2513
07-20 01:12:20.029 13953 14061 I python  : [DEBUG  ] [Starting new HTTP connection (1)] 192.168.2.20:80
07-20 01:12:20.029  1833  2193 I UsageStatsService: User[0] Flushing usage stats to disk
07-20 01:12:20.030 13953 14063 I python  : [DEBUG  ] [Starting new HTTP connection (1)] 192.168.2.39:80
07-20 01:12:20.075 13953 13992 E BLASTBufferQueue: [SurfaceView[org.hackintosh1980.espgrowcontroller/org.kivy.android.PythonActivity]#1](f:0,a:0) rejecting buffer:active_size=1545x720, requested_size=1545x720 buffer{size=664x1461 transform=7}
07-20 01:12:20.080 13953 13992 I python  : [BROADCAST] Bridge gestartet
07-20 01:12:20.444 23890 30324 I FusedLocation: (REDACTED) getLastLocation() noteOp denied for %s
07-20 01:12:20.488  1095  2241 I vendor.qti.bluetooth@1.0-ibs_handler: ProcessIbsCmd: Received IBS_WAKE_IND: 0xFD
07-20 01:12:20.488  1095  2241 I vendor.qti.bluetooth@1.0-ibs_handler: ProcessIbsCmd: Writing IBS_WAKE_ACK
07-20 01:12:20.522 13953 14063 I python  : [DEBUG  ] [http          ]//192.168.2.39:80 "GET /data HTTP/1.1" 200 2552
07-20 01:12:20.530  1095  2241 I vendor.qti.bluetooth@1.0-ibs_handler: ProcessIbsCmd: Received IBS_SLEEP_IND: 0xFE
07-20 01:12:20.625 13953 14061 I python  : [DEBUG  ] [http          ]//192.168.2.20:80 "GET /data HTTP/1.1" 200 2563
07-20 01:12:20.745  1095  2241 I vendor.qti.bluetooth@1.0-ibs_handler: ProcessIbsCmd: Received IBS_WAKE_IND: 0xFD
07-20 01:12:20.748  1095  2241 I vendor.qti.bluetooth@1.0-ibs_handler: ProcessIbsCmd: Writing IBS_WAKE_ACK
07-20 01:12:20.758 13953 14063 I python  : [DEBUG  ] [Starting new HTTP connection (1)] 192.168.2.20:80
07-20 01:12:20.764 13953 14061 I python  : [DEBUG  ] [Starting new HTTP connection (1)] 192.168.2.39:80
07-20 01:12:20.789  1095  2241 I vendor.qti.bluetooth@1.0-ibs_handler: ProcessIbsCmd: Received IBS_SLEEP_IND: 0xFE
07-20 01:12:20.817  3187  3218 W System.err: java.io.FileNotFoundException: /proc/ant_state: open failed: ENOENT (No such file or directory)
07-20 01:12:20.817  3187  3218 W System.err: 	at libcore.io.IoBridge.open(IoBridge.java:574)
07-20 01:12:20.817  3187  3218 W System.err: 	at java.io.FileInputStream.<init>(FileInputStream.java:179)
07-20 01:12:20.817  3187  3218 W System.err: 	at java.io.FileReader.<init>(FileReader.java:75)
07-20 01:12:20.817  3187  3218 W System.err: 	at com.hmd.sarsensor.ModeService$NodeWatcher.readNode(ModeService.java:539)
07-20 01:12:20.817  3187  3218 W System.err: 	at com.hmd.sarsensor.ModeService$NodeWatcher.run(ModeService.java:514)
07-20 01:12:20.817  3187  3218 W System.err: Caused by: android.system.ErrnoException: open failed: ENOENT (No such file or directory)
07-20 01:12:20.817  3187  3218 W System.err: 	at libcore.io.Linux.open(Native Method)
07-20 01:12:20.817  3187  3218 W System.err: 	at libcore.io.ForwardingOs.open(ForwardingOs.java:579)
07-20 01:12:20.817  3187  3218 W System.err: 	at libcore.io.BlockGuardOs.open(BlockGuardOs.java:274)
07-20 01:12:20.817  3187  3218 W System.err: 	at libcore.io.ForwardingOs.open(ForwardingOs.java:579)
07-20 01:12:20.817  3187  3218 W System.err: 	at android.app.ActivityThread$AndroidOs.open(ActivityThread.java:7766)
07-20 01:12:20.817  3187  3218 W System.err: 	at libcore.io.IoBridge.open(IoBridge.java:560)
07-20 01:12:20.817  3187  3218 W System.err: 	... 4 more
07-20 01:12:20.817  3187  3218 E SarTest : read node fail: java.io.FileNotFoundException: /proc/ant_state: open failed: ENOENT (No such file or directory)
07-20 01:12:20.937 13953 13992 I python  : [Core] BROADCAST Bridge started
07-20 01:12:20.974  1095  2241 I vendor.qti.bluetooth@1.0-ibs_handler: ProcessIbsCmd: Received IBS_WAKE_IND: 0xFD
07-20 01:12:20.977  1095  2241 I vendor.qti.bluetooth@1.0-ibs_handler: ProcessIbsCmd: Writing IBS_WAKE_ACK
07-20 01:12:21.018  1095  2241 I vendor.qti.bluetooth@1.0-ibs_handler: ProcessIbsCmd: Received IBS_SLEEP_IND: 0xFE
07-20 01:12:21.234 13953 14061 I python  : [DEBUG  ] [http          ]//192.168.2.39:80 "GET /data HTTP/1.1" 200 2604
07-20 01:12:21.386  1095  2241 I vendor.qti.bluetooth@1.0-ibs_handler: ProcessIbsCmd: Received IBS_WAKE_IND: 0xFD
07-20 01:12:21.390  1095  2241 I vendor.qti.bluetooth@1.0-ibs_handler: ProcessIbsCmd: Writing IBS_WAKE_ACK
07-20 01:12:21.431  1095  2241 I vendor.qti.bluetooth@1.0-ibs_handler: ProcessIbsCmd: Received IBS_SLEEP_IND: 0xFE
07-20 01:12:21.452  1095  2241 I vendor.qti.bluetooth@1.0-ibs_handler: ProcessIbsCmd: Received IBS_WAKE_IND: 0xFD
07-20 01:12:21.453  1095  2241 I vendor.qti.bluetooth@1.0-ibs_handler: ProcessIbsCmd: Writing IBS_WAKE_ACK
07-20 01:12:21.494  1095  2241 I vendor.qti.bluetooth@1.0-ibs_handler: ProcessIbsCmd: Received IBS_SLEEP_IND: 0xFE
07-20 01:12:21.574 13953 14063 I python  : [DEBUG  ] [http          ]//192.168.2.20:80 "GET /data HTTP/1.1" 200 2565
07-20 01:12:21.685 13953 14063 I python  : [DEBUG  ] [Starting new HTTP connection (1)] 192.168.2.20:80
07-20 01:12:21.686 13953 14061 I python  : [DEBUG  ] [Starting new HTTP connection (1)] 192.168.2.39:80
07-20 01:12:21.764  1095  2241 I vendor.qti.bluetooth@1.0-ibs_handler: ProcessIbsCmd: Received IBS_WAKE_IND: 0xFD
07-20 01:12:21.767  1095  2241 I vendor.qti.bluetooth@1.0-ibs_handler: ProcessIbsCmd: Writing IBS_WAKE_ACK
07-20 01:12:21.808  1095  2241 I vendor.qti.bluetooth@1.0-ibs_handler: ProcessIbsCmd: Received IBS_SLEEP_IND: 0xFE
07-20 01:12:21.882 23890 23899 I NullBinder: NullBinder for android.net.action.RECOMMEND_NETWORKS triggering remote TransactionTooLargeException due to Service without Chimera impl, calling uid: 1000, calling pid: 0
07-20 01:12:21.883 11644 11699 I BugleRcsEngine: handleMessage processing message:[NOTIFY_UPTIME_IGNORE_STATE_CHANGED] with [non-null]:RcsEngineImpl reference [CONTEXT log_prefix="RcsEngineImpl[DUAL_REG]:[9505637b-6848]>Handler" thread_id=222 ]
07-20 01:12:21.883 11644 11688 I BugleRcsEngine: Connected state: [1], networkType: [WIFI] [CONTEXT thread_id=214 ]
