07-20 01:45:41.073 25070 25137 I NetworkKit_AbstractLocalManager: taskId:10 -->NetworkKit_GRS_GrsClient-Init_0|null|com.huawei.hms.framework.network.grs.f.a|a|15|load APP_CONFIG_FILE success.
07-20 01:45:41.099  3287  4157 I HiAdKit.CaLocEngine.pps-msg-queue:  start to query ca loc, type is 1
07-20 01:45:41.100  3287  4157 I HiAdKit.CaLocEngine.pps-msg-queue:  check policy false
07-20 01:45:41.138 25070 25137 I NetworkKit_AbstractLocalManager: taskId:10 -->NetworkKit_GRS_GrsClient-Init_0|null|com.huawei.hms.framework.network.grs.f.a|a|79|load SDK_CONFIG_FILE: grs_sdk_global_route_config_apptouchupdatesdk.json, sucess.
07-20 01:45:41.143 25070 25137 I NetworkKit_AbstractLocalManager: taskId:10 -->NetworkKit_GRS_GrsClient-Init_0|null|com.huawei.hms.framework.network.grs.f.a|a|79|load SDK_CONFIG_FILE: grs_sdk_global_route_config_hiai.json, sucess.
07-20 01:45:41.146 25070 25137 I NetworkKit_AbstractLocalManager: taskId:10 -->NetworkKit_GRS_GrsClient-Init_0|null|com.huawei.hms.framework.network.grs.f.a|a|79|load SDK_CONFIG_FILE: grs_sdk_global_route_config_opensdkService.json, sucess.
07-20 01:45:41.148 25070 25137 I NetworkKit_AbstractLocalManager: taskId:10 -->NetworkKit_GRS_GrsClient-Init_0|null|com.huawei.hms.framework.network.grs.f.a|a|79|load SDK_CONFIG_FILE: grs_sdk_global_route_config_updatesdk.json, sucess.
07-20 01:45:41.167 25070 25137 I NetworkKit_GrsRequestInfo: taskId:10 -->NetworkKit_GRS_GrsClient-Init_0|null|com.huawei.hms.framework.network.grs.g.l.c|e|76|post service list is:{"services":["com.huawei.apptouch.updatesdk","com.huawei.cloud.storytemplate","unifiedAccessService","com.huawei.cloud.hianalytics.aspg","com.huawei.cloud.photos","com.huawei.update","com.huawei.cloud.opensdkhianalytics","com.huawei.cloud.photosConfigService","com.huawei.cloud.hiassistant","com.huawei.updatesdk"]}
07-20 01:45:41.172 25070 25106 I CloudAlbumSDK[11.1.0.303].CommonUtil: isCloudPhotoSwitchOn
07-20 01:45:41.178  1578  1854 I chatty  : uid=1000(system) Binder:1578_3 expire 4 lines
07-20 01:45:41.186 25070 25102 I NetworkKit_a: taskId:10|null|com.huawei.hms.framework.network.grs.a|a|20|get url from sp is not empty.
07-20 01:45:41.186 25070 25102 I NetworkKit_LocalManagerProxy: taskId:10|null|com.huawei.hms.framework.network.grs.f.b|a|20|appGrs is not null and clear services.
07-20 01:45:41.193 25070 25102 I NetworkKit_c: taskId:10|null|com.huawei.hms.framework.network.grs.e.c|a|23|ContextHolder.getAppContext() from GRS is:null
07-20 01:45:41.196 25070 25102 I NetworkKit_c: taskId:10|null|com.huawei.hms.framework.network.grs.e.c|a|23|ContextHolder.getAppContext() from GRS is:null
07-20 01:45:41.197 25070 25137 I NetworkKit_LocalManagerV2: taskId:10 -->NetworkKit_GRS_GrsClient-Init_0|null|com.huawei.hms.framework.network.grs.f.d|<init>|32|appConfigName isnull
07-20 01:45:41.200 25070 25137 I NetworkKit_AbstractLocalManager: taskId:10 -->NetworkKit_GRS_GrsClient-Init_0|null|com.huawei.hms.framework.network.grs.f.a|a|15|load APP_CONFIG_FILE success.
07-20 01:45:41.213  2262  7426 I chatty  : uid=1000(system) JNITID-7426 expire 32 lines
07-20 01:45:41.215  2262  3431 I chatty  : uid=1000(system) EmcomThread expire 24 lines
07-20 01:45:41.220  1578  2165 I ConnectivityService: B uid 10141
07-20 01:45:41.224  1578  5183 I ConnectivityService: B uid 10141
07-20 01:45:41.234 25070 25137 I NetworkKit_AbstractLocalManager: taskId:10 -->NetworkKit_GRS_GrsClient-Init_0|null|com.huawei.hms.framework.network.grs.f.a|a|79|load SDK_CONFIG_FILE: grs_sdk_global_route_config_apptouchupdatesdk.json, sucess.
07-20 01:45:41.237 25070 25106 I CloudAlbumSDK[11.1.0.303].CommonUtil: return new packagename
07-20 01:45:41.240 25070 25106 I CloudAlbumSDK[11.1.0.303].CommonUtil: getHiCloudSyncVersion: 1105
07-20 01:45:41.240 25070 25137 I NetworkKit_AbstractLocalManager: taskId:10 -->NetworkKit_GRS_GrsClient-Init_0|null|com.huawei.hms.framework.network.grs.f.a|a|79|load SDK_CONFIG_FILE: grs_sdk_global_route_config_hiai.json, sucess.
07-20 01:45:41.243 25070 25106 I CloudAlbumSDK[11.1.0.303].CommonUtil: getCloudPhotoSwitchState: 0
07-20 01:45:41.248 25070 25137 I NetworkKit_AbstractLocalManager: taskId:10 -->NetworkKit_GRS_GrsClient-Init_0|null|com.huawei.hms.framework.network.grs.f.a|a|79|load SDK_CONFIG_FILE: grs_sdk_global_route_config_opensdkService.json, sucess.
07-20 01:45:41.250 25070 25137 I NetworkKit_AbstractLocalManager: taskId:10 -->NetworkKit_GRS_GrsClient-Init_0|null|com.huawei.hms.framework.network.grs.f.a|a|79|load SDK_CONFIG_FILE: grs_sdk_global_route_config_updatesdk.json, sucess.
07-20 01:45:41.258 25070 25137 I NetworkKit_GrsRequestInfo: taskId:10 -->NetworkKit_GRS_GrsClient-Init_0|null|com.huawei.hms.framework.network.grs.g.l.c|e|76|post service list is:{"services":["com.huawei.apptouch.updatesdk","com.huawei.cloud.storytemplate","unifiedAccessService","com.huawei.cloud.hianalytics.aspg","com.huawei.cloud.photos","com.huawei.update","com.huawei.cloud.opensdkhianalytics","com.huawei.cloud.photosConfigService","com.huawei.cloud.hiassistant","com.huawei.updatesdk"]}
07-20 01:45:41.267 25070 25102 I NetworkKit_a: taskId:10|null|com.huawei.hms.framework.network.grs.a|a|20|get url from sp is not empty.
07-20 01:45:41.267 25070 25102 I NetworkKit_LocalManagerProxy: taskId:10|null|com.huawei.hms.framework.network.grs.f.b|a|20|appGrs is not null and clear services.
07-20 01:45:41.272 25070 25102 W NetworkKit_AbstractLocalManager: taskId:10|null|com.huawei.hms.framework.network.grs.f.a|a|33|service not found in local config{com.huawei.cloud.hiassistant}
07-20 01:45:41.282  1578  5183 I chatty  : uid=1000(system) Binder:1578_1E identical 2 lines
07-20 01:45:41.284  1578  5183 I ConnectivityService: B uid 10141
07-20 01:45:41.286 25070 25148 I NetworkKit_a: taskId:10 -->NetworkKit_GRS_RequestController-Task_2|null|com.huawei.hms.framework.network.grs.a$a|a|28|access local config for return a domain.
07-20 01:45:41.287 25070 25148 W NetworkKit_AbstractLocalManager: taskId:10 -->NetworkKit_GRS_RequestController-Task_2|null|com.huawei.hms.framework.network.grs.f.a|a|33|service not found in local config{com.huawei.cloud.hiassistant}
07-20 01:45:41.301 25070 25102 I CloudAlbumSDK[11.1.0.303].CommonUtil: getNMDVersion
07-20 01:45:41.304 25070 25102 I CloudAlbumSDK[11.1.0.303].CommonUtil: getHiCloudSyncVersion: 1105
07-20 01:45:41.306 25070 25102 I CloudAlbumSDK[11.1.0.303].CommonUtil: getNMDVersionFromSettings: -1
07-20 01:45:41.306 25070 25102 I CloudAlbumSDK[11.1.0.303].CommonUtil: queryNMDStatus
07-20 01:45:41.309  1578  2165 I ActivityManager: Need to start process com.huawei.hidisk for provider ContentProviderInfo{name=com.huawei.android.cg.albumProvider className=com.huawei.android.cg.provider.AlbumProvider}, callerApp: ProcessRecord{6eab669 25070:com.android.gallery3d/u0a141}
07-20 01:45:41.330 25103 25153 I chatty  : uid=10094(com.huawei.filemanager) pool-1-thread-1 expire 3 lines
07-20 01:45:41.334  1578  1854 I ActivityManager: Need to start process com.huawei.hidisk for provider ContentProviderInfo{name=com.huawei.android.hicloud.provider className=com.huawei.android.hicloud.common.provider.HicloudFeatursProvider}, callerApp: ProcessRecord{cc9e44c 25103:com.huawei.filemanager/u0a94}
07-20 01:45:41.337  1578  1676 I ActivityManager: Start proc 25154:com.huawei.hidisk/5513 for content provider {com.huawei.hidisk/com.huawei.android.cg.provider.AlbumProvider}
07-20 01:45:41.347 25154 25154 E m.huawei.hidis: LoadAppImageStartupCache enabled : 1
07-20 01:45:41.348 25154 25154 I m.huawei.hidis: Reinit property: dalvik.vm.checkjni= false
07-20 01:45:41.349 25154 25154 I m.huawei.hidis: ReInitProperties: persist.vm.debug.dumpapi= false
07-20 01:45:41.351 25154 25154 E m.huawei.hidis: Not starting debugger since process cannot load the jdwp agent.
07-20 01:45:41.371 22059 25069 W HwCtrlCtr: ExtAppConfUtil:=>getExternalAppSwitch isShow is false
07-20 01:45:41.383 22059 22078 I HwCtrlCtr: TimeoutUtil:=>processTask
07-20 01:45:41.387 22059 25069 W HwCtrlCtr: ExtAppConfUtil:=>getExternalAppSwitch isShow is false
07-20 01:45:41.388 22059 22078 E HwCtrlCtr: TimeoutUtil:=>future result is null
07-20 01:45:41.388 22059 22078 E HwCtrlCtr: ExtAppConfUtil:=>item is null so skip
07-20 01:45:41.388 22059 22078 I HwCtrlCtr: TimeoutUtil:=>processTask
07-20 01:45:41.391  2911  3835 W HwLauncher: Utils super Recent is not support by product set
07-20 01:45:41.391 22059 25069 W HwCtrlCtr: ExtAppConfUtil:=>getExternalAppSwitch isShow is false
07-20 01:45:41.391 22059 22078 E HwCtrlCtr: TimeoutUtil:=>future result is null
07-20 01:45:41.391 22059 22078 E HwCtrlCtr: ExtAppConfUtil:=>item is null so skip
07-20 01:45:41.391 22059 22078 I HwCtrlCtr: TimeoutUtil:=>processTask
07-20 01:45:41.394 22059 25069 I HwCtrlCtr: SwitchProvider:=>force turn on ctrl panel pref already exists
07-20 01:45:41.395 22059 22078 I HwCtrlCtr: TimeoutUtil:=>processTask
07-20 01:45:41.397 22059 25069 W HwCtrlCtr: ExtAppConfUtil:=>getExternalAppSwitch isShow is false
07-20 01:45:41.397 22059 22078 E HwCtrlCtr: TimeoutUtil:=>future result is null
07-20 01:45:41.397 22059 22078 E HwCtrlCtr: ExtAppConfUtil:=>item is null so skip
07-20 01:45:41.397 22059 22078 I HwCtrlCtr: ExtAppConfUtil:=>getExternalAppInfoList use time milliseconds : 335
07-20 01:45:41.398 22059 22078 I HwCtrlCtr: SearchProvider:=>getDynSrh result got
07-20 01:45:41.403 25103 25176 I chatty  : uid=10094(com.huawei.filemanager) expire 9 lines
07-20 01:45:41.431 25154 25154 I LoadedApk: makePaths: outLibPaths=[/data/app/com.huawei.hidisk-ocNRdHpfNLSjv1YUPgE8Aw==/lib/arm64, /data/app/com.huawei.hidisk-ocNRdHpfNLSjv1YUPgE8Aw==/base.apk!/lib/arm64-v8a, /system/lib64:/hw_product/lib64:/system/product/lib64:/prets/lib64]
07-20 01:45:41.436 25154 25154 I m.huawei.hidis: The ClassLoaderContext is a special shared library.
07-20 01:45:41.450 25070 25106 I HwSfpPolicyManager: setPolicyWithCheck: can't set ECE/SECE for the file in sdcard directory!
07-20 01:45:41.451 25070 25106 I HwSfpPolicyManager: eventId : 992740301, result code : 0
07-20 01:45:41.452 25070 25106 I HwSfpPolicyManager: setPolicyWithCheck: can't set ECE/SECE for the file in sdcard directory!
07-20 01:45:41.465 25070 25106 I HwSfpPolicyManager: eventId : 992740301, result code : 0
07-20 01:45:41.467 25070 25106 I HwSfpPolicyManager: setPolicyWithCheck: can't set ECE/SECE for the file in sdcard directory!
07-20 01:45:41.468 25154 25172 I ActivityThread: Init compatible state: false
07-20 01:45:41.468 25070 25106 I HwSfpPolicyManager: eventId : 992740301, result code : 0
07-20 01:45:41.486 22059 22078 I HwCtrlCtr: SearchProvider:=>call method = getDynamicSearchData ; arg = PlaceHolderForSettings ; extras = Bundle[mParcelledData.dataSize=256]
07-20 01:45:41.487 22059 22078 I HwCtrlCtr: ExtAppConfUtil:=>getExternalAppInfoList
07-20 01:45:41.490 22059 22078 I HwCtrlCtr: TimeoutUtil:=>processTask
07-20 01:45:41.492 25154 25172 I HwFrameworkSecurityPartsFactory: add HwFrameworkSecurityPartsFactory to memory.
07-20 01:45:41.496 22059 22078 I HwCtrlCtr: TimeoutUtil:=>processTask
07-20 01:45:41.499 22059 25069 W HwCtrlCtr: ExtAppConfUtil:=>getExternalAppSwitch isShow is false
07-20 01:45:41.499 22059 22078 E HwCtrlCtr: TimeoutUtil:=>future result is null
07-20 01:45:41.499 22059 22078 E HwCtrlCtr: ExtAppConfUtil:=>item is null so skip
07-20 01:45:41.499 22059 22078 I HwCtrlCtr: TimeoutUtil:=>processTask
07-20 01:45:41.503  2911  3835 W HwLauncher: Utils super Recent is not support by product set
07-20 01:45:41.504 22059 25069 W HwCtrlCtr: ExtAppConfUtil:=>getExternalAppSwitch isShow is false
07-20 01:45:41.504 22059 22078 E HwCtrlCtr: TimeoutUtil:=>future result is null
07-20 01:45:41.504 22059 22078 E HwCtrlCtr: ExtAppConfUtil:=>item is null so skip
07-20 01:45:41.504 22059 22078 I HwCtrlCtr: TimeoutUtil:=>processTask
07-20 01:45:41.508 22059 25069 I HwCtrlCtr: SwitchProvider:=>force turn on ctrl panel pref already exists
07-20 01:45:41.508 22059 22078 I HwCtrlCtr: TimeoutUtil:=>processTask
07-20 01:45:41.511 22059 25069 W HwCtrlCtr: ExtAppConfUtil:=>getExternalAppSwitch isShow is false
07-20 01:45:41.511 22059 22078 E HwCtrlCtr: TimeoutUtil:=>future result is null
07-20 01:45:41.511 22059 22078 E HwCtrlCtr: ExtAppConfUtil:=>item is null so skip
07-20 01:45:41.511 22059 22078 I HwCtrlCtr: ExtAppConfUtil:=>getExternalAppInfoList use time milliseconds : 24
07-20 01:45:41.511 22059 22078 I HwCtrlCtr: SearchProvider:=>getDynSrh no result got
07-20 01:45:41.548 22059 22078 I HwCtrlCtr: SearchProvider:=>call method = getDynamicSearchData ; arg = PlaceHolderForSettings ; extras = Bundle[mParcelledData.dataSize=264]
07-20 01:45:41.549 22059 22078 I HwCtrlCtr: ExtAppConfUtil:=>getExternalAppInfoList
07-20 01:45:41.551 22059 22078 I HwCtrlCtr: TimeoutUtil:=>processTask
07-20 01:45:41.556 22059 22078 I HwCtrlCtr: TimeoutUtil:=>processTask
07-20 01:45:41.560 22059 25069 W HwCtrlCtr: ExtAppConfUtil:=>getExternalAppSwitch isShow is false
07-20 01:45:41.560 22059 22078 E HwCtrlCtr: TimeoutUtil:=>future result is null
07-20 01:45:41.560 22059 22078 E HwCtrlCtr: ExtAppConfUtil:=>item is null so skip
07-20 01:45:41.560 22059 22078 I HwCtrlCtr: TimeoutUtil:=>processTask
07-20 01:45:41.564  2911  3835 W HwLauncher: Utils super Recent is not support by product set
07-20 01:45:41.564 22059 25069 W HwCtrlCtr: ExtAppConfUtil:=>getExternalAppSwitch isShow is false
07-20 01:45:41.564 22059 22078 E HwCtrlCtr: TimeoutUtil:=>future result is null
07-20 01:45:41.564 22059 22078 E HwCtrlCtr: ExtAppConfUtil:=>item is null so skip
07-20 01:45:41.564 22059 22078 I HwCtrlCtr: TimeoutUtil:=>processTask
07-20 01:45:41.569 22059 25069 I HwCtrlCtr: SwitchProvider:=>force turn on ctrl panel pref already exists
07-20 01:45:41.569 22059 22078 I HwCtrlCtr: TimeoutUtil:=>processTask
07-20 01:45:41.572 22059 25069 W HwCtrlCtr: ExtAppConfUtil:=>getExternalAppSwitch isShow is false
07-20 01:45:41.572 22059 22078 E HwCtrlCtr: TimeoutUtil:=>future result is null
07-20 01:45:41.572 22059 22078 E HwCtrlCtr: ExtAppConfUtil:=>item is null so skip
07-20 01:45:41.572 22059 22078 I HwCtrlCtr: ExtAppConfUtil:=>getExternalAppInfoList use time milliseconds : 23
07-20 01:45:41.574 22059 22078 I HwCtrlCtr: SearchProvider:=>getDynSrh result got
07-20 01:45:41.594 22059 22078 I HwCtrlCtr: SearchProvider:=>call method = getDynamicSearchData ; arg = PlaceHolderForSettings ; extras = Bundle[mParcelledData.dataSize=272]
07-20 01:45:41.594 22059 22078 I HwCtrlCtr: ExtAppConfUtil:=>getExternalAppInfoList
07-20 01:45:41.596 22059 22078 I HwCtrlCtr: TimeoutUtil:=>processTask
07-20 01:45:41.601 22059 22078 I HwCtrlCtr: TimeoutUtil:=>processTask
07-20 01:45:41.604 22059 25069 W HwCtrlCtr: ExtAppConfUtil:=>getExternalAppSwitch isShow is false
07-20 01:45:41.604 22059 22078 E HwCtrlCtr: TimeoutUtil:=>future result is null
07-20 01:45:41.604 22059 22078 E HwCtrlCtr: ExtAppConfUtil:=>item is null so skip
07-20 01:45:41.604 22059 22078 I HwCtrlCtr: TimeoutUtil:=>processTask
07-20 01:45:41.607  2911  3835 W HwLauncher: Utils super Recent is not support by product set
07-20 01:45:41.608 22059 25069 W HwCtrlCtr: ExtAppConfUtil:=>getExternalAppSwitch isShow is false
07-20 01:45:41.608 22059 22078 E HwCtrlCtr: TimeoutUtil:=>future result is null
07-20 01:45:41.608 22059 22078 E HwCtrlCtr: ExtAppConfUtil:=>item is null so skip
07-20 01:45:41.608 22059 22078 I HwCtrlCtr: TimeoutUtil:=>processTask
07-20 01:45:41.611 22059 25069 I HwCtrlCtr: SwitchProvider:=>force turn on ctrl panel pref already exists
07-20 01:45:41.612 22059 22078 I HwCtrlCtr: TimeoutUtil:=>processTask
07-20 01:45:41.614 22059 25069 W HwCtrlCtr: ExtAppConfUtil:=>getExternalAppSwitch isShow is false
07-20 01:45:41.614 22059 22078 E HwCtrlCtr: TimeoutUtil:=>future result is null
07-20 01:45:41.614 22059 22078 E HwCtrlCtr: ExtAppConfUtil:=>item is null so skip
07-20 01:45:41.614 22059 22078 I HwCtrlCtr: ExtAppConfUtil:=>getExternalAppInfoList use time milliseconds : 20
07-20 01:45:41.615 22059 22078 I HwCtrlCtr: SearchProvider:=>getDynSrh no result got
07-20 01:45:41.619 25154 25172 I HwApiCacheMangerEx: apicache path=/storage/emulated/0 state=mounted key=com.huawei.hidisk#5513#256
07-20 01:45:41.619 25154 25172 I HwApiCacheMangerEx: need clear apicache,because volumes changed,oldCnt=0 newCnt=1
07-20 01:45:41.621 25154 25172 I HwApiCacheMangerEx: apicache path=/storage/emulated/0 state=mounted key=com.huawei.hidisk#5513#0
07-20 01:45:41.621 25154 25172 I HwApiCacheMangerEx: need clear apicache,because volumes changed,oldCnt=1 newCnt=1
07-20 01:45:41.625 25103 25186 I chatty  : uid=10094(com.huawei.filemanager) main -->Network expire 14 lines
07-20 01:45:41.626 25154 25154 I m.huawei.hidis: QarthPatchMonintor::Run
07-20 01:45:41.636 25103 25103 I ActivityThread: finishPreloaded preloadStatus 0
07-20 01:45:41.644 25103 25190 I chatty  : uid=10094(com.huawei.filemanager) pool-3-thread-1 expire 14 lines
07-20 01:45:41.670  2262  3864 I chatty  : uid=1000(system) ConnService expire 2 lines
07-20 01:45:41.687   550   550 I chatty  : uid=1000(system) keymaster@3.0-s expire 51 lines
07-20 01:45:41.690 22059 22078 I HwCtrlCtr: SearchProvider:=>call method = getDynamicSearchData ; arg = PlaceHolderForSettings ; extras = Bundle[mParcelledData.dataSize=280]
07-20 01:45:41.691 22059 22078 I HwCtrlCtr: ExtAppConfUtil:=>getExternalAppInfoList
07-20 01:45:41.693 22059 22078 I HwCtrlCtr: TimeoutUtil:=>processTask
07-20 01:45:41.697 25154 25154 I Cloud[15.0.0.305]Sync.MainApplication: attachBaseContext
07-20 01:45:41.699 22059 22078 I HwCtrlCtr: TimeoutUtil:=>processTask
07-20 01:45:41.703 22059 25069 W HwCtrlCtr: ExtAppConfUtil:=>getExternalAppSwitch isShow is false
07-20 01:45:41.703 22059 22078 E HwCtrlCtr: TimeoutUtil:=>future result is null
07-20 01:45:41.703 22059 22078 E HwCtrlCtr: ExtAppConfUtil:=>item is null so skip
07-20 01:45:41.703 22059 22078 I HwCtrlCtr: TimeoutUtil:=>processTask
07-20 01:45:41.707  2911  3835 W HwLauncher: Utils super Recent is not support by product set
07-20 01:45:41.708 22059 25069 W HwCtrlCtr: ExtAppConfUtil:=>getExternalAppSwitch isShow is false
07-20 01:45:41.709 22059 22078 E HwCtrlCtr: TimeoutUtil:=>future result is null
07-20 01:45:41.709 22059 22078 E HwCtrlCtr: ExtAppConfUtil:=>item is null so skip
07-20 01:45:41.709 22059 22078 I HwCtrlCtr: TimeoutUtil:=>processTask
07-20 01:45:41.713 22059 25069 I HwCtrlCtr: SwitchProvider:=>force turn on ctrl panel pref already exists
07-20 01:45:41.713 22059 22078 I HwCtrlCtr: TimeoutUtil:=>processTask
07-20 01:45:41.716 22059 25069 W HwCtrlCtr: ExtAppConfUtil:=>getExternalAppSwitch isShow is false
07-20 01:45:41.716 22059 22078 E HwCtrlCtr: TimeoutUtil:=>future result is null
07-20 01:45:41.716 22059 22078 E HwCtrlCtr: ExtAppConfUtil:=>item is null so skip
07-20 01:45:41.716 22059 22078 I HwCtrlCtr: ExtAppConfUtil:=>getExternalAppInfoList use time milliseconds : 25
07-20 01:45:41.716 22059 22078 I HwCtrlCtr: SearchProvider:=>getDynSrh no result got
07-20 01:45:41.726 25154 25154 W HMSSDK_PushPreferences: get new sharedPreferences failed,start to get from context. 
07-20 01:45:41.742 25154 25172 I HwPartIawareFactory: add android.common.HwPartIawareFactoryImpl to memory.
07-20 01:45:41.742 25154 25172 I AwareBitmapCacher: init processName:com.huawei.hidisk pid=25154 uid=5513
07-20 01:45:41.754 25103 25191 I chatty  : uid=10094(com.huawei.filemanager) pool-4-thread-1 expire 3 lines
07-20 01:45:41.762 25103 25210 I chatty  : uid=10094(com.huawei.filemanager) previousDex2oat expire 4 lines
07-20 01:45:41.769 25103 25211 I chatty  : uid=10094(com.huawei.filemanager) previousDex2oat expire 3 lines
07-20 01:45:41.776 25154 25154 I AGConnectProvider: AGConnectInitializeProvider#onCreate
07-20 01:45:41.776 25154 25154 I AGConnectInstance: AGConnectInstance#initialize
07-20 01:45:41.778 25154 25154 W AGC_Instance: agc sdk initialize
07-20 01:45:41.780 25154 25154 I AGC_Registrar: getServices
07-20 01:45:41.783 25154 25154 I AGC_Registrar: services:0
07-20 01:45:41.784 25154 25154 I AGC_Instance: initFinish callback start
07-20 01:45:41.785 25154 25154 I AGC_Instance: AGC SDK initialize end
07-20 01:45:41.795 25154 25154 I HwApiCacheMangerEx: apicache path=/storage/emulated/0 state=mounted key=com.huawei.hidisk#5513#256
07-20 01:45:41.795 25154 25154 I HwApiCacheMangerEx: need clear apicache,because volumes changed,oldCnt=1 newCnt=1
07-20 01:45:41.801 25154 25154 I Cloud[15.0.0.305]Sync.HicloudMigrateProvider: onCreate: 
07-20 01:45:41.922 25154 25154 I Cloud[15.0.0.305]Sync.MainApplication: Rom Version: 27
07-20 01:45:41.928 25154 25154 I LanguagePlugin_b: com.huawei.hidisk is application
07-20 01:45:41.928 25154 25154 I LanguagePlugin_d: locale:en
07-20 01:45:41.929 25154 25154 I LanguagePlugin_InstallLanguageStrategy: start languageplugin. needAync=true
07-20 01:45:41.930 25154 25154 I LanguagePlugin_InstallLanguageStrategy: onCreate install end
07-20 01:45:41.930 25154 25171 W Cloud[15.0.0.305]Sync.AccountSetting: user_id in sp is empty
07-20 01:45:41.936 25070 25102 I CloudAlbumSDK[11.1.0.303].CommonUtil: queryNMDStatus status: 0
07-20 01:45:41.941 25154 25154 I Cloud[15.0.0.305]Base.BaseUtil: Application.getProcessName:com.huawei.hidisk
07-20 01:45:41.948 25070 25070 I CloudAlbumSDK[11.1.0.303].NetBatteryManager: init
07-20 01:45:41.954 25154 25219 I LanguagePlugin_InstallLanguageStrategy: start try to decode package pressed by brotli
07-20 01:45:41.994 25154 25154 I Cloud[15.0.0.305]Base.BaseUtil: Application.getProcessName:com.huawei.hidisk
07-20 01:45:41.995 25154 25154 I Cloud[15.0.0.305]Sync.AnrDetector: init
07-20 01:45:41.997 25103 25103 W SystemConfig: No directory /product_services/etc/sysconfig, skipping
07-20 01:45:41.997 25103 25103 W SystemConfig: No directory /product_services/etc/permissions, skipping
07-20 01:45:42.000 25103 25103 W SystemConfig: No directory /system/emui/base/sysconfig, skipping
07-20 01:45:42.000 25154 25219 I LanguagePlugin_k: langsFile:base-langs.br
07-20 01:45:42.001 25154 25154 I AppLogManager: worker start
07-20 01:45:42.002 25154 25154 I Cloud[15.0.0.305]Base.Properties: load assets properties.
07-20 01:45:42.007 25070 25102 I AppFeatureLoader: loadFeature entryClazz:com.huawei.gallery.photomore.featurelayer.PhotoMoreFeatureEntry clazz:com.huawei.gallery.feature.photomore.IPhotoMoreFeature
07-20 01:45:42.016 25103 25103 W SystemConfig: No directory /system/emui/oversea/sysconfig, skipping
07-20 01:45:42.019 25103 25103 W SystemConfig: No directory /vendor/etc/sysconfig, skipping
07-20 01:45:42.028 25154 25221 I PrintWorker: start init LogWrite
07-20 01:45:42.030 25154 25219 I LanguagePlugin_InstallLanguageStrategy: start install language, app is com.huawei.hidisk
07-20 01:45:42.031  1578  1877 I ConnectivityService: notifyType CALLBACK_CAP_CHANGED for NetworkAgentInfo [WIFI () - 101]
07-20 01:45:42.033  1578  1875 I ConnectivityService: B uid 10208
07-20 01:45:42.033  1578  1875 I ConnectivityService: B uid 10207
07-20 01:45:42.033  1578  1875 I ConnectivityService: B uid 10201
07-20 01:45:42.033  1578  1875 I ConnectivityService: B uid 10200
07-20 01:45:42.034  1578  1875 I ConnectivityService: B uid 10195
07-20 01:45:42.035  1578  1961 I chatty  : uid=1000(system) wifipro_feature expire 46 lines
07-20 01:45:42.035  1578  1862 I chatty  : uid=1000(system) WifiService expire 48 lines
07-20 01:45:42.036  2807  3031 I HotspotComponent: onWifiBroadcastReceived :android.net.wifi.RSSI_CHANGED
07-20 01:45:42.037  2262  2440 I chatty  : uid=1000(system) OllieAwareThrea expire 8 lines
07-20 01:45:42.037  2807  3031 I WifiStatController: not need report or sync
07-20 01:45:42.038  1578  1959 I chatty  : uid=1000(system) HwWifiConnectiv expire 2 lines
07-20 01:45:42.040 25154 25219 I LanguagePlugin_LanguageInstaller: getDeviceLanguageTags context is:com.huawei.hidisk
07-20 01:45:42.041 25154 25219 I LanguagePlugin_LanguageInstaller: isRegionCompress is false, return Language only
07-20 01:45:42.043  1578  1875 I ConnectivityService: B uid 10132
07-20 01:45:42.043 25154 25219 I LanguagePlugin_LanguageInstaller: getDeviceLanguageTags languageTags:en SDK version is :29
07-20 01:45:42.044 25154 25219 I LanguagePlugin_LanguageInstaller: en has been installed
07-20 01:45:42.048  1578  2196 E WifiPermissionsUtil: getUidPermission is DENIED and permissionType android.permission.ACCESS_FINE_LOCATIONuid 10078
07-20 01:45:42.049  1578  2196 I chatty  : uid=1000(system) Binder:1578_9 expire 11 lines
07-20 01:45:42.059  2807  3026 I WifiProComponent: default event
07-20 01:45:42.060  2807  3026 I HotspotComponent: handleEvent
07-20 01:45:42.060  2807  3026 I HotspotComponent: handleEvent not handle the event:1128
07-20 01:45:42.060 25154 25219 I LanguagePlugin_h: Set to preferred locale: en_ES
07-20 01:45:42.061  1578  2764 E WifiPermissionsUtil: getUidPermission is DENIED and permissionType android.permission.ACCESS_FINE_LOCATIONuid 10032
07-20 01:45:42.061  1578  2764 I chatty  : uid=1000(system) Binder:1578_14 expire 29 lines
07-20 01:45:42.069 25154 25219 I LanguagePlugin_InstallLanguageStrategy: after Language Feature Compat
07-20 01:45:42.069 25154 25219 I LanguagePlugin_f: begin clean old  VersionSplits ...
07-20 01:45:42.076 25154 25154 W Cloud[15.0.0.305]Sync.AccountSetting: user_id in sp is empty
07-20 01:45:42.086  2262 25008 I chatty  : uid=1000(system) com.huawei.systemserver expire 9 lines
07-20 01:45:42.104 25103 25103 W SystemConfig: No directory /odm/etc/sysconfig, skipping
07-20 01:45:42.117 25103 25103 W SystemConfig: No directory /odm/etc/carrier/21403F09/sysconfig, skipping
07-20 01:45:42.117 25103 25103 W SystemConfig: No directory /odm/etc/carrier/21403F09/permissions, skipping
07-20 01:45:42.118 25103 25103 W SystemConfig: No directory /odm/hw_odm/BLA-L29/sysconfig, skipping
07-20 01:45:42.118 25103 25103 W SystemConfig: No directory /odm/hw_odm/BLA-L29/permissions, skipping
07-20 01:45:42.118 25103 25103 W SystemConfig: No directory /hw_product/etc/sysconfig, skipping
07-20 01:45:42.132 25103 25103 W SystemConfig: No directory /hw_product/etc/carrier/21403F09/sysconfig, skipping
07-20 01:45:42.132 25103 25103 W SystemConfig: No directory /hw_product/etc/carrier/21403F09/permissions, skipping
07-20 01:45:42.132 25103 25103 W SystemConfig: No directory /hw_product/region_comm/oversea/sysconfig, skipping
07-20 01:45:42.135 25103 25103 W SystemConfig: No directory /preas/oversea/sysconfig, skipping
07-20 01:45:42.137 25070 25070 I CloudAlbumSDK[11.1.0.303].NetBatteryManager: onReceive action: android.net.conn.CONNECTIVITY_CHANGE
07-20 01:45:42.138 25070 25070 I CloudAlbumSDK[11.1.0.303].NetBatteryManager: onReceive action: android.intent.action.BATTERY_CHANGED
07-20 01:45:42.154 25103 25103 W SystemConfig: No directory /hw_product/hw_oem/BLA-L29/sysconfig, skipping
07-20 01:45:42.155 25103 25103 W SystemConfig: No directory /hw_product/hw_oem/BLA-L29/permissions, skipping
07-20 01:45:42.155 25103 25103 W SystemConfig: No directory /preload/BLA-L29/hw/eu/sysconfig, skipping
07-20 01:45:42.157 25103 25103 W SystemConfig: No directory /cust/global/sysconfig, skipping
07-20 01:45:42.157 25103 25103 W SystemConfig: No directory /cust/global/permissions, skipping
07-20 01:45:42.158 25103 25103 W SystemConfig: No directory /cust/global/carrier/21403F09/sysconfig, skipping
07-20 01:45:42.158 25103 25103 W SystemConfig: No directory /cust/global/carrier/21403F09/permissions, skipping
07-20 01:45:42.164 25103 25103 W SystemConfig: No directory /cust/hw/eu/permissions, skipping
07-20 01:45:42.165 25154 25154 I Cloud[15.0.0.305]Base.BaseUtil: Application.getProcessName:com.huawei.hidisk
07-20 01:45:42.165 25103 25103 W SystemConfig: No directory /cust/hw/eu/carrier/21403F09/sysconfig, skipping
07-20 01:45:42.165 25154 25154 I Cloud[15.0.0.305]Sync.CommonDriveManager: initInMainProcess
07-20 01:45:42.165 25103 25103 W SystemConfig: No directory /cust/hw/eu/carrier/21403F09/permissions, skipping
07-20 01:45:42.167 25103 25103 W SystemConfig: No directory /hw_product/special_cust/BLA-L29/hw/eu/sysconfig, skipping
07-20 01:45:42.168 25154 25154 W Cloud[15.0.0.305]Sync.AccountSetting: user_id in sp is empty
07-20 01:45:42.171 25103 25103 W SystemConfig: No directory /version/special_cust/BLA-L29/hw/eu/sysconfig, skipping
07-20 01:45:42.172  1578  2764 E WifiPermissionsUtil: getUidPermission is DENIED and permissionType android.permission.ACCESS_FINE_LOCATIONuid 10032
07-20 01:45:42.172 25103 25103 W SystemConfig: No directory /version/special_cust/BLA-L29/hw/eu/permissions, skipping
07-20 01:45:42.172 25103 25103 W SystemConfig: No directory /cust/cotalite/sysconfig, skipping
07-20 01:45:42.172 25103 25103 W SystemConfig: No directory /cust/cotalite/permissions, skipping
07-20 01:45:42.172 25103 25103 W SystemConfig: No directory /cust/ecota/sysconfig, skipping
07-20 01:45:42.172 25103 25103 W SystemConfig: No directory /cust/ecota/permissions, skipping
07-20 01:45:42.172 25103 25103 I HwCustSystemConfigImpl: start read overlay feature.
07-20 01:45:42.177 25103 25103 I HwCustSystemConfigImpl: overlay feature take effect.
07-20 01:45:42.186  1578  2764 E WifiPermissionsUtil: getUidPermission is DENIED and permissionType android.permission.ACCESS_FINE_LOCATIONuid 10032
07-20 01:45:42.191  1578  1675 W BroadcastQueue: Permission Denial: broadcasting Intent { act=android.net.conn.CONNECTIVITY_CHANGE flg=0x4200010 (has extras) } from null (pid=-1, uid=-1) requires com.huawei.hicloud.permission.AT_NETWORK_RECEIVE due to registered receiver BroadcastFilter{97cc25d 5513/u0 ReceiverList{c50b434 25154 com.huawei.hidisk/5513/u0 remote:f4e7b07}}
07-20 01:45:42.193  1578  2764 E WifiPermissionsUtil: getUidPermission is DENIED and permissionType android.permission.ACCESS_FINE_LOCATIONuid 10032
07-20 01:45:42.199  1578  2764 E WifiPermissionsUtil: getUidPermission is DENIED and permissionType android.permission.ACCESS_FINE_LOCATIONuid 10032
07-20 01:45:42.238  1155  1185 I chatty  : uid=1000(system) sensors@1.2-ser expire 1 line
07-20 01:45:42.255 25154 25154 I Cloud[15.0.0.305]Base.SystemUtil: getFieldByName,UserHandle{-3}
07-20 01:45:42.256 25154 25154 I Cloud[15.0.0.305]Base.SystemUtil: getFieldByName,user_setup_complete
07-20 01:45:42.256 25154 25154 I Cloud[15.0.0.305]Base.SystemUtil: getFieldByName,13
07-20 01:45:42.256 25154 25154 I Cloud[15.0.0.305]Base.SystemUtil: getFieldByName,12
07-20 01:45:42.256   729   790 E ACCKIT_ : PerfMgr: fail to read 0
07-20 01:45:42.260 25154 25154 E Cloud[15.0.0.305]Base.SystemUtil: getFieldByName: FILE_TYPE_PNG
07-20 01:45:42.260 25154 25154 I Cloud[15.0.0.305]Base.SystemUtil: getFieldByName,33
07-20 01:45:42.260 25154 25154 I Cloud[15.0.0.305]Base.SystemUtil: getFieldByName,8
07-20 01:45:42.272 25154 25154 I Cloud[15.0.0.305]Base.SystemUtil: getFieldByName,android.permission.GRANT_RUNTIME_PERMISSIONS
07-20 01:45:42.285 25154 25227 I Cloud[15.0.0.305]Base.BaseUtil: provider packageName is: com.huawei.hwid
07-20 01:45:42.289 25154 25227 I StubController: system app validUid:5513, isFriend:true
07-20 01:45:42.293 25154 25154 I Cloud[15.0.0.305]Sync.CommonDriveManager: init processGetPushToken
07-20 01:45:42.293 25154 25154 W Cloud[15.0.0.305]Sync.AccountSetting: user_id in sp is empty
07-20 01:45:42.294 25154 25154 I Cloud[15.0.0.305]Sync.CommonDriveManager: initReceiver
07-20 01:45:42.310  2533 16729 I fwkit_AbP: [fwkit AbsContentProvider.java:13] cp:com.huawei.hidisk;query;content://com.huawei.hwid.api.provider/has_login
07-20 01:45:42.310  2533 16729 I ProviderUtil: [HwID_APK_log[6.16.2.312|6.21.0.300]core ProviderUtil.java:49] Calling package:com.huawei.hidisk
07-20 01:45:42.311  2533 16729 I HwIDProvider: [HwID_APK_log[6.16.2.312|6.21.0.300]core HwIDProvider.java:244] match:5
07-20 01:45:42.313  1578  1675 W BroadcastQueue: Permission Denial: broadcasting Intent { act=android.net.conn.CONNECTIVITY_CHANGE flg=0x4200010 (has extras) } from null (pid=-1, uid=-1) requires com.huawei.cg.permission.SERVICE due to registered receiver BroadcastFilter{cae015 5513/u0 ReceiverList{d6255cc 25154 com.huawei.hidisk/5513/u0 remote:171c3ff}}
07-20 01:45:42.316  2533 16729 I HwIDProvider: [HwID_APK_log[6.16.2.312|6.21.0.300]core HwIDProvider.java:973] hasLogin:false
07-20 01:45:42.321 25154 25154 W Cloud[15.0.0.305]Sync.AccountSetting: user_id in sp is empty
07-20 01:45:42.330 25154 25227 I Cloud[15.0.0.305]Base.HisyncAccountManager: query provider, login result: 0
07-20 01:45:42.341 25154 25227 I Cloud[15.0.0.305]Sync.BaseSyncUtil: hwid provider result: 0
07-20 01:45:42.341 25154 25227 W Cloud[15.0.0.305]Sync.AccountSetting: user_id in sp is empty
07-20 01:45:42.364 25070 25084 W System  : A resource failed to call close. 
07-20 01:45:42.364 25070 25084 I chatty  : uid=10141(com.android.gallery3d) FinalizerDaemon identical 2 lines
07-20 01:45:42.365 25070 25084 W System  : A resource failed to call close. 
07-20 01:45:42.378 25154 25228 I Cloud[15.0.0.305]Base.CBCKeyStoreAvailableTask: CBC KeyStore available
07-20 01:45:42.381 25154 25154 W Cloud[15.0.0.305]Notify.SyncConfigOperator: services is null, return empty list
07-20 01:45:42.382 25154 25154 W Cloud[15.0.0.305]Sync.AccountSetting: user_id in sp is empty
07-20 01:45:42.384 25154 25154 W Cloud[15.0.0.305]Sync.AccountSetting: user_id in sp is empty
07-20 01:45:42.385 25154 25154 I Cloud[15.0.0.305]Sync.CommonDriveManager: isAgreedHiCloudTerms: false,isHiCloudLogin =false
07-20 01:45:42.386 25154 25154 E Cloud[15.0.0.305]Sync.CommonDriveManager: commonDbCompat
07-20 01:45:42.400 25154 25154 I Cloud[15.0.0.305]Notify.HiCloudAllOMConfigManager: checkConfigUpdate
07-20 01:45:42.401 25154 25154 E Cloud[15.0.0.305]Notify.HiCloudAllOMConfigManager: checkConfigUpdate, term not agree or hicloud not login
07-20 01:45:42.403 25154 25154 I Cloud[15.0.0.305]Sync.CommonDriveManager: initGlobalModuleSetting isConfigTag.
07-20 01:45:42.404 25154 25154 I Cloud[15.0.0.305]Base.GeneralConfigSpUtil: clearDownloadSpValue, configPoint is: HiCloudNoticeConfigAllInOne
07-20 01:45:42.412 25154 25154 I Cloud[15.0.0.305]Base.GeneralConfigSpUtil: setLocalBuiltInVersion, configPoint: HiCloudNoticeConfigAllInOne, builtInVersion: 0
07-20 01:45:42.416 25154 25154 I Cloud[15.0.0.305]Base.BaseUtil: current device mScreenMode: -1
07-20 01:45:42.418 25154 25154 I Cloud[15.0.0.305]Sync.StockActiveManager: isActiveCloudAuto: false
07-20 01:45:42.418 25154 25154 W Cloud[15.0.0.305]Sync.AccountSetting: user_id in sp is empty
07-20 01:45:42.419 25154 25154 I Cloud[15.0.0.305]Sync.ServerControlManager: checkServerControlStatus
07-20 01:45:42.421 25154 25154 E Cloud[15.0.0.305]Sync.CommonDriveManager: commonDbCompat
07-20 01:45:42.421 25154 25154 I Cloud[15.0.0.305]Sync.CommonDriveManager: proportionRandomInt: 120388
07-20 01:45:42.427  1061  6849 I iked    : [INFO]: ikev2.c:305: ikev2_periodic_task()
07-20 01:45:42.434 25154 25154 I Cloud[15.0.0.305]Base.BaseUtil: current device mScreenMode: -1
07-20 01:45:42.442 25154 25154 I Cloud[15.0.0.305]Base.HisyncAccountManager: hwid not login
07-20 01:45:42.442 25154 25154 I Cloud[15.0.0.305]Sync.StockActiveManager: account not login
07-20 01:45:42.443 25154 25154 I Cloud[15.0.0.305]Sync.StockActiveManager: canNotify notifyType: 0
07-20 01:45:42.445 25154 25154 I Cloud[15.0.0.305]Notify.HiCLoudStockActiveManager: getProcessExit: false
07-20 01:45:42.446 25154 25154 I Cloud[15.0.0.305]Sync.StockActiveManager: isActiveCloudAuto: false
07-20 01:45:42.446 25154 25154 I Cloud[15.0.0.305]Sync.StockActiveManager: not auto active
07-20 01:45:42.447 25154 25154 I Cloud[15.0.0.305]Notify.UserActiveRecommendManager: not satisfy reminder condition
07-20 01:45:42.455 25154 25154 I Cloud[15.0.0.305]Sync.CommonDriveManager: refreshSnsNum
07-20 01:45:42.457 25154 25154 E Cloud[15.0.0.305]Base.BaseUtil: isAppInstalled exception: android.content.pm.PackageManager$NameNotFoundException: com.huawei.welink
07-20 01:45:42.458 25154 25154 E Cloud[15.0.0.305]Base.BaseUtil: isAppInstalled exception: android.content.pm.PackageManager$NameNotFoundException: com.huawei.works
07-20 01:45:42.465 25154 25154 I Cloud[15.0.0.305]Sync.CommonUtil: isInRange redPointCount: 6, redPointUpdateTime: 1739320564384
07-20 01:45:42.465 25154 25154 I Cloud[15.0.0.305]Sync.CommonDriveManager: refreshSnsNum isOverseasRedPointNeedShow false
07-20 01:45:42.473  2911  3835 I HwLauncher: LauncherProvider launcher call - method:change_badge arg:null extras:[package=com.huawei.hidisk][badgenumber=0][class=com.huawei.android.hicloud.ui.activity.NewHiSyncSettingAliasActivity] uid =5513 pid =25154
07-20 01:45:42.474  2911  3835 E HwLauncher: SuggestionCallMethodManager  current device not support ability form.
07-20 01:45:42.489 25154 25154 I Cloud[15.0.0.305]Sync.CommonDriveManager: deviceUseInfoReport
07-20 01:45:42.490 25154 25154 I Cloud[15.0.0.305]Sync.CommonDriveManager: reportDeviceUseInfo
07-20 01:45:42.495 25154 25154 E Cloud[15.0.0.305]Config.HiCloudSysParamManager: config file is not existed.
07-20 01:45:42.495 25154 25154 W Cloud[15.0.0.305]Sync.AccountSetting: user_id in sp is empty
07-20 01:45:42.495 25154 25154 I Cloud[15.0.0.305]Config.HiCloudSysParamManager: processOMConfig user not login.
07-20 01:45:42.496 25154 25154 W Cloud[15.0.0.305]Config.CompatibleManager: compatible config not exist
07-20 01:45:42.496 25154 25154 I Cloud[15.0.0.305]Sync.CommonDriveManager: initInMainProcess end
07-20 01:45:42.496 25154 25154 I Cloud[15.0.0.305]Sync.CloudSyncManager: initObserverService
07-20 01:45:42.500 25103 25247 I chatty  : uid=10094(com.huawei.filemanager) Core-Log-1 expire 6 lines
07-20 01:45:42.504 25154 25250 W Cloud[15.0.0.305]Sync.AccountSetting: user_id in sp is empty
07-20 01:45:42.504 25154 25250 E Cloud[15.0.0.305]Sync.ReportDeviceInfoManager: isSatisfyCollectLogic not login hw account
07-20 01:45:42.504 25154 25251 I Cloud[15.0.0.305]Base.SettingsCheckTask: SettingsCheckTask call: init
07-20 01:45:42.507 25154 25249 W Cloud[15.0.0.305]Sync.AccountSetting: user_id in sp is empty
07-20 01:45:42.507 25154 25249 E Cloud[15.0.0.305]Sync.CollectDeviceInfoManager: isSatisfyCollectLogic not login hw account
07-20 01:45:42.509 25103 25252 I chatty  : uid=10094(com.huawei.filemanager) Core-LogWrite expire 4 lines
07-20 01:45:42.518 25154 25251 I Cloud[15.0.0.305]Base.SettingsCheckTask: SettingsCheckTask overtime: 42675959
07-20 01:45:42.526 25154 25251 I Cloud[15.0.0.305]Base.SettingsCheckTask: resetSettings login: false
07-20 01:45:42.526 25154 25251 I Cloud[15.0.0.305]Sync.CommonUtil: setSettingsLogOff
07-20 01:45:42.530 25154 25154 I Cloud[15.0.0.305]Sync.ObserverManager: initContext
07-20 01:45:42.531 25154 25154 W Cloud[15.0.0.305]Sync.CloudSyncManager: disagree HiCloud terms
07-20 01:45:42.532 25154 25154 I Cloud[15.0.0.305]Base.BaseUtil: Application.getProcessName:com.huawei.hidisk
07-20 01:45:42.533 25154 25154 E Cloud[15.0.0.305]Sync.CloudSyncManager: init file backup native service err: java.lang.reflect.InvocationTargetException
07-20 01:45:42.534 25154 25251 I Cloud[15.0.0.305]Notify.NotifyUtil: getShownSyncServiceItems 
07-20 01:45:42.536 25154 25251 W Cloud[15.0.0.305]Notify.SyncConfigOperator: services is null, return empty list
07-20 01:45:42.540 25154 25154 I Cloud[15.0.0.305]Finder.PhoneFinderManager: init
07-20 01:45:42.541 25154 25154 I Cloud[15.0.0.305]Base.BaseUtil: Application.getProcessName:com.huawei.hidisk
07-20 01:45:42.548 25154 25255 E Cloud[15.0.0.305]Config.HiCloudSysParamManager: config file is not existed.
07-20 01:45:42.551 31811 24968 I NearbySharing: Network state changed: NetworkState(isRestricted=false, isOnline=true, isCongested=false, isMetered=false, isWifiConnected=true)
07-20 01:45:42.551 31811 25044 I NearbySharing: Network state changed: NetworkState(isRestricted=false, isOnline=true, isCongested=false, isMetered=false, isWifiConnected=true)
07-20 01:45:42.553 25154 25255 W Cloud[15.0.0.305]Sync.AccountSetting: user_id in sp is empty
07-20 01:45:42.554 25154 25255 I Cloud[15.0.0.305]Config.HiCloudSysParamManager: processOMConfig user not login.
07-20 01:45:42.555 25154 25251 I Cloud[15.0.0.305]Notify.NotifyUtil: getShownSyncServiceItems no added sync module. 
07-20 01:45:42.556 25154 25251 I Cloud[15.0.0.305]Notify.NotifyUtil: getShownSyncServiceItems get OM services is empty
07-20 01:45:42.556 25154 25251 I Cloud[15.0.0.305]Sync.CommonUtil: setSettingSwitchOff list = [hicloud_backup, hicloud_cloudPhoto, hicloud_sync_addressbook, hicloud_sync_notepad, hicloud_sync_calendar, hicloud_sync_browser, hicloud_sync_wlan]
07-20 01:45:42.559 25154 25255 W Cloud[15.0.0.305]Sync.CloudSyncRetryUtil: getSyncTypesFromSp syncTypesSp is null
07-20 01:45:42.559 25154 25255 W Cloud[15.0.0.305]Sync.SyncRetryObserverManager: syncTypes is null no retry
07-20 01:45:42.565  1578  2764 I ActivityManager: Need to start process com.huawei.filemanager.core for provider ContentProviderInfo{name=com.huawei.filemanager.servicemanager className=com.huawei.hms.fwkit.provider.HMSFrameworkProvider}, callerApp: ProcessRecord{cc9e44c 25103:com.huawei.filemanager/u0a94}
07-20 01:45:42.565 25154 25251 I Cloud[15.0.0.305]Sync.CommonUtil: setSettingSwitchOff result = true
07-20 01:45:42.578 25154 25154 I Cloud[15.0.0.305]Finder.LocateTrackEventManager: PhoneFinder onAppStart task add
07-20 01:45:42.579 25154 25258 I Cloud[15.0.0.305]Finder.LocateTrackEventManager: PhoneFinder onAppStart start task
07-20 01:45:42.587  1578  1676 I ActivityManager: Start proc 25259:com.huawei.filemanager.core/u0a94 for content provider {com.huawei.filemanager/com.huawei.hms.fwkit.provider.HMSFrameworkProvider}
07-20 01:45:42.590 25154 25154 I Cloud[15.0.0.305]Finder.UnlockScreenReceiver: init
07-20 01:45:42.592 25154 25258 I Cloud[15.0.0.305]Finder.AntiTheftInf: isAntiTheftSupported  = true
07-20 01:45:42.596  2262  2298 I chatty  : uid=1000(system) Binder:2262_2 expire 3 lines
07-20 01:45:42.596 25259 25259 I chatty  : uid=10094 com.huawei.filemanager.core expire 100 lines
07-20 01:45:42.604 25154 25154 I Cloud[15.0.0.305]Base.BaseUtil: Application.getProcessName:com.huawei.hidisk
07-20 01:45:42.610 25154 25154 I Cloud[15.0.0.305]Album.CloudAlbumSettings: isEnableCPULoadReductionPlus false
07-20 01:45:42.619 25154 25278 I HwApiCacheMangerEx: apicache path=/storage/emulated/0 state=mounted key=com.huawei.hidisk#5513#0
07-20 01:45:42.619 25154 25278 I HwApiCacheMangerEx: need clear apicache,because volumes changed,oldCnt=1 newCnt=1
07-20 01:45:42.619 25154 25278 E Cloud[15.0.0.305]Album.FileHelper: uuid is null
07-20 01:45:42.623 25154 25277 I Cloud[15.0.0.305]Finder.AntiTheftInf: isAntiTheftSupported  = true
07-20 01:45:42.624 25154 25278 E Cloud[15.0.0.305]Album.FileHelper: uuid is null
07-20 01:45:42.624 25154 25280 I Cloud[15.0.0.305]Album.AlbumUtil: begin isSupportDisableAndResumeV2
07-20 01:45:42.630 25154 25154 I Cloud[15.0.0.305]Album.CallbackHelper: init
07-20 01:45:42.631 25154 25280 E Cloud[15.0.0.305]Base.BaseUtil: isAppInstalled exception: android.content.pm.PackageManager$NameNotFoundException: com.huawei.photos
07-20 01:45:42.632 25154 25154 W Cloud[15.0.0.305]Sync.AccountSetting: user_id in sp is empty
07-20 01:45:42.633 25154 25154 I Cloud[15.0.0.305]Base.BaseUtil: Application.getProcessName:com.huawei.hidisk
07-20 01:45:42.633 25154 25154 I Cloud[15.0.0.305]Base.CloudBackupManager: checkDozeWhiteList
07-20 01:45:42.644   714   787 E libteec_vendor: invoke cmd failed(14), code=0xffff5002, origin=4
07-20 01:45:42.644   714   787 E libteec_vendor: InvokeCommand failed
07-20 01:45:42.644   714   787 E huawei_antiTheft: invoke failed, code=0xffff5002, origin=0x4 in AntitheftGetFileSize!
07-20 01:45:42.646 25154 25258 I Cloud[15.0.0.305]Finder.SharedPreferenceUtil: getPhoneFinderSwitch
07-20 01:45:42.647 25154 25258 I Cloud[15.0.0.305]Finder.AntiTheftInf: AntiTheftManagerEx getEnable = false from Anti
07-20 01:45:42.649 25154 25277 I Cloud[15.0.0.305]Finder.AntiTheftInf: AntiTheftManagerEx getEnable = false from cache
07-20 01:45:42.649 25154 25277 I Cloud[15.0.0.305]Finder.SharedPreferenceUtil: writePhoneFinderSwitch:false
07-20 01:45:42.650 25154 25277 I Cloud[15.0.0.305]Finder.AntiTheftInf: AntiTheftManagerEx getEnable = false from cache
07-20 01:45:42.650 25154 25277 I Cloud[15.0.0.305]Finder.PhoneFinderManager: initAccountCheckTaKey
07-20 01:45:42.650 25154 25277 I Cloud[15.0.0.305]Finder.AntiTheftInf: AntiTheftManagerEx getEnable = false from cache
07-20 01:45:42.650 25154 25277 I Cloud[15.0.0.305]Finder.PhoneFinderManager: phoneFinderSwitch: false
07-20 01:45:42.650 25154 25277 I Cloud[15.0.0.305]Finder.SharedPreferenceUtil: getPhoneFinderSwitch
07-20 01:45:42.650 25154 25277 I Cloud[15.0.0.305]Finder.AntiTheftInf: AntiTheftManagerEx getEnable = false from cache
07-20 01:45:42.652 25154 25277 I Cloud[15.0.0.305]Finder.AntiTheftInf: AntiTheftManagerEx getEnable = false from cache
07-20 01:45:42.654 25154 25277 W Cloud[15.0.0.305]Sync.AccountSetting: user_id in sp is empty
07-20 01:45:42.654 25154 25277 I Cloud[15.0.0.305]Finder.AntiTheftInf: AntiTheftManagerEx getEnable = false from cache
07-20 01:45:42.656 25154 25280 I Cloud[15.0.0.305]Album.AlbumUtil: albumFeatureSwitch obj null
07-20 01:45:42.656 25154 25280 I Cloud[15.0.0.305]Album.AlbumUtil: begin isSupportDisableAndResume
07-20 01:45:42.656 25154 25280 I Cloud[15.0.0.305]Album.AlbumUtil: currentGalleryVersion: 1100
07-20 01:45:42.656 25154 25280 I Cloud[15.0.0.305]Album.AlbumUtil: currentGalleryVersion invalid
07-20 01:45:42.660 25154 25277 I Cloud[15.0.0.305]Finder.AntiTheftInf: AntiTheftManagerEx getEnable = false from cache
07-20 01:45:42.671 25154 25154 I Cloud[15.0.0.305]Sync.CloudBackupManager: transferBackupSettingsRecord , isTransfer = true , return 
07-20 01:45:42.678 25154 25277 I Cloud[15.0.0.305]Finder.AntiTheftInf: AntiTheftManagerEx getEnable = false from cache
07-20 01:45:42.681 25154 25291 I Cloud[15.0.0.305]Sync.CloudBackupAboutRequestTask: start query about request
07-20 01:45:42.682 25154 25291 I Cloud[15.0.0.305]Sync.CloudBackupAboutRequestTask: about request do not support.
07-20 01:45:42.682 25154 25291 I Cloud[15.0.0.305]Sync.CloudBackupOperator: onDatabaseUpgradeForParse  upgrade: false
07-20 01:45:42.683 25154 25277 I Cloud[15.0.0.305]Finder.AntiTheftInf: AntiTheftManagerEx getEnable = false from cache
07-20 01:45:42.684 25154 25277 I Cloud[15.0.0.305]Finder.AntiTheftInf: AntiTheftManagerEx getEnable = false from cache
07-20 01:45:42.692 25154 25277 I Cloud[15.0.0.305]Finder.PhoneFinderManager: not harmony os three
07-20 01:45:42.703 25154 25154 I Cloud[15.0.0.305]Sync.OMConfigureUtil: isMatchTwinAppControl twinAppControl is empty
07-20 01:45:42.704 25154 25154 I Cloud[15.0.0.305]Sync.OMConfigureUtil: initMatchV1OSVersRegex  initAppTwinStatus false
07-20 01:45:42.710 25259 25281 I ActivityThread: Init compatible state: false
07-20 01:45:42.711 25259 25281 I chatty  : uid=10094 com.huawei.filemanager.core expire 8 lines
07-20 01:45:42.724 25154 25154 I Cloud[15.0.0.305]Sync.ICBBroadcastManager: registerBroadcastReceiver
07-20 01:45:42.725 25154 25154 I Cloud[15.0.0.305]Sync.CloudBackupManager: isPrivacyUser or Rom is not China region, disable BackupMainforSettingActivity
07-20 01:45:42.732 25154 25154 W Cloud[15.0.0.305]Sync.AccountSetting: user_id in sp is empty
07-20 01:45:42.732 25154 25154 W Cloud[15.0.0.305]Sync.CloudBackupManager: user not login or agree terms
07-20 01:45:42.732 25154 25154 W Cloud[15.0.0.305]Sync.AccountSetting: user_id in sp is empty
07-20 01:45:42.732 25154 25154 I chatty  : uid=5513(vendor_cloudservice) com.huawei.hidisk identical 1 line
07-20 01:45:42.734 25154 25154 W Cloud[15.0.0.305]Sync.AccountSetting: user_id in sp is empty
07-20 01:45:42.734 25154 25297 I Cloud[15.0.0.305]Notify.RestoreNotifyManager: handleApplicationStart
07-20 01:45:42.740 25259 25259 I LoadedApk: makePaths: outLibPaths=[/system/app/HwFileManager/lib/arm64, /system/app/HwFileManager/HwFileManager.apk!/lib/arm64-v8a, /system/priv-app/MediaLibrary/MediaLibrary.apk!/lib/arm64-v8a, /system/lib64:/hw_product/lib64:/system/product/lib64:/prets/lib64]
07-20 01:45:42.746 25154 25154 I Cloud[15.0.0.305]Sync.CloudBackupV3Utils: MainProcessInit: start initBackupActiveTime
07-20 01:45:42.746 25154 25154 I Cloud[15.0.0.305]Sync.CloudBackupV3Utils: MainProcessInit: initBackupActiveTime, The backup switch is:false
07-20 01:45:42.748 25154 25154 I HwTypeface: updateFont: scale=1.0
07-20 01:45:42.751 25154 25297 W Cloud[15.0.0.305]Notify.RestoreNotifyOperator: configs is null, return empty list
07-20 01:45:42.751 25154 25297 E Cloud[15.0.0.305]Notify.RestoreNotifyUtil: RestoreNotifyConfig nor found
07-20 01:45:42.766 25154 25154 I ActivityThread: finishPreloaded preloadStatus 0
07-20 01:45:42.767 25154 25154 I Cloud[15.0.0.305]Sync.HiCloudPowerKitManager: powerKit onServiceConnected
07-20 01:45:42.767 25154 25154 I Cloud[15.0.0.305]Finder.TrackSpConfig: SystemProperties set begin,isTrackWorking:false
07-20 01:45:42.771 25070 25106 I HwHiAIEngine_SystemPropertiesUtil: debugOnFlag is:0
07-20 01:45:42.789 25154 25154 W libc    : Unable to set property "persist.radio.findmyphone" to "0": error code: 0x18
07-20 01:45:42.790 25154 25154 E Cloud[15.0.0.305]Base.SystemPropertiesInvoke: SystemPropertiesInvoke set : java.lang.reflect.InvocationTargetException
07-20 01:45:42.791 25154 25154 I Cloud[15.0.0.305]Finder.TrackSpConfig: SystemProperties set begin,SystemProperties.get:
07-20 01:45:42.859  2262  4098 I chatty  : uid=1000(system) Binder:2262_A expire 8 lines
07-20 01:45:42.874 21964 22042 I HwHiAIEngine_PluginManager: updateInstalledSplits called
07-20 01:45:42.896 21964 22042 I HwHiAIEngine_PluginManager: queryPluginVersion called
07-20 01:45:42.898 21964 22042 I HwHiAIEngine_PluginManager: queryPluginVersion, plugin:cv_videomulti, version:2000033301
07-20 01:45:42.899 25070 25070 E HwHiAIEngine_VisionBase: Service disconnected : this.service is null 
07-20 01:45:42.904 25070 25070 E HwHiAIEngine_VisionBase: mEngine is null when release
07-20 01:45:42.916  2635 29692 I PowerKit_Impl: register sink from pid: 25070
07-20 01:45:42.916  2635 29692 I PowerKit_Impl: registerSink callingUid : 10141 callingPkg: com.android.gallery3d
