07-20 01:49:15.917 26792 26852 I python  : shutil.Error: [('/data/user/0/org.hackintosh1980.espgrowcontroller/files/app/_python_bundle/site-packages/kivy/data/logo/kivy-icon-128.png', '/data/user/0/org.hackintosh1980.espgrowcontroller/files/app/.kivy/icon/kivy-icon-128.png', "[Errno 13] Permission denied: '/data/user/0/org.hackintosh1980.espgrowcontroller/files/app/.kivy/icon/kivy-icon-128.png'"), ('/data/user/0/org.hackintosh1980.espgrowcontroller/files/app/_python_bundle/site-packages/kivy/data/logo/kivy-icon-16.png', '/data/user/0/org.hackintosh1980.espgrowcontroller/files/app/.kivy/icon/kivy-icon-16.png', "[Errno 13] Permission denied: '/data/user/0/org.hackintosh1980.espgrowcontroller/files/app/.kivy/icon/kivy-icon-16.png'"), ('/data/user/0/org.hackintosh1980.espgrowcontroller/files/app/_python_bundle/site-packages/kivy/data/logo/kivy-icon-24.png', '/data/user/0/org.hackintosh1980.espgrowcontroller/files/app/.kivy/icon/kivy-icon-24.png', "[Errno 13] Permission denied: '/data/user/0/org.hackintosh1980.espgrowcontroller/files/app/.kivy/icon/kivy-icon-24.png'"), ('/data/user/0/org.hackintosh1980.espgrowcontroller/files/app/_python_bundle/site-packages/kivy/data/logo/kivy-icon-256.png', '/data/user/0/org.hackintosh1980.espgrowcontroller/files/app/.kivy/icon/kivy-icon-256.png', "[Errno 13] Permission denied: '/data/user/0/org.hackintosh1980.espgrowcontroller/files/app/.kivy/icon/kivy-icon-256.png'"), ('/data/user/0/org.hackintosh1980.espgrowcontroller/files/app/_python_bundle/site-packages/kivy/data/logo/kivy-icon-32.png', '/data/user/0/org.hackintosh1980.espgrowcontroller/files/app/.kivy/icon/kivy-icon-32.png', "[Errno 13] Permission denied: '/data/user/0/org.hackintosh1980.espgrowcontroller/files/app/.kivy/icon/kivy-icon-32.png'"), ('/data/user/0/org.hackintosh1980.espgrowcontroller/files/app/_python_bundle/site-packages/kivy/data/logo/kivy-icon-48.png', '/data/user/0/org.hackintosh1980.espgrowcontroller/files/app/.kivy/icon/kivy-icon-48.png', "[Errno 13] Permission denied: '/data/user/0/org.hackintosh1980.espgrowcontroller/files/app/.kivy/icon/kivy-icon-48.png'"), ('/data/user/0/org.hackintosh1980.espgrowcontroller/files/app/_python_bundle/site-packages/kivy/data/logo/kivy-icon-512.png', '/data/user/0/org.hackintosh1980.espgrowcontroller/files/app/.kivy/icon/kivy-icon-512.png', "[Errno 13] Permission denied: '/data/user/0/org.hackintosh1980.espgrowcontroller/files/app/.kivy/icon/kivy-icon-512.png'"), ('/data/user/0/org.hackintosh1980.espgrowcontroller/files/app/_python_bundle/site-packages/kivy/data/logo/kivy-icon-64.ico', '/data/user/0/org.hackintosh1980.espgrowcontroller/files/app/.kivy/icon/kivy-icon-64.ico', "[Errno 13] Permission denied: '/data/user/0/org.hackintosh1980.espgrowcontroller/files/app/.kivy/icon/kivy-icon-64.ico'"), ('/data/user/0/org.hackintosh1980.espgrowcontroller/files/app/_python_bundle/site-packages/kivy/data/logo/kivy-icon-64.png', '/data/user/0/org.hackintosh1980.espgrowcontroller/files/app/.kivy/icon/kivy-icon-64.png', "[Errno 13] Permission denied: '/data/user/0/org.hackintosh1980.espgrowcontroller/files/app/.kivy/icon/kivy-icon-64.png'"), ('/data/user/0/org.hackintosh1980.espgrowcontroller/files/app/_python_bundle/site-packages/kivy/data/logo', '/data/user/0/org.hackintosh1980.espgrowcontroller/files/app/.kivy/icon', "[Errno 13] Permission denied: '/data/user/0/org.hackintosh1980.espgrowcontroller/files/app/.kivy/icon'")]
07-20 01:49:15.927 26792 26852 I python  : [WARNING] [Config      ] Older configuration version detected (0 instead of 27)
07-20 01:49:15.927 26792 26852 I python  : [WARNING] [Config      ] Upgrading configuration in progress.
07-20 01:49:15.927 26792 26852 I python  : [DEBUG  ] [Config      ] Upgrading from 0 to 1
07-20 01:49:15.935 26792 26852 I python  : [INFO   ] [Logger      ] Record log in /data/user/0/org.hackintosh1980.espgrowcontroller/files/app/.kivy/logs/kivy_26-07-20_0.txt
07-20 01:49:15.937 26792 26852 I python  : [INFO   ] [Kivy        ] v2.3.0
07-20 01:49:15.937 26792 26852 I python  : [INFO   ] [Kivy        ] Installed at "/data/user/0/org.hackintosh1980.espgrowcontroller/files/app/_python_bundle/site-packages/kivy/__init__.pyc"
07-20 01:49:15.937 15864 15907 I Finsky  : [8159] SCH: Scheduling phonesky job Id: 1-1337, CT: 1784471095044, Constraints: [{ L: 41811250, D: 85011250, C: CHARGING_NONE, I: IDLE_NONE, N: NET_ANY, B: BATTERY_ANY }]
07-20 01:49:15.937 26792 26852 I python  : [INFO   ] [Python      ] v3.11.9 (main, Jul 19 2026, 09:21:02) [Clang 14.0.6 (https://android.googlesource.com/toolchain/llvm-project 4c603efb0
07-20 01:49:15.937 15864 15907 I Finsky  : [8159] SCH: Scheduling phonesky job Id: 34-6845, CT: 1784429684637, Constraints: [{ L: 604800000, D: 2571091741, C: CHARGING_NONE, I: IDLE_NONE, N: NET_ANY, B: BATTERY_ANY }]
07-20 01:49:15.937 26792 26852 I python  : [INFO   ] [Python      ] Interpreter at ""
07-20 01:49:15.937 15864 15907 I Finsky  : [8159] SCH: Scheduling phonesky job Id: 34-6848, CT: 1784494961035, Constraints: [{ L: 79199699, D: 1375199699, C: CHARGING_NONE, I: IDLE_NONE, N: NET_ANY, B: BATTERY_ANY }]
07-20 01:49:15.938 15864 15907 I Finsky  : [8159] SCH: Scheduling phonesky job Id: 34-6849, CT: 1784494962606, Constraints: [{ L: 604800000, D: 2591998494, C: CHARGING_NONE, I: IDLE_NONE, N: NET_ANY, B: BATTERY_ANY }]
07-20 01:49:15.938 26792 26852 I python  : [INFO   ] [Logger      ] Purge log fired. Processing...
07-20 01:49:15.938 26792 26852 I python  : [INFO   ] [Logger      ] Purge finished!
07-20 01:49:15.954 15864 15904 I Finsky  : [8156] SCH: Scheduling 1 system job(s)
07-20 01:49:15.954 15864 15904 I Finsky  : [8156] SCH: Scheduling system job Id: 9790, L: 7950340, D: 51150340, C: false, I: false, N: 1
07-20 01:49:15.956  1578  1854 I JobScheduler.Time: Add job to TimeTracking: 96f0026 #u0a183/9790 com.android.vending/com.google.android.finsky.scheduler.process.mainimpl.PhoneskyJobServiceMain, delayTime:342336927, deadlineTime:385536927
07-20 01:49:15.964 15864 26764 I Finsky  : [8271] SCH: job service finished with id 9783.
07-20 01:49:15.967  1578  1686 I PowerManagerService: handleSandman: wakefulness: 1,startDreaming: false
07-20 01:49:15.973  1578  1854 I JobScheduler: APP response end time, Completed JobStatus{2960bb #u0a183/9783 com.android.vending/com.google.android.finsky.scheduler.process.mainimpl.PhoneskyJobServiceMain u=0 s=10183 TIME=-15s764ms:+14h12m30s324ms NET READY}, reschedule=false
07-20 01:49:16.124  1578  5203 I WificondControl: Noise: -92, Snr: 29, Chload: -1, rssi: -63, txBitrate: 72, rxBitrate: 0, frequency: 2462, UlDelay: -1, currentTxBytes: 0, currentTxPackets: 514832, currentTxFailed: 757, currentRxBytes: 0, currentRxPackets: 768441
07-20 01:49:16.133  2880  5886 I VoWifiQoe_N: ProcessReqInfo ul_msgid=5
07-20 01:49:16.133  2880  5886 I VoWifiQoe_N: processReqInfo MSG_WIFI_SIGNAL_INFO_IND 
07-20 01:49:16.133  2880  5886 I VoWifiQoe_N: ProcessSignalInfoInd curStateIsIdle 0 
07-20 01:49:16.133  2880  5886 I VoWifiQoe_N: ProcessSignalInfoInd wifiInterruptFlg 1 enScreenState 1 curStateIsIdle 0
07-20 01:49:16.133  2880  5886 I VoWifiQoe_N: UpdateEvaluatePolicy EVALUATE_POLICY_RSSI
07-20 01:49:16.133  2880  5886 I VoWifiQoe_N: UpdateEvaluatePolicy phoneId 1 is not qoe started!
07-20 01:49:16.344  1578  5203 I WificondControl: Noise: -92, Snr: 30, Chload: -1, rssi: -63, txBitrate: 72, rxBitrate: 0, frequency: 2462, UlDelay: -1, currentTxBytes: 0, currentTxPackets: 514835, currentTxFailed: 757, currentRxBytes: 0, currentRxPackets: 768442
07-20 01:49:16.354  2880  5886 I VoWifiQoe_N: ProcessReqInfo ul_msgid=5
07-20 01:49:16.354  2880  5886 I VoWifiQoe_N: processReqInfo MSG_WIFI_SIGNAL_INFO_IND 
07-20 01:49:16.354  2880  5886 I VoWifiQoe_N: ProcessSignalInfoInd curStateIsIdle 0 
07-20 01:49:16.354  2880  5886 I VoWifiQoe_N: ProcessSignalInfoInd wifiInterruptFlg 1 enScreenState 1 curStateIsIdle 0
07-20 01:49:16.354  2880  5886 I VoWifiQoe_N: UpdateEvaluatePolicy EVALUATE_POLICY_RSSI
07-20 01:49:16.354  2880  5886 I VoWifiQoe_N: UpdateEvaluatePolicy phoneId 1 is not qoe started!
07-20 01:49:16.396  1578  1862 I TrafficMonitor: update:rxPkts:1,txPkts:2,rxBytes:249,txBytes:293
07-20 01:49:16.396  1578  1862 I TrafficMonitor: gettimer:interval=2000
07-20 01:49:16.407   729   790 E ACCKIT_ : PerfMgr: fail to read 0
07-20 01:49:16.477   634  8415 I netd    : trafficSwapActiveStatsMap() <13.19ms>
07-20 01:49:16.566  1578  5203 I WificondControl: Noise: -92, Snr: 30, Chload: -1, rssi: -63, txBitrate: 72, rxBitrate: 0, frequency: 2462, UlDelay: -1, currentTxBytes: 0, currentTxPackets: 514835, currentTxFailed: 757, currentRxBytes: 0, currentRxPackets: 768442
07-20 01:49:16.573  2880  5886 I VoWifiQoe_N: ProcessReqInfo ul_msgid=5
07-20 01:49:16.573  2880  5886 I VoWifiQoe_N: processReqInfo MSG_WIFI_SIGNAL_INFO_IND 
07-20 01:49:16.573  2880  5886 I VoWifiQoe_N: ProcessSignalInfoInd curStateIsIdle 0 
07-20 01:49:16.573  2880  5886 I VoWifiQoe_N: ProcessSignalInfoInd wifiInterruptFlg 1 enScreenState 1 curStateIsIdle 0
07-20 01:49:16.573  2880  5886 I VoWifiQoe_N: UpdateEvaluatePolicy EVALUATE_POLICY_RSSI
07-20 01:49:16.573  2880  5886 I VoWifiQoe_N: UpdateEvaluatePolicy phoneId 1 is not qoe started!
07-20 01:49:16.792  1578  5203 I WificondControl: Noise: -92, Snr: 29, Chload: -1, rssi: -63, txBitrate: 72, rxBitrate: 0, frequency: 2462, UlDelay: -1, currentTxBytes: 0, currentTxPackets: 514835, currentTxFailed: 757, currentRxBytes: 0, currentRxPackets: 768442
07-20 01:49:16.802  2880  5886 I VoWifiQoe_N: ProcessReqInfo ul_msgid=5
07-20 01:49:16.803  2880  5886 I VoWifiQoe_N: processReqInfo MSG_WIFI_SIGNAL_INFO_IND 
07-20 01:49:16.803  2880  5886 I VoWifiQoe_N: ProcessSignalInfoInd curStateIsIdle 0 
07-20 01:49:16.803  2880  5886 I VoWifiQoe_N: ProcessSignalInfoInd wifiInterruptFlg 1 enScreenState 1 curStateIsIdle 0
07-20 01:49:16.803  2880  5886 I VoWifiQoe_N: UpdateEvaluatePolicy EVALUATE_POLICY_RSSI
07-20 01:49:16.803  2880  5886 I VoWifiQoe_N: UpdateEvaluatePolicy phoneId 1 is not qoe started!
07-20 01:49:16.805 26792 26792 W SDLThread: type=1400 audit(0.0:112428): avc: granted { execute } for pid=26792 path="/data/data/org.hackintosh1980.espgrowcontroller/files/app/_python_bundle/modules/binascii.cpython-311.so" dev="sdd70" ino=89395 scontext=u:r:untrusted_app:s0:c165,c258,c512,c768 tcontext=u:object_r:app_data_file:s0:c165,c258,c512,c768 tclass=file
07-20 01:49:16.825 26792 26792 W SDLThread: type=1400 audit(0.0:112429): avc: granted { execute } for pid=26792 path="/data/data/org.hackintosh1980.espgrowcontroller/files/app/_python_bundle/modules/_contextvars.cpython-311.so" dev="sdd70" ino=78246 scontext=u:r:untrusted_app:s0:c165,c258,c512,c768 tcontext=u:object_r:app_data_file:s0:c165,c258,c512,c768 tclass=file
07-20 01:49:16.825 26792 26792 W SDLThread: type=1400 audit(0.0:112430): avc: granted { execute } for pid=26792 path="/data/data/org.hackintosh1980.espgrowcontroller/files/app/_python_bundle/modules/_asyncio.cpython-311.so" dev="sdd70" ino=70942 scontext=u:r:untrusted_app:s0:c165,c258,c512,c768 tcontext=u:object_r:app_data_file:s0:c165,c258,c512,c768 tclass=file
07-20 01:49:16.827  2262  7426 I Booster_Qoe: AdaBoostPredict rlt,index:6,NisPsSlow:0,NProba:312,rsrp(rssi):-63,rsrq(noise):-92,rtt(chload):200,buffhigh(uldelay):0,buffcomm(rtt):0
07-20 01:49:16.827  2262  7426 I Booster_Qoe: AdaBoostPredict rlt,index:2,NisPsSlow:0,NProba:312,rsrp(rssi):-63,rsrq(noise):-92,rtt(chload):200,buffhigh(uldelay):0,buffcomm(rtt):25
07-20 01:49:16.832  2262  3431 I Hicom_Monitor: handleNetworkQoeReport. foregroundAppTcpRtt: 0, maxRatioChannelId: 2
07-20 01:49:16.833  2262  3431 I Hicom_Monitor: handleNetworkQoeReport. qoeString: 10677,4,0,312,1,2,4,0,312,72000,0,10,10,0,0,0,0
07-20 01:49:16.834  1578  1961 I WiFi_PRO_WifiProStateMachine: APP_SERVICE_QOE_NOTIFY Qoe info 10677,4,0,312,1,2,4,0,312,72000,0,10,10,0,0,0,0 CID 2 mMasterWifiRssi -63 mMasterCardAmbr 1048576 mSlaveCardAmbr 1048576
07-20 01:49:16.835  1578  1961 I HwWifiProServiceProxy: ctrlHwWifiNetwork pkgName: WIFIPRO_SERVICE interfaceId: 9
07-20 01:49:16.835  2262  7426 I Collector: HandleRawWifiInfo: flag:0, netId:0!
07-20 01:49:16.835  1578  1961 I WiFi_PRO_WifiProStateMachine: isWifi2WifiProcess = false, mIsNeedIgnoreQoeUpdate = false, mIsAppInBlacklist = false, mIsAppInBlacklistFullScreen = false, mIsWiFiNoInternet false, screen on = true, full screen = false, isLandscapeMode = true, mNotifyWifiLinkPoorReason = -1
07-20 01:49:16.835  1578  1961 I WiFi_PRO_WifiProStateMachine: mChannelQoeBadCnt = 0, mAppQoeBadCnt = 0, mNetworkSlowReason = 0, mNetworkSlowChannelBadCnt = 0
07-20 01:49:16.857 26792 26792 W SDLThread: type=1400 audit(0.0:112431): avc: granted { execute } for pid=26792 path="/data/data/org.hackintosh1980.espgrowcontroller/files/app/_python_bundle/site-packages/kivy/_event.so" dev="sdd70" ino=60757 scontext=u:r:untrusted_app:s0:c165,c258,c512,c768 tcontext=u:object_r:app_data_file:s0:c165,c258,c512,c768 tclass=file
07-20 01:49:16.861 26792 26792 W SDLThread: type=1400 audit(0.0:112432): avc: granted { execute } for pid=26792 path="/data/data/org.hackintosh1980.espgrowcontroller/files/app/_python_bundle/site-packages/kivy/properties.so" dev="sdd70" ino=164601 scontext=u:r:untrusted_app:s0:c165,c258,c512,c768 tcontext=u:object_r:app_data_file:s0:c165,c258,c512,c768 tclass=file
07-20 01:49:16.879 26792 26852 I python  : [INFO   ] [Factory     ] 195 symbols loaded
07-20 01:49:16.941   634  8415 I netd    : trafficSwapActiveStatsMap() <15.22ms>
07-20 01:49:17.015  1578  5203 I WificondControl: Noise: -92, Snr: 29, Chload: -1, rssi: -63, txBitrate: 72, rxBitrate: 0, frequency: 2462, UlDelay: -1, currentTxBytes: 0, currentTxPackets: 514835, currentTxFailed: 757, currentRxBytes: 0, currentRxPackets: 768442
07-20 01:49:17.026  2880  5886 I VoWifiQoe_N: ProcessReqInfo ul_msgid=5
07-20 01:49:17.026  2880  5886 I VoWifiQoe_N: processReqInfo MSG_WIFI_SIGNAL_INFO_IND 
07-20 01:49:17.026  2880  5886 I VoWifiQoe_N: ProcessSignalInfoInd curStateIsIdle 0 
07-20 01:49:17.026  2880  5886 I VoWifiQoe_N: ProcessSignalInfoInd wifiInterruptFlg 1 enScreenState 1 curStateIsIdle 0
07-20 01:49:17.027  2880  5886 I VoWifiQoe_N: UpdateEvaluatePolicy EVALUATE_POLICY_RSSI
07-20 01:49:17.027  2880  5886 I VoWifiQoe_N: UpdateEvaluatePolicy phoneId 1 is not qoe started!
07-20 01:49:17.088  1578  1863 I WificondControl: Noise: -92, Snr: 29, Chload: -1, rssi: -63, txBitrate: 72, rxBitrate: 0, frequency: 2462, UlDelay: -1, currentTxBytes: 0, currentTxPackets: 514835, currentTxFailed: 757, currentRxBytes: 0, currentRxPackets: 768442
07-20 01:49:17.241 26792 26852 I python  : [INFO   ] [Image       ] Providers: img_tex, img_dds, img_sdl2, img_pil (img_ffpyplayer ignored)
07-20 01:49:17.242  1578  5203 I WificondControl: Noise: -92, Snr: 29, Chload: -1, rssi: -63, txBitrate: 72, rxBitrate: 0, frequency: 2462, UlDelay: -1, currentTxBytes: 0, currentTxPackets: 514835, currentTxFailed: 757, currentRxBytes: 0, currentRxPackets: 768442
07-20 01:49:17.256  2880  5886 I VoWifiQoe_N: ProcessReqInfo ul_msgid=5
07-20 01:49:17.257  2880  5886 I VoWifiQoe_N: processReqInfo MSG_WIFI_SIGNAL_INFO_IND 
07-20 01:49:17.257  2880  5886 I VoWifiQoe_N: ProcessSignalInfoInd curStateIsIdle 0 
07-20 01:49:17.257  2880  5886 I VoWifiQoe_N: ProcessSignalInfoInd wifiInterruptFlg 1 enScreenState 1 curStateIsIdle 0
07-20 01:49:17.257  2880  5886 I VoWifiQoe_N: UpdateEvaluatePolicy EVALUATE_POLICY_RSSI
07-20 01:49:17.257  2880  5886 I VoWifiQoe_N: UpdateEvaluatePolicy phoneId 1 is not qoe started!
07-20 01:49:17.307 26792 26852 I python  : [INFO   ] [Window      ] Provider: sdl2
07-20 01:49:17.340  1578  2467 I HwPCUtils#HwPCMultiWindowManager: requestedOrientation: 0
07-20 01:49:17.342 26792 26852 I SDL/APP : pixel format wanted SDL_PIXELFORMAT_RGBA8888 (1), got SDL_PIXELFORMAT_RGBA8888 (1)
07-20 01:49:17.347  1578  2467 I DebugKeepScreenOn: setHoldScreenLocked newHoldScreen:Session{27bd3a2 26792:u0a10677} currentHoldScreen:null wakeLockState:false
07-20 01:49:17.347  1578  2467 I DebugKeepScreenOn: Acquiring screen wakelock due to Window{e15c169 u0 org.hackintosh1980.espgrowcontroller/org.kivy.android.PythonActivity}
07-20 01:49:17.349  1578  1686 I PowerManagerService: handleSandman: wakefulness: 1,startDreaming: false
07-20 01:49:17.372 26792 26792 I DecorView[]: pkgName:org.hackintosh1980.espgrowcontroller old windowMode:1 new windoMode:1, isFixedSize:false
07-20 01:49:17.378  2037  2037 I PanelView1: notifyBarPanelExpansionChanged isPanelVisibleBecauseOfHeadsUp=false,mInstantExpanding=false,mTracking=false
07-20 01:49:17.378  2037  2037 I PanelView2: notifyBarPanelExpansionChanged mPeekAnimator is non null?false,mHeightAnimator is non null?false
07-20 01:49:17.378  1578  1657 I StatusBarDisable: setFlags what=0 which=1 pkg=Window{e15c169 u0 org.hackintosh1980.espgrowcontroller/org.kivy.android.PythonActivity}
07-20 01:49:17.381  1578  2467 I WindowManager:   SURFACE SIZE 2160x1080: org.hackintosh1980.espgrowcontroller/org.kivy.android.PythonActivity
07-20 01:49:17.381  2037  2037 I HwCtrlCtr: ControlCenterImpl: release control blur image!
07-20 01:49:17.382  2037  2037 I PanelView1: notifyBarPanelExpansionChanged isPanelVisibleBecauseOfHeadsUp=false,mInstantExpanding=false,mTracking=false
07-20 01:49:17.382  2037  2037 I PanelView2: notifyBarPanelExpansionChanged mPeekAnimator is non null?false,mHeightAnimator is non null?false
07-20 01:49:17.382  1578  2467 I WindowManager: dispatchResized : win = Window{e15c169 u0 org.hackintosh1980.espgrowcontroller/org.kivy.android.PythonActivity} drawState = HAS_DRAWN
07-20 01:49:17.385  2037  2037 I HwCtrlCtr: ControlCenterImpl: release control blur image!
07-20 01:49:17.393   732  1698 W BufferQueueProducer: [org.hackintosh1980.espgrowcontroller/org.kivy.android.PythonActivity#0]:1390: disconnect: not connected (req=1)
07-20 01:49:17.393 26792 26816 W libEGL  : EGLNativeWindowType 0x7071349390 disconnect failed
07-20 01:49:17.404 26792 26852 I python  : [INFO   ] [GL          ] Using the "OpenGL ES 2" graphics system
07-20 01:49:17.405 26792 26852 I python  : [INFO   ] [GL          ] Backend used <sdl2>
07-20 01:49:17.406 26792 26852 I python  : [INFO   ] [GL          ] OpenGL version <b'OpenGL ES 3.2 v1.r18p0-01rel0.668a3c0df3fa4e4963594ecd8826b9d5'>
07-20 01:49:17.406 26792 26852 I python  : [INFO   ] [GL          ] OpenGL vendor <b'ARM'>
07-20 01:49:17.406 26792 26852 I python  : [INFO   ] [GL          ] OpenGL renderer <b'Mali-G72'>
07-20 01:49:17.407 26792 26852 I python  : [INFO   ] [GL          ] OpenGL parsed version: 3, 2
07-20 01:49:17.407 26792 26852 I python  : [INFO   ] [GL          ] Texture max size <8192>
07-20 01:49:17.407 26792 26852 I python  : [INFO   ] [GL          ] Texture max units <16>
07-20 01:49:17.427  1578  5203 I DebugKeepScreenOn: setHoldScreenLocked newHoldScreen:null currentHoldScreen:Session{27bd3a2 26792:u0a10677} wakeLockState:true
07-20 01:49:17.427  1578  5203 I DebugKeepScreenOn: Releasing screen wakelock, obscured by null
07-20 01:49:17.428  1578  1686 I PowerManagerService: handleSandman: wakefulness: 1,startDreaming: false
07-20 01:49:17.448 31811 25917 I NearbyMediums: No BLE Fast/GATT advertisements found in the latest cycle.
07-20 01:49:17.448 31811 25917 I NearbyMediums: Current Tracked Scanning Clients are : {NearbyConnections.EnvironmentMonitor, NearbySharing}
07-20 01:49:17.477  1578  5203 I WificondControl: Noise: -92, Snr: 29, Chload: -1, rssi: -63, txBitrate: 72, rxBitrate: 0, frequency: 2462, UlDelay: -1, currentTxBytes: 0, currentTxPackets: 514835, currentTxFailed: 757, currentRxBytes: 0, currentRxPackets: 768442
07-20 01:49:17.485  2880  5886 I VoWifiQoe_N: ProcessReqInfo ul_msgid=5
07-20 01:49:17.485  2880  5886 I VoWifiQoe_N: processReqInfo MSG_WIFI_SIGNAL_INFO_IND 
07-20 01:49:17.485  2880  5886 I VoWifiQoe_N: ProcessSignalInfoInd curStateIsIdle 0 
07-20 01:49:17.485  2880  5886 I VoWifiQoe_N: ProcessSignalInfoInd wifiInterruptFlg 1 enScreenState 1 curStateIsIdle 0
07-20 01:49:17.485  2880  5886 I VoWifiQoe_N: UpdateEvaluatePolicy EVALUATE_POLICY_RSSI
07-20 01:49:17.485  2880  5886 I VoWifiQoe_N: UpdateEvaluatePolicy phoneId 1 is not qoe started!
07-20 01:49:17.499 26792 26852 I python  : [INFO   ] [Window      ] auto add sdl2 input provider
07-20 01:49:17.503 26792 26852 I python  : [INFO   ] [Window      ] virtual keyboard not allowed, single mode, not docked
07-20 01:49:17.513 26792 26852 I python  : [INFO   ] [Text        ] Provider: sdl2
07-20 01:49:17.516 26792 26852 I python  : [PERF] Kivy Basis-Core geladen in: 1.7998s
07-20 01:49:17.567 26792 26852 I python  : BLE DESKTOP MODULE IMPORTIERT
07-20 01:49:17.700  1578  5203 I WificondControl: Noise: -92, Snr: 29, Chload: -1, rssi: -63, txBitrate: 72, rxBitrate: 0, frequency: 2462, UlDelay: -1, currentTxBytes: 0, currentTxPackets: 514835, currentTxFailed: 757, currentRxBytes: 0, currentRxPackets: 768442
07-20 01:49:17.720  2880  5886 I VoWifiQoe_N: ProcessReqInfo ul_msgid=5
07-20 01:49:17.721  2880  5886 I VoWifiQoe_N: processReqInfo MSG_WIFI_SIGNAL_INFO_IND 
07-20 01:49:17.721  2880  5886 I VoWifiQoe_N: ProcessSignalInfoInd curStateIsIdle 0 
07-20 01:49:17.721  2880  5886 I VoWifiQoe_N: ProcessSignalInfoInd wifiInterruptFlg 1 enScreenState 1 curStateIsIdle 0
07-20 01:49:17.721  2880  5886 I VoWifiQoe_N: UpdateEvaluatePolicy EVALUATE_POLICY_RSSI
07-20 01:49:17.721  2880  5886 I VoWifiQoe_N: UpdateEvaluatePolicy phoneId 1 is not qoe started!
07-20 01:49:17.773 26792 26852 I python  :  /home/domivm/TEST/.buildozer/android/platform/build-arm64-v8a/build/python-installs/espgrowcontroller/arm64-v8a/requests/__init__.py:92: RequestsDependencyWarning: Unable to find acceptable character detection dependency (chardet or charset_normalizer).
07-20 01:49:17.802 26792 26852 I python  : [Storage] RAM-Cache für Pflanzen erfolgreich geladen.
07-20 01:49:17.809  2037  2037 I PanelView1: notifyBarPanelExpansionChanged isPanelVisibleBecauseOfHeadsUp=false,mInstantExpanding=false,mTracking=false
07-20 01:49:17.809  2037  2037 I PanelView2: notifyBarPanelExpansionChanged mPeekAnimator is non null?false,mHeightAnimator is non null?false
07-20 01:49:17.810  1578  1660 I WindowManager: dispatchResized : win = Window{e15c169 u0 org.hackintosh1980.espgrowcontroller/org.kivy.android.PythonActivity} drawState = HAS_DRAWN
07-20 01:49:17.813  2037  2037 I HwCtrlCtr: ControlCenterImpl: release control blur image!
07-20 01:49:17.814  2037  2037 I PanelView1: notifyBarPanelExpansionChanged isPanelVisibleBecauseOfHeadsUp=false,mInstantExpanding=false,mTracking=false
07-20 01:49:17.814  2037  2037 I PanelView2: notifyBarPanelExpansionChanged mPeekAnimator is non null?false,mHeightAnimator is non null?false
07-20 01:49:17.815 26792 26852 I python  : [MixedEngine] mixed.json initialisiert: /data/user/0/org.hackintosh1980.espgrowcontroller/files/app/data/mixed.json
07-20 01:49:17.817  2037  2037 I HwCtrlCtr: ControlCenterImpl: release control blur image!
07-20 01:49:17.849  2262  7426 I Booster_Qoe: AdaBoostPredict rlt,index:6,NisPsSlow:0,NProba:312,rsrp(rssi):-63,rsrq(noise):-92,rtt(chload):200,buffhigh(uldelay):0,buffcomm(rtt):0
07-20 01:49:17.850  2262  7426 I Booster_Qoe: AdaBoostPredict rlt,index:2,NisPsSlow:0,NProba:312,rsrp(rssi):-63,rsrq(noise):-92,rtt(chload):200,buffhigh(uldelay):0,buffcomm(rtt):10
07-20 01:49:17.850  2262  7426 I Collector: HandleRawWifiInfo: flag:0, netId:0!
07-20 01:49:17.852  2262  3431 I Hicom_Monitor: handleNetworkQoeReport. foregroundAppTcpRtt: 0, maxRatioChannelId: 2
07-20 01:49:17.852  2262  3431 I Hicom_Monitor: handleNetworkQoeReport. qoeString: 10677,4,0,312,1,2,4,0,312,72000,0,10,10,0,0,0,0
07-20 01:49:17.852  1578  1961 I WiFi_PRO_WifiProStateMachine: APP_SERVICE_QOE_NOTIFY Qoe info 10677,4,0,312,1,2,4,0,312,72000,0,10,10,0,0,0,0 CID 2 mMasterWifiRssi -63 mMasterCardAmbr 1048576 mSlaveCardAmbr 1048576
07-20 01:49:17.853  1578  1961 I HwWifiProServiceProxy: ctrlHwWifiNetwork pkgName: WIFIPRO_SERVICE interfaceId: 9
07-20 01:49:17.853  1578  1961 I WiFi_PRO_WifiProStateMachine: isWifi2WifiProcess = false, mIsNeedIgnoreQoeUpdate = false, mIsAppInBlacklist = false, mIsAppInBlacklistFullScreen = false, mIsWiFiNoInternet false, screen on = true, full screen = true, isLandscapeMode = true, mNotifyWifiLinkPoorReason = -1
07-20 01:49:17.853  1578  1961 I WiFi_PRO_WifiProStateMachine: mChannelQoeBadCnt = 0, mAppQoeBadCnt = 0, mNetworkSlowReason = 0, mNetworkSlowChannelBadCnt = 0
07-20 01:49:17.907 26792 26852 I python  : [PERF] Starte Import der 14 Screens...
07-20 01:49:17.929  1578  5203 I WificondControl: Noise: -92, Snr: 28, Chload: -1, rssi: -63, txBitrate: 72, rxBitrate: 0, frequency: 2462, UlDelay: -1, currentTxBytes: 0, currentTxPackets: 514835, currentTxFailed: 757, currentRxBytes: 0, currentRxPackets: 768442
07-20 01:49:17.936  2880  5886 I VoWifiQoe_N: ProcessReqInfo ul_msgid=5
07-20 01:49:17.937  2880  5886 I VoWifiQoe_N: processReqInfo MSG_WIFI_SIGNAL_INFO_IND 
07-20 01:49:17.937  2880  5886 I VoWifiQoe_N: ProcessSignalInfoInd curStateIsIdle 0 
07-20 01:49:17.937  2880  5886 I VoWifiQoe_N: ProcessSignalInfoInd wifiInterruptFlg 1 enScreenState 1 curStateIsIdle 0
07-20 01:49:17.937  2880  5886 I VoWifiQoe_N: UpdateEvaluatePolicy EVALUATE_POLICY_RSSI
07-20 01:49:17.937  2880  5886 I VoWifiQoe_N: UpdateEvaluatePolicy phoneId 1 is not qoe started!
07-20 01:49:18.051 26792 26852 I python  : [PERF] Alle Module & Screens importiert in: 0.5336s
07-20 01:49:18.052 26792 26852 I python  : [PERF] App.build() aufgerufen.
07-20 01:49:18.052 26792 26852 I python  : [PERF] I18N initialisiert in: 0.0000s
07-20 01:49:18.054 26792 26852 I python  : [PERF] Buffer initialisiert/geladen in: 0.0014s
07-20 01:49:18.056 26792 26852 I python  : [PERF][SCREEN] START dashboard
07-20 01:49:18.098 26792 26852 I python  : [INFO   ] [GL          ] NPOT texture support is available
07-20 01:49:18.107 26792 26852 I python  : [PERF][HEADER] Basis: 0.0011s
07-20 01:49:18.115 26792 26852 I python  : [PERF][HEADER] Navigation: 0.0077s
07-20 01:49:18.126 26792 26852 I python  : [WARNING] Deprecated property "<BooleanProperty name=keep_ratio>" of object "<kivy.uix.image.Image object at 0x6ffb24a120>" has been set, it will be removed in a future version
07-20 01:49:18.129 26792 26852 I python  : [PERF][HEADER] Logo+Gerätename: 0.0143s
07-20 01:49:18.154  1578  1854 I WificondControl: Noise: -92, Snr: 28, Chload: -1, rssi: -63, txBitrate: 72, rxBitrate: 0, frequency: 2462, UlDelay: -1, currentTxBytes: 0, currentTxPackets: 514835, currentTxFailed: 757, currentRxBytes: 0, currentRxPackets: 768442
07-20 01:49:18.166  2880  5886 I VoWifiQoe_N: ProcessReqInfo ul_msgid=5
07-20 01:49:18.166  2880  5886 I VoWifiQoe_N: processReqInfo MSG_WIFI_SIGNAL_INFO_IND 
07-20 01:49:18.166  2880  5886 I VoWifiQoe_N: ProcessSignalInfoInd curStateIsIdle 0 
07-20 01:49:18.166  2880  5886 I VoWifiQoe_N: ProcessSignalInfoInd wifiInterruptFlg 1 enScreenState 1 curStateIsIdle 0
07-20 01:49:18.166  2880  5886 I VoWifiQoe_N: UpdateEvaluatePolicy EVALUATE_POLICY_RSSI
07-20 01:49:18.166  2880  5886 I VoWifiQoe_N: UpdateEvaluatePolicy phoneId 1 is not qoe started!
07-20 01:49:18.174 26792 26852 I python  : [PERF][HEADER] Status+Controls: 0.0446s
07-20 01:49:18.177 26792 26852 I python  : [PERF][HEADER] Uhr+Menü: 0.0029s
07-20 01:49:18.184 26792 26852 I python  : [PERF][HEADER] Assembly: 0.0070s
07-20 01:49:18.184 26792 26852 I python  : [PERF][HEADER] TOTAL: 0.0776s
07-20 01:49:18.184 26792 26852 I python  : [PERF][DASHBOARD] HeaderBar: 0.0783s
07-20 01:49:18.217 26792 26852 I python  : [PERF][DASHBOARD][TILE] temp_in: 0.0280s
07-20 01:49:18.244 26792 26852 I python  : [PERF][DASHBOARD][TILE] hum_in: 0.0267s
07-20 01:49:18.266 26792 26852 I python  : [PERF][DASHBOARD][TILE] vpd_in: 0.0222s
07-20 01:49:18.289 26792 26852 I python  : [PERF][DASHBOARD][TILE] temp_ex: 0.0227s
07-20 01:49:18.311 26792 26852 I python  : [PERF][DASHBOARD][TILE] hum_ex: 0.0217s
07-20 01:49:18.337 26792 26852 I python  : [PERF][DASHBOARD][TILE] vpd_ex: 0.0255s
07-20 01:49:18.359 26792 26852 I python  : [PERF][DASHBOARD][TILE] ble_temp_outside: 0.0215s
07-20 01:49:18.377 26792 26852 I python  : [PERF][DASHBOARD][TILE] ble_hum_outside: 0.0184s
07-20 01:49:18.381  1578  1854 I WificondControl: Noise: -92, Snr: 28, Chload: -1, rssi: -63, txBitrate: 72, rxBitrate: 0, frequency: 2462, UlDelay: -1, currentTxBytes: 0, currentTxPackets: 514835, currentTxFailed: 757, currentRxBytes: 0, currentRxPackets: 768442
07-20 01:49:18.393  2880  5886 I VoWifiQoe_N: ProcessReqInfo ul_msgid=5
07-20 01:49:18.393  2880  5886 I VoWifiQoe_N: processReqInfo MSG_WIFI_SIGNAL_INFO_IND 
07-20 01:49:18.393  2880  5886 I VoWifiQoe_N: ProcessSignalInfoInd curStateIsIdle 0 
07-20 01:49:18.393  2880  5886 I VoWifiQoe_N: ProcessSignalInfoInd wifiInterruptFlg 1 enScreenState 1 curStateIsIdle 0
07-20 01:49:18.394  2880  5886 I VoWifiQoe_N: UpdateEvaluatePolicy EVALUATE_POLICY_RSSI
07-20 01:49:18.394  2880  5886 I VoWifiQoe_N: UpdateEvaluatePolicy phoneId 1 is not qoe started!
07-20 01:49:18.401  1578  1862 I TrafficMonitor: update:rxPkts:0,txPkts:0,rxBytes:0,txBytes:0
07-20 01:49:18.401  1578  1862 I TrafficMonitor: gettimer:interval=2000
07-20 01:49:18.408   729   790 E ACCKIT_ : PerfMgr: fail to read 0
07-20 01:49:18.536  1578  1659 I system_server: Explicit concurrent copying GC freed 196569(11MB) AllocSpace objects, 42(1448KB) LOS objects, 30% free, 53MB/77MB, paused 767us total 523.984ms
07-20 01:49:18.550  1578  1629 W System  : A resource failed to call release. 
07-20 01:49:18.550  1578  1629 I chatty  : uid=1000(system) FinalizerDaemon identical 1 line
07-20 01:49:18.550  1578  1629 W System  : A resource failed to call release. 
07-20 01:49:18.557 26792 26852 I python  : [PERF][DASHBOARD][TILE] ble_vpd_outside: 0.1798s
07-20 01:49:18.575 26792 26852 I python  : [PERF][DASHBOARD][TILE] ble_temp_inside: 0.0175s
07-20 01:49:18.591 26792 26852 I python  : [PERF][DASHBOARD][TILE] ble_hum_inside: 0.0161s
07-20 01:49:18.611  1578  1854 I WificondControl: Noise: -92, Snr: 29, Chload: -1, rssi: -63, txBitrate: 72, rxBitrate: 0, frequency: 2462, UlDelay: -1, currentTxBytes: 0, currentTxPackets: 514835, currentTxFailed: 757, currentRxBytes: 0, currentRxPackets: 768442
07-20 01:49:18.615 26792 26852 I python  : [PERF][DASHBOARD][TILE] ble_vpd_inside: 0.0237s
07-20 01:49:18.619  2880  5886 I VoWifiQoe_N: ProcessReqInfo ul_msgid=5
07-20 01:49:18.619  2880  5886 I VoWifiQoe_N: processReqInfo MSG_WIFI_SIGNAL_INFO_IND 
07-20 01:49:18.619  2880  5886 I VoWifiQoe_N: ProcessSignalInfoInd curStateIsIdle 0 
07-20 01:49:18.619  2880  5886 I VoWifiQoe_N: ProcessSignalInfoInd wifiInterruptFlg 1 enScreenState 1 curStateIsIdle 0
07-20 01:49:18.620  2880  5886 I VoWifiQoe_N: UpdateEvaluatePolicy EVALUATE_POLICY_RSSI
07-20 01:49:18.620  2880  5886 I VoWifiQoe_N: UpdateEvaluatePolicy phoneId 1 is not qoe started!
07-20 01:49:18.637 26792 26852 I python  : [PERF][DASHBOARD][TILE] leaf_temp: 0.0215s
07-20 01:49:18.660 26792 26852 I python  : [PERF][DASHBOARD][TILE] vpd_leaf: 0.0229s
07-20 01:49:18.687 26792 26852 I python  : [PERF][DASHBOARD][TILE] v_bat: 0.0262s
07-20 01:49:18.691  2262  2440 I SpeedTestNotifier: is low speed scene
07-20 01:49:18.694  1061  6849 I iked    : [INFO]: ikev2.c:305: ikev2_periodic_task()
07-20 01:49:18.711 26792 26852 I python  : [PERF][DASHBOARD][TILE] rssi: 0.0245s
07-20 01:49:18.712 26792 26852 I python  : [PERF][DASHBOARD][TILES] TOTAL: 0.5233s
07-20 01:49:18.712 26792 26852 I python  : [PERF][DASHBOARD] DashboardMainPanel: 0.5238s
07-20 01:49:18.718 26792 26852 I python  : [PERF][DASHBOARD] ControlButtons: 0.0059s
07-20 01:49:18.719 26792 26852 I python  : [PERF][DASHBOARD] TOTAL: 0.6623s
07-20 01:49:18.719 26792 26852 I python  : [PERF][SCREEN] END dashboard: 0.6624s
07-20 01:49:18.719 26792 26852 I python  : [PERF] Initiales Dashboard bereit in: 0.6632s
07-20 01:49:18.720 26792 26852 I python  : [Core] Starte Core (Foreground Service Mode)…
07-20 01:49:18.720 26792 26852 I python  : [Core] is_android(): True
07-20 01:49:18.721 26792 26852 I python  : [Core] decoded.json entfernt
07-20 01:49:18.721 26792 26852 I python  : [Core] ble_dump.json geleert: /data/user/0/org.hackintosh1980.espgrowcontroller/files/app/data/ble_dump.json
07-20 01:49:18.721 26792 26852 I python  : [Core] ble_log_dump.json geleert: /data/user/0/org.hackintosh1980.espgrowcontroller/files/app/data/ble_log_dump.json
07-20 01:49:18.722 26792 26852 I python  : [Core] web_dump.json geleert: /data/user/0/org.hackintosh1980.espgrowcontroller/files/app/data/web_dump.json
07-20 01:49:18.832  1578  2467 I WificondControl: Noise: -92, Snr: 28, Chload: -1, rssi: -63, txBitrate: 72, rxBitrate: 0, frequency: 2462, UlDelay: -1, currentTxBytes: 0, currentTxPackets: 514835, currentTxFailed: 757, currentRxBytes: 0, currentRxPackets: 768442
07-20 01:49:18.842  2880  5886 I VoWifiQoe_N: ProcessReqInfo ul_msgid=5
07-20 01:49:18.842  2880  5886 I VoWifiQoe_N: processReqInfo MSG_WIFI_SIGNAL_INFO_IND 
07-20 01:49:18.842  2880  5886 I VoWifiQoe_N: ProcessSignalInfoInd curStateIsIdle 0 
07-20 01:49:18.842  2880  5886 I VoWifiQoe_N: ProcessSignalInfoInd wifiInterruptFlg 1 enScreenState 1 curStateIsIdle 0
07-20 01:49:18.842  2880  5886 I VoWifiQoe_N: UpdateEvaluatePolicy EVALUATE_POLICY_RSSI
07-20 01:49:18.842  2880  5886 I VoWifiQoe_N: UpdateEvaluatePolicy phoneId 1 is not qoe started!
07-20 01:49:18.874  2262  7426 I Booster_Qoe: AdaBoostPredict rlt,index:6,NisPsSlow:0,NProba:312,rsrp(rssi):-63,rsrq(noise):-92,rtt(chload):200,buffhigh(uldelay):0,buffcomm(rtt):0
07-20 01:49:18.875  2262  7426 I Booster_Qoe: AdaBoostPredict rlt,index:2,NisPsSlow:0,NProba:312,rsrp(rssi):-63,rsrq(noise):-92,rtt(chload):200,buffhigh(uldelay):0,buffcomm(rtt):4
07-20 01:49:18.877  2262  3431 I Hicom_Monitor: handleNetworkQoeReport. foregroundAppTcpRtt: 0, maxRatioChannelId: 2
07-20 01:49:18.877  2262  3431 I Hicom_Monitor: handleNetworkQoeReport. qoeString: 10677,4,0,312,1,2,4,0,312,72000,0,10,10,0,0,0,0
07-20 01:49:18.877  2262  7426 I Collector: HandleRawWifiInfo: flag:0, netId:0!
07-20 01:49:18.878  1578  1961 I WiFi_PRO_WifiProStateMachine: APP_SERVICE_QOE_NOTIFY Qoe info 10677,4,0,312,1,2,4,0,312,72000,0,10,10,0,0,0,0 CID 2 mMasterWifiRssi -63 mMasterCardAmbr 1048576 mSlaveCardAmbr 1048576
07-20 01:49:18.879  1578  1961 I HwWifiProServiceProxy: ctrlHwWifiNetwork pkgName: WIFIPRO_SERVICE interfaceId: 9
07-20 01:49:18.879  1578  1961 I WiFi_PRO_WifiProStateMachine: isWifi2WifiProcess = false, mIsNeedIgnoreQoeUpdate = false, mIsAppInBlacklist = false, mIsAppInBlacklistFullScreen = false, mIsWiFiNoInternet false, screen on = true, full screen = true, isLandscapeMode = true, mNotifyWifiLinkPoorReason = -1
07-20 01:49:18.879  1578  1961 I WiFi_PRO_WifiProStateMachine: mChannelQoeBadCnt = 0, mAppQoeBadCnt = 0, mNetworkSlowReason = 0, mNetworkSlowChannelBadCnt = 0
07-20 01:49:18.892  1578  2467 I BigFontUtils: adjustAppProcessConfiguration appInfo:org.hackintosh1980.espgrowcontroller
07-20 01:49:18.895 26792 26852 I python  : [Core] BLE Python Service gestartet (Foreground)
07-20 01:49:18.920  1578  1676 I ActivityManager: Start proc 26867:org.hackintosh1980.espgrowcontroller:service_ble_service/u0a677 for service {org.hackintosh1980.espgrowcontroller/org.hackintosh1980.espgrowcontroller.ServiceBle_service}
07-20 01:49:18.931 26867 26867 I ice_ble_servic: Late-enabling -Xcheck:jni
07-20 01:49:18.956 26792 26852 I BluetoothAdapter: isLeEnabled(): ON
07-20 01:49:18.959  2209  3502 I bt_stack: [INFO:bta_gattc_act.cc(175)] bta_gattc_register: state:2
07-20 01:49:18.959  2209  3502 I bt_stack: [INFO:gatt_api.cc(974)] GATT_Register 17b2bc22-b962-b643-2578-d2ef32651bba
07-20 01:49:18.959  2209  3502 I bt_stack: [INFO:gatt_api.cc(994)] allocated gatt_if=12
07-20 01:49:18.959  2209  3502 I bt_stack: [INFO:gatt_api.cc(1090)] GATT_StartIf gatt_if=12
07-20 01:49:18.959  2209  3502 I bt_stack: [INFO:gatt_utils.cc(260)] gatt_find_the_connected_bda start_idx=0
07-20 01:49:18.959  2209  3502 I bt_stack: [INFO:gatt_utils.cc(272)]  found=0 found_idx=7
07-20 01:49:18.963  2635  3724 I PGServer: report state:8 event type:1 pid:0 uid:10677 pkg:null to pid: 1578
07-20 01:49:18.964  2635  3724 I BluetoothState: new active bluetooth uid: 10677, pid:26792, reason:BLE_SCAN
07-20 01:49:18.969  2807  3027 E Nc_Chr_BT: NcBtDftManager: unhandled id
07-20 01:49:18.974 26792 26852 I python  : [Core] Android-Bridges gestartet (ADV + GATT + BROADCAST)
07-20 01:49:18.976 26867 26867 E ice_ble_servic: LoadAppImageStartupCache enabled : 1
07-20 01:49:18.976 26867 26867 E ice_ble_servic: Unknown bits set in runtime_flags: 0x8000
07-20 01:49:18.976 26792 26852 I python  : [Core] WebClient-Thread gestartet
07-20 01:49:18.976 26792 26878 I python  : [Decoder] Background Thread STARTED.
07-20 01:49:18.976 26792 26878 I python  : [HEARTBEAT DECODER] Ticking! Active Config Devices: ['E697B52A-2E7F-D41E-BC4D-2D027CB38D0B', '827482CC-A977-43D7-835E-8E8B6978E66A', 'C898B4F2-B452-7502-1A67-0536E77D49EA', 'FABCEA8B-7EC8-2594-4879-2B3B63989660'] | Live Web RAM Keys: []
07-20 01:49:18.977 26867 26867 I ice_ble_servic: Reinit property: dalvik.vm.checkjni= false
07-20 01:49:18.977 26867 26867 I ice_ble_servic: ReInitProperties: persist.vm.debug.dumpapi= false
07-20 01:49:18.986 26792 26882 I python  : [DEBUG  ] [Starting new HTTP connection (1)] 192.168.2.20:80
07-20 01:49:18.995 26792 26892 I python  : [DEBUG  ] [Starting new HTTP connection (1)] 192.168.2.39:80
07-20 01:49:19.011 26792 26852 I python  : [Core] Decoder-Thread gestartet
07-20 01:49:19.013 26792 26852 I python  : [Core] Watchdog gestartet
07-20 01:49:19.013 26792 26852 I python  : [Core] System läuft stabil im Hintergrund (Foreground Service Active).
07-20 01:49:19.013 26792 26852 I python  : [PERF] core.start() ausgeführt in: 0.2934s
07-20 01:49:19.013 26792 26852 I python  : [PERF] 🚀 GESAMTZEIT BIS ZUM START: 3.2971s 🚀
07-20 01:49:19.015 26792 26852 I python  : [WARNING] [Base        ] Unknown <android> provider
07-20 01:49:19.015 26792 26852 I python  : [INFO   ] [Base        ] Start application main loop
07-20 01:49:19.023 26867 26895 I ActivityThread: Init compatible state: true
07-20 01:49:19.025 26867 26895 I HwFrameworkSecurityPartsFactory: add HwFrameworkSecurityPartsFactory to memory.
07-20 01:49:19.026 26867 26895 E BehaviorCollectManager: Fail to acquire dataAnalyzerService...
07-20 01:49:19.052  1578  1854 I WificondControl: Noise: -92, Snr: 28, Chload: -1, rssi: -63, txBitrate: 72, rxBitrate: 0, frequency: 2462, UlDelay: -1, currentTxBytes: 0, currentTxPackets: 514835, currentTxFailed: 757, currentRxBytes: 0, currentRxPackets: 768442
07-20 01:49:19.058  2209  2366 W bt_btif : Remote device:f0:f1:**:**:**:19, no link key or ble key found
07-20 01:49:19.058  2209  2366 I chatty  : uid=1002(bluetooth) BT Service Call identical 2 lines
07-20 01:49:19.061  2209  2366 W bt_btif : Remote device:f0:f1:**:**:**:19, no link key or ble key found
07-20 01:49:19.063  2880  5886 I VoWifiQoe_N: ProcessReqInfo ul_msgid=5
07-20 01:49:19.063  2880  5886 I VoWifiQoe_N: processReqInfo MSG_WIFI_SIGNAL_INFO_IND 
07-20 01:49:19.063  2880  5886 I VoWifiQoe_N: ProcessSignalInfoInd curStateIsIdle 0 
07-20 01:49:19.063  2880  5886 I VoWifiQoe_N: ProcessSignalInfoInd wifiInterruptFlg 1 enScreenState 1 curStateIsIdle 0
07-20 01:49:19.063  2880  5886 I VoWifiQoe_N: UpdateEvaluatePolicy EVALUATE_POLICY_RSSI
07-20 01:49:19.063  2880  5886 I VoWifiQoe_N: UpdateEvaluatePolicy phoneId 1 is not qoe started!
07-20 01:49:19.075 26867 26895 I HwApiCacheMangerEx: apicache path=/storage/emulated/0 state=mounted key=org.hackintosh1980.espgrowcontroller#10677#256
07-20 01:49:19.075 26867 26895 I HwApiCacheMangerEx: need clear apicache,because volumes changed,oldCnt=0 newCnt=1
07-20 01:49:19.076 26867 26895 I HwApiCacheMangerEx: apicache path=/storage/emulated/0 state=mounted key=org.hackintosh1980.espgrowcontroller#10677#0
07-20 01:49:19.077 26867 26895 I HwApiCacheMangerEx: need clear apicache,because volumes changed,oldCnt=1 newCnt=1
07-20 01:49:19.082 26867 26867 I HwTypeface: updateFont: scale=1.0
07-20 01:49:19.084 26867 26895 I HwPartIawareFactory: add android.common.HwPartIawareFactoryImpl to memory.
07-20 01:49:19.084 26867 26895 I AwareBitmapCacher: init processName:org.hackintosh1980.espgrowcontroller:service_ble_service pid=26867 uid=10677
07-20 01:49:19.087 26867 26867 I ActivityThread: finishPreloaded preloadStatus 0
07-20 01:49:19.092  2209  2366 W bt_btif : Remote device:20:6e:**:**:**:3d, no link key or ble key found
07-20 01:49:19.092  2209  2366 I chatty  : uid=1002(bluetooth) BT Service Call identical 2 lines
07-20 01:49:19.093  2209  2366 W bt_btif : Remote device:20:6e:**:**:**:3d, no link key or ble key found
07-20 01:49:19.151 26867 26904 I python  : Initializing Python for Android
07-20 01:49:19.151 26867 26904 I python  : Setting additional env vars from p4a_env_vars.txt
07-20 01:49:19.151 26867 26904 I python  : Changing directory to the one provided by ANDROID_ARGUMENT
07-20 01:49:19.151 26867 26904 I python  : /data/user/0/org.hackintosh1980.espgrowcontroller/files/app
07-20 01:49:19.151 26867 26904 I python  : Preparing to initialize python
07-20 01:49:19.151 26867 26904 I python  : _python_bundle dir exists
07-20 01:49:19.151 26867 26904 I python  : calculated paths to be...
07-20 01:49:19.151 26867 26904 I python  : /data/user/0/org.hackintosh1980.espgrowcontroller/files/app/_python_bundle/stdlib.zip:/data/user/0/org.hackintosh1980.espgrowcontroller/files/app/_python_bundle/modules
07-20 01:49:19.151 26867 26904 I python  : set wchar paths...
07-20 01:49:19.169 26867 26867 W Thread-2: type=1400 audit(0.0:112472): avc: granted { execute } for pid=26867 path="/data/data/org.hackintosh1980.espgrowcontroller/files/app/_python_bundle/modules/zlib.cpython-311.so" dev="sdd70" ino=162668 scontext=u:r:untrusted_app:s0:c165,c258,c512,c768 tcontext=u:object_r:app_data_file:s0:c165,c258,c512,c768 tclass=file
07-20 01:49:19.189 26867 26904 I python  : Initialized python
07-20 01:49:19.190 26867 26904 I python  : AND: Init threads
07-20 01:49:19.190 26867 26904 I ble_service: testing python print redirection
07-20 01:49:19.191 26867 26904 I ble_service: Android path ['.', '/data/user/0/org.hackintosh1980.espgrowcontroller/files/app/_python_bundle/stdlib.zip', '/data/user/0/org.hackintosh1980.espgrowcontroller/files/app/_python_bundle/modules', '/data/user/0/org.hackintosh1980.espgrowcontroller/files/app/_python_bundle/site-packages']
07-20 01:49:19.192 26867 26904 I ble_service: os.environ is environ({'PATH': '/sbin:/system/sbin:/product/bin:/apex/com.android.runtime/bin:/system/bin:/system/xbin:/odm/bin:/vendor/bin:/vendor/xbin', 'ANDROID_BOOTLOGO': '1', 'ANDROID_ROOT': '/system', 'ANDROID_ASSETS': '/system/app', 'ANDROID_DATA': '/data', 'ANDROID_STORAGE': '/storage', 'ANDROID_RUNTIME_ROOT': '/apex/com.android.runtime', 'ANDROID_TZDATA_ROOT': '/apex/com.android.tzdata', 'EXTERNAL_STORAGE': '/sdcard', 'ASEC_MOUNTPOINT': '/mnt/asec', 'BOOTCLASSPATH': '/apex/com.android.runtime/javalib/core-oj.jar:/apex/com.android.runtime/javalib/core-libart.jar:/apex/com.android.runtime/javalib/okhttp.jar:/apex/com.android.runtime/javalib/bouncycastle.jar:/apex/com.android.runtime/javalib/apache-xml.jar:/system/framework/framework.jar:/system/framework/ext.jar:/system/framework/telephony-common.jar:/system/framework/voip-common.jar:/system/framework/ims-common.jar:/system/framework/android.test.base.jar:/system/framework/featurelayer-widget.jar:/system/framework/hwEmui.jar:/system/framework/hwPartBasicplatform.jar:/system/framework/telephony-separated.jar:/system/framework/hwTelephony-common.jar:/system/framework/hwPartTelephony.jar:/system/framework/hwPartTelephonyVSim.jar:/system/framework/hwPartTelephonyCust.jar:/system/framework/hwPartTelephonyFullnetworkOpt.jar:/system/framework/hwPartTelephonyTimezoneOpt.jar:/system/framework/hwPartTelephonyOpt.jar:/system/framework/hwPartSecurity.jar:/system/framework/hwPartSecurityFaceId.jar:/system/framework/hwIms-common.jar:/system/framework/hwPartMedia.jar:/system/framework/hwPartConnectivity.jar:/system/framework/hwPartPowerOffice.jar:/system/framework/hwPartDeviceVirtualization.jar:/system/framework/hwPartAirSharing.jar:/system/framework/hwPartDefaultDFR.jar:/system/framework/hwPartDFR.jar:/system/framework/hwPartMagicWindow.jar:/system/framework/hwPartIaware.jar:/system/framework/hwPartMdm.jar:/system/framework/hwPartVr.jar:/system/framework/hwframework.jar:/system/framework/com.huawei.nfc.jar:/system/framework/org.ifaa.android.manager.jar:/system/framework/hwperf.jar:/system/framework/hwcustEmui.jar:/system/framework/hwcustframework.jar:/system/framework/servicehost.jar:/system/framework/hwcustIms-common.jar:/system/framework/hwcustTelephony-common.jar:/system/framework/hwIAwareAL.jar:/system/framework/zframework.z.jar:/apex/com.android.conscrypt/javalib/conscrypt.jar:/apex/com.android.media/javalib/updatable-media.jar', 'DEX2OATBOOTCLASSPATH': '/apex/com.android.runtime/javalib/core-oj.jar:/apex/com.android.runtime/javalib/core-libart.jar:/apex/com.android.runtime/javalib/okhttp.jar:/apex/com.android.runtime/javalib/bouncycastle.jar:/apex/com.android.runtime/javalib/apache-xml.jar:/system/framework/framework.jar:/system/framework/ext.jar:/system/framework/telephony-common.jar:/system/framework/voip-common.jar:/system/framework/ims-common.jar:/system/framework/android.test.base.jar:/system/framework/featurelayer-widget.jar:/system/framework/hwEmui.jar:/system/framework/hwPartBasicplatform.jar:/system/framework/telephony-separated.jar:/system/framework/hwTelephony-common.jar:/system/framework/hwPartTelephony.jar:/system/framework/hwPartTelephonyVSim.jar:/system/framework/hwPartTelephonyCust.jar:/system/framework/hwPartTelephonyFullnetworkOpt.jar:/system/framework/hwPartTelephonyTimezoneOpt.jar:/system/framework/hwPartTelephonyOpt.jar:/system/framework/hwPartSecurity.jar:/system/framework/hwPartSecurityFaceId.jar:/system/framework/hwIms-common.jar:/system/framework/hwPartMedia.jar:/system/framework/hwPartConnectivity.jar:/system/framework/hwPartPowerOffice.jar:/system/framework/hwPartDeviceVirtualization.jar:/system/framework/hwPartAirSharing.jar:/system/framework/hwPartDefaultDFR.jar:/system/framework/hwPartDFR.jar:/system/framework/hwPartMagicWindow.jar:/system/framework/hwPartIaware.jar:/system/framework/hwPartMdm.jar:/system/framework/hwPartVr.jar:/system/framework/hwframework.jar:/system/framework/com.huawei.nfc.jar:/system/framework/org.ifaa.android.manager.jar:/system/framework/hwperf.jar:/system/framework/hwcustEmui.
07-20 01:49:19.192 26867 26904 I ble_service: Android kivy bootstrap done. __name__ is __main__
07-20 01:49:19.192 26867 26904 I python  : AND: Ran string
07-20 01:49:19.192 26867 26904 I python  : Run user program, change dir and execute entrypoint
07-20 01:49:19.261 26867 26867 W Thread-2: type=1400 audit(0.0:112473): avc: granted { execute } for pid=26867 path="/data/data/org.hackintosh1980.espgrowcontroller/files/app/_python_bundle/modules/fcntl.cpython-311.so" dev="sdd70" ino=87721 scontext=u:r:untrusted_app:s0:c165,c258,c512,c768 tcontext=u:object_r:app_data_file:s0:c165,c258,c512,c768 tclass=file
07-20 01:49:19.265 26867 26867 W Thread-2: type=1400 audit(0.0:112474): avc: granted { execute } for pid=26867 path="/data/data/org.hackintosh1980.espgrowcontroller/files/app/_python_bundle/modules/_posixsubprocess.cpython-311.so" dev="sdd70" ino=15839 scontext=u:r:untrusted_app:s0:c165,c258,c512,c768 tcontext=u:object_r:app_data_file:s0:c165,c258,c512,c768 tclass=file
07-20 01:49:19.269 26867 26867 W Thread-2: type=1400 audit(0.0:112475): avc: granted { execute } for pid=26867 path="/data/data/org.hackintosh1980.espgrowcontroller/files/app/_python_bundle/modules/select.cpython-311.so" dev="sdd70" ino=55659 scontext=u:r:untrusted_app:s0:c165,c258,c512,c768 tcontext=u:object_r:app_data_file:s0:c165,c258,c512,c768 tclass=file
07-20 01:49:19.273 26867 26867 W Thread-2: type=1400 audit(0.0:112476): avc: granted { execute } for pid=26867 path="/data/data/org.hackintosh1980.espgrowcontroller/files/app/_python_bundle/modules/math.cpython-311.so" dev="sdd70" ino=87403 scontext=u:r:untrusted_app:s0:c165,c258,c512,c768 tcontext=u:object_r:app_data_file:s0:c165,c258,c512,c768 tclass=file
07-20 01:49:19.275  1578  2467 I WificondControl: Noise: -92, Snr: 27, Chload: -1, rssi: -64, txBitrate: 72, rxBitrate: 0, frequency: 2462, UlDelay: -1, currentTxBytes: 0, currentTxPackets: 514839, currentTxFailed: 757, currentRxBytes: 0, currentRxPackets: 768442
07-20 01:49:19.282  2880  5886 I VoWifiQoe_N: ProcessReqInfo ul_msgid=5
07-20 01:49:19.282  2880  5886 I VoWifiQoe_N: processReqInfo MSG_WIFI_SIGNAL_INFO_IND 
07-20 01:49:19.282  2880  5886 I VoWifiQoe_N: ProcessSignalInfoInd curStateIsIdle 0 
07-20 01:49:19.282  2880  5886 I VoWifiQoe_N: ProcessSignalInfoInd wifiInterruptFlg 1 enScreenState 1 curStateIsIdle 0
07-20 01:49:19.282  2880  5886 I VoWifiQoe_N: UpdateEvaluatePolicy EVALUATE_POLICY_RSSI
07-20 01:49:19.282  2880  5886 I VoWifiQoe_N: UpdateEvaluatePolicy phoneId 1 is not qoe started!
07-20 01:49:19.344 26792 26852 I python  : [PERF][PRELOAD] START fullscreen
07-20 01:49:19.344 26792 26852 I python  : [PERF][SCREEN] START fullscreen
07-20 01:49:19.364  1578  1863 I WificondControl: Noise: -92, Snr: 29, Chload: -1, rssi: -63, txBitrate: 72, rxBitrate: 0, frequency: 2462, UlDelay: -1, currentTxBytes: 0, currentTxPackets: 514842, currentTxFailed: 757, currentRxBytes: 0, currentRxPackets: 768443
07-20 01:49:19.373 26792 26852 I python  : [PERF][HEADER] Basis: 0.0004s
07-20 01:49:19.374  1578  1862 I WiFi_PRO: MSG_RETURN_AP_CURRY_RSSI rssi = -63
07-20 01:49:19.374  1578  1862 I QosMonitor: queryRtt: rttType = 3
07-20 01:49:19.374  1578  1862 I HwWifiProServiceProxy: ctrlHwWifiNetwork pkgName: WIFIPRO_SERVICE interfaceId: 8
07-20 01:49:19.375  1578  1962 I HuaweiWifiWatchdogStateMachine: high data flow: protection_counter = 0,  not_detect_counter = 38
