07-20 01:32:18.828 16378 16437 I python  : os.environ is environ({'PATH': '/product/bin:/apex/com.android.runtime/bin:/apex/com.android.art/bin:/system_ext/bin:/system/bin:/system/xbin:/odm/bin:/vendor/bin:/vendor/xbin', 'ANDROID_BOOTLOGO': '1', 'ANDROID_ROOT': '/system', 'ANDROID_ASSETS': '/system/app', 'ANDROID_DATA': '/data', 'ANDROID_STORAGE': '/storage', 'ANDROID_ART_ROOT': '/apex/com.android.art', 'ANDROID_I18N_ROOT': '/apex/com.android.i18n', 'ANDROID_TZDATA_ROOT': '/apex/com.android.tzdata', 'EXTERNAL_STORAGE': '/sdcard', 'ASEC_MOUNTPOINT': '/mnt/asec', 'DOWNLOAD_CACHE': '/data/cache', 'BOOTCLASSPATH': '/apex/com.android.art/javalib/core-oj.jar:/apex/com.android.art/javalib/core-libart.jar:/apex/com.android.art/javalib/okhttp.jar:/apex/com.android.art/javalib/bouncycastle.jar:/apex/com.android.art/javalib/apache-xml.jar:/system/framework/framework.jar:/system/framework/framework-graphics.jar:/system/framework/ext.jar:/system/framework/telephony-common.jar:/system/framework/voip-common.jar:/system/framework/ims-common.jar:/apex/com.android.i18n/javalib/core-icu4j.jar:/system/framework/tcmiface.jar:/system/framework/telephony-ext.jar:/system/framework/qcom.fmradio.jar:/system/framework/QPerformance.jar:/system/framework/UxPerformance.jar:/system/framework/WfdCommon.jar:/apex/com.android.appsearch/javalib/framework-appsearch.jar:/apex/com.android.conscrypt/javalib/conscrypt.jar:/apex/com.android.ipsec/javalib/android.net.ipsec.ike.jar:/apex/com.android.media/javalib/updatable-media.jar:/apex/com.android.mediaprovider/javalib/framework-mediaprovider.jar:/apex/com.android.mediaprovider/javalib/framework-pdf.jar:/apex/com.android.mediaprovider/javalib/framework-photopicker.jar:/apex/com.android.os.statsd/javalib/framework-statsd.jar:/apex/com.android.permission/javalib/framework-permission.jar:/apex/com.android.permission/javalib/framework-permission-s.jar:/apex/com.android.scheduling/javalib/framework-scheduling.jar:/apex/com.android.sdkext/javalib/framework-sdkextensions.jar:/apex/com.android.tethering/javalib/framework-connectivity.jar:/apex/com.android.tethering/javalib/framework-tethering.jar:/apex/com.android.wifi/javalib/framework-wifi.jar', 'DEX2OATBOOTCLASSPATH': '/apex/com.android.art/javalib/core-oj.jar:/apex/com.android.art/javalib/core-libart.jar:/apex/com.android.art/javalib/okhttp.jar:/apex/com.android.art/javalib/bouncycastle.jar:/apex/com.android.art/javalib/apache-xml.jar:/system/framework/framework.jar:/system/framework/framework-graphics.jar:/system/framework/ext.jar:/system/framework/telephony-common.jar:/system/framework/voip-common.jar:/system/framework/ims-common.jar:/apex/com.android.i18n/javalib/core-icu4j.jar:/system/framework/tcmiface.jar:/system/framework/telephony-ext.jar:/system/framework/qcom.fmradio.jar:/system/framework/QPerformance.jar:/system/framework/UxPerformance.jar:/system/framework/WfdCommon.jar', 'SYSTEMSERVERCLASSPATH': '/system/framework/com.android.location.provider.jar:/system/framework/services.jar:/system/framework/ethernet-service.jar:/apex/com.android.appsearch/javalib/service-appsearch.jar:/apex/com.android.art/javalib/service-art.jar:/apex/com.android.media/javalib/service-media-s.jar:/apex/com.android.permission/javalib/service-permission.jar', 'STANDALONE_SYSTEMSERVER_JARS': '/apex/com.android.os.statsd/javalib/service-statsd.jar:/apex/com.android.scheduling/javalib/service-scheduling.jar:/apex/com.android.tethering/javalib/service-connectivity.jar', 'ANDROID_SOCKET_zygote': '17', 'ANDROID_SOCKET_usap_pool_primary': '21', 'ANDROID_ENTRYPOINT': 'main.pyc', 'ANDROID_ARGUMENT': '/data/user/0/org.hackintosh1980.espgrowcontroller/files/app', 'ANDROID_APP_PATH': '/data/user/0/org.hackintosh1980.espgrowcontroller/files/app', 'ANDROID_PRIVATE': '/data/user/0/org.hackintosh1980.espgrowcontroller/files', 'ANDROID_UNPACK': '/data/user/0/org.hackintosh1980.espgrowcontroller/files/app', 'PYTHONHOME': '/data/user/0/org.hackintosh1980.espgrowcontroller/files/app', 'PYTHONPATH': '/data/user/0/org.hackintosh1980.espgrowcontroller/files/app:/data/user/0/org.hackintosh1980.espgrowcontrolle
07-20 01:32:18.828 16378 16437 I python  : Android kivy bootstrap done. __name__ is __main__
07-20 01:32:18.828 16378 16437 I python  : AND: Ran string
07-20 01:32:18.828 16378 16437 I python  : Run user program, change dir and execute entrypoint
07-20 01:32:18.829 16378 16437 I python  : [PERF] ===== STARTUP DIAGNOSTIC INITIALIZED =====
07-20 01:32:18.915 16378 16378 W SDLThread: type=1400 audit(0.0:128917): avc: granted { execute } for path="/data/data/org.hackintosh1980.espgrowcontroller/files/app/_python_bundle/modules/_typing.cpython-311.so" dev="dm-12" ino=118011 scontext=u:r:untrusted_app:s0:c244,c256,c512,c768 tcontext=u:object_r:app_data_file:s0:c244,c256,c512,c768 tclass=file app=org.hackintosh1980.espgrowcontroller
07-20 01:32:18.965 16378 16378 W SDLThread: type=1400 audit(0.0:128918): avc: granted { execute } for path="/data/data/org.hackintosh1980.espgrowcontroller/files/app/_python_bundle/modules/math.cpython-311.so" dev="dm-12" ino=100691 scontext=u:r:untrusted_app:s0:c244,c256,c512,c768 tcontext=u:object_r:app_data_file:s0:c244,c256,c512,c768 tclass=file app=org.hackintosh1980.espgrowcontroller
07-20 01:32:18.965 16378 16378 W SDLThread: type=1400 audit(0.0:128919): avc: granted { execute } for path="/data/data/org.hackintosh1980.espgrowcontroller/files/app/_python_bundle/modules/_heapq.cpython-311.so" dev="dm-12" ino=104854 scontext=u:r:untrusted_app:s0:c244,c256,c512,c768 tcontext=u:object_r:app_data_file:s0:c244,c256,c512,c768 tclass=file app=org.hackintosh1980.espgrowcontroller
07-20 01:32:18.965 16378 16378 W SDLThread: type=1400 audit(0.0:128920): avc: granted { execute } for path="/data/data/org.hackintosh1980.espgrowcontroller/files/app/_python_bundle/modules/_queue.cpython-311.so" dev="dm-12" ino=120247 scontext=u:r:untrusted_app:s0:c244,c256,c512,c768 tcontext=u:object_r:app_data_file:s0:c244,c256,c512,c768 tclass=file app=org.hackintosh1980.espgrowcontroller
07-20 01:32:18.991  1308  1308 I adbd    : adbd service requested 'shell,v2,TERM=dumb:export ANDROID_LOG_TAGS=''; exec logcat '-d' '-v' 'threadtime' '*:I' 'python:D''
07-20 01:32:18.995 16378 16378 W SDLThread: type=1400 audit(0.0:128921): avc: granted { execute } for path="/data/data/org.hackintosh1980.espgrowcontroller/files/app/_python_bundle/modules/_opcode.cpython-311.so" dev="dm-12" ino=120519 scontext=u:r:untrusted_app:s0:c244,c256,c512,c768 tcontext=u:object_r:app_data_file:s0:c244,c256,c512,c768 tclass=file app=org.hackintosh1980.espgrowcontroller
07-20 01:32:19.005 16378 16378 W SDLThread: type=1400 audit(0.0:128922): avc: denied { relabelfrom } for name="kivy-icon-128.png" dev="dm-12" ino=126808 scontext=u:r:untrusted_app:s0:c244,c256,c512,c768 tcontext=u:object_r:app_data_file:s0:c244,c256,c512,c768 tclass=file permissive=0 app=org.hackintosh1980.espgrowcontroller
07-20 01:32:19.015 16378 16378 W SDLThread: type=1400 audit(0.0:128923): avc: denied { relabelfrom } for name="kivy-icon-16.png" dev="dm-12" ino=126817 scontext=u:r:untrusted_app:s0:c244,c256,c512,c768 tcontext=u:object_r:app_data_file:s0:c244,c256,c512,c768 tclass=file permissive=0 app=org.hackintosh1980.espgrowcontroller
07-20 01:32:19.026 16378 16437 I python  : [ERROR  ] Error when copying logo directory
07-20 01:32:19.026 16378 16437 I python  : Traceback (most recent call last):
07-20 01:32:19.026 16378 16437 I python  :   File "/home/domivm/TEST/.buildozer/android/platform/build-arm64-v8a/build/python-installs/espgrowcontroller/arm64-v8a/kivy/__init__.py", line 372, in <module>
07-20 01:32:19.027 16378 16437 I python  :   File "/home/domivm/TEST/.buildozer/android/platform/build-arm64-v8a/build/other_builds/python3/arm64-v8a__ndk_target_29/python3/Lib/shutil.py", line 573, in copytree
07-20 01:32:19.027 16378 16437 I python  :   File "/home/domivm/TEST/.buildozer/android/platform/build-arm64-v8a/build/other_builds/python3/arm64-v8a__ndk_target_29/python3/Lib/shutil.py", line 527, in _copytree
07-20 01:32:19.027 16378 16437 I python  : shutil.Error: [('/data/user/0/org.hackintosh1980.espgrowcontroller/files/app/_python_bundle/site-packages/kivy/data/logo/kivy-icon-128.png', '/data/user/0/org.hackintosh1980.espgrowcontroller/files/app/.kivy/icon/kivy-icon-128.png', "[Errno 13] Permission denied: '/data/user/0/org.hackintosh1980.espgrowcontroller/files/app/.kivy/icon/kivy-icon-128.png'"), ('/data/user/0/org.hackintosh1980.espgrowcontroller/files/app/_python_bundle/site-packages/kivy/data/logo/kivy-icon-16.png', '/data/user/0/org.hackintosh1980.espgrowcontroller/files/app/.kivy/icon/kivy-icon-16.png', "[Errno 13] Permission denied: '/data/user/0/org.hackintosh1980.espgrowcontroller/files/app/.kivy/icon/kivy-icon-16.png'"), ('/data/user/0/org.hackintosh1980.espgrowcontroller/files/app/_python_bundle/site-packages/kivy/data/logo/kivy-icon-24.png', '/data/user/0/org.hackintosh1980.espgrowcontroller/files/app/.kivy/icon/kivy-icon-24.png', "[Errno 13] Permission denied: '/data/user/0/org.hackintosh1980.espgrowcontroller/files/app/.kivy/icon/kivy-icon-24.png'"), ('/data/user/0/org.hackintosh1980.espgrowcontroller/files/app/_python_bundle/site-packages/kivy/data/logo/kivy-icon-256.png', '/data/user/0/org.hackintosh1980.espgrowcontroller/files/app/.kivy/icon/kivy-icon-256.png', "[Errno 13] Permission denied: '/data/user/0/org.hackintosh1980.espgrowcontroller/files/app/.kivy/icon/kivy-icon-256.png'"), ('/data/user/0/org.hackintosh1980.espgrowcontroller/files/app/_python_bundle/site-packages/kivy/data/logo/kivy-icon-32.png', '/data/user/0/org.hackintosh1980.espgrowcontroller/files/app/.kivy/icon/kivy-icon-32.png', "[Errno 13] Permission denied: '/data/user/0/org.hackintosh1980.espgrowcontroller/files/app/.kivy/icon/kivy-icon-32.png'"), ('/data/user/0/org.hackintosh1980.espgrowcontroller/files/app/_python_bundle/site-packages/kivy/data/logo/kivy-icon-48.png', '/data/user/0/org.hackintosh1980.espgrowcontroller/files/app/.kivy/icon/kivy-icon-48.png', "[Errno 13] Permission denied: '/data/user/0/org.hackintosh1980.espgrowcontroller/files/app/.kivy/icon/kivy-icon-48.png'"), ('/data/user/0/org.hackintosh1980.espgrowcontroller/files/app/_python_bundle/site-packages/kivy/data/logo/kivy-icon-512.png', '/data/user/0/org.hackintosh1980.espgrowcontroller/files/app/.kivy/icon/kivy-icon-512.png', "[Errno 13] Permission denied: '/data/user/0/org.hackintosh1980.espgrowcontroller/files/app/.kivy/icon/kivy-icon-512.png'"), ('/data/user/0/org.hackintosh1980.espgrowcontroller/files/app/_python_bundle/site-packages/kivy/data/logo/kivy-icon-64.ico', '/data/user/0/org.hackintosh1980.espgrowcontroller/files/app/.kivy/icon/kivy-icon-64.ico', "[Errno 13] Permission denied: '/data/user/0/org.hackintosh1980.espgrowcontroller/files/app/.kivy/icon/kivy-icon-64.ico'"), ('/data/user/0/org.hackintosh1980.espgrowcontroller/files/app/_python_bundle/site-packages/kivy/data/logo/kivy-icon-64.png', '/data/user/0/org.hackintosh1980.espgrowcontroller/files/app/.kivy/icon/kivy-icon-64.png', "[Errno 13] Permission denied: '/data/user/0/org.hackintosh1980.espgrowcontroller/files/app/.kivy/icon/kivy-icon-64.png'"), ('/data/user/0/org.hackintosh1980.espgrowcontroller/files/app/_python_bundle/site-packages/kivy/data/logo', '/data/user/0/org.hackintosh1980.espgrowcontroller/files/app/.kivy/icon', "[Errno 13] Permission denied: '/data/user/0/org.hackintosh1980.espgrowcontroller/files/app/.kivy/icon'")]
07-20 01:32:19.035 16378 16437 I python  : [WARNING] [Config      ] Older configuration version detected (0 instead of 27)
07-20 01:32:19.035 16378 16437 I python  : [WARNING] [Config      ] Upgrading configuration in progress.
07-20 01:32:19.036 16378 16437 I python  : [DEBUG  ] [Config      ] Upgrading from 0 to 1
07-20 01:32:19.040 16378 16437 I python  : [INFO   ] [Logger      ] Record log in /data/user/0/org.hackintosh1980.espgrowcontroller/files/app/.kivy/logs/kivy_26-07-20_0.txt
07-20 01:32:19.041 16378 16437 I python  : [INFO   ] [Kivy        ] v2.3.0
07-20 01:32:19.042 16378 16437 I python  : [INFO   ] [Kivy        ] Installed at "/data/user/0/org.hackintosh1980.espgrowcontroller/files/app/_python_bundle/site-packages/kivy/__init__.pyc"
07-20 01:32:19.042 16378 16437 I python  : [INFO   ] [Python      ] v3.11.9 (main, Jul 19 2026, 09:21:02) [Clang 14.0.6 (https://android.googlesource.com/toolchain/llvm-project 4c603efb0
07-20 01:32:19.042 16378 16437 I python  : [INFO   ] [Python      ] Interpreter at ""
07-20 01:32:19.043 16378 16437 I python  : [INFO   ] [Logger      ] Purge log fired. Processing...
07-20 01:32:19.043 16378 16437 I python  : [INFO   ] [Logger      ] Purge finished!
07-20 01:32:19.729  3187  3218 W System.err: java.io.FileNotFoundException: /proc/ant_state: open failed: ENOENT (No such file or directory)
07-20 01:32:19.729  3187  3218 W System.err: 	at libcore.io.IoBridge.open(IoBridge.java:574)
07-20 01:32:19.729  3187  3218 W System.err: 	at java.io.FileInputStream.<init>(FileInputStream.java:179)
07-20 01:32:19.729  3187  3218 W System.err: 	at java.io.FileReader.<init>(FileReader.java:75)
07-20 01:32:19.729  3187  3218 W System.err: 	at com.hmd.sarsensor.ModeService$NodeWatcher.readNode(ModeService.java:539)
07-20 01:32:19.729  3187  3218 W System.err: 	at com.hmd.sarsensor.ModeService$NodeWatcher.run(ModeService.java:514)
07-20 01:32:19.729  3187  3218 W System.err: Caused by: android.system.ErrnoException: open failed: ENOENT (No such file or directory)
07-20 01:32:19.729  3187  3218 W System.err: 	at libcore.io.Linux.open(Native Method)
07-20 01:32:19.729  3187  3218 W System.err: 	at libcore.io.ForwardingOs.open(ForwardingOs.java:579)
07-20 01:32:19.729  3187  3218 W System.err: 	at libcore.io.BlockGuardOs.open(BlockGuardOs.java:274)
07-20 01:32:19.729  3187  3218 W System.err: 	at libcore.io.ForwardingOs.open(ForwardingOs.java:579)
07-20 01:32:19.729  3187  3218 W System.err: 	at android.app.ActivityThread$AndroidOs.open(ActivityThread.java:7766)
07-20 01:32:19.729  3187  3218 W System.err: 	at libcore.io.IoBridge.open(IoBridge.java:560)
07-20 01:32:19.729  3187  3218 W System.err: 	... 4 more
07-20 01:32:19.729  3187  3218 E SarTest : read node fail: java.io.FileNotFoundException: /proc/ant_state: open failed: ENOENT (No such file or directory)
07-20 01:32:19.934 16378 16437 I python  : [INFO   ] [Factory     ] 195 symbols loaded
07-20 01:32:20.113  1833  2193 I UsageStatsService: User[0] Flushing usage stats to disk
07-20 01:32:20.185 16378 16378 W SDLThread: type=1400 audit(0.0:128950): avc: granted { execute } for path="/data/data/org.hackintosh1980.espgrowcontroller/files/app/_python_bundle/site-packages/kivy/graphics/instructions.so" dev="dm-12" ino=126216 scontext=u:r:untrusted_app:s0:c244,c256,c512,c768 tcontext=u:object_r:app_data_file:s0:c244,c256,c512,c768 tclass=file app=org.hackintosh1980.espgrowcontroller
07-20 01:32:20.185 16378 16378 W SDLThread: type=1400 audit(0.0:128951): avc: granted { execute } for path="/data/data/org.hackintosh1980.espgrowcontroller/files/app/_python_bundle/site-packages/kivy/graphics/buffer.so" dev="dm-12" ino=126445 scontext=u:r:untrusted_app:s0:c244,c256,c512,c768 tcontext=u:object_r:app_data_file:s0:c244,c256,c512,c768 tclass=file app=org.hackintosh1980.espgrowcontroller
07-20 01:32:20.185 16378 16378 W SDLThread: type=1400 audit(0.0:128952): avc: granted { execute } for path="/data/data/org.hackintosh1980.espgrowcontroller/files/app/_python_bundle/site-packages/kivy/graphics/vertex.so" dev="dm-12" ino=126220 scontext=u:r:untrusted_app:s0:c244,c256,c512,c768 tcontext=u:object_r:app_data_file:s0:c244,c256,c512,c768 tclass=file app=org.hackintosh1980.espgrowcontroller
07-20 01:32:20.195 16378 16378 W SDLThread: type=1400 audit(0.0:128953): avc: granted { execute } for path="/data/data/org.hackintosh1980.espgrowcontroller/files/app/_python_bundle/site-packages/kivy/graphics/cgl.so" dev="dm-12" ino=126437 scontext=u:r:untrusted_app:s0:c244,c256,c512,c768 tcontext=u:object_r:app_data_file:s0:c244,c256,c512,c768 tclass=file app=org.hackintosh1980.espgrowcontroller
07-20 01:32:20.195 16378 16378 W SDLThread: type=1400 audit(0.0:128954): avc: granted { execute } for path="/data/data/org.hackintosh1980.espgrowcontroller/files/app/_python_bundle/site-packages/kivy/graphics/vbo.so" dev="dm-12" ino=126223 scontext=u:r:untrusted_app:s0:c244,c256,c512,c768 tcontext=u:object_r:app_data_file:s0:c244,c256,c512,c768 tclass=file app=org.hackintosh1980.espgrowcontroller
07-20 01:32:20.274 16378 16437 I python  : [INFO   ] [Image       ] Providers: img_tex, img_dds, img_sdl2, img_pil (img_ffpyplayer ignored)
07-20 01:32:20.331 16378 16437 I python  : [INFO   ] [Window      ] Provider: sdl2
07-20 01:32:20.368 16378 16437 I SDL/APP : pixel format wanted SDL_PIXELFORMAT_RGBA8888 (1), got SDL_PIXELFORMAT_RGBA8888 (1)
07-20 01:32:20.401 16378 16437 I python  : [INFO   ] [GL          ] Using the "OpenGL ES 2" graphics system
07-20 01:32:20.408 16378 16437 I python  : [INFO   ] [GL          ] Backend used <sdl2>
07-20 01:32:20.408 16378 16437 I python  : [INFO   ] [GL          ] OpenGL version <b'OpenGL ES 3.2 V@0502.0 (GIT@38059de551, If855f1c192, 1643012380) (Date:01/24/22)'>
07-20 01:32:20.409 16378 16437 I python  : [INFO   ] [GL          ] OpenGL vendor <b'Qualcomm'>
07-20 01:32:20.409 16378 16437 I python  : [INFO   ] [GL          ] OpenGL renderer <b'Adreno (TM) 610'>
07-20 01:32:20.409 16378 16437 I python  : [INFO   ] [GL          ] OpenGL parsed version: 3, 2
07-20 01:32:20.409 16378 16437 I python  : [INFO   ] [GL          ] Texture max size <16384>
07-20 01:32:20.410 16378 16437 I python  : [INFO   ] [GL          ] Texture max units <16>
07-20 01:32:20.469 16378 16437 I python  : [INFO   ] [Window      ] auto add sdl2 input provider
07-20 01:32:20.470 16378 16437 I python  : [INFO   ] [Window      ] virtual keyboard not allowed, single mode, not docked
07-20 01:32:20.478 16378 16437 I python  : [INFO   ] [Text        ] Provider: sdl2
07-20 01:32:20.481 16378 16437 I python  : [PERF] Kivy Basis-Core geladen in: 1.6518s
07-20 01:32:20.526 16378 16437 I python  : BLE DESKTOP MODULE IMPORTIERT
07-20 01:32:20.700 16378 16437 I python  :  /home/domivm/TEST/.buildozer/android/platform/build-arm64-v8a/build/python-installs/espgrowcontroller/arm64-v8a/requests/__init__.py:92: RequestsDependencyWarning: Unable to find acceptable character detection dependency (chardet or charset_normalizer).
07-20 01:32:20.727 16378 16437 I python  : [Storage] RAM-Cache für Pflanzen erfolgreich geladen.
07-20 01:32:20.737 16378 16437 I python  : [MixedEngine] mixed.json initialisiert: /data/user/0/org.hackintosh1980.espgrowcontroller/files/app/data/mixed.json
07-20 01:32:20.825 16378 16437 I python  : [PERF] Starte Import der 14 Screens...
07-20 01:32:20.954 16378 16437 I python  : [PERF] Alle Module & Screens importiert in: 0.4728s
07-20 01:32:20.955 16378 16437 I python  : [PERF] App.build() aufgerufen.
07-20 01:32:20.955 16378 16437 I python  : [PERF] I18N initialisiert in: 0.0000s
07-20 01:32:20.956 16378 16437 I python  : [PERF] Buffer initialisiert/geladen in: 0.0009s
07-20 01:32:20.958 16378 16437 I python  : [PERF][SCREEN] START grow_overview
07-20 01:32:20.991 16378 16437 I python  : [INFO   ] [GL          ] NPOT texture support is available
07-20 01:32:20.995 16378 16437 I python  : [PERF][HEADER] Basis: 0.0008s
07-20 01:32:21.010 16378 16437 I python  : [PERF][HEADER] Navigation: 0.0153s
07-20 01:32:21.017 16378 16437 I python  : [WARNING] Deprecated property "<BooleanProperty name=keep_ratio>" of object "<kivy.uix.image.Image object at 0x6dab331860>" has been set, it will be removed in a future version
07-20 01:32:21.019 16378 16437 I python  : [PERF][HEADER] Logo+Gerätename: 0.0092s
07-20 01:32:21.052 16378 16437 I python  : [PERF][HEADER] Status+Controls: 0.0329s
07-20 01:32:21.055 16378 16437 I python  : [PERF][HEADER] Uhr+Menü: 0.0023s
07-20 01:32:21.060 16378 16437 I python  : [PERF][HEADER] Assembly: 0.0051s
07-20 01:32:21.060 16378 16437 I python  : [PERF][HEADER] TOTAL: 0.0656s
07-20 01:32:21.283 16378 16437 I python  : [WARNING] Deprecated property "<BooleanProperty name=allow_stretch>" of object "<kivy.uix.image.Image object at 0x6d975b6120>" has been set, it will be removed in a future version
07-20 01:32:21.730  3187  3218 W System.err: java.io.FileNotFoundException: /proc/ant_state: open failed: ENOENT (No such file or directory)
07-20 01:32:21.730  3187  3218 W System.err: 	at libcore.io.IoBridge.open(IoBridge.java:574)
07-20 01:32:21.730  3187  3218 W System.err: 	at java.io.FileInputStream.<init>(FileInputStream.java:179)
07-20 01:32:21.730  3187  3218 W System.err: 	at java.io.FileReader.<init>(FileReader.java:75)
07-20 01:32:21.730  3187  3218 W System.err: 	at com.hmd.sarsensor.ModeService$NodeWatcher.readNode(ModeService.java:539)
07-20 01:32:21.730  3187  3218 W System.err: 	at com.hmd.sarsensor.ModeService$NodeWatcher.run(ModeService.java:514)
07-20 01:32:21.730  3187  3218 W System.err: Caused by: android.system.ErrnoException: open failed: ENOENT (No such file or directory)
07-20 01:32:21.730  3187  3218 W System.err: 	at libcore.io.Linux.open(Native Method)
07-20 01:32:21.730  3187  3218 W System.err: 	at libcore.io.ForwardingOs.open(ForwardingOs.java:579)
07-20 01:32:21.730  3187  3218 W System.err: 	at libcore.io.BlockGuardOs.open(BlockGuardOs.java:274)
07-20 01:32:21.730  3187  3218 W System.err: 	at libcore.io.ForwardingOs.open(ForwardingOs.java:579)
07-20 01:32:21.730  3187  3218 W System.err: 	at android.app.ActivityThread$AndroidOs.open(ActivityThread.java:7766)
07-20 01:32:21.730  3187  3218 W System.err: 	at libcore.io.IoBridge.open(IoBridge.java:560)
07-20 01:32:21.730  3187  3218 W System.err: 	... 4 more
07-20 01:32:21.730  3187  3218 E SarTest : read node fail: java.io.FileNotFoundException: /proc/ant_state: open failed: ENOENT (No such file or directory)
07-20 01:32:21.809 16378 16437 I python  : [PERF][SCREEN] END grow_overview: 0.8509s
07-20 01:32:21.809 16378 16437 I python  : [PERF][SCREEN] START cam_viewer
07-20 01:32:21.811 16378 16437 I python  : [PERF][HEADER] Basis: 0.0003s
07-20 01:32:21.814 16378 16437 I python  : [PERF][HEADER] Navigation: 0.0031s
07-20 01:32:21.817 16378 16437 I python  : [PERF][HEADER] Logo+Gerätename: 0.0026s
07-20 01:32:21.838 16378 16437 I python  : [PERF][HEADER] Status+Controls: 0.0209s
07-20 01:32:21.840 16378 16437 I python  : [PERF][HEADER] Uhr+Menü: 0.0025s
07-20 01:32:21.843 16378 16437 I python  : [PERF][HEADER] Assembly: 0.0029s
07-20 01:32:21.843 16378 16437 I python  : [PERF][HEADER] TOTAL: 0.0322s
07-20 01:32:21.887 16378 16437 I python  : [PERF][SCREEN] END cam_viewer: 0.0774s
07-20 01:32:21.887 16378 16437 I python  : [PERF][SCREEN] START dashboard
07-20 01:32:21.926 16378 16437 I python  : [PERF][HEADER] Basis: 0.0004s
07-20 01:32:21.932 16378 16437 I python  : [PERF][HEADER] Navigation: 0.0057s
07-20 01:32:21.935 16378 16437 I python  : [PERF][HEADER] Logo+Gerätename: 0.0029s
07-20 01:32:21.956 16378 16437 I python  : [PERF][HEADER] Status+Controls: 0.0213s
07-20 01:32:21.958 16378 16437 I python  : [PERF][HEADER] Uhr+Menü: 0.0023s
07-20 01:32:21.961 16378 16437 I python  : [PERF][HEADER] Assembly: 0.0027s
07-20 01:32:21.961 16378 16437 I python  : [PERF][HEADER] TOTAL: 0.0354s
07-20 01:32:21.961 16378 16437 I python  : [PERF][DASHBOARD] HeaderBar: 0.0357s
07-20 01:32:21.986 16378 16437 I python  : [PERF][DASHBOARD][TILE] temp_in: 0.0217s
07-20 01:32:22.004 16378 16437 I python  : [PERF][DASHBOARD][TILE] hum_in: 0.0181s
07-20 01:32:22.019 16378 16437 I python  : [PERF][DASHBOARD][TILE] vpd_in: 0.0151s
07-20 01:32:22.037 16378 16437 I python  : [PERF][DASHBOARD][TILE] temp_ex: 0.0176s
07-20 01:32:22.055 16378 16437 I python  : [PERF][DASHBOARD][TILE] hum_ex: 0.0178s
07-20 01:32:22.070 16378 16437 I python  : [PERF][DASHBOARD][TILE] vpd_ex: 0.0150s
07-20 01:32:22.087 16378 16437 I python  : [PERF][DASHBOARD][TILE] ble_temp_outside: 0.0173s
07-20 01:32:22.225 16378 16437 I python  : [PERF][DASHBOARD][TILE] ble_hum_outside: 0.1370s
07-20 01:32:22.240 16378 16437 I python  : [PERF][DASHBOARD][TILE] ble_vpd_outside: 0.0152s
07-20 01:32:22.258 16378 16437 I python  : [PERF][DASHBOARD][TILE] ble_temp_inside: 0.0178s
07-20 01:32:22.276 16378 16437 I python  : [PERF][DASHBOARD][TILE] ble_hum_inside: 0.0181s
07-20 01:32:22.291 16378 16437 I python  : [PERF][DASHBOARD][TILE] ble_vpd_inside: 0.0150s
07-20 01:32:22.309 16378 16437 I python  : [PERF][DASHBOARD][TILE] leaf_temp: 0.0178s
07-20 01:32:22.327 16378 16437 I python  : [PERF][DASHBOARD][TILE] vpd_leaf: 0.0175s
07-20 01:32:22.343 16378 16437 I python  : [PERF][DASHBOARD][TILE] v_bat: 0.0156s
07-20 01:32:22.360 16378 16437 I python  : [PERF][DASHBOARD][TILE] rssi: 0.0174s
07-20 01:32:22.360 16378 16437 I python  : [PERF][DASHBOARD][TILES] TOTAL: 0.3968s
07-20 01:32:22.361 16378 16437 I python  : [PERF][DASHBOARD] DashboardMainPanel: 0.3972s
07-20 01:32:22.365 16378 16437 I python  : [PERF][DASHBOARD] ControlButtons: 0.0044s
07-20 01:32:22.365 16378 16437 I python  : [PERF][DASHBOARD] TOTAL: 0.4782s
07-20 01:32:22.365 16378 16437 I python  : [PERF][SCREEN] END dashboard: 0.4784s
07-20 01:32:22.365 16378 16437 I python  : [PERF][SCREEN] START setup
07-20 01:32:22.367 16378 16437 I python  : [PERF][HEADER] Basis: 0.0003s
07-20 01:32:22.370 16378 16437 I python  : [PERF][HEADER] Navigation: 0.0028s
07-20 01:32:22.375 16378 16437 I python  : [PERF][HEADER] Logo+Gerätename: 0.0052s
07-20 01:32:22.396 16378 16437 I python  : [PERF][HEADER] Status+Controls: 0.0209s
07-20 01:32:22.398 16378 16437 I python  : [PERF][HEADER] Uhr+Menü: 0.0023s
07-20 01:32:22.401 16378 16437 I python  : [PERF][HEADER] Assembly: 0.0027s
07-20 01:32:22.401 16378 16437 I python  : [PERF][HEADER] TOTAL: 0.0342s
07-20 01:32:22.412 16378 16437 I python  : [PERF][SCREEN] END setup: 0.0467s
07-20 01:32:22.412 16378 16437 I python  : [PERF][SCREEN] START about
07-20 01:32:22.462 16378 16437 I python  : [PERF][HEADER] Basis: 0.0030s
07-20 01:32:22.465 16378 16437 I python  : [PERF][HEADER] Navigation: 0.0028s
07-20 01:32:22.468 16378 16437 I python  : [PERF][HEADER] Logo+Gerätename: 0.0025s
07-20 01:32:22.489 16378 16437 I python  : [PERF][HEADER] Status+Controls: 0.0210s
07-20 01:32:22.491 16378 16437 I python  : [PERF][HEADER] Uhr+Menü: 0.0023s
07-20 01:32:22.494 16378 16437 I python  : [PERF][HEADER] Assembly: 0.0029s
07-20 01:32:22.494 16378 16437 I python  : [PERF][HEADER] TOTAL: 0.0345s
07-20 01:32:22.505 16378 16437 I python  : [PERF][SCREEN] END about: 0.0925s
07-20 01:32:22.505 16378 16437 I python  : [PERF][SCREEN] START settings
07-20 01:32:22.507 16378 16437 I python  : [PERF][HEADER] Basis: 0.0003s
07-20 01:32:22.509 16378 16437 I python  : [PERF][HEADER] Navigation: 0.0027s
07-20 01:32:22.512 16378 16437 I python  : [PERF][HEADER] Logo+Gerätename: 0.0029s
07-20 01:32:22.695 16378 16437 I python  : [PERF][HEADER] Status+Controls: 0.1825s
07-20 01:32:22.697 16378 16437 I python  : [PERF][HEADER] Uhr+Menü: 0.0022s
07-20 01:32:22.700 16378 16437 I python  : [PERF][HEADER] Assembly: 0.0027s
07-20 01:32:22.700 16378 16437 I python  : [PERF][HEADER] TOTAL: 0.1933s
07-20 01:32:22.794 16378 16437 I python  : [PERF][SCREEN] END settings: 0.2886s
07-20 01:32:22.794 16378 16437 I python  : [PERF][SCREEN] START fullscreen
07-20 01:32:22.812 16378 16437 I python  : [PERF][HEADER] Basis: 0.0003s
07-20 01:32:22.815 16378 16437 I python  : [PERF][HEADER] Navigation: 0.0030s
07-20 01:32:22.817 16378 16437 I python  : [PERF][HEADER] Logo+Gerätename: 0.0026s
07-20 01:32:22.838 16378 16437 I python  : [PERF][HEADER] Status+Controls: 0.0210s
07-20 01:32:22.843 16378 16437 I python  : [PERF][HEADER] Uhr+Menü: 0.0047s
07-20 01:32:22.846 16378 16437 I python  : [PERF][HEADER] Assembly: 0.0028s
07-20 01:32:22.846 16378 16437 I python  : [PERF][HEADER] TOTAL: 0.0343s
07-20 01:32:22.853 16378 16437 I python  : [PERF][SCREEN] END fullscreen: 0.0593s
07-20 01:32:22.853 16378 16437 I python  : [PERF][SCREEN] START device_picker
07-20 01:32:22.855 16378 16437 I python  : [PERF][HEADER] Basis: 0.0003s
07-20 01:32:22.857 16378 16437 I python  : [PERF][HEADER] Navigation: 0.0026s
07-20 01:32:22.860 16378 16437 I python  : [PERF][HEADER] Logo+Gerätename: 0.0025s
07-20 01:32:22.881 16378 16437 I python  : [PERF][HEADER] Status+Controls: 0.0211s
07-20 01:32:22.886 16378 16437 I python  : [PERF][HEADER] Uhr+Menü: 0.0047s
07-20 01:32:22.889 16378 16437 I python  : [PERF][HEADER] Assembly: 0.0028s
07-20 01:32:22.889 16378 16437 I python  : [PERF][HEADER] TOTAL: 0.0340s
07-20 01:32:22.899 16378 16437 I python  : [PERF][SCREEN] END device_picker: 0.0459s
07-20 01:32:22.899 16378 16437 I python  : [PERF][SCREEN] START csv_viewer
07-20 01:32:22.901 16378 16437 I python  : [PERF][HEADER] Basis: 0.0003s
07-20 01:32:22.906 16378 16437 I python  : [PERF][HEADER] Navigation: 0.0053s
07-20 01:32:22.909 16378 16437 I python  : [PERF][HEADER] Logo+Gerätename: 0.0028s
07-20 01:32:23.140 16378 16437 I python  : [PERF][HEADER] Status+Controls: 0.2310s
07-20 01:32:23.143 16378 16437 I python  : [PERF][HEADER] Uhr+Menü: 0.0027s
07-20 01:32:23.145 16378 16437 I python  : [PERF][HEADER] Assembly: 0.0027s
07-20 01:32:23.145 16378 16437 I python  : [PERF][HEADER] TOTAL: 0.2449s
07-20 01:32:23.206 16378 16437 I python  : [PERF][SCREEN] END csv_viewer: 0.3070s
07-20 01:32:23.206 16378 16437 I python  : [PERF][SCREEN] START vpd_scatter
07-20 01:32:23.208 16378 16437 I python  : [PERF][HEADER] Basis: 0.0003s
07-20 01:32:23.211 16378 16437 I python  : [PERF][HEADER] Navigation: 0.0028s
07-20 01:32:23.214 16378 16437 I python  : [PERF][HEADER] Logo+Gerätename: 0.0028s
07-20 01:32:23.234 16378 16437 I python  : [PERF][HEADER] Status+Controls: 0.0205s
07-20 01:32:23.236 16378 16437 I python  : [PERF][HEADER] Uhr+Menü: 0.0023s
07-20 01:32:23.239 16378 16437 I python  : [PERF][HEADER] Assembly: 0.0026s
07-20 01:32:23.239 16378 16437 I python  : [PERF][HEADER] TOTAL: 0.0313s
07-20 01:32:23.312 16378 16437 I python  : [PERF][SCREEN] END vpd_scatter: 0.1059s
07-20 01:32:23.313 16378 16437 I python  : [PERF][SCREEN] START sensor_mixed_mode
07-20 01:32:23.362 16378 16437 I python  : [PERF][HEADER] Basis: 0.0003s
07-20 01:32:23.368 16378 16437 I python  : [PERF][HEADER] Navigation: 0.0058s
07-20 01:32:23.370 16378 16437 I python  : [PERF][HEADER] Logo+Gerätename: 0.0028s
07-20 01:32:23.391 16378 16437 I python  : [PERF][HEADER] Status+Controls: 0.0204s
07-20 01:32:23.393 16378 16437 I python  : [PERF][HEADER] Uhr+Menü: 0.0023s
07-20 01:32:23.396 16378 16437 I python  : [PERF][HEADER] Assembly: 0.0027s
07-20 01:32:23.396 16378 16437 I python  : [PERF][HEADER] TOTAL: 0.0343s
07-20 01:32:23.412 16378 16437 I python  : [PERF][SCREEN] END sensor_mixed_mode: 0.0995s
07-20 01:32:23.412 16378 16437 I python  : [PERF][SCREEN] START grow_controller
07-20 01:32:23.414 16378 16437 I python  : [PERF][HEADER] Basis: 0.0004s
07-20 01:32:23.417 16378 16437 I python  : [PERF][HEADER] Navigation: 0.0026s
07-20 01:32:23.419 16378 16437 I python  : [PERF][HEADER] Logo+Gerätename: 0.0025s
07-20 01:32:23.440 16378 16437 I python  : [PERF][HEADER] Status+Controls: 0.0211s
07-20 01:32:23.443 16378 16437 I python  : [PERF][HEADER] Uhr+Menü: 0.0025s
07-20 01:32:23.446 16378 16437 I python  : [PERF][HEADER] Assembly: 0.0027s
07-20 01:32:23.446 16378 16437 I python  : [PERF][HEADER] TOTAL: 0.0319s
07-20 01:32:23.451 16378 16437 I python  : [PERF][SCREEN] END grow_controller: 0.0384s
07-20 01:32:23.451 16378 16437 I python  : [PERF][SCREEN] START plant_planner
07-20 01:32:23.453 16378 16437 I python  : [PERF][HEADER] Basis: 0.0003s
07-20 01:32:23.455 16378 16437 I python  : [PERF][HEADER] Navigation: 0.0028s
07-20 01:32:23.458 16378 16437 I python  : [PERF][HEADER] Logo+Gerätename: 0.0026s
07-20 01:32:23.479 16378 16437 I python  : [PERF][HEADER] Status+Controls: 0.0209s
07-20 01:32:23.481 16378 16437 I python  : [PERF][HEADER] Uhr+Menü: 0.0023s
07-20 01:32:23.484 16378 16437 I python  : [PERF][HEADER] Assembly: 0.0028s
07-20 01:32:23.484 16378 16437 I python  : [PERF][HEADER] TOTAL: 0.0318s
07-20 01:32:23.497 16378 16437 I python  : [PERF][SCREEN] END plant_planner: 0.0462s
07-20 01:32:23.497 16378 16437 I python  : [PERF][SCREEN] START debug
07-20 01:32:23.499 16378 16437 I python  : [PERF][HEADER] Basis: 0.0003s
07-20 01:32:23.501 16378 16437 I python  : [PERF][HEADER] Navigation: 0.0028s
07-20 01:32:23.504 16378 16437 I python  : [PERF][HEADER] Logo+Gerätename: 0.0028s
07-20 01:32:23.731  3187  3218 W System.err: java.io.FileNotFoundException: /proc/ant_state: open failed: ENOENT (No such file or directory)
07-20 01:32:23.731  3187  3218 W System.err: 	at libcore.io.IoBridge.open(IoBridge.java:574)
07-20 01:32:23.731  3187  3218 W System.err: 	at java.io.FileInputStream.<init>(FileInputStream.java:179)
07-20 01:32:23.731  3187  3218 W System.err: 	at java.io.FileReader.<init>(FileReader.java:75)
07-20 01:32:23.731  3187  3218 W System.err: 	at com.hmd.sarsensor.ModeService$NodeWatcher.readNode(ModeService.java:539)
07-20 01:32:23.731  3187  3218 W System.err: 	at com.hmd.sarsensor.ModeService$NodeWatcher.run(ModeService.java:514)
07-20 01:32:23.731  3187  3218 W System.err: Caused by: android.system.ErrnoException: open failed: ENOENT (No such file or directory)
07-20 01:32:23.731  3187  3218 W System.err: 	at libcore.io.Linux.open(Native Method)
07-20 01:32:23.731  3187  3218 W System.err: 	at libcore.io.ForwardingOs.open(ForwardingOs.java:579)
07-20 01:32:23.731  3187  3218 W System.err: 	at libcore.io.BlockGuardOs.open(BlockGuardOs.java:274)
07-20 01:32:23.731  3187  3218 W System.err: 	at libcore.io.ForwardingOs.open(ForwardingOs.java:579)
07-20 01:32:23.731  3187  3218 W System.err: 	at android.app.ActivityThread$AndroidOs.open(ActivityThread.java:7766)
07-20 01:32:23.732  3187  3218 W System.err: 	at libcore.io.IoBridge.open(IoBridge.java:560)
07-20 01:32:23.732  3187  3218 W System.err: 	... 4 more
07-20 01:32:23.732  3187  3218 E SarTest : read node fail: java.io.FileNotFoundException: /proc/ant_state: open failed: ENOENT (No such file or directory)
07-20 01:32:23.777 16378 16437 I python  : [PERF][HEADER] Status+Controls: 0.2730s
07-20 01:32:23.779 16378 16437 I python  : [PERF][HEADER] Uhr+Menü: 0.0023s
07-20 01:32:23.782 16378 16437 I python  : [PERF][HEADER] Assembly: 0.0028s
07-20 01:32:23.782 16378 16437 I python  : [PERF][HEADER] TOTAL: 0.2840s
07-20 01:32:23.819 16378 16437 I python  : [PERF][SCREEN] END debug: 0.3220s
07-20 01:32:23.821 16378 16437 I python  : [PERF] Alle 14 Screens instanziiert und hinzugefügt in: 2.8624s
07-20 01:32:23.853 16378 16437 I python  : [Core] Starte Core (Foreground Service Mode)…
07-20 01:32:23.853 16378 16437 I python  : [Core] is_android(): True
07-20 01:32:23.853 16378 16437 I python  : [Core] decoded.json entfernt
07-20 01:32:23.854 16378 16437 I python  : [Core] ble_dump.json geleert: /data/user/0/org.hackintosh1980.espgrowcontroller/files/app/data/ble_dump.json
07-20 01:32:23.854 16378 16437 I python  : [Core] ble_log_dump.json geleert: /data/user/0/org.hackintosh1980.espgrowcontroller/files/app/data/ble_log_dump.json
07-20 01:32:23.854 16378 16437 I python  : [Core] web_dump.json geleert: /data/user/0/org.hackintosh1980.espgrowcontroller/files/app/data/web_dump.json
07-20 01:32:23.845 13494 13494 W ThreadPoolForeg: type=1400 audit(0.0:128987): avc: denied { write } for name="traced_producer" dev="tmpfs" ino=20847 scontext=u:r:gmscore_app:s0:c512,c768 tcontext=u:object_r:traced_producer_socket:s0 tclass=sock_file permissive=0 app=com.google.android.gms
07-20 01:32:24.027 16378 16437 I python  : [Core] BLE Python Service gestartet (Foreground)
07-20 01:32:24.066  1833  2195 I ActivityManager: Start proc 16445:org.hackintosh1980.espgrowcontroller:service_ble_service/u0a244 for service {org.hackintosh1980.espgrowcontroller/org.hackintosh1980.espgrowcontroller.ServiceBle_service}
07-20 01:32:24.081 16445 16445 I ice_ble_servic: Late-enabling -Xcheck:jni
07-20 01:32:24.110 16445 16445 I ice_ble_servic: Using generational CollectorTypeCC GC.
07-20 01:32:24.118  2174  2243 I bt_stack: [INFO:gatt_api.cc(1223)] GATT_Register 2a1abdd4-d2cb-2c51-078c-935d1b14e7c6
07-20 01:32:24.118  2174  2243 I bt_stack: [INFO:gatt_api.cc(1244)] allocated gatt_if=26
07-20 01:32:24.119  1308  1333 I adbd    : jdwp connection from 16445
07-20 01:32:24.125  2174  2229 I BtGatt.ScanManager: msg.what = 0
07-20 01:32:24.127 16378 16437 I python  : [Core] Android-Bridges gestartet (ADV + GATT + BROADCAST)
07-20 01:32:24.128 16378 16437 I python  : [Core] WebClient-Thread gestartet
07-20 01:32:24.129  1095  1095 I vendor.qti.bluetooth@1.0-ibs_handler: DeviceWakeUp: Writing IBS_WAKE_IND
07-20 01:32:24.129  1095  2241 I vendor.qti.bluetooth@1.0-ibs_handler: ProcessIbsCmd: Received IBS_WAKE_ACK: 0xFC
07-20 01:32:24.129  1095  2241 I vendor.qti.bluetooth@1.0-ibs_handler: ProcessIbsCmd: Signal wack_cond_
07-20 01:32:24.130 16378 16460 I python  : [Decoder] Background Thread STARTED.
07-20 01:32:24.130 16378 16460 I python  : [HEARTBEAT DECODER] Ticking! Active Config Devices: ['E697B52A-2E7F-D41E-BC4D-2D027CB38D0B', '827482CC-A977-43D7-835E-8E8B6978E66A', 'C898B4F2-B452-7502-1A67-0536E77D49EA', 'FABCEA8B-7EC8-2594-4879-2B3B63989660'] | Live Web RAM Keys: []
07-20 01:32:24.131  1095  2241 I vendor.qti.bluetooth@1.0-ibs_handler: ProcessIbsCmd: Received IBS_WAKE_IND: 0xFD
07-20 01:32:24.131  1095  2241 I vendor.qti.bluetooth@1.0-ibs_handler: ProcessIbsCmd: Writing IBS_WAKE_ACK
07-20 01:32:24.147 16378 16463 I python  : [DEBUG  ] [Starting new HTTP connection (1)] 192.168.2.39:80
07-20 01:32:24.151 16378 16461 I python  : [DEBUG  ] [Starting new HTTP connection (1)] 192.168.2.20:80
07-20 01:32:24.155  1308  1308 I adbd    : adbd service requested 'shell,v2,TERM=dumb:export ANDROID_LOG_TAGS=''; exec logcat '-d' '-v' 'threadtime' '*:I' 'python:D''
07-20 01:32:24.174 16378 16437 I python  : [Core] Decoder-Thread gestartet
07-20 01:32:24.184 16378 16437 I python  : [Core] Watchdog gestartet
07-20 01:32:24.184 16378 16437 I python  : [Core] System läuft stabil im Hintergrund (Foreground Service Active).
07-20 01:32:24.184 16378 16437 I python  : [PERF] core.start() ausgeführt in: 0.3314s
07-20 01:32:24.184 16378 16437 I python  : [PERF] 🚀 GESAMTZEIT BIS ZUM START: 5.3552s 🚀
07-20 01:32:24.185 16378 16437 I python  : [WARNING] [Base        ] Unknown <android> provider
07-20 01:32:24.186 16378 16437 I python  : [INFO   ] [Base        ] Start application main loop
07-20 01:32:24.215  1095  2241 I vendor.qti.bluetooth@1.0-ibs_handler: ProcessIbsCmd: Received IBS_SLEEP_IND: 0xFE
07-20 01:32:24.221 16445 16445 I Perf    : Connecting to perf service.
