07-20 01:47:11.733   732  1685 W BufferQueueProducer: [NavigationBar0#0]:1390: disconnect: not connected (req=1)
07-20 01:47:11.733  2037  2404 W libEGL  : EGLNativeWindowType 0x6ffe1ca410 disconnect failed
07-20 01:47:11.735  2037  2037 I KeyButtonDrawable: setDrawableBounds:2
07-20 01:47:11.738  1578  4549 I WindowManager: Checking 1 opening apps (frozen=true timeout=false)...
07-20 01:47:11.738  1578  4549 I WindowManager: Check opening app=AppWindowToken{a8c9f5b token=Token{efe0e6a ActivityRecord{c97aaf3 u0 com.huawei.android.launcher/.drawer.DrawerLauncher t1}}}: allDrawn=true startingDisplayed=false startingMoved=false isRelaunching()=false startingWindow=null
07-20 01:47:11.740  1578  1660 I WindowManager: Checking 1 opening apps (frozen=true timeout=false)...
07-20 01:47:11.740  1578  1660 I WindowManager: Check opening app=AppWindowToken{a8c9f5b token=Token{efe0e6a ActivityRecord{c97aaf3 u0 com.huawei.android.launcher/.drawer.DrawerLauncher t1}}}: allDrawn=true startingDisplayed=false startingMoved=false isRelaunching()=false startingWindow=null
07-20 01:47:11.741   732   924 W BufferQueueProducer: [com.huawei.android.launcher/com.huawei.android.launcher.drawer.DrawerLauncher#1]:1390: disconnect: not connected (req=1)
07-20 01:47:11.741  2911  3138 W libEGL  : EGLNativeWindowType 0x6ff44c6d90 disconnect failed
07-20 01:47:11.741  2037  2037 I KeyButtonDrawable: setDrawableBounds:2
07-20 01:47:11.742  2037  2326 I ImageWallpaperRenderer: updateOffsets mXOffset 0.5 mYOffset 0.5
07-20 01:47:11.744  2911  3196 E TaskKeyCache: Unexpected null key or value: id=8781 windowingMode=1 user=0 lastActiveTime=334259817, null
07-20 01:47:11.744  1578  1660 I WindowManager: Checking 1 opening apps (frozen=true timeout=false)...
07-20 01:47:11.744  1578  1660 I WindowManager: Check opening app=AppWindowToken{a8c9f5b token=Token{efe0e6a ActivityRecord{c97aaf3 u0 com.huawei.android.launcher/.drawer.DrawerLauncher t1}}}: allDrawn=true startingDisplayed=false startingMoved=false isRelaunching()=false startingWindow=null
07-20 01:47:11.744  1578  1660 I WindowManager: Checking 0 opening apps (frozen=true timeout=false)...
07-20 01:47:11.745  1578  1660 I WindowManager: remove H.SET_LAUNCHER_VISIBLE_IN_FINGER_BOOST message.
07-20 01:47:11.745  1578  1660 I WindowManager: send SET_LAUNCHER_VISIBLE_IN_FINGER_BOOST visible: true,delay:0, handle:true, userId:0, callingPid: 1578
07-20 01:47:11.745  1578  1660 I HwWindowManagerServiceEx: closing apps count = 0
07-20 01:47:11.745  1578  1660 I WindowManager: Animation done in AppWindowToken{a8c9f5b token=Token{efe0e6a ActivityRecord{c97aaf3 u0 com.huawei.android.launcher/.drawer.DrawerLauncher t1}}} isHidden:false hiddenRequested:false
07-20 01:47:11.746  1578  1660 I HwWindowManagerServiceEx: exit info has been reset.
07-20 01:47:11.757  1578  1659 I InputManager-JNI: Viewport [0] to add: Viewport INTERNAL: displayId=0, uniqueId=local:0, port=0, orientation=0, logicalFrame=[0, 0, 1080, 2160], physicalFrame=[0, 0, 1080, 2160], deviceSize=[1080, 2160]
07-20 01:47:11.757  1578  1659 I InputManager-JNI: Viewport [1] to add: Viewport EXTERNAL: displayId=0, uniqueId=local:0, port=0, orientation=0, logicalFrame=[0, 0, 1080, 2160], physicalFrame=[0, 0, 1080, 2160], deviceSize=[1080, 2160]
07-20 01:47:11.758  1578  2204 I NetworkTimeUpdateService: Ignoring NTP update
07-20 01:47:11.759  1578  1686 I PowerManagerService: handleSandman: wakefulness: 1,startDreaming: false
07-20 01:47:11.759  1578  1839 I InputReader: Reconfiguring input devices.  changes=0x00000004
07-20 01:47:11.759  1578  1839 I InputReader: Device reconfigured: id=5, name='huawei,ts_kit', size 1080x2160, orientation 0, mode 1, display id 0
07-20 01:47:11.773  1578  1578 E HwVrServiceManagerImpl: client service is not alive.
07-20 01:47:11.774  1578  1961 I HwWifiProServiceProxy: ctrlHwWifiNetwork pkgName: WIFIPRO_SERVICE interfaceId: 9
07-20 01:47:11.775  2911  2911 I HwLauncher: Model onReceive intent=Intent { act=android.intent.action.CONFIGURATION_CHANGED flg=0x70200010 }
07-20 01:47:11.775  2911  2911 I HwLauncher: Model onReceive action=android.intent.action.CONFIGURATION_CHANGED
07-20 01:47:11.775  2911  2911 I HwLauncher: Model onReceive user=UserHandle{0}
07-20 01:47:11.775  2911  2911 I HwLauncher: IconUtil updateIconTitleSize fontSize = 11.5
07-20 01:47:11.775  2911  2911 I HwLauncher: IconUtil updateIconTitleSize after fontSize: 38.8125
07-20 01:47:11.775   634  1407 I OemNetd : setChrAppUid(10, 10095)
07-20 01:47:11.776  1578  2763 I HwNetworkManagementService: chr appuid set succeeded
07-20 01:47:11.778  1578  4549 I HwNetworkPolicy: onTransact, code = 203
07-20 01:47:11.778  2334  2603 I HwNetworkPolicyManager: getHwUidPolicy uid = 10095 policy = 0
07-20 01:47:11.784   634  9753 I netd    : trafficSwapActiveStatsMap() <16.19ms>
07-20 01:47:11.785  1578  2206 W AwareLog: SysLoadManager: check status do nothing
07-20 01:47:11.787  1578  1578 I BehaviorCollectorService: register the point listener successfully
07-20 01:47:11.787   732  1685 W BufferQueueProducer: [GestureNavLeft#0]:1390: disconnect: not connected (req=1)
07-20 01:47:11.787  1578  1970 W libEGL  : EGLNativeWindowType 0x6fd8b95f50 disconnect failed
07-20 01:47:11.787  1578  1633 I ActivityManager: Force stopping org.hackintosh1980.espgrowcontroller appid=10677 user=0: from pid 25922by app
07-20 01:47:11.789  1578  1633 I ActivityManager: Start to clean activity stack when force stop the app org.hackintosh1980.espgrowcontroller , reason:from pid 25922by app
07-20 01:47:11.789 27313 27313 W e0      : selectionUpdated event aborted
07-20 01:47:11.789 27313 27313 W e0      : fc0.b0: Could not create selection changed event
07-20 01:47:11.789 27313 27313 W e0      : 	at ar.r.g(Unknown Source:64)
07-20 01:47:11.789 27313 27313 W e0      : 	at fc0.e0.w0(Unknown Source:278)
07-20 01:47:11.789 27313 27313 W e0      : 	at fc0.e0.f(Unknown Source:760)
07-20 01:47:11.789 27313 27313 W e0      : 	at ob0.f0.e(Unknown Source:593)
07-20 01:47:11.789 27313 27313 W e0      : 	at n70.x.onConfigurationChanged(Unknown Source:244)
07-20 01:47:11.789 27313 27313 W e0      : 	at n70.i3.onConfigurationChanged(Unknown Source:4)
07-20 01:47:11.789 27313 27313 W e0      : 	at com.touchtype.KeyboardService.onConfigurationChanged(Unknown Source:9)
07-20 01:47:11.789 27313 27313 W e0      : 	at android.app.ActivityThread.performConfigurationChanged(ActivityThread.java:6411)
07-20 01:47:11.789 27313 27313 W e0      : 	at android.app.ActivityThread.handleConfigurationChanged(ActivityThread.java:6644)
07-20 01:47:11.789 27313 27313 W e0      : 	at android.app.ActivityThread.handleConfigurationChanged(ActivityThread.java:6550)
07-20 01:47:11.789 27313 27313 W e0      : 	at android.app.servertransaction.ConfigurationChangeItem.execute(ConfigurationChangeItem.java:42)
07-20 01:47:11.789 27313 27313 W e0      : 	at android.app.servertransaction.TransactionExecutor.executeCallbacks(TransactionExecutor.java:149)
07-20 01:47:11.789 27313 27313 W e0      : 	at android.app.servertransaction.TransactionExecutor.execute(TransactionExecutor.java:103)
07-20 01:47:11.789 27313 27313 W e0      : 	at android.app.ActivityThread$H.handleMessage(ActivityThread.java:2613)
07-20 01:47:11.789 27313 27313 W e0      : 	at android.os.Handler.dispatchMessage(Handler.java:110)
07-20 01:47:11.789 27313 27313 W e0      : 	at android.os.Looper.loop(Looper.java:219)
07-20 01:47:11.789 27313 27313 W e0      : 	at android.app.ActivityThread.main(ActivityThread.java:8668)
07-20 01:47:11.789 27313 27313 W e0      : 	at java.lang.reflect.Method.invoke(Native Method)
07-20 01:47:11.789 27313 27313 W e0      : 	at com.android.internal.os.RuntimeInit$MethodAndArgsCaller.run(RuntimeInit.java:513)
07-20 01:47:11.789 27313 27313 W e0      : 	at com.android.internal.os.ZygoteInit.main(ZygoteInit.java:1109)
07-20 01:47:11.795  1578  1578 I AlarmManager: UninstallReceiver onReceive action:android.intent.action.PACKAGE_RESTARTED
07-20 01:47:11.797  2262  2262 I HwCoreAppHelperService: LocalReceiver receives:android.intent.action.PACKAGE_RESTARTED,pkg:org.hackintosh1980.espgrowcontroller,uid:10677
07-20 01:47:11.797  1060  1162 I bastetd : [IBastetService ] onTransact# BnBastetService::onTransact, code=29, flags=17
07-20 01:47:11.804  4553  4553 E NfcNci  : NfcUtils error: APP do not have nfc permission
07-20 01:47:11.804  4553  4553 E NfcNci  : NfcUtils error: APP do not have nfc permission
07-20 01:47:11.809  2911  3196 E TaskKeyCache: Unexpected null key or value: id=8775 windowingMode=1 user=0 lastActiveTime=244797447, null
07-20 01:47:11.811   732  1685 W BufferQueueProducer: [GestureNavRight#0]:1390: disconnect: not connected (req=1)
07-20 01:47:11.812  1578  1970 W libEGL  : EGLNativeWindowType 0x6feb2b70d0 disconnect failed
07-20 01:47:11.813  2911  3196 E TaskKeyCache: Unexpected null key or value: id=8779 windowingMode=1 user=0 lastActiveTime=324486700, null
07-20 01:47:11.814  1578  1659 I WindowManager: dispatchResized : win = Window{8a5bc43 u0 GestureNavLeft} drawState = HAS_DRAWN
07-20 01:47:11.814   634  9753 I netd    : trafficSwapActiveStatsMap() <27.77ms>
07-20 01:47:11.815  1578  1659 I WindowManager: dispatchResized : win = Window{27ecac6 u0 GestureNavRight} drawState = HAS_DRAWN
07-20 01:47:11.822  1578  1659 W ActivityManager: setHasOverlayUi called on unknown pid: 24704
07-20 01:47:11.822  1578  1659 I WindowManager: dispatchResized : win = Window{8a5bc43 u0 GestureNavLeft} drawState = HAS_DRAWN
07-20 01:47:11.826  1578  1659 I WindowManager: dispatchResized : win = Window{27ecac6 u0 GestureNavRight} drawState = HAS_DRAWN
07-20 01:47:11.827  1578  1659 I WindowManager: handle SET_LAUNCHER_VISIBLE_IN_FINGER_BOOST visible:true handle:trueuserId:0, currentUserId:0
07-20 01:47:11.828  1578  1659 I WindowManager: setLauncherVisible setAlpha to 1.0
07-20 01:47:11.835  2911  2911 W InputMethodManager: startInputReason = 1
07-20 01:47:11.835  2911  2911 W HwRemoteInputMethodManager: isCasting false because IHwDistributedWindowManager is invalid.
07-20 01:47:11.840   732   935 W BufferQueueProducer: [GestureNavLeft#0]:1390: disconnect: not connected (req=1)
07-20 01:47:11.840  1578  1970 W libEGL  : EGLNativeWindowType 0x706d3032d0 disconnect failed
07-20 01:47:11.841  1578  1657 W Looper  : Slow dispatch took 215ms android.ui h=com.android.server.am.ActivityManagerService$UiHandler c=null m=31
07-20 01:47:11.843  1578  2178 I HwAudioService: now type = -1,reportForegroundAppType = 28systemload = -1VOIP_OPTIMIZE_IN_GAMEMODEtrue
07-20 01:47:11.846   728  1894 I SwsHandle: SWS set game flag false
07-20 01:47:11.846   692 12979 I AudioModuleManager: [AudioModuleSetParameters:51]: list size: 13
07-20 01:47:11.846   692 12979 I audio_custom: [dev_set_parameters:4022]: game mode exit
07-20 01:47:11.846   692 12979 I audio_custom: [soc_dsp_set_primary_algo_bypass:330]: set primary algo bypass 0 succ
07-20 01:47:11.854 27313 27313 W e0      : onStartInput event aborted
07-20 01:47:11.854 27313 27313 W e0      : fc0.b0: could not obtain extracted text
07-20 01:47:11.854 27313 27313 W e0      : 	at fc0.y0.H(Unknown Source:369)
07-20 01:47:11.854 27313 27313 W e0      : 	at n70.x.g(Unknown Source:283)
07-20 01:47:11.854 27313 27313 W e0      : 	at n70.i3.g(Unknown Source:4)
07-20 01:47:11.854 27313 27313 W e0      : 	at com.touchtype.KeyboardService.onStartInput(Unknown Source:11)
07-20 01:47:11.854 27313 27313 W e0      : 	at android.inputmethodservice.InputMethodService.doStartInput(InputMethodService.java:2408)
07-20 01:47:11.854 27313 27313 W e0      : 	at android.inputmethodservice.InputMethodService$InputMethodImpl.startInput(InputMethodService.java:697)
07-20 01:47:11.854 27313 27313 W e0      : 	at android.inputmethodservice.InputMethodService$InputMethodImpl.dispatchStartInputWithToken(InputMethodService.java:731)
07-20 01:47:11.854 27313 27313 W e0      : 	at android.inputmethodservice.IInputMethodWrapper.executeMessage(IInputMethodWrapper.java:194)
07-20 01:47:11.854 27313 27313 W e0      : 	at com.android.internal.os.HandlerCaller$MyHandler.handleMessage(HandlerCaller.java:44)
07-20 01:47:11.854 27313 27313 W e0      : 	at android.os.Handler.dispatchMessage(Handler.java:110)
07-20 01:47:11.854 27313 27313 W e0      : 	at android.os.Looper.loop(Looper.java:219)
07-20 01:47:11.854 27313 27313 W e0      : 	at android.app.ActivityThread.main(ActivityThread.java:8668)
07-20 01:47:11.854 27313 27313 W e0      : 	at java.lang.reflect.Method.invoke(Native Method)
07-20 01:47:11.854 27313 27313 W e0      : 	at com.android.internal.os.RuntimeInit$MethodAndArgsCaller.run(RuntimeInit.java:513)
07-20 01:47:11.854 27313 27313 W e0      : 	at com.android.internal.os.ZygoteInit.main(ZygoteInit.java:1109)
07-20 01:47:11.854   692 12979 I AudioModuleManager: [AudioModuleGetParameters:71]: list size: 13
07-20 01:47:11.854   692 12979 I audio_hw_usbaudio_hw: [get_typec_parameters:587]: check show hires (false)
07-20 01:47:11.856  1578  1891 I HwAudioServiceEx: HwAudioHandlerEx receive unknown msg
07-20 01:47:11.856   732  1698 W BufferQueueProducer: [GestureNavRight#0]:1390: disconnect: not connected (req=1)
07-20 01:47:11.856  1578  1970 W libEGL  : EGLNativeWindowType 0x6fd8b95f50 disconnect failed
07-20 01:47:11.892  2037  9395 I HwCommandQueue: updateBarBgColor
07-20 01:47:11.892  2635 19180 I KStateManager: send binder call message, called pid:2037, calling pid:[1578]
07-20 01:47:11.893  1578  1657 I HwActivityStackSupervisorEx: handleVrDisplayChanged displayId = 0
07-20 01:47:11.893  1578  1657 W HwActivityStackSupervisorEx: handleVrDisplayChanged other vr mode displayId: 0
07-20 01:47:11.893  1578  2227 I HwPCUtils#HwPCManagerService: onDisplayChanged, displayId:0
07-20 01:47:11.905  1578  1657 W Looper  : Drained
07-20 01:47:11.908  2037  2037 I HwCtrlCtr: ControlCenterImpl: release control blur image!
07-20 01:47:11.912  2037  2037 I HwHeadsUpTransitionControllerImpl: abortTransition: mTransitionView=null;mIsWaitingFloatWindow=false
07-20 01:47:11.914  1578  1861 I NetworkPolicy: updateRuleForRestrictBackgroundUL(10078): isForeground=true, isBlacklisted=false, isWhitelisted=true, isRestrictedByAdmin=false, oldRule=0 (NONE), newRule=1 (ALLOW_METERED|NONE), newUidRules=1 (ALLOW_METERED|NONE), oldUidRules=0 (NONE), mRestrictBackground=false
07-20 01:47:11.919  1578  2629 I WificondControl: Noise: -89, Snr: 35, Chload: -1, rssi: -53, txBitrate: 72, rxBitrate: 0, frequency: 2462, UlDelay: -1, currentTxBytes: 0, currentTxPackets: 512751, currentTxFailed: 757, currentRxBytes: 0, currentRxPackets: 766880
07-20 01:47:11.923  2880  5886 I VoWifiQoe_N: ProcessReqInfo ul_msgid=5
07-20 01:47:11.923  2880  5886 I VoWifiQoe_N: processReqInfo MSG_WIFI_SIGNAL_INFO_IND 
07-20 01:47:11.923  2880  5886 I VoWifiQoe_N: ProcessSignalInfoInd curStateIsIdle 0 
07-20 01:47:11.923  2880  5886 I VoWifiQoe_N: ProcessSignalInfoInd wifiInterruptFlg 1 enScreenState 1 curStateIsIdle 0
07-20 01:47:11.923  2880  5886 I VoWifiQoe_N: UpdateEvaluatePolicy EVALUATE_POLICY_RSSI
07-20 01:47:11.923  2880  5886 I VoWifiQoe_N: UpdateEvaluatePolicy phoneId 1 is not qoe started!
07-20 01:47:11.928  2037  2037 I HwCtrlCtr:ControlCenterMain: onConfigurationChanged
07-20 01:47:11.928  2037  2037 I HwCtrlCtr:ControlCenterMain: updateResource
07-20 01:47:11.928  2037  2037 I HwCtrlCtr:ControlCenterContainer: setMargins:81
07-20 01:47:11.929  2037  2037 I HwCtrlCtr:ControlCenterContainer: update control panel width: 1080
07-20 01:47:11.930  2037  2037 I HwCtrlCtr:ControlCenterContainer: onConfigurationChanged, isLand: false
07-20 01:47:11.931  2037  2037 I HwCtrlCtr:ControlCenterPanel: orientation changes: 1
07-20 01:47:11.937  2037  2037 W HwToolbar: can not get the Activity of toolbar in getSplitStatus()
07-20 01:47:11.950   732  1685 W BufferQueueProducer: [NavigationBar0#0]:1390: disconnect: not connected (req=1)
07-20 01:47:11.950  2037  2404 W libEGL  : EGLNativeWindowType 0x706d3e1610 disconnect failed
07-20 01:47:12.010  1578  2629 I WindowManager: dispatchResized : win = Window{a2d55cc u0 StatusBar} drawState = DRAW_PENDING
07-20 01:47:12.017   732  1698 W BufferQueueProducer: [StatusBar#0]:1390: disconnect: not connected (req=1)
07-20 01:47:12.017  2037  2404 W libEGL  : EGLNativeWindowType 0x6fbee2ad10 disconnect failed
07-20 01:47:12.046  1578  1633 I ActivityTaskManager: START u0 {flg=0x10000000 hwFlg=0x10 cmp=org.hackintosh1980.espgrowcontroller/org.kivy.android.PythonActivity} from uid 2000
07-20 01:47:12.046  1578  1633 I HwActivityTaskManagerServiceEx: developer mode, not limit.
07-20 01:47:12.048  1578  1633 I ActivityTaskManager: Background activity start for com.android.shell allowed because START_ACTIVITIES_FROM_BACKGROUND permission is granted
07-20 01:47:12.048  1578  1633 I ActivityTaskManager: ActivityRecord info: ActivityInfo{67a9559 org.kivy.android.PythonActivity}
07-20 01:47:12.051  2635 19180 I PGServer: android calls fast HApps
07-20 01:47:12.051  2635 19180 I AppFastHibernation: fast H duration: 1500 reason: start activity
07-20 01:47:12.051  1143  9786 I Pged-IPgedBinderService: ****action is 1, pid num is 5***
07-20 01:47:12.051  1143  9786 I Pged-Freezer: freezePids
07-20 01:47:12.051  1143  9786 I Pged-Freezer: Freeze process: 23844
07-20 01:47:12.051  1143  9786 I Pged-Freezer: Freeze process: 8783
07-20 01:47:12.052  1143  9786 I Pged-Freezer: Freeze process: 24370
07-20 01:47:12.052  1143  9786 I Pged-Freezer: Freeze process: 11522
07-20 01:47:12.060  1578  1633 I WindowManager: addWindowToken: displayid:0 binder:Token{2b62e15 ActivityRecord{e4ce1ff u0 org.hackintosh1980.espgrowcontroller/org.kivy.android.PythonActivity t8782}} token:AppWindowToken{2da352a token=Token{2b62e15 ActivityRecord{e4ce1ff u0 org.hackintosh1980.espgrowcontroller/org.kivy.android.PythonActivity t8782}}}
07-20 01:47:12.062  1578  1633 I ActivityTaskManager: setAppStartingWindow: token=Token{2b62e15 ActivityRecord{e4ce1ff u0 org.hackintosh1980.espgrowcontroller/org.kivy.android.PythonActivity t8782}} pkg=org.hackintosh1980.espgrowcontroller transferFrom=null newTask=true taskSwitch=true processRunning=false allowTaskSnapshot=true activityCreated=false LowRamTaskSnapshots=false
07-20 01:47:12.063  1578  1686 I PowerManagerService: handleSandman: wakefulness: 1,startDreaming: false
07-20 01:47:12.068 32563 32563 I bqwu    : onPause
07-20 01:47:12.069 32563 32563 I bqwu    : onStop
07-20 01:47:12.070  1578  2629 I WindowManager: Animation done in AppWindowToken{2da352a token=Token{2b62e15 ActivityRecord{e4ce1ff u0 org.hackintosh1980.espgrowcontroller/org.kivy.android.PythonActivity t8782}}} isHidden:false hiddenRequested:false
07-20 01:47:12.071  1578  2629 I WindowManager: Deferring rotation, still finishing previous rotation
07-20 01:47:12.072  1578  2629 I WindowManager: Changing focus from Window{697d1f6 u0 com.huawei.android.launcher/com.huawei.android.launcher.drawer.DrawerLauncher} to null displayId=0 Callers=com.android.server.wm.RootWindowContainer.updateFocusedWindowLocked:209 com.android.server.wm.WindowManagerService.updateFocusedWindowLocked:6517 com.android.server.wm.AppWindowToken.commitVisibility:988 com.android.server.wm.AppWindowToken.setVisibility:899 
07-20 01:47:12.072  1578  1659 I BigFontUtils: adjustAppProcessConfiguration appInfo:org.hackintosh1980.espgrowcontroller
07-20 01:47:12.072  1578  2629 I HwDisplayContentEx: currentFocus windowstate null
07-20 01:47:12.072  1578  2629 I WindowManager: Animation done in AppWindowToken{a8c9f5b token=Token{efe0e6a ActivityRecord{c97aaf3 u0 com.huawei.android.launcher/.drawer.DrawerLauncher t1}}} isHidden:true hiddenRequested:true
07-20 01:47:12.073  1578  2629 I WindowManager: New wallpaper target: null prevTarget: Window{697d1f6 u0 com.huawei.android.launcher/com.huawei.android.launcher.drawer.DrawerLauncher}
07-20 01:47:12.076  1578  1668 I HwAudioServiceEx: ComponentInfo : className = com.huawei.android.launcher.drawer.DrawerLauncher, flag = onPause, isHomeActivity = , isTop = false
07-20 01:47:12.077  1578  1891 W HwAudioServiceEx: SoundEffectState bundle get reserved is invalid
07-20 01:47:12.078  2533 25904 I HiAdKit.DC.RedirectionAppSwitchEvent:  switch is off
07-20 01:47:12.078  2533 25906 I HiAdKit.DC.PageSwitchEvent:  switch is off
07-20 01:47:12.078  2533 25904 I HiAdKit.DC.LiteAppPageSwitchEvent:  switch is off
07-20 01:47:12.078  2533 25906 I HiAdKit.DC.PaymentPageSwitchEvent:  switch is off
07-20 01:47:12.086   732  1698 W BufferQueueProducer: [com.huawei.android.launcher/com.huawei.android.launcher.drawer.DrawerLauncher#0]:1390: disconnect: not connected (req=1)
07-20 01:47:12.086 32563 32614 W libEGL  : EGLNativeWindowType 0x70629665d0 disconnect failed
07-20 01:47:12.086   732  1698 W BufferQueueProducer: [com.huawei.android.launcher/com.huawei.android.launcher.drawer.DrawerLauncher#1]:1390: disconnect: not connected (req=1)
07-20 01:47:12.087  2911  3138 W libEGL  : EGLNativeWindowType 0x7001c726d0 disconnect failed
07-20 01:47:12.096  2262  2440 E DollieAdapterService: notifyActivityState pkg:com.huawei.android.launcher/com.huawei.android.launcher.drawer.DrawerLauncher state:6 fg:false mUid:10095
07-20 01:47:12.096  2262  2440 I OllieMsgCenter: publishEvt=2130771969
07-20 01:47:12.097  2262  2440 I SmartDualCardConfig: getAppType,pkgName=com.huawei.android.launcher,appType=28
07-20 01:47:12.097  2262  2440 E SmartDualCardConfig: isAppInBlackList false,items==null
07-20 01:47:12.097  2262  2440 I OllieMsgCenter: publishEvt=2134966274
07-20 01:47:12.100  2911  2911 W HwLauncher: StateManager Launcher in state:NormalState{2c57d21 ordinal = 0,mContainerType = 1,mIsOverviewUi = false}, mConfig.mCurrentAnimationSet == null
07-20 01:47:12.101  2911  2911 I HwLauncher: Launcher Icon:38 Widget:2 Folder:2 Icon in folder:20, in drawer:103
07-20 01:47:12.103  2911  3087 E AbilityFormViewRefreshUtils: stopListening [0ms]
07-20 01:47:12.108  1578  2178 I WindowManager: notifyAppStopped: AppWindowToken{a8c9f5b token=Token{efe0e6a ActivityRecord{c97aaf3 u0 com.huawei.android.launcher/.drawer.DrawerLauncher t1}}}
07-20 01:47:12.109  1578  2178 E WindowManager: win=Window{b1036d4 u0 com.huawei.android.launcher/com.huawei.android.launcher.drawer.DrawerLauncher} destroySurfaces: appStopped=true win.mWindowRemovalAllowed=false win.mRemoveOnExit=false
07-20 01:47:12.109  1578  2178 E WindowManager: win=Window{697d1f6 u0 com.huawei.android.launcher/com.huawei.android.launcher.drawer.DrawerLauncher} destroySurfaces: appStopped=true win.mWindowRemovalAllowed=false win.mRemoveOnExit=false
07-20 01:47:12.111 25929 25929 I pgrowcontrolle: Late-enabling -Xcheck:jni
07-20 01:47:12.112  1578  1676 I ActivityManager: Start proc 25929:org.hackintosh1980.espgrowcontroller/u0a677 for activity {org.hackintosh1980.espgrowcontroller/org.kivy.android.PythonActivity}
07-20 01:47:12.121  2037  2037 I ViewRootImpl: dispatchDetachedFromWindow in doDie
07-20 01:47:12.123  1578  2178 I WindowManager: removeIfPossible: Window{2b521a3 u0 AssistPreviewPanel} callers=com.android.server.wm.WindowState.removeIfPossible:2602 com.android.server.wm.WindowManagerService.removeWindow:2282 com.android.server.wm.Session.remove:179 android.view.IWindowSession$Stub.onTransact:702 com.android.server.wm.Session.onTransact:137 
07-20 01:47:12.123  1578  2178 I WindowManager: postWindowRemoveCleanupLocked: Window{2b521a3 u0 AssistPreviewPanel}
07-20 01:47:12.123  1578  2178 I WindowManager: Removing Window{2b521a3 u0 AssistPreviewPanel} from WindowToken{912fb5d android.os.BinderProxy@d1cc07}
07-20 01:47:12.123  1578  2178 I WindowManager: removeWindowToken: displayid:0 binder:android.os.BinderProxy@d1cc07 token:WindowToken{912fb5d android.os.BinderProxy@d1cc07}
07-20 01:47:12.131  1578  2711 I WificondControl: Noise: -89, Snr: 35, Chload: -1, rssi: -53, txBitrate: 72, rxBitrate: 0, frequency: 2462, UlDelay: -1, currentTxBytes: 0, currentTxPackets: 512751, currentTxFailed: 757, currentRxBytes: 0, currentRxPackets: 766880
07-20 01:47:12.135  2880  5886 I VoWifiQoe_N: ProcessReqInfo ul_msgid=5
07-20 01:47:12.136  2880  5886 I VoWifiQoe_N: processReqInfo MSG_WIFI_SIGNAL_INFO_IND 
07-20 01:47:12.136  2880  5886 I VoWifiQoe_N: ProcessSignalInfoInd curStateIsIdle 0 
07-20 01:47:12.136  2880  5886 I VoWifiQoe_N: ProcessSignalInfoInd wifiInterruptFlg 1 enScreenState 1 curStateIsIdle 0
07-20 01:47:12.136  2880  5886 I VoWifiQoe_N: UpdateEvaluatePolicy EVALUATE_POLICY_RSSI
07-20 01:47:12.136  2880  5886 I VoWifiQoe_N: UpdateEvaluatePolicy phoneId 1 is not qoe started!
07-20 01:47:12.139   732  1641 W BufferQueueProducer: [NavigationBar0#0]:1390: disconnect: not connected (req=1)
07-20 01:47:12.139  2037  2404 W libEGL  : EGLNativeWindowType 0x6fbee83510 disconnect failed
07-20 01:47:12.140  1578  1660 I WindowManager: orientation change is complete, call stopFreezingDisplayLocked
07-20 01:47:12.140  1578  1660 I WindowManager: stopFreezingDisplayLocked: Unfreezing now
07-20 01:47:12.140  1578  1660 I WindowManager: Screen frozen for +730ms due to Window{a2d55cc u0 StatusBar}
07-20 01:47:12.143  1578  1660 I HwWindowManagerServiceEx: create ScreenRotationAnima: origin = 1, current = 0
07-20 01:47:12.143  1578  1660 I HwWindowManagerServiceEx: create ScreenRotationAnima: origin = 1, current = 0
07-20 01:47:12.146  1578  1686 I PowerManagerService: handleSandman: wakefulness: 1,startDreaming: false
07-20 01:47:12.146  1578  1862 I TrafficMonitor: update:rxPkts:36,txPkts:44,rxBytes:18045,txBytes:2829
07-20 01:47:12.146  1578  1862 I TrafficMonitor: gettimer:interval=2000
07-20 01:47:12.146 25929 25929 E pgrowcontrolle: LoadAppImageStartupCache enabled : 1
07-20 01:47:12.146 25929 25929 E pgrowcontrolle: Unknown bits set in runtime_flags: 0x8000
07-20 01:47:12.148 25929 25929 I pgrowcontrolle: Reinit property: dalvik.vm.checkjni= false
07-20 01:47:12.148 25929 25929 I pgrowcontrolle: ReInitProperties: persist.vm.debug.dumpapi= false
07-20 01:47:12.156  2037  2037 I ViewRootImpl: dispatchDetachedFromWindow in doDie
07-20 01:47:12.157  1578  2178 I WindowManager: removeIfPossible: Window{1fc4f7 u0 DockedStackDivider} callers=com.android.server.wm.WindowState.removeIfPossible:2602 com.android.server.wm.WindowManagerService.removeWindow:2282 com.android.server.wm.Session.remove:179 android.view.IWindowSession$Stub.onTransact:702 com.android.server.wm.Session.onTransact:137 
07-20 01:47:12.157  1578  2178 I WindowManager: postWindowRemoveCleanupLocked: Window{1fc4f7 u0 DockedStackDivider}
07-20 01:47:12.157  1578  2178 I WindowManager: Removing Window{1fc4f7 u0 DockedStackDivider} from WindowToken{5b3efb8 android.os.BinderProxy@ddde42a}
07-20 01:47:12.157  1578  2178 I WindowManager: removeWindowToken: displayid:0 binder:android.os.BinderProxy@ddde42a token:WindowToken{5b3efb8 android.os.BinderProxy@ddde42a}
07-20 01:47:12.167  1578  1686 I PowerManagerService: handleSandman: wakefulness: 1,startDreaming: false
07-20 01:47:12.173  1578  1686 I PowerManagerService: handleSandman: wakefulness: 1,startDreaming: false
07-20 01:47:12.190   675 21144 W hwcomposer: setGpuFreqBoost:152: boostGpuFreq succ !
07-20 01:47:12.194  1578  2629 I WindowManager: notifyRotate() to observer android.view.IHwRotateObserver$Stub$Proxy@e2d66a8
07-20 01:47:12.194  1578  2629 I WindowManager: notifyRotate() to observer android.view.IHwRotateObserver$Stub$Proxy@6691e72
07-20 01:47:12.195  1578  2629 I HwFreeFormAssistant: reset bounds records, displayWidth:2160 displayHeight:1080
07-20 01:47:12.195  1578  2629 I HwMultiWindowSplitUI: mUiMode = 16  current ui mode = 16
07-20 01:47:12.196  1578  2629 I ActivityTaskManager: Config changes=20000480 {1.0 214mcc3mnc [en_ES,de_DE] ldltr sw320dp w604dp h296dp 540dpi nrml long land finger -keyb/v/h -nav/h winConfig={ mBounds=Rect(0, 0 - 2160, 1080) mAppBounds=Rect(0, 0 - 2041, 1080) mWindowingMode=fullscreen mDisplayWindowingMode=fullscreen mActivityType=undefined mAlwaysOnTop=undefined mRotation=ROTATION_90} suim:4 fontWeightScale:100 s.905}
07-20 01:47:12.202   675 21144 W hwcomposer: setGpuFreqBoost:157: boostGpuFreq release !
07-20 01:47:12.224  1578  2629 I ActivityTaskManager: Override config changes=20000480 {1.0 214mcc3mnc [en_ES,de_DE] ldltr sw320dp w604dp h296dp 540dpi nrml long land finger -keyb/v/h -nav/h winConfig={ mBounds=Rect(0, 0 - 2160, 1080) mAppBounds=Rect(0, 0 - 2041, 1080) mWindowingMode=fullscreen mDisplayWindowingMode=fullscreen mActivityType=undefined mAlwaysOnTop=undefined mRotation=ROTATION_90} suim:4 fontWeightScale:100 s.905} for displayId=0
07-20 01:47:12.228   726   726 E TS_Service: hwTsSetAftAlgoOrientation
07-20 01:47:12.228  1578  2629 I DisplayDevice: setProjectionLocked displayId 0 orientation(0->1) LayerStackRect(Rect(0, 0 - 1080, 2160)->Rect(0, 0 - 2160, 1080)) DisplayRect(Rect(0, 0 - 1080, 2160)->Rect(0, 0 - 2160, 1080))
07-20 01:47:12.228  1578  2629 I SurfaceControl: setDisplayProjection orientation 1 layerStackRect Rect(0, 0 - 2160, 1080) displayRect Rect(0, 0 - 2160, 1080)
07-20 01:47:12.228   726   726 I TS_HAL  : ts_set_aft_orientation:called
07-20 01:47:12.228 23389 23389 I HiSuggestion_22.0.10.300_IntelligentApplication: onConfigurationChanged
07-20 01:47:12.228   726   726 I TS_HAL  : ts_set_horizon_enable: called
07-20 01:47:12.228 23389 23389 I HiBoard_22.0.10.300_ScreenUiUtils: setConfig enter
07-20 01:47:12.228   726   726 I TS_HAL  : ts_feature_ctrl: feature(/sys/touchscreen/horizon_switch)set succ, status = 1
07-20 01:47:12.228 23389 23389 I HiSuggestion_22.0.10.300_IntelligentApplication: onConfigurationChanged OldConfiguration{FontScale=1.0, UiMode=17, DensityDpi=540, DarkSaveMode=false, Locale=en_ES}
07-20 01:47:12.228 23389 23389 I HiSuggestion_22.0.10.300_IntelligentApplication: onConfigurationChanged NewConfiguration{FontScale=1.0, UiMode=17, DensityDpi=540, DarkSaveMode=false, Locale=en_ES, Locale.getDefault()=en_ES}
07-20 01:47:12.229 23389 23389 I HiBoard_22.0.10.300_WorkspaceManager: onConfigurationChanged
07-20 01:47:12.229  1578  2629 I HwFreeFormAssistant: reset bounds records, displayWidth:2160 displayHeight:1080
07-20 01:47:12.229  1578  2629 I HwMultiWindowSplitUI: mUiMode = 16  current ui mode = 16
07-20 01:47:12.229  1578  2629 I HwMultiWindowSplitUI: orientation has not changed, mDisplayWidth: 2160, current height: 1080, bottom: 0, mBottom: 0
07-20 01:47:12.230  2911 28918 W HwLauncher: Launcher.Utilities recycleBm() Drawable = null
07-20 01:47:12.231  1578  2629 I HwDisplayPolicyEx: screen width:2160; mIsLandscape:true
07-20 01:47:12.234  1578  2629 I HwDisplayPolicyEx: screen width:2160; mIsLandscape:true
07-20 01:47:12.236  1578  2629 I SurfaceComposerClient: apply setProjection orientation 1
07-20 01:47:12.237   732  1641 I SurfaceFlinger: [Internal display] set orientation previous = 0, current = 1
07-20 01:47:12.237   732  1641 I SurfaceFlinger: [Internal display] set frame: previous [0 0 1080 2160], current [0 0 2160 1080]
07-20 01:47:12.237   732  1641 I SurfaceFlinger: [Internal display] set viewport: previous [0 0 1080 2160], current [0 0 2160 1080]
07-20 01:47:12.237 23358 23358 I HiSuggestion_22.0.10.300_IntelligentApplication: onConfigurationChanged
07-20 01:47:12.237  1578  2629 I WindowManager: Checking 0 opening apps (frozen=true timeout=false)...
07-20 01:47:12.237 23358 23358 I HiBoard_22.0.10.300_ScreenUiUtils: setConfig enter
07-20 01:47:12.237  1578  2629 I WindowManager: Checking 0 opening apps (frozen=true timeout=false)...
07-20 01:47:12.237 23358 23358 I HiSuggestion_22.0.10.300_IntelligentApplication: onConfigurationChanged OldConfiguration{FontScale=1.0, UiMode=17, DensityDpi=540, DarkSaveMode=false, Locale=en_ES}
07-20 01:47:12.237  1578  2629 I WindowManager: send SET_LAUNCHER_VISIBLE_IN_FINGER_BOOST visible: true,delay:0, handle:true, userId:0, callingPid: 1578
07-20 01:47:12.237 23358 23358 I HiSuggestion_22.0.10.300_IntelligentApplication: onConfigurationChanged NewConfiguration{FontScale=1.0, UiMode=17, DensityDpi=540, DarkSaveMode=false, Locale=en_ES, Locale.getDefault()=en_ES}
07-20 01:47:12.237  1578  2629 I HwWindowManagerServiceEx: closing apps count = 0
07-20 01:47:12.237 23358 23358 I HiBoard_22.0.10.300_WorkspaceManager: onConfigurationChanged
07-20 01:47:12.238  1578  2629 I WindowManager: dispatchResized : win = Window{a2d55cc u0 StatusBar} drawState = DRAW_PENDING
07-20 01:47:12.238  1578  2629 I WindowManager: dispatchResized : win = Window{31144b3 u0 NavigationBar0} drawState = DRAW_PENDING
07-20 01:47:12.239 25617 25617 I HAF_LanguageStore: 1600105320|R|I|locale not changed, isPreset=true, language=en, tag=en-ES, locale=en_ES, display=English, sdkVersion=29
07-20 01:47:12.240 25617 25617 I HAF_LanguageCloud: 1600105320|R|I|locale not changed, isPreset=true, language=en, tag=en-ES, locale=en_ES, display=English, sdkVersion=29
07-20 01:47:12.240 25617 25617 I StageApplicationDelegate: language: en
07-20 01:47:12.240 25617 25617 I Ace     : [stage_application_info_adapter.cpp(46)-(-1:-1:undefined)] SetLocale, language: en, country: ES, script: 
07-20 01:47:12.240 25617 25617 I StageConfiguration: convertConfiguration json:{"ohos.system.colorMode":"light","ohos.application.direction":"horizontal","ohos.application.densitydpi":"540","ohos.system.language":"en_ES","const.build.characteristics":"Phone"}
07-20 01:47:12.240 25617 25617 I Ace     : [stage_application_delegate_jni.cpp(292)-(-1:-1:undefined)] JNI OnConfigurationChanged is called.
07-20 01:47:12.240 25617 25617 I Ace     : [app_main.cpp(294)] OnConfigurationUpdate called.
07-20 01:47:12.240  1578  2629 I WindowManager: Animation done in AppWindowToken{2da352a token=Token{2b62e15 ActivityRecord{e4ce1ff u0 org.hackintosh1980.espgrowcontroller/org.kivy.android.PythonActivity t8782}}} isHidden:false hiddenRequested:false
07-20 01:47:12.241  1578  2629 W HwActivityTaskManagerServiceEx: appSwitch from: com.huawei.android.launcher to: org.hackintosh1980.espgrowcontroller
07-20 01:47:12.241 25617 25617 I Ace     : [app_main.cpp(413)] HandleOnConfigurationUpdate called.
07-20 01:47:12.241 25617 25617 I Ace     : [application.cpp(159)] Application::OnConfigurationUpdate
07-20 01:47:12.242  2262 29590 I Hicom_Monitor: mAppSwitchNotifierEx. uid: 10677, foreground app: org.hackintosh1980.espgrowcontroller, foreground activity: org.kivy.android.PythonActivity
07-20 01:47:12.242  2262  2289 I AssistantService-11.2.1.200: registerHwActivityNotifier call fromPackage:com.huawei.android.launcher, toPackage:org.hackintosh1980.espgrowcontroller
07-20 01:47:12.244  1578  1961 I WiFi_PRO_WifiProStateMachine: current app org.hackintosh1980.espgrowcontroller, has changed
07-20 01:47:12.244  1578  1961 I WiFi_PRO_WifiProStateMachine: not in RecommendWifi2CellState.
07-20 01:47:12.244  2262  3431 W Hicom_XEngineProc: handleForegroundAppChanged. Feature is not enable.
07-20 01:47:12.244  2635  3724 I AppsUsage: scnOff:false FgAPP:org.hackintosh1980.espgrowcontroller BgAPP:com.huawei.android.launcher
07-20 01:47:12.245  2635  3885 I PG_ash  : front pkg : org.hackintosh1980.espgrowcontroller
07-20 01:47:12.245  2533 25904 I HiAdKit.DC.PersistentMessageCenter:  notifyMessage com.huawei.hwid_app_switch_from_to_intent
07-20 01:47:12.245  2533 25904 I HiAdKit.DC.LiteAppPageSwitchEvent:  switch is off
07-20 01:47:12.245  1578  2629 I TaskSnapshot: taskId:8781 Callers=com.android.server.wm.TaskSnapshotCache.removeRunningEntry:196 com.android.server.wm.TaskSnapshotCache.onTaskRemoved:176 com.android.server.wm.TaskSnapshotController.notifyTaskRemovedFromRecents:749 com.android.server.wm.WindowManagerService.notifyTaskRemovedFromRecents:7189 com.android.server.wm.TaskRecord.removedFromRecents:1202 com.android.server.wm.ActivityStackSupervisor.onRecentTaskRemoved:2283 com.android.server.wm.RecentTasks.notifyTaskRemoved:452 com.android.server.wm.RecentTasks.removeForAddTask:1503 
07-20 01:47:12.245  2635  3988 I PGServer: report state:10010 event type:2 pid:0 uid:0 pkg:com.huawei.android.launcher to pid: 1578
07-20 01:47:12.245  2635  3988 I PGServer: report state:10010 event type:2 pid:0 uid:0 pkg:com.huawei.android.launcher to pid: 2635
07-20 01:47:12.246  2635  3988 I SceneReceiver: state type: 10010 eventType:2 pid:0 uid:0 pkg:com.huawei.android.launcher
07-20 01:47:12.246  2635  3988 I PGServer: report state:10000 event type:1 pid:0 uid:0 pkg:org.hackintosh1980.espgrowcontroller to pid: 1578
07-20 01:47:12.246  2635  3988 I PGServer: report state:10000 event type:1 pid:0 uid:0 pkg:org.hackintosh1980.espgrowcontroller to pid: 2635
07-20 01:47:12.246  2635  3988 I ApsAppsTypeHandler: APS: APK: ApsAppsTypeHandler.getInstance, sInstance = com.huawei.android.hwaps.o@146cb66
07-20 01:47:12.246  2635 19180 I PGServer: checkPkgType. calling pkg: android
07-20 01:47:12.246  1578  2763 I DE J DES: [effect] Pg pkg:org.hackintosh1980.espgrowcontroller
07-20 01:47:12.246  1578  2629 I WindowManager: Animation done in AppWindowToken{2da352a token=Token{2b62e15 ActivityRecord{e4ce1ff u0 org.hackintosh1980.espgrowcontroller/org.kivy.android.PythonActivity t8782}}} isHidden:false hiddenRequested:false
07-20 01:47:12.246  2635  4015 I PGServer: getTopFrontApp. calling pkg: android
07-20 01:47:12.246  2635  3988 I SceneReceiver: state type: 10000 eventType:1 pid:0 uid:0 pkg:org.hackintosh1980.espgrowcontroller
07-20 01:47:12.247  1578  2629 W ActivityManager: Slow operation: 83ms so far, now at attachApplicationLocked: after mServices.attachApplicationLocked
07-20 01:47:12.250   732   732 I SurfaceFlinger: processDisplayChangesLocked:3432 the current display is different from the drawing dispaly.
07-20 01:47:12.250   732   732 I SurfaceFlinger: [Internal display] setProjection: orientation 1, viewport [0 0 2160 1080], frame [0 0 2160 1080]
07-20 01:47:12.251  2560 11607 I iconnect:BluetoothApi: adapter status 12
07-20 01:47:12.251  1578  2196 I HwNetworkPolicy: onTransact, code = 203
07-20 01:47:12.251  3287 25950 I HwNetworkPolicyManager: getHwUidPolicy uid = 10677 policy = 0
07-20 01:47:12.252  2560 11607 I iconnect:NearbyDeviceDetect: isPropEnable=true, isBluetoothEnabled=true, isScreenOn=true, isNotSpecialAppOnTop=true, scanCondition=0
07-20 01:47:12.253  2635  3724 I ScenarioService: app focus change from: com.huawei.android.launcher to:org.hackintosh1980.espgrowcontroller
07-20 01:47:12.253  2635  3724 I ScenarioService: add focus on app:org.hackintosh1980.espgrowcontroller to visiblePkgs
07-20 01:47:12.253  2037  2037 I DecorView[VolumeDialogImpl]: pkgName:com.android.systemui old windowMode:0 new windoMode:1, isFixedSize:false
07-20 01:47:12.255  1578  1659 W         : Failed to UpdateQosForCgroupInner, tid=0, policy=10
07-20 01:47:12.257  2911  2911 I RmeSchedManager: init Rme, version is: v1.0
07-20 01:47:12.258 25929 25949 I HwPartIawareFactory: add android.common.HwPartIawareFactoryImpl to memory.
07-20 01:47:12.260 25929 25948 I ActivityThread: Init compatible state: true
07-20 01:47:12.260 25929 25948 I HwFrameworkSecurityPartsFactory: add HwFrameworkSecurityPartsFactory to memory.
07-20 01:47:12.261 25929 25948 E BehaviorCollectManager: Fail to acquire dataAnalyzerService...
07-20 01:47:12.262  1578  1913 I HwMediaSessionServiceEx: MediaDisplayEventReceiver onDisplayChanged: 0
07-20 01:47:12.262  1578  1578 I HwMultiDisplayManager: onDisplayChanged: 0
07-20 01:47:12.262  1578  1892 I AudioService.RotationHelper: publishing device rotation =1 (x90deg)
07-20 01:47:12.263   728  7264 I SwsHandle: rotation angle: 90
07-20 01:47:12.263   692 12979 I AudioModuleManager: [AudioModuleSetParameters:51]: list size: 13
07-20 01:47:12.263   692 12979 I smartpakit: [smartpa_set_rotation_parameters:765]: smartpa_set_rotation_parameters: value = 90
07-20 01:47:12.263   692 12979 I smartpakit: [smartpa_set_rotation_parameters:782]: smartpa_set_rotation_parameters: screen_angle = 90
07-20 01:47:12.263   692 12979 I smartpakit: [smartpa_algo_control:463]: smartpa_algo_control: enter, cmd = 17
07-20 01:47:12.264   692 12979 W audio_dts_parser: [get_config_value:31]: get config file path failed
07-20 01:47:12.265  2262  3431 I Hicom_Monitor: notifyAppStarted: uid = 10677
07-20 01:47:12.265  2262  3431 I UctpAppMonitor: handleAppStarted: pkgName is org.hackintosh1980.espgrowcontroller mIsNeedToOpen is false
07-20 01:47:12.267  1578  2204 I NetworkTimeUpdateService: Display displayState:2
07-20 01:47:12.267  1578  2204 I NetworkTimeUpdateService: skew is :699mBasePollingIntervalMs start is :86400000
07-20 01:47:12.267  1578  2204 I NetworkTimeUpdateService: mBasePollingIntervalMs process is :86400000
07-20 01:47:12.268  1578  2204 I AlarmManager: remove alarm:Alarm{6c6d1ce type 3 when 420662293 PendingIntent{6784913: PendingIntentRecord{f2d1750 android broadcastIntent}}android procName system} according to operation:6784913
07-20 01:47:12.270  2880  2880 W Settings: Setting airplane_mode_on has moved from android.provider.Settings.System to android.provider.Settings.Global, returning read-only value.
07-20 01:47:12.271  2880  2880 W Settings: Setting airplane_mode_on has moved from android.provider.Settings.System to android.provider.Settings.Global, returning read-only value.
07-20 01:47:12.271  1578  1686 I PowerManagerService: handleSandman: wakefulness: 1,startDreaming: false
07-20 01:47:12.275   634  9753 I OemNetd : setChrAppUid(10, 10677)
07-20 01:47:12.275  1578  4549 I HwNetworkManagementService: chr appuid set succeeded
07-20 01:47:12.276  1578  2204 I NetworkTimeUpdateService: Ignoring NTP update
07-20 01:47:12.277  1578  1686 I PowerManagerService: handleSandman: wakefulness: 1,startDreaming: false
07-20 01:47:12.281  1578  2711 I HwNetworkPolicy: onTransact, code = 203
07-20 01:47:12.281  2334  2460 I HwNetworkPolicyManager: getHwUidPolicy uid = 10677 policy = 0
07-20 01:47:12.283  2037  2037 I vol.VolumeDialogImpl: STREAM_ACCESSIBILITY onProgressChanged 0 fromUser=false
07-20 01:47:12.283  2037  2037 I vol.VolumeDialogImpl: STREAM_ACCESSIBILITY onProgressChanged 100 fromUser=false
07-20 01:47:12.283  2037  2037 I vol.VolumeDialogImpl: STREAM_ACCESSIBILITY onProgressChanged 1200 fromUser=false
07-20 01:47:12.288  2037  2037 I vol.VolumeDialogImpl: STREAM_MUSIC onProgressChanged 0 fromUser=false
07-20 01:47:12.288  2037  2037 I vol.VolumeDialogImpl: STREAM_MUSIC onProgressChanged 1200 fromUser=false
07-20 01:47:12.288   732  1641 W BufferQueueProducer: [GestureNavLeft#0]:1390: disconnect: not connected (req=1)
07-20 01:47:12.288  1578  1970 W libEGL  : EGLNativeWindowType 0x6feb2b70d0 disconnect failed
07-20 01:47:12.289 25929 25948 I HwApiCacheMangerEx: apicache path=/storage/emulated/0 state=mounted key=org.hackintosh1980.espgrowcontroller#10677#256
07-20 01:47:12.289 25929 25948 I HwApiCacheMangerEx: need clear apicache,because volumes changed,oldCnt=0 newCnt=1
07-20 01:47:12.289 25929 25929 I HwTypeface: updateFont: scale=1.0
07-20 01:47:12.290 25929 25948 I HwApiCacheMangerEx: apicache path=/storage/emulated/0 state=mounted key=org.hackintosh1980.espgrowcontroller#10677#0
07-20 01:47:12.290 25929 25948 I HwApiCacheMangerEx: need clear apicache,because volumes changed,oldCnt=1 newCnt=1
07-20 01:47:12.290 25929 25929 I ActivityThread: finishPreloaded preloadStatus 0
07-20 01:47:12.291 25929 25929 I RmeSchedManager: init Rme, version is: v1.0
07-20 01:47:12.291 25929 25929 I RmeSchedManager: init Rme, version is: v1.0
07-20 01:47:12.291 25929 25929 I RtgSchedEvent: current pid:25929 AppType:-1
07-20 01:47:12.292  2037  2037 I vol.VolumeDialogImpl: STREAM_RING onProgressChanged 0 fromUser=false
07-20 01:47:12.292  2037  2037 I vol.VolumeDialogImpl: STREAM_RING onProgressChanged 1500 fromUser=false
07-20 01:47:12.294 25929 25955 E AwareLog: AtomicFileUtils: readFileLines file not exist: android.util.AtomicFile@9ef9a53
07-20 01:47:12.295 25929 25948 I AwareBitmapCacher: init processName:org.hackintosh1980.espgrowcontroller pid=25929 uid=10677
07-20 01:47:12.295  2037  2037 I vol.VolumeDialogImpl: STREAM_ALARM onProgressChanged 0 fromUser=false
07-20 01:47:12.296  2037  2037 I vol.VolumeDialogImpl: STREAM_ALARM onProgressChanged 1500 fromUser=false
07-20 01:47:12.297  1578  1659 I InputManager-JNI: Viewport [0] to add: Viewport INTERNAL: displayId=0, uniqueId=local:0, port=0, orientation=1, logicalFrame=[0, 0, 2160, 1080], physicalFrame=[0, 0, 2160, 1080], deviceSize=[2160, 1080]
07-20 01:47:12.297  1578  1659 I InputManager-JNI: Viewport [1] to add: Viewport EXTERNAL: displayId=0, uniqueId=local:0, port=0, orientation=1, logicalFrame=[0, 0, 2160, 1080], physicalFrame=[0, 0, 2160, 1080], deviceSize=[2160, 1080]
07-20 01:47:12.298  1578  1659 I WindowManager: handle SET_LAUNCHER_VISIBLE_IN_FINGER_BOOST visible:true handle:trueuserId:0, currentUserId:0
07-20 01:47:12.298  1578  1659 I WindowManager: setLauncherVisible setAlpha to 1.0
07-20 01:47:12.298  1578  1578 E HwVrServiceManagerImpl: client service is not alive.
07-20 01:47:12.299  2037  2037 I vol.VolumeDialogImpl: STREAM_VOICE_CALL onProgressChanged 0 fromUser=false
07-20 01:47:12.300  1578  1659 I WindowManager: dispatchResized : win = Window{8a5bc43 u0 GestureNavLeft} drawState = HAS_DRAWN
07-20 01:47:12.300  1578  1659 I WindowManager: dispatchResized : win = Window{27ecac6 u0 GestureNavRight} drawState = DRAW_PENDING
07-20 01:47:12.300  2037  2037 I vol.VolumeDialogImpl: STREAM_VOICE_CALL onProgressChanged 1500 fromUser=false
07-20 01:47:12.300  1578  1659 I WindowManager: dispatchResized : win = Window{8a5bc43 u0 GestureNavLeft} drawState = HAS_DRAWN
07-20 01:47:12.300  1578  1839 I InputReader: Reconfiguring input devices.  changes=0x00000004
07-20 01:47:12.300  1578  1839 I InputReader: Device reconfigured: id=5, name='huawei,ts_kit', size 1080x2160, orientation 1, mode 1, display id 0
07-20 01:47:12.303  1578  1578 I BehaviorCollectorService: unregister the point listener successfully
07-20 01:47:12.304 24160 24160 I FLTAG_AFM: applyConfigurationToResources
07-20 01:47:12.305  2037  2037 I vol.VolumeDialogImpl: STREAM_BLUETOOTH_SCO onProgressChanged 0 fromUser=false
07-20 01:47:12.306  2037  2037 I vol.VolumeDialogImpl: STREAM_BLUETOOTH_SCO onProgressChanged 700 fromUser=false
07-20 01:47:12.309  1578  2706 I HwAudioService: now type = 28,reportForegroundAppType = -1systemload = 28VOIP_OPTIMIZE_IN_GAMEMODEtrue
07-20 01:47:12.311   728  1894 I SwsHandle: SWS set game flag false
07-20 01:47:12.311   692 12979 I AudioModuleManager: [AudioModuleSetParameters:51]: list size: 13
07-20 01:47:12.311   692 12979 I audio_custom: [dev_set_parameters:4022]: game mode exit
07-20 01:47:12.311   692 12979 I audio_custom: [soc_dsp_set_primary_algo_bypass:330]: set primary algo bypass 0 succ
07-20 01:47:12.312  2037  2037 I vol.VolumeDialogImpl: STREAM_SYSTEM onProgressChanged 0 fromUser=false
07-20 01:47:12.313  2037  2037 I vol.VolumeDialogImpl: STREAM_SYSTEM onProgressChanged 1500 fromUser=false
07-20 01:47:12.313  1578  1657 I HwActivityStackSupervisorEx: handleVrDisplayChanged displayId = 0
07-20 01:47:12.313  1578  1657 W HwActivityStackSupervisorEx: handleVrDisplayChanged other vr mode displayId: 0
07-20 01:47:12.314  1578  2227 I HwPCUtils#HwPCManagerService: onDisplayChanged, displayId:0
07-20 01:47:12.314  1578  1659 I WindowManager: dispatchResized : win = Window{27ecac6 u0 GestureNavRight} drawState = DRAW_PENDING
07-20 01:47:12.315 25929 25958 I OpenGLRenderer: RenderThread: progress name = [org.hackintosh1980.espgrowcontroller], viewCornerType = 0
07-20 01:47:12.316   729   790 E ACCKIT_ : PerfMgr: fail to read 0
07-20 01:47:12.317 25929 25960 I iGraphics: [0020080c] pn: org.hackintosh1980.espgrowcontroller, p: 25929
07-20 01:47:12.317 25929 25960 I iGraphics: [0030080c] no spt app: org.hackintosh1980.espgrowcontroller
07-20 01:47:12.318   732  1641 W BufferQueueProducer: [GestureNavRight#0]:1390: disconnect: not connected (req=1)
07-20 01:47:12.319  1578  1970 W libEGL  : EGLNativeWindowType 0x706d3032d0 disconnect failed
07-20 01:47:12.319  2037  2037 I vol.VolumeDialogImpl: STREAM_TTS onProgressChanged 0 fromUser=false
07-20 01:47:12.320  2037  2037 I vol.VolumeDialogImpl: STREAM_TTS onProgressChanged 1100 fromUser=false
07-20 01:47:12.326 27313 27313 W e0      : onStartInput event aborted
07-20 01:47:12.326 27313 27313 W e0      : fc0.b0: could not obtain extracted text
07-20 01:47:12.326 27313 27313 W e0      : 	at fc0.y0.H(Unknown Source:369)
07-20 01:47:12.326 27313 27313 W e0      : 	at n70.x.g(Unknown Source:283)
07-20 01:47:12.326 27313 27313 W e0      : 	at n70.i3.g(Unknown Source:4)
07-20 01:47:12.326 27313 27313 W e0      : 	at com.touchtype.KeyboardService.onStartInput(Unknown Source:11)
07-20 01:47:12.326 27313 27313 W e0      : 	at android.inputmethodservice.InputMethodService.doStartInput(InputMethodService.java:2408)
07-20 01:47:12.326 27313 27313 W e0      : 	at android.inputmethodservice.InputMethodService.resetStateForNewConfiguration(InputMethodService.java:1294)
07-20 01:47:12.326 27313 27313 W e0      : 	at android.inputmethodservice.InputMethodService.onConfigurationChanged(InputMethodService.java:1282)
07-20 01:47:12.326 27313 27313 W e0      : 	at com.touchtype.KeyboardService.b(Unknown Source:0)
07-20 01:47:12.326 27313 27313 W e0      : 	at n70.x.onConfigurationChanged(Unknown Source:48)
07-20 01:47:12.326 27313 27313 W e0      : 	at n70.i3.onConfigurationChanged(Unknown Source:4)
07-20 01:47:12.326 27313 27313 W e0      : 	at com.touchtype.KeyboardService.onConfigurationChanged(Unknown Source:9)
07-20 01:47:12.326 27313 27313 W e0      : 	at android.app.ActivityThread.performConfigurationChanged(ActivityThread.java:6411)
07-20 01:47:12.326 27313 27313 W e0      : 	at android.app.ActivityThread.handleConfigurationChanged(ActivityThread.java:6644)
07-20 01:47:12.326 27313 27313 W e0      : 	at android.app.ActivityThread.handleConfigurationChanged(ActivityThread.java:6550)
07-20 01:47:12.326 27313 27313 W e0      : 	at android.app.servertransaction.ConfigurationChangeItem.execute(ConfigurationChangeItem.java:42)
