07-20 01:45:35.061  1134  1489 I SensorClusterImpl: disableSensor: sensor[3] already disabled
07-20 01:45:35.073  1134  1489 I SensorManager: powerDownDone(586, 0x7f1b076800): enter
07-20 01:45:35.073  1134  1489 I 160Manager: deinitMemoryPool
07-20 01:45:35.073  1134  1489 I HISP160ShareMemoryPoolManager: deinitMemoryPool enter
07-20 01:45:35.076  1134  1489 I 160Manager: ispCpuPowerOff
07-20 01:45:35.077  1134  1489 I HispManager: powerDown: isp power down. pl:0x7efb337800
07-20 01:45:35.077  1134  1489 I HispManager: #Camera# [1]> CHISPManager::powerDown
07-20 01:45:35.083  1134  1489 I HispManager: #Camera# [1]< CHISPManager::powerDown
07-20 01:45:35.083  1134  1489 I HispManager: powerDownDone: enter.
07-20 01:45:35.084  1134  1489 I ImagingSystem: #Camera# [1559708]< ImagingSystem_powerDown
07-20 01:45:35.084  1134  1489 I ImagingSystem: doDeallocate4Idle(0x7f19ea9500) m_listIdle.size(63) m_listBusy.size(1) m_rgBuffer.size(64)
07-20 01:45:35.087  1134  1489 I ImagingSystem: doDeallocate4Idle(0x7f19ea9500) m_rgBuffer.size(1)
07-20 01:45:35.087  1134  1489 I ImagingSystem: doDeallocate4Idle(0x7f19ea9500) m_listIdle.size(1) m_listBusy.size(0) m_rgBuffer.size(1)
07-20 01:45:35.087  1134  1489 I ImagingSystem: doDeallocate4Idle(0x7f19ea9500) m_rgBuffer.size(0)
07-20 01:45:35.104  1134  1489 I DLibLoader: [b2ccce4_64I] enter ~DLibLoader()
07-20 01:45:35.107  1134  1489 E IppAlgoSmartAE: [b2ccce4_64E] onUnloadLibrary() mSmartAESoState is unloaded ,so we not Uninit it!
07-20 01:45:35.107  1134  1489 I DLibLoader: [b2ccce4_64I] enter ~DLibLoader()
07-20 01:45:35.109  1134  1489 I HwaDMapIpp: [b2ccce4_64I] enter ~HwaDMapIpp()
07-20 01:45:35.110  1134  1489 I         : [b2ccce4_64I] IspEnhncAlgoIpp:enter ~~IspEnhncAlgoIpp()
07-20 01:45:35.111  1134  1489 I MRMain  : [b2ccce4_64I] enter ~ModeRecommendation()
07-20 01:45:35.114  1134  1489 I ObjectDetection: [b2ccce4_64I] enter ~ObjectDetection()
07-20 01:45:35.114  1134  1489 I CIEProxy: CIEProxyLibLoaderMgr::unLoadCIELib::dlclose lib /vendor/lib64/libcie.so successfully.
07-20 01:45:35.115  1134  1489 I HwaStatInfo: [b2ccce4_64I] enter uninitialize()
07-20 01:45:35.118  1134  1464 I         : HwCamMem checkMemPool dumpMemInfo CHECK_INTERVAL:5000 ms, passTime:58441236 ms
07-20 01:45:35.119  1134  1464 E MemPoolMonitor: [b2ccce4_64E] checkEfficiency(), allSize = 0
07-20 01:45:35.160  1578  1578 I HwPhoneWindowManager: sensor value: its[0] = 5.0
07-20 01:45:35.164  1578  1863 I WificondControl: Noise: -92, Snr: 30, Chload: -1, rssi: -62, txBitrate: 65, rxBitrate: 0, frequency: 2462, UlDelay: -1, currentTxBytes: 0, currentTxPackets: 510982, currentTxFailed: 757, currentRxBytes: 0, currentRxPackets: 765618
07-20 01:45:35.174  1578  1862 I WiFi_PRO: MSG_RETURN_AP_CURRY_RSSI rssi = -62
07-20 01:45:35.174  1578  1862 I QosMonitor: queryRtt: rttType = 3
07-20 01:45:35.174  1578  1862 I HwWifiProServiceProxy: ctrlHwWifiNetwork pkgName: WIFIPRO_SERVICE interfaceId: 8
07-20 01:45:35.174  1578  1962 I HuaweiWifiWatchdogStateMachine: high data flow: protection_counter = 0,  not_detect_counter = 24
07-20 01:45:35.174  1578  1962 I HuaweiWifiWatchdogStateMachine: high data flow scenario: 0 --> 0 rx bytes =0KB
07-20 01:45:35.174  1578  1962 I HuaweiWifiWatchdogStateMachine: POta txb txg rxg:0, 72, 0. Lr =0% Totpkt=72
07-20 01:45:35.174  1578  1862 I QosMonitor: postEventFromNative: msg=100,arg1=4,arg2=10
07-20 01:45:35.175  1578  1862 I HwWifiProServiceProxy: ctrlHwWifiNetwork pkgName: WIFIPRO_SERVICE interfaceId: 8
07-20 01:45:35.175  1578  1862 I QosMonitor: postEventFromNative: msg=100,arg1=0,arg2=10
07-20 01:45:35.175  1578  1862 I MQoS    : rtt=592,tcpTxPkts=172277,tcpRxPkts=342154
07-20 01:45:35.176  1578 11359 I MQoS    : QOS_level:0(0),wifi-link;SIM error;use level-0
07-20 01:45:35.176  1578 11359 I MQoS    : skip-low-Level:0(0),wifi-link;SIM error;use level-0
07-20 01:45:35.177  1578  1962 I HuaweiWifiWatchdogStateMachine: PTcp RTT:0, rtt pkt=0, tcp_rx=4, tcp_tx=17, tcp_reTran=0, rtRate=0
07-20 01:45:35.177  1578  1962 I HuaweiWifiWatchdogStateMachine: rssi bad, mrssi=-61 < TargetRssi=-54
07-20 01:45:35.177  1578  1962 I HuaweiWifiWatchdogStateMachine: start computeQosLevel tcpRtt = 0 ,rssi = -61 ,mBestSpeedInPeriod = 126
07-20 01:45:35.177  1578  1962 I HuaweiWifiWatchdogStateMachine: smoothConsecutiveQosResults, currentQosLevel = 3
07-20 01:45:35.186  1578  1839 I DiagnosisDetector: stop timing
07-20 01:45:35.186  1578  1839 I HwPhoneWindowManager: enter wakeupNoteEditor
07-20 01:45:35.186  1578  1839 I HwPhoneWindowManager: interceptVolumeDownKey isDown=false policyFlags=2000000
07-20 01:45:35.187  1578  1839 I WindowManager: sendVolumeKeyEvent isMusicOnly: true
07-20 01:45:35.187  1578  1839 I MediaSessionService: dispatchVolumeKeyEvent, pkg=android, opPkg=android, pid=1578, uid=1000, asSystem=false, event=KeyEvent { action=ACTION_UP, keyCode=KEYCODE_VOLUME_DOWN, scanCode=114, metaState=0, flags=0x8, repeatCount=0, eventTime=58463004, downTime=58462784, deviceId=4, source=0x101, displayId=-1 }, stream=-2147483648, musicOnly=true
07-20 01:45:35.187  1578  1839 I MediaSessionService: Adjusting null by 0. flags=4608, suggestedStream=-2147483648, preferSuggestedStream=false
07-20 01:45:35.187  1578  1839 I MediaSessionService: No active session to adjust, skipping media only volume event
07-20 01:45:35.187  1578  1839 I WindowManager: interceptKeyBeforeQueueing: key 25 , result : 0
07-20 01:45:35.221  1578  1578 I HwPhoneWindowManager: sensor value: its[0] = 5.0
07-20 01:45:35.222  1134  1464 I         : mempoolcfg case CLEAR_ALL, handleMessage
07-20 01:45:35.222  1134  1464 E MemPoolMonitor: [b2ccce4_64E] checkEfficiency(), allSize = 0
07-20 01:45:35.222  1134  1464 E MemPoolMonitor: [b2ccce4_64E] checkEfficiency(), allSize = 0
07-20 01:45:35.302  1578  1578 I HwPhoneWindowManager: sensor value: its[0] = 5.0
07-20 01:45:35.382  1578  1578 I HwPhoneWindowManager: sensor value: its[0] = 5.0
07-20 01:45:35.417  1089  1783 I CameraDeviceClient: ~CameraDeviceClient 0: Released!
07-20 01:45:35.417  1089  1783 I HwPerformEx: ~HwPerformEx(0xf27e6840), camera 0.
07-20 01:45:35.417  1089  1783 I HwFoldDisplayModeEx: ~HwFoldDisplayModeEx(0xf2798148).
07-20 01:45:35.417  1089  1783 I Camera3-Device: disconnectImpl: E
07-20 01:45:35.417  1089  1783 I Camera3-Device: disconnectImpl: X, device has been disconnected before.
07-20 01:45:35.417  1089  1783 I Camera2ClientBase: Closed Camera 0. Client was: com.huawei.camera (PID 24887, UID 10142)
07-20 01:45:35.417  1089  1783 I Camera3-Device: ~Camera3Device: Tearing down for camera id 0
07-20 01:45:35.417  1089  1783 I Camera3-Device: disconnectImpl: E
07-20 01:45:35.418  1089  1783 I Camera3-Device: disconnectImpl: X, device has been disconnected before.
07-20 01:45:35.461  1578  1578 I HwPhoneWindowManager: sensor value: its[0] = 5.0
07-20 01:45:35.481  1578  1686 I PowerManagerService: handleSandman: wakefulness: 0,startDreaming: false
07-20 01:45:35.546  1578  1578 I HwPhoneWindowManager: sensor value: its[0] = 5.0
07-20 01:45:35.622  1578  1578 I HwPhoneWindowManager: sensor value: its[0] = 5.0
07-20 01:45:35.701  1578  1578 I HwPhoneWindowManager: sensor value: its[0] = 5.0
07-20 01:45:35.780  1578  1839 I DiagnosisDetector: stop timing
07-20 01:45:35.781  1578  1839 I HwPhoneWindowManager: enter wakeupNoteEditor
07-20 01:45:35.783  1578  1839 I WindowManager: telecomManager check ringing, mIncallPowerBehavior = 1,interactive=false
07-20 01:45:35.783  1578  1839 I WindowManager: hungUp=false, mScreenshotChordVolumeDownKeyTriggered=false, mA11yShortcutChordVolumeUpKeyTriggered=false, gesturedServiceIntercepted=false, mPowerKeyHandledByTv=false
07-20 01:45:35.784  2037 15256 I KeyguardService: KGSvcCall doFaceRecognize reason:FCDT-POWERKEY true
07-20 01:45:35.784  1578  1686 I PowerManagerService: handleSandman: wakefulness: 0,startDreaming: false
07-20 01:45:35.785  1578  1839 I PowerManagerService: UL_Power Waking up from Asleep (uid=1000, reason=WAKE_REASON_POWER_BUTTON, details=android.policy:POWER)...
07-20 01:45:35.787  1578  1578 W UsageStatsService: Event reported without a package name, eventType:15
07-20 01:45:35.789  1578  1839 I HwPowerManagerService: setColorTemperatureAccordingToSetting new from displayengine.
07-20 01:45:35.789  2635  3724 I SubScenario: power key speed
07-20 01:45:35.789  1578  1839 W HwPowerManagerService: ColorTemperature read from setting failed, and set default values
07-20 01:45:35.790  1578  1686 I PowerManagerService: Face Dectect wakeUpInternal type:android.policy:POWER#1000
07-20 01:45:35.795  1578  1657 I AOD_HwPWM: startAodService mAodSwitch=0 mAODState=-1 aodState=100 mIsFingerprintEnabledBySettings=false mFingerprintType=0
07-20 01:45:35.796  1578  1839 I HwPowerManagerService: setColorTemperatureAccordingToSetting and setColorRGB sucessfully:red = 1.0, green = 1.0, blue = 1.0
07-20 01:45:35.796  1578  1839 I PowerManagerService: need acquire DisplaySuspendBlocker
07-20 01:45:35.797  1578  1686 I DisplayPowerController: LightSensorEnable change false -> true
07-20 01:45:35.798  1578  1916 I SensorService: createSensorEventConnection begin
07-20 01:45:35.798  1578  1916 I SensorService: SensorEventConnection begin
07-20 01:45:35.798  1578  1839 I WindowManager: interceptKeyBeforeQueueing: key 26 , result : 0
07-20 01:45:35.798  1578  1916 I SensorService: SensorEventConnection end
07-20 01:45:35.798  1578  1916 I SensorService: createSensorEventConnection end
07-20 01:45:35.799  1578  1916 I SensorService: enable begin
07-20 01:45:35.799  1578  1916 I SensorService: batch begin
07-20 01:45:35.800  1155  1186 E Sensors@1.2-impl: Sensors::batch: sensorHandle: 3, samplingPeriodNs: 300000000, maxReportLatencyNs: 0
07-20 01:45:35.800  1155  1186 I Sensors@1.2-impl: IsConfigParamNeedUpdate: service: 1578, sensor: 3, first set config, create it
07-20 01:45:35.800  1155  1186 I Sensors@1.2-impl: SetReportConfig: the sensor not find, create it
07-20 01:45:35.800  1155  1186 I Sensors@1.2-impl: GetSensorConfig: sensor: 3, Can't get param
07-20 01:45:35.800  1155  1186 I Sensors@1.2-impl: GetSensorConfig: sensor: 3, Can't get param
07-20 01:45:35.800  1155  1186 I Sensors@1.2-impl: JudgeOptimizeConfig: sensor: 3, oldPeriod: 0, initPeroid: 300000000
07-20 01:45:35.800  1155  1186 I Sensors@1.2-impl: SetOptimizeConfig: sensor: 3 first setconfig, create it
07-20 01:45:35.800  1155  1186 I Sensors@1.2-impl: GetSampleFifoConfig: sensor: 3, period: 300000000, reportDelay: 0
07-20 01:45:35.800  1155  1186 I SensorHub: batch called handle:3 sampleNs:300000000 latencyNs:0
07-20 01:45:35.800  1155  1186 I SensorHub: in Batch, handle = 3, flags = 0, periodNs = 300000000, timeout = 0
07-20 01:45:35.801  1578  1916 I SensorService: batch end
07-20 01:45:35.801  1578  1916 I SensorService: enableSensor handle:3, packageName:com.android.server.display.HwLightSensorListener, opPackageName:android , rate=300000000
07-20 01:45:35.801  1578  1916 I SensorService: enable activate begin
07-20 01:45:35.802  1578  1578 I WindowManager: UL_Power Started waking up... (why=ON_BECAUSE_OF_USER)
07-20 01:45:35.802  2037 15256 I KeyguardService: KGSvcCall onStartedWakingUp.
07-20 01:45:35.803  1155  1186 I Sensors@1.2-impl: activate-3 enabled-1 fwkOals-1 camOals-0 fwkOcolor-0 camOcolor-0 fwkOtof-0 camOtof-0
07-20 01:45:35.803  1155  1186 I Sensors@1.2-impl: GetTotalOpenCnt: The sensor haven't open
07-20 01:45:35.803  1155  1186 I Sensors@1.2-impl: IsOpenNeedUpdate: service: 1578, sensor: 3, open: 1, openCnt: 0
07-20 01:45:35.803  1155  1186 I SensorHub: Activate, handle: 3, enabled:1, err: 0
07-20 01:45:35.803  1578  2706 I HwLKSS  : getStrongAuthSolution userId:0 weaverFlag 0
07-20 01:45:35.803  1578  2706 I HwLKSS  : getStrongAuthSolution userId:0 flag 0
07-20 01:45:35.803  1578  1916 I SensorService: enable activate end
07-20 01:45:35.803  1578  1916 I SensorService: enable end
07-20 01:45:35.803  2037 15256 I HwLockPatternUtilsEx: getStrongAuthSolution userId:0 strongAuthSolution:0
07-20 01:45:35.803  1578  1916 I DE J DES: [effect] LightSensorEnable=true
07-20 01:45:35.804  1578  1686 I DisplayPowerController: ScreenState change 0 -> 1
07-20 01:45:35.807  1578  1634 I HwAodManagerService: getAodPosition query mPosX=0 mPosY=0
07-20 01:45:35.807  1578  1916 I DE J HwBrightnessSceneRecognition: [effect] notifyScreenStatus = true
07-20 01:45:35.808  1578  1982 I DE J HwBrightnessSceneRecognition: [effect] enableAr failed, mIsArConnected||mHwMsdpMovementManager||mArActivities is null!
07-20 01:45:35.808  1578  1686 W HwAodManagerService: setPowerState new mPowerState = -1, powerState = 0 , mFingerStatus = 0, mState = 0, mAodState = -1
07-20 01:45:35.808  1578  1686 I DisplayPowerController: mPowerState.mScreenChangedReason: 65537 mPendingRequestLocked.mScreenChangeReason 65537
07-20 01:45:35.809  1578  1686 I WindowManager: UL_Power Screen turning on...
07-20 01:45:35.809  1578  1686 I WindowManager: UL_Power screen Turning On begin...
07-20 01:45:35.809  1578  1686 I KeyguardServiceDelegate: UL_Power onScreenTurningOn(showListener = com.android.server.policy.PhoneWindowManager$2@7c7a3ec)
07-20 01:45:35.809  1578  1657 I AOD_HwPWM: startAodService mAodSwitch=0 mAODState=-1 aodState=102 mIsFingerprintEnabledBySettings=false mFingerprintType=0
07-20 01:45:35.810  1578  1686 I HwProximitySensorDetector: HwBrightnessProximity updateWakeupFromSleep,isWakeupFromSleep=true
07-20 01:45:35.810  1578  1686 I SensorService: createSensorEventConnection begin
07-20 01:45:35.810  1578  1686 I SensorService: SensorEventConnection begin
07-20 01:45:35.810  1578  1686 I SensorService: SensorEventConnection end
07-20 01:45:35.810  1578  1686 I SensorService: createSensorEventConnection end
07-20 01:45:35.811  1578  1686 I SensorService: enable begin
07-20 01:45:35.811  1578  1686 I SensorService: batch begin
07-20 01:45:35.811  1578  1686 I SensorService: batch end
07-20 01:45:35.811  1578  1686 I SensorService: enableSensor handle:3, packageName:com.android.server.display.AutomaticBrightnessController, opPackageName:android , rate=300000000
07-20 01:45:35.811  1578  1686 I SensorService: enable activate begin
07-20 01:45:35.811  1578  1686 I SensorService: enable activate end
07-20 01:45:35.811  1578  1686 I SensorService: enable end
07-20 01:45:35.811  2037 15256 I KeyguardService: KGSvcCall onScreenTurningOn.
07-20 01:45:35.811  1578  1686 I HwBrightnessSceneController: updateLightSensorEnabled LightSensorEnabled=true
07-20 01:45:35.811  1578  1967 I SensorService: createSensorEventConnection begin
07-20 01:45:35.811  1578  1967 I SensorService: SensorEventConnection begin
07-20 01:45:35.811  1578  1967 I SensorService: SensorEventConnection end
07-20 01:45:35.811  1578  1967 I SensorService: createSensorEventConnection end
07-20 01:45:35.812  1578  1967 I SensorService: enable begin
07-20 01:45:35.812  1578  1686 I DisplayPowerController: Animating brightness: target=-1, rate=0,brightnessTargetReal=-1,AutoBrightness=true
07-20 01:45:35.813  1578  1967 I SensorService: batch begin
07-20 01:45:35.813  1578  1967 I SensorService: batch end
07-20 01:45:35.813  1578  1967 I SensorService: enableSensor handle:4, packageName:com.android.server.display.HwProximitySensorDetector, opPackageName:android , rate=200000000
07-20 01:45:35.813  1578  1967 I SensorService: enable activate begin
07-20 01:45:35.813  1578  1967 I SensorService: enable activate end
07-20 01:45:35.813  1578  1967 I SensorService: enable end
07-20 01:45:35.814  1578  1971 I PowerManagerService-JNI: fingersense switch state:1
07-20 01:45:35.815  1578  1971 I fingersense_manager: Calling fingersense_on_resume()
07-20 01:45:35.816  1578  1971 I fingersense_manager: fingersense_on_resume() finished
07-20 01:45:35.816  1578  1971 I PowerManagerService-JNI: turning FingerSense on
07-20 01:45:35.817  1578  1971 I SurfaceComposerClient: Setting power mode 2 on display 0x7062842040
07-20 01:45:35.817  1578  1659 I DisplayManagerService: Display device changed state: "Built-in screen", ON
07-20 01:45:35.817   732   732 I SurfaceFlinger: SetPowerMode_2 2026-7-20 1:45:35 on display 0.
07-20 01:45:35.817  1578  1913 I HwMediaSessionServiceEx: MediaDisplayEventReceiver onDisplayChanged: 0
07-20 01:45:35.818  1578  1657 I HwActivityStackSupervisorEx: handleVrDisplayChanged displayId = 0
07-20 01:45:35.819  1578  5171 I WindowManager: UL_Power mKeyguardDelegate.ShowListener.onDrawn.
07-20 01:45:35.822  1578  2204 I NetworkTimeUpdateService: Display displayState:2
07-20 01:45:35.824  1578  1657 W HwActivityStackSupervisorEx: handleVrDisplayChanged other vr mode displayId: 0
07-20 01:45:35.824  1578  2227 I HwPCUtils#HwPCManagerService: onDisplayChanged, displayId:0
07-20 01:45:35.825  1578  1660 I WindowManager: mAodShowing=false isWindowManagerDrawComplete=false
07-20 01:45:35.826   675 21144 I hwcomposer: SetPrimaryPanelDfrInfo:3331: SetPrimaryPanelFps 60Hz
07-20 01:45:35.826  1578  1660 I WindowManager: performshow Window{30d0897 u0 com.android.settings} tok.waitingToShow=false isTransitionSet=false parentHidden=false vis=0 tok.hidden=false hasSurface=true policyVis=false destroying=false animating=false
07-20 01:45:35.829  1578  1660 I DisplayDevice: setProjectionLocked displayId 0 orientation(0->0) LayerStackRect(Rect(0, 0 - 1080, 2160)->Rect(0, 0 - 1080, 2160)) DisplayRect(Rect(0, 0 - 1080, 2160)->Rect(0, 0 - 1080, 2160))
07-20 01:45:35.830  1578  1660 I DisplayDevice: isNeedRefreshOrientaion orientation 0
07-20 01:45:35.831   703   703 I hisi_effect: SetEffectInfo:367: modules=2 dispPanelId=0
07-20 01:45:35.833  1578  1660 I WindowManager: performshow Window{30d0897 u0 com.android.settings} tok.waitingToShow=false isTransitionSet=false parentHidden=false vis=0 tok.hidden=false hasSurface=true policyVis=false destroying=false animating=false
