07-20 01:12:21.885 23890 24929 I NullBinder: NullBinder for android.net.action.RECOMMEND_NETWORKS triggering remote TransactionTooLargeException due to Service without Chimera impl, calling uid: 1000, calling pid: 0
07-20 01:12:21.888  3099  3413 E PhoneInterfaceManager: [PhoneIntfMgr] getCarrierPrivilegeStatus: Invalid subId
07-20 01:12:21.901 23890 30324 I NearbyMediums: Wifi changed new SSID: "Cudy-Indoor"
07-20 01:12:21.901 23890 30324 I NearbyMediums: WifiLanConnectivityInfo is not changed, skip notify.
07-20 01:12:21.913  3099  3413 I LocationAccessPolicy: devian.tubemate.v3 is aware of fine but the app-ops permission is specifically denied.
07-20 01:12:21.913  1095  2241 I vendor.qti.bluetooth@1.0-ibs_handler: ProcessIbsCmd: Received IBS_WAKE_IND: 0xFD
07-20 01:12:21.913  1095  2241 I vendor.qti.bluetooth@1.0-ibs_handler: ProcessIbsCmd: Writing IBS_WAKE_ACK
07-20 01:12:21.916  3099  3413 I LocationAccessPolicy: devian.tubemate.v3 is aware of fine but the app-ops permission is specifically denied.
07-20 01:12:21.954  1095  2241 I vendor.qti.bluetooth@1.0-ibs_handler: ProcessIbsCmd: Received IBS_SLEEP_IND: 0xFE
07-20 01:12:22.057 13953 14061 I python  : [DEBUG  ] [http          ]//192.168.2.39:80 "GET /data HTTP/1.1" 200 2604
07-20 01:12:22.270  1095  2241 I vendor.qti.bluetooth@1.0-ibs_handler: ProcessIbsCmd: Received IBS_WAKE_IND: 0xFD
07-20 01:12:22.273  1095  2241 I vendor.qti.bluetooth@1.0-ibs_handler: ProcessIbsCmd: Writing IBS_WAKE_ACK
07-20 01:12:22.314  1095  2241 I vendor.qti.bluetooth@1.0-ibs_handler: ProcessIbsCmd: Received IBS_SLEEP_IND: 0xFE
07-20 01:12:22.374  1095  2241 I vendor.qti.bluetooth@1.0-ibs_handler: ProcessIbsCmd: Received IBS_WAKE_IND: 0xFD
07-20 01:12:22.374  1095  2241 I vendor.qti.bluetooth@1.0-ibs_handler: ProcessIbsCmd: Writing IBS_WAKE_ACK
07-20 01:12:22.400 23890 30324 I NearbySharing: Network state changed: NetworkState(isRestricted=false, isOnline=true, isCongested=false, isMetered=false, isWifiConnected=true)
07-20 01:12:22.416  1095  2241 I vendor.qti.bluetooth@1.0-ibs_handler: ProcessIbsCmd: Received IBS_SLEEP_IND: 0xFE
07-20 01:12:22.421 13953 14063 I python  : [DEBUG  ] [http          ]//192.168.2.20:80 "GET /data HTTP/1.1" 200 2564
07-20 01:12:22.475  1095  2241 I vendor.qti.bluetooth@1.0-ibs_handler: ProcessIbsCmd: Received IBS_WAKE_IND: 0xFD
07-20 01:12:22.475  1095  2241 I vendor.qti.bluetooth@1.0-ibs_handler: ProcessIbsCmd: Writing IBS_WAKE_ACK
07-20 01:12:22.517  1095  2241 I vendor.qti.bluetooth@1.0-ibs_handler: ProcessIbsCmd: Received IBS_SLEEP_IND: 0xFE
07-20 01:12:22.546 13953 14061 I python  : [DEBUG  ] [Starting new HTTP connection (1)] 192.168.2.20:80
07-20 01:12:22.549 13953 14063 I python  : [DEBUG  ] [Starting new HTTP connection (1)] 192.168.2.39:80
07-20 01:12:22.564  1095  2241 I vendor.qti.bluetooth@1.0-ibs_handler: ProcessIbsCmd: Received IBS_WAKE_IND: 0xFD
07-20 01:12:22.564  1095  2241 I vendor.qti.bluetooth@1.0-ibs_handler: ProcessIbsCmd: Writing IBS_WAKE_ACK
07-20 01:12:22.565 13494 13494 W ThreadPoolForeg: type=1400 audit(0.0:128412): avc: denied { write } for name="traced_producer" dev="tmpfs" ino=20847 scontext=u:r:gmscore_app:s0:c512,c768 tcontext=u:object_r:traced_producer_socket:s0 tclass=sock_file permissive=0 app=com.google.android.gms
07-20 01:12:22.605  1095  2241 I vendor.qti.bluetooth@1.0-ibs_handler: ProcessIbsCmd: Received IBS_SLEEP_IND: 0xFE
07-20 01:12:22.641  1095  2241 I vendor.qti.bluetooth@1.0-ibs_handler: ProcessIbsCmd: Received IBS_WAKE_IND: 0xFD
07-20 01:12:22.641  1095  2241 I vendor.qti.bluetooth@1.0-ibs_handler: ProcessIbsCmd: Writing IBS_WAKE_ACK
07-20 01:12:22.682  1095  2241 I vendor.qti.bluetooth@1.0-ibs_handler: ProcessIbsCmd: Received IBS_SLEEP_IND: 0xFE
07-20 01:12:22.818  3187  3218 W System.err: java.io.FileNotFoundException: /proc/ant_state: open failed: ENOENT (No such file or directory)
07-20 01:12:22.819  3187  3218 W System.err: 	at libcore.io.IoBridge.open(IoBridge.java:574)
07-20 01:12:22.819  3187  3218 W System.err: 	at java.io.FileInputStream.<init>(FileInputStream.java:179)
07-20 01:12:22.819  3187  3218 W System.err: 	at java.io.FileReader.<init>(FileReader.java:75)
07-20 01:12:22.819  3187  3218 W System.err: 	at com.hmd.sarsensor.ModeService$NodeWatcher.readNode(ModeService.java:539)
07-20 01:12:22.819  3187  3218 W System.err: 	at com.hmd.sarsensor.ModeService$NodeWatcher.run(ModeService.java:514)
07-20 01:12:22.819  3187  3218 W System.err: Caused by: android.system.ErrnoException: open failed: ENOENT (No such file or directory)
07-20 01:12:22.819  3187  3218 W System.err: 	at libcore.io.Linux.open(Native Method)
07-20 01:12:22.819  3187  3218 W System.err: 	at libcore.io.ForwardingOs.open(ForwardingOs.java:579)
07-20 01:12:22.819  3187  3218 W System.err: 	at libcore.io.BlockGuardOs.open(BlockGuardOs.java:274)
07-20 01:12:22.819  3187  3218 W System.err: 	at libcore.io.ForwardingOs.open(ForwardingOs.java:579)
07-20 01:12:22.819  3187  3218 W System.err: 	at android.app.ActivityThread$AndroidOs.open(ActivityThread.java:7766)
07-20 01:12:22.819  3187  3218 W System.err: 	at libcore.io.IoBridge.open(IoBridge.java:560)
07-20 01:12:22.819  3187  3218 W System.err: 	... 4 more
07-20 01:12:22.819  3187  3218 E SarTest : read node fail: java.io.FileNotFoundException: /proc/ant_state: open failed: ENOENT (No such file or directory)
07-20 01:12:22.830  1095  2241 I vendor.qti.bluetooth@1.0-ibs_handler: ProcessIbsCmd: Received IBS_WAKE_IND: 0xFD
07-20 01:12:22.830  1095  2241 I vendor.qti.bluetooth@1.0-ibs_handler: ProcessIbsCmd: Writing IBS_WAKE_ACK
07-20 01:12:22.850  1308  1308 I adbd    : adbd service requested 'shell,v2,TERM=dumb:export ANDROID_LOG_TAGS=''; exec logcat '-d' '-v' 'threadtime' '*:I' 'python:D''
07-20 01:12:22.871  1095  2241 I vendor.qti.bluetooth@1.0-ibs_handler: ProcessIbsCmd: Received IBS_SLEEP_IND: 0xFE
07-20 01:12:22.888  1095  1095 I vendor.qti.bluetooth@1.0-ibs_handler: DeviceWakeUp: Writing IBS_WAKE_IND
07-20 01:12:22.888  1095  2241 I vendor.qti.bluetooth@1.0-ibs_handler: ProcessIbsCmd: Received IBS_WAKE_ACK: 0xFC
07-20 01:12:22.888  1095  2241 I vendor.qti.bluetooth@1.0-ibs_handler: ProcessIbsCmd: Signal wack_cond_
07-20 01:12:22.890  1095  2241 I vendor.qti.bluetooth@1.0-ibs_handler: ProcessIbsCmd: Received IBS_WAKE_IND: 0xFD
07-20 01:12:22.890  1095  2241 I vendor.qti.bluetooth@1.0-ibs_handler: ProcessIbsCmd: Writing IBS_WAKE_ACK
07-20 01:12:22.900 13953 14058 I BroadcastBridge: Advertising refreshed
