--------- beginning of main
07-20 01:47:11.246  1578  1863 I WificondControl: Noise: -89, Snr: 34, Chload: -1, rssi: -53, txBitrate: 72, rxBitrate: 0, frequency: 2462, UlDelay: -1, currentTxBytes: 0, currentTxPackets: 512737, currentTxFailed: 757, currentRxBytes: 0, currentRxPackets: 766869
07-20 01:47:11.254  1578  1862 I WiFi_PRO: MSG_RETURN_AP_CURRY_RSSI rssi = -53
07-20 01:47:11.254  1578  1862 I QosMonitor: queryRtt: rttType = 3
07-20 01:47:11.254  1578  1862 I HwWifiProServiceProxy: ctrlHwWifiNetwork pkgName: WIFIPRO_SERVICE interfaceId: 8
07-20 01:47:11.255  1578  1962 I HuaweiWifiWatchdogStateMachine: high data flow: protection_counter = 0,  not_detect_counter = 30
07-20 01:47:11.255  1578  1962 I HuaweiWifiWatchdogStateMachine: high data flow scenario: 0 --> 0 rx bytes =86KB
07-20 01:47:11.255  1578  1962 I HuaweiWifiWatchdogStateMachine: POta txb txg rxg:0, 101, 0. Lr =0% Totpkt=101
07-20 01:47:11.255  1578  1862 I QosMonitor: postEventFromNative: msg=100,arg1=4,arg2=10
07-20 01:47:11.255  1578  1862 I HwWifiProServiceProxy: ctrlHwWifiNetwork pkgName: WIFIPRO_SERVICE interfaceId: 8
07-20 01:47:11.255  1578  1862 I QosMonitor: postEventFromNative: msg=100,arg1=0,arg2=10
07-20 01:47:11.255  1578  1862 I MQoS    : rtt=888,tcpTxPkts=172426,tcpRxPkts=342261
07-20 01:47:11.255  1578  1862 I QosMonitor: resetRtt: rttType = 3
07-20 01:47:11.256  1578  1862 I HwWifiProServiceProxy: ctrlHwWifiNetwork pkgName: WIFIPRO_SERVICE interfaceId: 8
--------- beginning of system
07-20 01:47:11.257  1578  1962 I HuaweiWifiWatchdogStateMachine: PTcp RTT:888, rtt pkt=6, tcp_rx=0, tcp_tx=0, tcp_reTran=0, rtRate=0
07-20 01:47:11.257  1578  1962 I HuaweiWifiWatchdogStateMachine: rssi bad, mrssi=-54 < TargetRssi=-54
07-20 01:47:11.258  1578  1962 I HuaweiWifiWatchdogStateMachine: start computeQosLevel tcpRtt = 888 ,rssi = -54 ,mBestSpeedInPeriod = 9679
07-20 01:47:11.258  1578  1962 I HuaweiWifiWatchdogStateMachine: smoothConsecutiveQosResults, currentQosLevel = 3
07-20 01:47:11.258  1578 11359 I MQoS    : QOS_level:0(0),wifi-link;SIM error;use level-0
07-20 01:47:11.258  1578 11359 I MQoS    : skip-low-Level:0(0),wifi-link;SIM error;use level-0
07-20 01:47:11.267  1578  2629 I WificondControl: Noise: -89, Snr: 34, Chload: -1, rssi: -53, txBitrate: 72, rxBitrate: 0, frequency: 2462, UlDelay: -1, currentTxBytes: 0, currentTxPackets: 512737, currentTxFailed: 757, currentRxBytes: 0, currentRxPackets: 766869
07-20 01:47:11.272  2880  5886 I VoWifiQoe_N: ProcessReqInfo ul_msgid=5
07-20 01:47:11.272  2880  5886 I VoWifiQoe_N: processReqInfo MSG_WIFI_SIGNAL_INFO_IND 
07-20 01:47:11.272  2880  5886 I VoWifiQoe_N: ProcessSignalInfoInd curStateIsIdle 0 
07-20 01:47:11.272  2880  5886 I VoWifiQoe_N: ProcessSignalInfoInd wifiInterruptFlg 1 enScreenState 1 curStateIsIdle 0
07-20 01:47:11.272  2880  5886 I VoWifiQoe_N: UpdateEvaluatePolicy EVALUATE_POLICY_RSSI
07-20 01:47:11.272  2880  5886 I VoWifiQoe_N: UpdateEvaluatePolicy phoneId 1 is not qoe started!
07-20 01:47:11.320  2262  7426 I Booster_Qoe: AdaBoostPredict rlt,index:6,NisPsSlow:0,NProba:312,rsrp(rssi):-57,rsrq(noise):-89,rtt(chload):200,buffhigh(uldelay):0,buffcomm(rtt):0
07-20 01:47:11.321  2262  7426 I Booster_Qoe: AdaBoostPredict rlt,index:2,NisPsSlow:0,NProba:312,rsrp(rssi):-57,rsrq(noise):-89,rtt(chload):200,buffhigh(uldelay):0,buffcomm(rtt):0
07-20 01:47:11.321  2262  7426 I Collector: HandleRawWifiInfo: flag:0, netId:0!
07-20 01:47:11.323  2262  3431 I Hicom_Monitor: handleNetworkQoeReport. foregroundAppTcpRtt: 0, maxRatioChannelId: 2
07-20 01:47:11.323  2262  3431 I Hicom_Monitor: handleNetworkQoeReport. qoeString: 10677,4,0,312,1,2,4,0,312,72000,0,10,10,0,0,0,0
07-20 01:47:11.323  1578  1961 I WiFi_PRO_WifiProStateMachine: APP_SERVICE_QOE_NOTIFY Qoe info 10677,4,0,312,1,2,4,0,312,72000,0,10,10,0,0,0,0 CID 2 mMasterWifiRssi -57 mMasterCardAmbr 1048576 mSlaveCardAmbr 1048576
07-20 01:47:11.324  1578  1961 I HwWifiProServiceProxy: ctrlHwWifiNetwork pkgName: WIFIPRO_SERVICE interfaceId: 9
07-20 01:47:11.324  1578  1961 I WiFi_PRO_WifiProStateMachine: isWifi2WifiProcess = false, mIsNeedIgnoreQoeUpdate = false, mIsAppInBlacklist = false, mIsAppInBlacklistFullScreen = false, mIsWiFiNoInternet false, screen on = true, full screen = true, isLandscapeMode = true, mNotifyWifiLinkPoorReason = -1
07-20 01:47:11.324  1578  1961 I WiFi_PRO_WifiProStateMachine: mChannelQoeBadCnt = 0, mAppQoeBadCnt = 0, mNetworkSlowReason = 0, mNetworkSlowChannelBadCnt = 0
07-20 01:47:11.350  1578  2629 I ActivityManager: Force stopping org.hackintosh1980.espgrowcontroller appid=10677 user=0: from pid 25900by app
07-20 01:47:11.351  1578  1686 I PowerManagerService: handleSandman: wakefulness: 1,startDreaming: false
07-20 01:47:11.351  1578  2629 I ActivityManager: Killing 24704:org.hackintosh1980.espgrowcontroller/u0a677 (adj 0): stop org.hackintosh1980.espgrowcontrollerfrom pid 25900by app
07-20 01:47:11.354  1578  1891 W HwAudioServiceEx: SoundEffectState bundle get reserved is invalid
07-20 01:47:11.354  1578  1668 I HwPowerManagerService: appdie release wakelock, pid = 24704, uid = 10677
07-20 01:47:11.354  2635  3885 I BluetoothState: process die, remove bt record, pid:24704
07-20 01:47:11.356  1578  2629 W ActivityTaskManager: Force removing ActivityRecord{bb9d1d2 u0 org.hackintosh1980.espgrowcontroller/org.kivy.android.PythonActivity t8781 f}: app died, no saved state
07-20 01:47:11.356  1578  2629 I WindowManager: removeWindowToken: displayid:0 binder:Token{62f79a0 ActivityRecord{bb9d1d2 u0 org.hackintosh1980.espgrowcontroller/org.kivy.android.PythonActivity t8781 f}} token:AppWindowToken{b05b959 token=Token{62f79a0 ActivityRecord{bb9d1d2 u0 org.hackintosh1980.espgrowcontroller/org.kivy.android.PythonActivity t8781}}}
07-20 01:47:11.368  1578  2629 I WindowManager: Changing focus from Window{cf65382 u0 org.hackintosh1980.espgrowcontroller/org.kivy.android.PythonActivity} to null displayId=0 Callers=com.android.server.wm.RootWindowContainer.updateFocusedWindowLocked:209 com.android.server.wm.WindowManagerService.updateFocusedWindowLocked:6517 com.android.server.wm.AppWindowToken.commitVisibility:988 com.android.server.wm.AppWindowToken.onRemovedFromDisplay:1223 
07-20 01:47:11.370  1578  2629 I HwDisplayContentEx: currentFocus windowstate null
07-20 01:47:11.382  1578  2629 I WindowManager: Animation done in AppWindowToken{b05b959 token=Token{62f79a0 ActivityRecord{bb9d1d2 u0 org.hackintosh1980.espgrowcontroller/org.kivy.android.PythonActivity t8781}}} isHidden:true hiddenRequested:true
07-20 01:47:11.383  1578  2629 W WindowManager: Failed to take screenshot. No visible windows for {taskId=8781 appTokens=[AppWindowToken{b05b959 token=Token{62f79a0 ActivityRecord{bb9d1d2 u0 org.hackintosh1980.espgrowcontroller/org.kivy.android.PythonActivity t8781}}}] mdr=false}
07-20 01:47:11.384  1578  2629 I WindowManager: removeIfPossible: Window{cf65382 u0 org.hackintosh1980.espgrowcontroller/org.kivy.android.PythonActivity} callers=com.android.server.wm.WindowState.removeIfPossible:2602 com.android.server.wm.WindowToken.removeAllWindowsIfPossible:162 com.android.server.wm.AppWindowToken.removeIfPossible:1203 com.android.server.wm.AppWindowToken.onRemovedFromDisplay:1272 com.android.server.wm.DisplayContent.removeAppToken:1320 
07-20 01:47:11.386  1578  2629 I WindowManager: postWindowRemoveCleanupLocked: Window{cf65382 u0 org.hackintosh1980.espgrowcontroller/org.kivy.android.PythonActivity}
07-20 01:47:11.386  1578  2629 I WindowManager: Removing Window{cf65382 u0 org.hackintosh1980.espgrowcontroller/org.kivy.android.PythonActivity} from AppWindowToken{b05b959 token=Token{62f79a0 ActivityRecord{bb9d1d2 u0 org.hackintosh1980.espgrowcontroller/org.kivy.android.PythonActivity t8781}}}
07-20 01:47:11.392  1578  2629 I WindowManager: removeWindowToken: displayid:0 binder:Token{62f79a0 ActivityRecord{bb9d1d2 u0 org.hackintosh1980.espgrowcontroller/org.kivy.android.PythonActivity t8781 f}} token:null
07-20 01:47:11.410  1578  1686 I PowerManagerService: handleSandman: wakefulness: 1,startDreaming: false
07-20 01:47:11.447  1578  2629 I WindowManager: notifyRotate() to observer android.view.IHwRotateObserver$Stub$Proxy@e2d66a8
07-20 01:47:11.448  1578  2629 I WindowManager: notifyRotate() to observer android.view.IHwRotateObserver$Stub$Proxy@6691e72
07-20 01:47:11.459  1578  2629 I HwFreeFormAssistant: reset bounds records, displayWidth:1080 displayHeight:2160
07-20 01:47:11.460  1578  2629 I HwMultiWindowSplitUI: mUiMode = 16  current ui mode = 16
07-20 01:47:11.460  1578  2629 I ActivityTaskManager: Config changes=20000480 {1.0 214mcc3mnc [en_ES,de_DE] ldltr sw320dp w320dp h580dp 540dpi nrml long port finger -keyb/v/h -nav/h winConfig={ mBounds=Rect(0, 0 - 1080, 2160) mAppBounds=Rect(0, 0 - 1080, 2040) mWindowingMode=fullscreen mDisplayWindowingMode=fullscreen mActivityType=undefined mAlwaysOnTop=undefined mRotation=ROTATION_0} suim:4 fontWeightScale:100 s.837}
07-20 01:47:11.479  1578  1779 E SensorService: 0x6feb2b6940 removeFd fd=579
07-20 01:47:11.480  1578  2698 I WificondControl: Noise: -89, Snr: 35, Chload: -1, rssi: -53, txBitrate: 72, rxBitrate: 0, frequency: 2462, UlDelay: -1, currentTxBytes: 0, currentTxPackets: 512748, currentTxFailed: 757, currentRxBytes: 0, currentRxPackets: 766880
07-20 01:47:11.492  1578  2629 I ActivityTaskManager: Override config changes=20000480 {1.0 214mcc3mnc [en_ES,de_DE] ldltr sw320dp w320dp h580dp 540dpi nrml long port finger -keyb/v/h -nav/h winConfig={ mBounds=Rect(0, 0 - 1080, 2160) mAppBounds=Rect(0, 0 - 1080, 2040) mWindowingMode=fullscreen mDisplayWindowingMode=fullscreen mActivityType=undefined mAlwaysOnTop=undefined mRotation=ROTATION_0} suim:4 fontWeightScale:100 s.837} for displayId=0
07-20 01:47:11.493  1578  2629 I DisplayDevice: setProjectionLocked displayId 0 orientation(1->0) LayerStackRect(Rect(0, 0 - 2160, 1080)->Rect(0, 0 - 1080, 2160)) DisplayRect(Rect(0, 0 - 2160, 1080)->Rect(0, 0 - 1080, 2160))
07-20 01:47:11.493  1578  2629 I SurfaceControl: setDisplayProjection orientation 0 layerStackRect Rect(0, 0 - 1080, 2160) displayRect Rect(0, 0 - 1080, 2160)
07-20 01:47:11.495  2880  5886 I VoWifiQoe_N: ProcessReqInfo ul_msgid=5
07-20 01:47:11.495  2880  5886 I VoWifiQoe_N: processReqInfo MSG_WIFI_SIGNAL_INFO_IND 
07-20 01:47:11.495  2880  5886 I VoWifiQoe_N: ProcessSignalInfoInd curStateIsIdle 0 
07-20 01:47:11.495  2880  5886 I VoWifiQoe_N: ProcessSignalInfoInd wifiInterruptFlg 1 enScreenState 1 curStateIsIdle 0
07-20 01:47:11.495  2880  5886 I VoWifiQoe_N: UpdateEvaluatePolicy EVALUATE_POLICY_RSSI
07-20 01:47:11.495  2880  5886 I VoWifiQoe_N: UpdateEvaluatePolicy phoneId 1 is not qoe started!
07-20 01:47:11.495   726   726 E TS_Service: hwTsSetAftAlgoOrientation
07-20 01:47:11.495   726   726 I TS_HAL  : ts_set_aft_orientation:called
07-20 01:47:11.495   726   726 I TS_HAL  : ts_set_horizon_enable: called
07-20 01:47:11.496   726   726 I TS_HAL  : ts_feature_ctrl: feature(/sys/touchscreen/horizon_switch)set succ, status = 0
07-20 01:47:11.504  1578  2629 I HwFreeFormAssistant: reset bounds records, displayWidth:1080 displayHeight:2160
07-20 01:47:11.504  1578  2629 I HwMultiWindowSplitUI: mUiMode = 16  current ui mode = 16
07-20 01:47:11.504  1578  2629 I HwMultiWindowSplitUI: orientation has not changed, mDisplayWidth: 1080, current height: 2160, bottom: 0, mBottom: 0
07-20 01:47:11.509   635   635 I Zygote  : Process 24704 exited due to signal 9 (Killed)
07-20 01:47:11.510  1578  4191 I SensorService: cleanupConnection begin
07-20 01:47:11.510  1578  4191 I SensorService: Calling by proxySensorAppDeadHandle c[0x6feb2b6940] handle=[0]...
07-20 01:47:11.510  1578  4191 I SensorService: Calling by Destroy connection...ident [0x6feb2b6940] handle: [0], isProxy: 0
07-20 01:47:11.510  1578  4191 W SensorService: proxySensor recovery param: ident [0x6feb2b6940] cannot be found in back params record
07-20 01:47:11.510  1578  4191 I SensorService: cleanupConnection activate begin
07-20 01:47:11.511  1155  1186 I Sensors@1.2-impl: activate-0 enabled-0 fwkOals-1 camOals-0 fwkOcolor-0 camOcolor-0 fwkOtof-0 camOtof-0
07-20 01:47:11.511  1155  1186 I Sensors@1.2-impl: IsOpenNeedUpdate: service: 1578, sensor: 0, open: 0, openCnt: 1
07-20 01:47:11.511  1155  1186 I Sensors@1.2-impl: SetTotalOpenCnt: sensor: 0 has been close, erase it's map
07-20 01:47:11.511  1155  1186 I Sensors@1.2-impl: EraseSensorConfig: sensor: 0
07-20 01:47:11.511  1155  1186 I Sensors@1.2-impl: EraseSensorConfig: erase the config of sensorId: 0
07-20 01:47:11.511  1155  1186 I Sensors@1.2-impl: SetTotalOpenCnt: erase the config of sensorId: 0
07-20 01:47:11.511  1155  1186 I SensorHub: Activate, handle: 0, enabled:0, err: 0
07-20 01:47:11.511  1155  1186 I SensorHub: SetAccConvertCoff, kernel sensor lib ver is 15
07-20 01:47:11.511  1155  1186 I SensorHub: accConvertCoff = 1000.000000
07-20 01:47:11.512  1578  4191 I SensorService: cleanupConnection activate end
07-20 01:47:11.512  1578  4191 I SensorService: cleanupConnection end
07-20 01:47:11.512  1578  4191 I SensorService: SensorEventConnection::destroy clear mEventCache
07-20 01:47:11.513  1578  1677 I libprocessgroup: Successfully killed process cgroup uid 10677 pid 24704 in 159ms
07-20 01:47:11.514  2635  3724 I SensorState: sensor:0 name:accelerometer enable:false uid:10677
07-20 01:47:11.514  2635  3724 I SensorState: sensor stop, total history time:221633
07-20 01:47:11.514  2635  3724 I SensorState: removeSensor,mHandles:{}
07-20 01:47:11.514  2635  3724 I PGServer: report state:4 event type:2 pid:0 uid:10677 pkg:null to pid: 1578
07-20 01:47:11.518  1578  2629 I HwDisplayPolicyEx: screen width:1080; mIsLandscape:false
07-20 01:47:11.522  1578  2629 I HwDisplayPolicyEx: screen width:1080; mIsLandscape:false
07-20 01:47:11.522  1578  2629 I ActivityTaskManager: Making visible and scheduling visibility: ActivityRecord{c97aaf3 u0 com.huawei.android.launcher/.drawer.DrawerLauncher t1}
07-20 01:47:11.524  1578  2629 I WindowManager: Animation done in AppWindowToken{a8c9f5b token=Token{efe0e6a ActivityRecord{c97aaf3 u0 com.huawei.android.launcher/.drawer.DrawerLauncher t1}}} isHidden:false hiddenRequested:false
07-20 01:47:11.525  1578  2629 W HwActivityTaskManagerServiceEx: setResumedActivityUncheckLocked start call, from: ActivityRecord{bb9d1d2 u0 org.hackintosh1980.espgrowcontroller/org.kivy.android.PythonActivity t-1 f}, to: ActivityRecord{c97aaf3 u0 com.huawei.android.launcher/.drawer.DrawerLauncher t1}
07-20 01:47:11.525  1578  2629 W HwActivityTaskManagerServiceEx: appSwitch from: org.hackintosh1980.espgrowcontroller to: com.huawei.android.launcher
07-20 01:47:11.527  1578  1961 I WiFi_PRO_WifiProStateMachine: current app com.huawei.android.launcher, has changed
07-20 01:47:11.527  1578  1961 I WiFi_PRO_WifiProStateMachine: not in RecommendWifi2CellState.
07-20 01:47:11.527  1578  2196 I HwWindowManagerServiceEx: set app win exit info, bundle = Bundle[mParcelledData.dataSize=160], iconBitmap = null
07-20 01:47:11.527  2262  2308 I AssistantService-11.2.1.200: registerHwActivityNotifier call fromPackage:org.hackintosh1980.espgrowcontroller, toPackage:com.huawei.android.launcher
07-20 01:47:11.529  2262  2289 I Hicom_Monitor: mAppSwitchNotifierEx. uid: 10095, foreground app: com.huawei.android.launcher, foreground activity: com.huawei.android.launcher.drawer.DrawerLauncher
07-20 01:47:11.529  1578  2466 I WindowManager: setActivityVisibleInFingerBoost callingPid: 2911
07-20 01:47:11.529  2262  3431 W Hicom_XEngineProc: handleForegroundAppChanged. Feature is not enable.
07-20 01:47:11.530  2635  3724 I ScenarioService: app focus change from: org.hackintosh1980.espgrowcontroller to:com.huawei.android.launcher
07-20 01:47:11.530  2635  3724 I ScenarioService: add focus on app:com.huawei.android.launcher to visiblePkgs
07-20 01:47:11.530  2635  3885 I AppFastHibernation: rev F_Z exception for visible pkg: com.huawei.android.launcher
07-20 01:47:11.530  2560 11607 I iconnect:BluetoothApi: adapter status 12
07-20 01:47:11.531  2560 11607 I iconnect:NearbyDeviceDetect: isPropEnable=true, isBluetoothEnabled=true, isScreenOn=true, isNotSpecialAppOnTop=true, scanCondition=0
07-20 01:47:11.531  1578  2629 I WindowManager: Animation done in AppWindowToken{a8c9f5b token=Token{efe0e6a ActivityRecord{c97aaf3 u0 com.huawei.android.launcher/.drawer.DrawerLauncher t1}}} isHidden:false hiddenRequested:false
07-20 01:47:11.531  2880  2880 W Settings: Setting airplane_mode_on has moved from android.provider.Settings.System to android.provider.Settings.Global, returning read-only value.
07-20 01:47:11.532  2635  3885 I PG_ash  : front pkg : com.huawei.android.launcher
07-20 01:47:11.533  2635  3988 I PGServer: report state:10000 event type:2 pid:0 uid:0 pkg:org.hackintosh1980.espgrowcontroller to pid: 1578
07-20 01:47:11.533  2635  3988 I PGServer: report state:10000 event type:2 pid:0 uid:0 pkg:org.hackintosh1980.espgrowcontroller to pid: 2635
07-20 01:47:11.533  2635  3988 I SceneReceiver: state type: 10000 eventType:2 pid:0 uid:0 pkg:org.hackintosh1980.espgrowcontroller
07-20 01:47:11.533  2635  3988 I PGServer: report state:10010 event type:1 pid:0 uid:0 pkg:com.huawei.android.launcher to pid: 1578
07-20 01:47:11.533  2635  3988 I PGServer: report state:10010 event type:1 pid:0 uid:0 pkg:com.huawei.android.launcher to pid: 2635
07-20 01:47:11.533  2635  3988 I ApsAppsTypeHandler: APS: APK: ApsAppsTypeHandler.getInstance, sInstance = com.huawei.android.hwaps.o@146cb66
07-20 01:47:11.534  2635  3724 I AppsUsage: scnOff:false FgAPP:com.huawei.android.launcher BgAPP:org.hackintosh1980.espgrowcontroller
07-20 01:47:11.534  2635  2659 I PGServer: checkPkgType. calling pkg: android
07-20 01:47:11.535  1578  1854 I HwBastetService: current len less then 0, need return!
07-20 01:47:11.535  1578  1854 I HwBastetService: current len less then 0, need return!
07-20 01:47:11.535  1578  1854 I DE J DES: [effect] Pg pkg:com.huawei.android.launcher
07-20 01:47:11.535  2635  3988 I SceneReceiver: state type: 10010 eventType:1 pid:0 uid:0 pkg:com.huawei.android.launcher
07-20 01:47:11.536  2533 25904 I HiAdKit.DC.PersistentMessageCenter:  notifyMessage com.huawei.hwid_app_switch_from_to_intent
07-20 01:47:11.536  2533 25904 I HiAdKit.DC.LiteAppPageSwitchEvent:  switch is off
07-20 01:47:11.537  2880  2880 W Settings: Setting airplane_mode_on has moved from android.provider.Settings.System to android.provider.Settings.Global, returning read-only value.
07-20 01:47:11.540 25617 25617 I HAF_LanguageStore: 1600105320|R|I|locale not changed, isPreset=true, language=en, tag=en-ES, locale=en_ES, display=English, sdkVersion=29
07-20 01:47:11.540 25617 25617 I HAF_LanguageCloud: 1600105320|R|I|locale not changed, isPreset=true, language=en, tag=en-ES, locale=en_ES, display=English, sdkVersion=29
07-20 01:47:11.541 25617 25617 I StageApplicationDelegate: language: en
07-20 01:47:11.541 25617 25617 I Ace     : [stage_application_info_adapter.cpp(46)-(-1:-1:undefined)] SetLocale, language: en, country: ES, script: 
07-20 01:47:11.541 25617 25617 I StageConfiguration: convertConfiguration json:{"ohos.system.colorMode":"light","ohos.application.direction":"vertical","ohos.application.densitydpi":"540","ohos.system.language":"en_ES","const.build.characteristics":"Phone"}
07-20 01:47:11.541 25617 25617 I Ace     : [stage_application_delegate_jni.cpp(292)-(-1:-1:undefined)] JNI OnConfigurationChanged is called.
07-20 01:47:11.541 25617 25617 I Ace     : [app_main.cpp(294)] OnConfigurationUpdate called.
07-20 01:47:11.542  1578  2629 I SurfaceComposerClient: apply setProjection orientation 0
07-20 01:47:11.543   732  1685 I SurfaceFlinger: [Internal display] set orientation previous = 1, current = 0
07-20 01:47:11.544 25617 25617 I Ace     : [app_main.cpp(413)] HandleOnConfigurationUpdate called.
07-20 01:47:11.544   732  1685 I SurfaceFlinger: [Internal display] set frame: previous [0 0 2160 1080], current [0 0 1080 2160]
07-20 01:47:11.544 25617 25617 I Ace     : [application.cpp(159)] Application::OnConfigurationUpdate
07-20 01:47:11.544   732  1685 I SurfaceFlinger: [Internal display] set viewport: previous [0 0 2160 1080], current [0 0 1080 2160]
07-20 01:47:11.544  1578  2629 I WindowManager: Checking 1 opening apps (frozen=true timeout=false)...
07-20 01:47:11.544  1578  2629 I WindowManager: Check opening app=AppWindowToken{a8c9f5b token=Token{efe0e6a ActivityRecord{c97aaf3 u0 com.huawei.android.launcher/.drawer.DrawerLauncher t1}}}: allDrawn=false startingDisplayed=false startingMoved=false isRelaunching()=false startingWindow=null
07-20 01:47:11.545  1578  2629 I WindowManager: dispatchResized : win = Window{a2d55cc u0 StatusBar} drawState = DRAW_PENDING
07-20 01:47:11.545  1578  2629 I WindowManager: dispatchResized : win = Window{31144b3 u0 NavigationBar0} drawState = DRAW_PENDING
07-20 01:47:11.546   732   732 I SurfaceFlinger: processDisplayChangesLocked:3432 the current display is different from the drawing dispaly.
07-20 01:47:11.546   732   732 I SurfaceFlinger: [Internal display] setProjection: orientation 0, viewport [0 0 1080 2160], frame [0 0 1080 2160]
07-20 01:47:11.550  1578  2178 I WindowManager: Checking 1 opening apps (frozen=true timeout=false)...
07-20 01:47:11.550  1578  2178 I WindowManager: Check opening app=AppWindowToken{a8c9f5b token=Token{efe0e6a ActivityRecord{c97aaf3 u0 com.huawei.android.launcher/.drawer.DrawerLauncher t1}}}: allDrawn=false startingDisplayed=false startingMoved=false isRelaunching()=false startingWindow=null
07-20 01:47:11.558  1578  4192 I WindowManager: Checking 1 opening apps (frozen=true timeout=false)...
07-20 01:47:11.558  1578  4192 I WindowManager: Check opening app=AppWindowToken{a8c9f5b token=Token{efe0e6a ActivityRecord{c97aaf3 u0 com.huawei.android.launcher/.drawer.DrawerLauncher t1}}}: allDrawn=false startingDisplayed=false startingMoved=false isRelaunching()=false startingWindow=null
07-20 01:47:11.558  1578  4192 I WindowManager: dispatchResized : win = Window{b1036d4 u0 com.huawei.android.launcher/com.huawei.android.launcher.drawer.DrawerLauncher} drawState = DRAW_PENDING
07-20 01:47:11.561  1578  2466 I WindowManager: send SET_LAUNCHER_VISIBLE_IN_FINGER_BOOST visible: true,delay:0, handle:false, userId:0, callingPid: 2911
07-20 01:47:11.568  1578  2466 I HwPCUtils#HwRioViewManager: check if rio enable, displayId = 0， packageName = com.android.systemui
07-20 01:47:11.570  1578  1660 I WindowManager: Checking 1 opening apps (frozen=true timeout=false)...
07-20 01:47:11.570  1578  1660 I WindowManager: Check opening app=AppWindowToken{a8c9f5b token=Token{efe0e6a ActivityRecord{c97aaf3 u0 com.huawei.android.launcher/.drawer.DrawerLauncher t1}}}: allDrawn=false startingDisplayed=false startingMoved=false isRelaunching()=false startingWindow=null
07-20 01:47:11.574  1578  2706 I WindowManager: addWindowToken: displayid:0 binder:android.os.BinderProxy@f5c6679 token:WindowToken{f8e81f android.os.BinderProxy@f5c6679}
07-20 01:47:11.575 24160 24160 I FLTAG_AFM: applyConfigurationToResources
07-20 01:47:11.576  1578  2706 E WindowManager: App trying to use insecure INPUT_FEATURE_NO_INPUT_CHANNEL flag. Ignoring
07-20 01:47:11.578  1578  2706 I WindowManager: addWindow: Window{7ae776c u0 AssistPreviewPanel} client:android.os.BinderProxy@c26afbe currentDisplayId:0 requestDisplayId:0 token:android.os.BinderProxy@f5c6679
07-20 01:47:11.579  2037  2037 W StatusBar: disable<e i a s b h r c s > disable2<q i n >
07-20 01:47:11.580  2037  2037 I HwQsUtils: config changed, use new width: 536872064
07-20 01:47:11.583  2911 27470 W HwLauncher: Launcher.Utilities recycleBm() Drawable = null
07-20 01:47:11.585  1578  1833 I WindowManager: Checking 1 opening apps (frozen=true timeout=false)...
07-20 01:47:11.585  1578  1833 I WindowManager: Check opening app=AppWindowToken{a8c9f5b token=Token{efe0e6a ActivityRecord{c97aaf3 u0 com.huawei.android.launcher/.drawer.DrawerLauncher t1}}}: allDrawn=false startingDisplayed=false startingMoved=false isRelaunching()=false startingWindow=null
07-20 01:47:11.588  1578  1833 I WindowManager: Checking 1 opening apps (frozen=true timeout=false)...
07-20 01:47:11.588  1578  1833 I WindowManager: Check opening app=AppWindowToken{a8c9f5b token=Token{efe0e6a ActivityRecord{c97aaf3 u0 com.huawei.android.launcher/.drawer.DrawerLauncher t1}}}: allDrawn=false startingDisplayed=false startingMoved=false isRelaunching()=false startingWindow=null
07-20 01:47:11.589  1578  2629 I ActivityManager: Start to clean activity stack when force stop the app org.hackintosh1980.espgrowcontroller , reason:from pid 25900by app
07-20 01:47:11.592   732  1698 W BufferQueueProducer: [GestureNavLeft#0]:1390: disconnect: not connected (req=1)
07-20 01:47:11.593  1578  1578 I AlarmManager: UninstallReceiver onReceive action:android.intent.action.PACKAGE_RESTARTED
07-20 01:47:11.593  2911  2911 I ActivityThread: Handle window ActivityRecord{a2de50c token=android.os.BinderProxy@84555e4 {com.huawei.android.launcher/com.huawei.android.launcher.drawer.DrawerLauncher}} visibility: true
07-20 01:47:11.595  1578  1660 I WindowManager: Checking 1 opening apps (frozen=true timeout=false)...
07-20 01:47:11.595  1578  1660 I WindowManager: Check opening app=AppWindowToken{a8c9f5b token=Token{efe0e6a ActivityRecord{c97aaf3 u0 com.huawei.android.launcher/.drawer.DrawerLauncher t1}}}: allDrawn=false startingDisplayed=false startingMoved=false isRelaunching()=false startingWindow=null
07-20 01:47:11.596  2262  2262 I HwCoreAppHelperService: LocalReceiver receives:android.intent.action.PACKAGE_RESTARTED,pkg:org.hackintosh1980.espgrowcontroller,uid:10677
07-20 01:47:11.597  1060  1162 I bastetd : [IBastetService ] onTransact# BnBastetService::onTransact, code=29, flags=17
07-20 01:47:11.598  2911  2911 I HwLauncher: Model loadWidgetsAfterUserUnlockIfNeeded, sLoadWidgetOnResume is false!
07-20 01:47:11.599  1578  1970 W libEGL  : EGLNativeWindowType 0x6feb375fd0 disconnect failed
07-20 01:47:11.600  1578  2178 I ActivityTaskManager: Stop interception for recently back-home app when launcher resumed
07-20 01:47:11.601  1578  1668 I HwAudioServiceEx: ComponentInfo : className = com.huawei.android.launcher.drawer.DrawerLauncher, flag = onResume, isHomeActivity = , isTop = true
07-20 01:47:11.601  1578  1891 W HwAudioServiceEx: SoundEffectState bundle get reserved is invalid
07-20 01:47:11.601  4553  4553 E NfcNci  : NfcUtils error: APP do not have nfc permission
07-20 01:47:11.603  4553  4553 E NfcNci  : NfcUtils error: APP do not have nfc permission
07-20 01:47:11.605  2262  2440 I PowerMsgAdapter: handleUidGone uid: 10677
07-20 01:47:11.606  2262  2440 E DollieAdapterService: notifyActivityState pkg:org.hackintosh1980.espgrowcontroller/org.kivy.android.PythonActivity state:20 fg:false mUid:10677
07-20 01:47:11.607  2262  2440 I HidataAppQoeP: foregroundUidRemove uid: 10677 name: org.hackintosh1980.espgrowcontroller
07-20 01:47:11.607  2262  2440 I HwPacketFilterBypass: handleActivityUidStateChanged uid:10677 -1 foreground:0
07-20 01:47:11.607  2262  2440 I HwPacketFilterBypass: isAllowSendSmartCureToChr false, no exceptions occur, dropCnt:0
07-20 01:47:11.607  2262  2440 I OllieMsgCenter: publishEvt=2130771969
07-20 01:47:11.608  2037  2333 I MobileSignalController: copyFrom::dataConnected = false
07-20 01:47:11.608  2037  2333 I MobileSignalController: copyFrom::dataConnected = false
07-20 01:47:11.609  2911  3198 I HwLauncher: LocalTaskList loadTasksInBackground:5 numTasks:20 currentUserId:0
07-20 01:47:11.611  2262  3841 I Hicom_Monitor: mActivityNotifierEx, className = com.huawei.android.launcher.drawer.DrawerLauncher, uid = 10095
07-20 01:47:11.613  1578  2629 I WindowManager: Checking 1 opening apps (frozen=true timeout=false)...
07-20 01:47:11.613  1578  2629 I WindowManager: Check opening app=AppWindowToken{a8c9f5b token=Token{efe0e6a ActivityRecord{c97aaf3 u0 com.huawei.android.launcher/.drawer.DrawerLauncher t1}}}: allDrawn=false startingDisplayed=false startingMoved=false isRelaunching()=false startingWindow=null
07-20 01:47:11.615  2533 25904 I HiAdKit.DC.RedirectionAppSwitchEvent:  switch is off
07-20 01:47:11.616  2533 25904 I HiAdKit.DC.LiteAppPageSwitchEvent:  switch is off
07-20 01:47:11.616  2533 25904 I HiAdKit.DC.PageSwitchEvent:  switch is off
07-20 01:47:11.616  2533 25904 I HiAdKit.DC.PaymentPageSwitchEvent:  switch is off
07-20 01:47:11.616  4633  1500 I CAWARENESS_AppUsageManager: onEvent, packageName=com.huawei.android.launcher, activityName=com.huawei.android.launcher.drawer.DrawerLauncher
07-20 01:47:11.617  1578  2629 I WindowManager: Changing focus from null to Window{697d1f6 u0 com.huawei.android.launcher/com.huawei.android.launcher.drawer.DrawerLauncher} displayId=0 Callers=com.android.server.wm.RootWindowContainer.updateFocusedWindowLocked:209 com.android.server.wm.WindowManagerService.updateFocusedWindowLocked:6517 com.android.server.wm.WindowManagerService.relayoutWindow:2813 com.android.server.wm.Session.relayout:197 
07-20 01:47:11.618  1578  2629 I HwDisplayContentEx: currentFocus windowstate not null
07-20 01:47:11.618  1578  2629 I HwDisplayContentEx: trans currentFocus windowstate not null
07-20 01:47:11.619  1578  1822 E HwActivityManagerServiceEx: Null app thread, notifyAppToTop failed: 24704
07-20 01:47:11.619  1578  1686 I PowerManagerService: handleSandman: wakefulness: 1,startDreaming: false
07-20 01:47:11.621  1578  1657 W Looper  : Slow dispatch took 271ms android.ui h=com.android.server.am.ActivityManagerService$UiHandler c=null m=53
07-20 01:47:11.625  1578  1657 W Looper  : Slow delivery took 266ms android.ui h=com.android.server.am.ActivityManagerService$UiHandler c=null m=32
07-20 01:47:11.626  1578  1657 I StatusBarDisable: setFlags what=0 which=1 pkg=Window{697d1f6 u0 com.huawei.android.launcher/com.huawei.android.launcher.drawer.DrawerLauncher}
07-20 01:47:11.627  2262  3431 I Hicom_Monitor: notifyAppDied: uid = 10677
07-20 01:47:11.627  2262  3431 I UctpAppMonitor: handleAppDied: pkgName is org.hackintosh1980.espgrowcontroller mIsNeedToOpen is false
07-20 01:47:11.629  2262  2289 E HsmCoreServiceImpl: onTransact in code is: 102
07-20 01:47:11.629  2262  2289 I MediaProcessHandler: processOp opType: 1, uid: 10677, pid: 24704
07-20 01:47:11.629  2262  2289 W MediaProcessHandler: only the process it self can do this operation: 10677, 1000, 24704, 2334
07-20 01:47:11.629  2262  2289 I MediaProcessHandler: executedCallBack opType: 1 mMediaStatusObservers.size=0
07-20 01:47:11.633  4633  1500 I CAWARENESS_AbilityContext: [1784504859682] publishing {dataId=100000006, mode=0}
07-20 01:47:11.633  4633  1500 I CAWARENESS_AbilityContext: [1784504859682] deliver {dataId=100000006, mode=0} to 5 receivers
07-20 01:47:11.634  2209  3502 I bt_stack: [INFO:bta_gattc_api.cc(101)] BTA_GATTC_AppDeregister client_if = 12
07-20 01:47:11.634  2209  3502 I bt_stack: [INFO:bta_gattc_api.cc(85)] app_deregister_impl client_if = 12
07-20 01:47:11.634  2209  3502 E bt_stack: [ERROR:bta_gattc_act.cc(238)] bta_gattc_deregister p_clreg->num_clcb is 0
07-20 01:47:11.634  2209  3502 I bt_stack: [INFO:bta_gattc_act.cc(1028)] bta_gattc_deregister_cmpl client_if is 12
07-20 01:47:11.634  2209  3502 I bt_stack: [INFO:gatt_api.cc(1016)] GATT_Deregister gatt_if=12
07-20 01:47:11.636 32563 32563 I HwViewRootImpl: removeInvalidNode all the node in jank list is out of time
07-20 01:47:11.638 23358 23358 I HiSuggestion_22.0.10.300_IntelligentApplication: onConfigurationChanged
07-20 01:47:11.639  1578  1660 I WindowManager: Checking 1 opening apps (frozen=true timeout=false)...
07-20 01:47:11.640  1578  1660 I WindowManager: Check opening app=AppWindowToken{a8c9f5b token=Token{efe0e6a ActivityRecord{c97aaf3 u0 com.huawei.android.launcher/.drawer.DrawerLauncher t1}}}: allDrawn=false startingDisplayed=false startingMoved=false isRelaunching()=false startingWindow=null
07-20 01:47:11.640  1578  1660 I WindowManager: dispatchResized : win = Window{697d1f6 u0 com.huawei.android.launcher/com.huawei.android.launcher.drawer.DrawerLauncher} drawState = DRAW_PENDING
07-20 01:47:11.640  2262  2440 I SmartDualCardConfig: getAppType,pkgName=org.hackintosh1980.espgrowcontroller,appType=-1
07-20 01:47:11.640  2262  2440 E SmartDualCardConfig: isAppInBlackList false,items==null
07-20 01:47:11.640  2262  2440 E DollieAdapterService: notifyActivityState pkg:com.huawei.android.launcher/com.huawei.android.launcher.drawer.DrawerLauncher state:2 fg:true mUid:10095
07-20 01:47:11.641  2635  3724 I ScenarioService: refresh visibleApp:[com.huawei.android.launcher]
07-20 01:47:11.641  2635  3724 I PGServer: report state:14 event type:1 pid:-1 uid:-1 pkg:com.huawei.android.launcher to pid: 2635
07-20 01:47:11.641  2635  3724 I ApsAppsTypeHandler: APS: APK: ApsAppsTypeHandler.getInstance, sInstance = com.huawei.android.hwaps.o@146cb66
07-20 01:47:11.641  2635  3724 I PF_API_JNI: ACCKIT_APS_NotifyInfo 3: com.huawei.android.launcher
07-20 01:47:11.642  1070 28923 I AGPService: aps-info: focus pkgName - com.huawei.android.launcher, with 0 more apps
07-20 01:47:11.642  1070 28923 I AGPService: FrameRateManager: aps-info: new pkgName - com.huawei.android.launcher, type - 28
07-20 01:47:11.642  2262  2440 I OllieMsgCenter: publishEvt=2134966274
07-20 01:47:11.642  2262  2440 I OllieMsgCenter: publishEvt=2135097351
07-20 01:47:11.642  2262  2440 I NetworkQoeChr: checkForegroundApp timer start
07-20 01:47:11.642  2262  2440 I NetworkQoeChr: end qoe report
07-20 01:47:11.642  2262  2440 I OllieMsgCenter: publishEvt=2130771969
07-20 01:47:11.642  2262  2440 I OllieMsgCenter: publishEvt=2130771985
07-20 01:47:11.643  1578  1686 I PowerManagerService: handleSandman: wakefulness: 1,startDreaming: false
07-20 01:47:11.643  2635  3885 I PG_ash  : org.hackintosh1980.espgrowcontroller become invisible
07-20 01:47:11.643  1070 28923 I AGPService: GpuPolicyManager: m_currentPkgName - com.huawei.android.launcher
07-20 01:47:11.644  1578  2711 I HwPCUtils#HwRioViewManager: check if rio enable, displayId = 0， packageName = com.android.systemui
07-20 01:47:11.645 23358 23358 I HiBoard_22.0.10.300_ScreenUiUtils: setConfig enter
07-20 01:47:11.646  1578  1660 I WindowManager: Checking 1 opening apps (frozen=true timeout=false)...
07-20 01:47:11.646  1578  1660 I WindowManager: Check opening app=AppWindowToken{a8c9f5b token=Token{efe0e6a ActivityRecord{c97aaf3 u0 com.huawei.android.launcher/.drawer.DrawerLauncher t1}}}: allDrawn=false startingDisplayed=false startingMoved=false isRelaunching()=false startingWindow=null
07-20 01:47:11.646 23358 23358 I HiSuggestion_22.0.10.300_IntelligentApplication: onConfigurationChanged OldConfiguration{FontScale=1.0, UiMode=17, DensityDpi=540, DarkSaveMode=false, Locale=en_ES}
07-20 01:47:11.646 23358 23358 I HiSuggestion_22.0.10.300_IntelligentApplication: onConfigurationChanged NewConfiguration{FontScale=1.0, UiMode=17, DensityDpi=540, DarkSaveMode=false, Locale=en_ES, Locale.getDefault()=en_ES}
07-20 01:47:11.646 23358 23358 I HiBoard_22.0.10.300_WorkspaceManager: onConfigurationChanged
07-20 01:47:11.649  2911  2911 I HwLauncher: CalenderDynamicUpdater setHasUpdateSuccess, success: true
07-20 01:47:11.651  2262  2440 I SpeedTestNotifier: Speed test app is back Activity
07-20 01:47:11.651  1578  1913 I HwMediaSessionServiceEx: MediaDisplayEventReceiver onDisplayChanged: 0
07-20 01:47:11.652  1578  2204 I NetworkTimeUpdateService: Display displayState:2
07-20 01:47:11.652  1578  1578 I HwMultiDisplayManager: onDisplayChanged: 0
07-20 01:47:11.652  1578  2204 I NetworkTimeUpdateService: skew is :699mBasePollingIntervalMs start is :86400000
07-20 01:47:11.652  1578  2204 I NetworkTimeUpdateService: mBasePollingIntervalMs process is :86400000
07-20 01:47:11.652  1578  2204 I AlarmManager: remove alarm:Alarm{e20822 type 3 when 420567680 PendingIntent{6784913: PendingIntentRecord{f2d1750 android broadcastIntent}}android procName system} according to operation:6784913
07-20 01:47:11.653  1578  1686 I PowerManagerService: handleSandman: wakefulness: 1,startDreaming: false
07-20 01:47:11.657 32563 32563 I bqwu    : onStart
07-20 01:47:11.657  1578  1892 I AudioService.RotationHelper: publishing device rotation =0 (x90deg)
07-20 01:47:11.658  2262  2443 E OllieTelephony: sendFullData err:-2
07-20 01:47:11.658   728  1894 I SwsHandle: rotation angle: 0
07-20 01:47:11.658   692 12979 I AudioModuleManager: [AudioModuleSetParameters:51]: list size: 13
07-20 01:47:11.659   692 12979 I smartpakit: [smartpa_set_rotation_parameters:765]: smartpa_set_rotation_parameters: value = 0
07-20 01:47:11.659   692 12979 I smartpakit: [smartpa_set_rotation_parameters:782]: smartpa_set_rotation_parameters: screen_angle = 0
07-20 01:47:11.659   692 12979 I smartpakit: [smartpa_algo_control:463]: smartpa_algo_control: enter, cmd = 17
07-20 01:47:11.659  1578  2467 I WindowManager: addWindowToken: displayid:0 binder:android.os.BinderProxy@b0402b3 token:WindowToken{d66dfe9 android.os.BinderProxy@b0402b3}
07-20 01:47:11.659   692 12979 W audio_dts_parser: [get_config_value:31]: get config file path failed
07-20 01:47:11.660  2262  2440 I SmartDualCardConfig: getAppType,pkgName=com.huawei.android.launcher,appType=28
07-20 01:47:11.660  2262  2440 E SmartDualCardConfig: isAppInBlackList false,items==null
07-20 01:47:11.660  2262  2440 I PowerMsgAdapter: UID hot switch, uid:10095, pkgName:com.huawei.android.launcher
07-20 01:47:11.661  2262  2440 E Booster_MatterAppRecommend: [isMatterPackage]invalid mMatterPackagesConfig
07-20 01:47:11.661  2262  2440 I OllieMsgCenter: publishEvt=2134966274
07-20 01:47:11.661  2262  2440 I OllieMsgCenter: publishEvt=2135097350
07-20 01:47:11.661  1578  2467 E WindowManager: App trying to use insecure INPUT_FEATURE_NO_INPUT_CHANNEL flag. Ignoring
07-20 01:47:11.663  1578  2467 I WindowManager: addWindow: Window{43c846e u0 DockedStackDivider} client:android.os.BinderProxy@2f9e070 currentDisplayId:0 requestDisplayId:0 token:android.os.BinderProxy@b0402b3
07-20 01:47:11.663  1578  1660 I WindowManager: Policy visibility false: Window{43c846e u0 DockedStackDivider}
07-20 01:47:11.666  2209  3502 I bt_stack: [INFO:bta_gattc_api.cc(101)] BTA_GATTC_AppDeregister client_if = 12
07-20 01:47:11.666  2209  3502 I bt_stack: [INFO:bta_gattc_api.cc(85)] app_deregister_impl client_if = 12
07-20 01:47:11.666  2209  3502 E bt_stack: [ERROR:bta_gattc_act.cc(220)] bta_gattc_deregister: Deregister Failed unknown client cif
07-20 01:47:11.666  1578  1660 I WindowManager: Checking 1 opening apps (frozen=true timeout=false)...
07-20 01:47:11.667  1578  1660 I WindowManager: Check opening app=AppWindowToken{a8c9f5b token=Token{efe0e6a ActivityRecord{c97aaf3 u0 com.huawei.android.launcher/.drawer.DrawerLauncher t1}}}: allDrawn=false startingDisplayed=false startingMoved=false isRelaunching()=false startingWindow=null
07-20 01:47:11.674 32563 32563 I bout    : (REDACTED) [%s] onStart()
07-20 01:47:11.674 32563 32563 I boxc    : Reloading theme data
07-20 01:47:11.677 32563 32563 I bqwu    : onResume
07-20 01:47:11.679 23389 23389 I HiSuggestion_22.0.10.300_IntelligentApplication: onConfigurationChanged
07-20 01:47:11.679 23389 23389 I HiBoard_22.0.10.300_ScreenUiUtils: setConfig enter
07-20 01:47:11.680 23389 23389 I HiSuggestion_22.0.10.300_IntelligentApplication: onConfigurationChanged OldConfiguration{FontScale=1.0, UiMode=17, DensityDpi=540, DarkSaveMode=false, Locale=en_ES}
07-20 01:47:11.680  1578  1833 I WindowManager: Checking 1 opening apps (frozen=true timeout=false)...
07-20 01:47:11.680  1578  1833 I WindowManager: Check opening app=AppWindowToken{a8c9f5b token=Token{efe0e6a ActivityRecord{c97aaf3 u0 com.huawei.android.launcher/.drawer.DrawerLauncher t1}}}: allDrawn=false startingDisplayed=false startingMoved=false isRelaunching()=false startingWindow=null
07-20 01:47:11.680 23389 23389 I HiSuggestion_22.0.10.300_IntelligentApplication: onConfigurationChanged NewConfiguration{FontScale=1.0, UiMode=17, DensityDpi=540, DarkSaveMode=false, Locale=en_ES, Locale.getDefault()=en_ES}
07-20 01:47:11.680 23389 23389 I HiBoard_22.0.10.300_WorkspaceManager: onConfigurationChanged
07-20 01:47:11.682  1172  1383 E ScreemCommon: fail to extract lcd fps mode!
07-20 01:47:11.682  1172  1383 W ScreemCommon: ProcessEntry, not beta version or commercial log off
07-20 01:47:11.683  1578  1833 I WindowManager: Checking 1 opening apps (frozen=true timeout=false)...
07-20 01:47:11.683  1578  1833 I WindowManager: Check opening app=AppWindowToken{a8c9f5b token=Token{efe0e6a ActivityRecord{c97aaf3 u0 com.huawei.android.launcher/.drawer.DrawerLauncher t1}}}: allDrawn=false startingDisplayed=false startingMoved=false isRelaunching()=false startingWindow=null
07-20 01:47:11.683  2911  2911 I HwViewRootImpl: removeInvalidNode all the node in jank list is out of time
07-20 01:47:11.687   732  1698 W BufferQueueProducer: [GestureNavRight#0]:1390: disconnect: not connected (req=1)
07-20 01:47:11.687  1578  1970 W libEGL  : EGLNativeWindowType 0x6fd8adf2d0 disconnect failed
07-20 01:47:11.687  1578  4549 I WindowManager: Checking 1 opening apps (frozen=true timeout=false)...
07-20 01:47:11.687  1578  4549 I WindowManager: Check opening app=AppWindowToken{a8c9f5b token=Token{efe0e6a ActivityRecord{c97aaf3 u0 com.huawei.android.launcher/.drawer.DrawerLauncher t1}}}: allDrawn=false startingDisplayed=false startingMoved=false isRelaunching()=false startingWindow=null
07-20 01:47:11.690  2911  2911 I RmeSchedManager: init Rme, version is: v1.0
07-20 01:47:11.690  2911  2911 I RtgSchedEvent: current pid:2911 AppType:28
07-20 01:47:11.691  2037  2037 I HwImageWallpaper: onConfigurationChanged
07-20 01:47:11.692  1070 28923 I AGPService: aps-info: get max lcd freq: 60, list: 60
07-20 01:47:11.692  2037  2037 I HwImageWallpaper: APS:APK:getLcdFreqInfoFromAgp: result = 60
07-20 01:47:11.693  1578  1660 I WindowManager: New wallpaper target: Window{697d1f6 u0 com.huawei.android.launcher/com.huawei.android.launcher.drawer.DrawerLauncher} prevTarget: null
07-20 01:47:11.694   732  1698 W BufferQueueProducer: [com.huawei.android.launcher/com.huawei.android.launcher.drawer.DrawerLauncher#0]:1390: disconnect: not connected (req=1)
07-20 01:47:11.694 32563 32614 W libEGL  : EGLNativeWindowType 0x706293ffd0 disconnect failed
07-20 01:47:11.695  2037  2326 I ImageWallpaperRenderer: updateOffsets mXOffset 0.5 mYOffset 0.5
07-20 01:47:11.698  1578  1660 I WindowManager: Checking 1 opening apps (frozen=true timeout=false)...
07-20 01:47:11.698  1578  1660 I WindowManager: Check opening app=AppWindowToken{a8c9f5b token=Token{efe0e6a ActivityRecord{c97aaf3 u0 com.huawei.android.launcher/.drawer.DrawerLauncher t1}}}: allDrawn=true startingDisplayed=false startingMoved=false isRelaunching()=false startingWindow=null
07-20 01:47:11.699  1578  1660 I WindowManager: dispatchResized : win = Window{612771c u0 com.android.systemui.HwImageWallpaper} drawState = DRAW_PENDING
07-20 01:47:11.702  1578  4549 I WificondControl: Noise: -89, Snr: 35, Chload: -1, rssi: -53, txBitrate: 72, rxBitrate: 0, frequency: 2462, UlDelay: -1, currentTxBytes: 0, currentTxPackets: 512750, currentTxFailed: 757, currentRxBytes: 0, currentRxPackets: 766880
07-20 01:47:11.704  1578  1660 I WindowManager: Checking 1 opening apps (frozen=true timeout=false)...
07-20 01:47:11.704  1578  1660 I WindowManager: Check opening app=AppWindowToken{a8c9f5b token=Token{efe0e6a ActivityRecord{c97aaf3 u0 com.huawei.android.launcher/.drawer.DrawerLauncher t1}}}: allDrawn=true startingDisplayed=false startingMoved=false isRelaunching()=false startingWindow=null
07-20 01:47:11.707  1578  1660 I WindowManager: Checking 1 opening apps (frozen=true timeout=false)...
07-20 01:47:11.707  1578  1660 I WindowManager: Check opening app=AppWindowToken{a8c9f5b token=Token{efe0e6a ActivityRecord{c97aaf3 u0 com.huawei.android.launcher/.drawer.DrawerLauncher t1}}}: allDrawn=true startingDisplayed=false startingMoved=false isRelaunching()=false startingWindow=null
07-20 01:47:11.709  2880  5886 I VoWifiQoe_N: ProcessReqInfo ul_msgid=5
07-20 01:47:11.711  2880  5886 I VoWifiQoe_N: processReqInfo MSG_WIFI_SIGNAL_INFO_IND 
07-20 01:47:11.711  2880  5886 I VoWifiQoe_N: ProcessSignalInfoInd curStateIsIdle 0 
07-20 01:47:11.711  2880  5886 I VoWifiQoe_N: ProcessSignalInfoInd wifiInterruptFlg 1 enScreenState 1 curStateIsIdle 0
07-20 01:47:11.711  2880  5886 I VoWifiQoe_N: UpdateEvaluatePolicy EVALUATE_POLICY_RSSI
07-20 01:47:11.711  2880  5886 I VoWifiQoe_N: UpdateEvaluatePolicy phoneId 1 is not qoe started!
07-20 01:47:11.712  1578  2706 I WindowManager: Checking 1 opening apps (frozen=true timeout=false)...
07-20 01:47:11.712  1578  2706 I WindowManager: Check opening app=AppWindowToken{a8c9f5b token=Token{efe0e6a ActivityRecord{c97aaf3 u0 com.huawei.android.launcher/.drawer.DrawerLauncher t1}}}: allDrawn=true startingDisplayed=false startingMoved=false isRelaunching()=false startingWindow=null
07-20 01:47:11.718  2911  2911 I SpringChain: addObject: listener=com.huawei.android.launcher.animutils.SpringTransition$2@2d3e9bd
07-20 01:47:11.718  2911  2911 I SpringChain: addObject: listener=com.huawei.android.launcher.animutils.SpringTransition$2@aa04bb2
07-20 01:47:11.718  1578  2706 I WindowManager: Checking 1 opening apps (frozen=true timeout=false)...
07-20 01:47:11.718  2911  2911 I SpringChain: addObject: listener=com.huawei.android.launcher.animutils.SpringTransition$2@afca703
07-20 01:47:11.718  2911  2911 I SpringChain: addObject: listener=com.huawei.android.launcher.animutils.SpringTransition$2@7c83680
07-20 01:47:11.718  1578  2706 I WindowManager: Check opening app=AppWindowToken{a8c9f5b token=Token{efe0e6a ActivityRecord{c97aaf3 u0 com.huawei.android.launcher/.drawer.DrawerLauncher t1}}}: allDrawn=true startingDisplayed=false startingMoved=false isRelaunching()=false startingWindow=null
07-20 01:47:11.718  2911  2911 I SpringChain: addObject: listener=com.huawei.android.launcher.animutils.SpringTransition$2@7da64b9
07-20 01:47:11.718  1578  2706 I WindowManager: dispatchResized : win = Window{31144b3 u0 NavigationBar0} drawState = DRAW_PENDING
07-20 01:47:11.719  2911  2911 I Task    : Task recycle id=8775 windowingMode=1 user=0 lastActiveTime=244797447
07-20 01:47:11.719  2911  2911 I Task    : Task recycle id=8779 windowingMode=1 user=0 lastActiveTime=324486700
07-20 01:47:11.722 27313 27313 W e0      : onStartInput event aborted
07-20 01:47:11.722 27313 27313 W e0      : fc0.b0: could not obtain extracted text
07-20 01:47:11.722 27313 27313 W e0      : 	at fc0.y0.H(Unknown Source:369)
07-20 01:47:11.722 27313 27313 W e0      : 	at n70.x.g(Unknown Source:283)
07-20 01:47:11.722 27313 27313 W e0      : 	at n70.i3.g(Unknown Source:4)
07-20 01:47:11.722 27313 27313 W e0      : 	at com.touchtype.KeyboardService.onStartInput(Unknown Source:11)
07-20 01:47:11.722 27313 27313 W e0      : 	at android.inputmethodservice.InputMethodService.doStartInput(InputMethodService.java:2408)
07-20 01:47:11.722 27313 27313 W e0      : 	at android.inputmethodservice.InputMethodService.resetStateForNewConfiguration(InputMethodService.java:1294)
07-20 01:47:11.722 27313 27313 W e0      : 	at android.inputmethodservice.InputMethodService.onConfigurationChanged(InputMethodService.java:1282)
07-20 01:47:11.722 27313 27313 W e0      : 	at com.touchtype.KeyboardService.b(Unknown Source:0)
07-20 01:47:11.722 27313 27313 W e0      : 	at n70.x.onConfigurationChanged(Unknown Source:48)
07-20 01:47:11.722 27313 27313 W e0      : 	at n70.i3.onConfigurationChanged(Unknown Source:4)
07-20 01:47:11.722 27313 27313 W e0      : 	at com.touchtype.KeyboardService.onConfigurationChanged(Unknown Source:9)
07-20 01:47:11.722 27313 27313 W e0      : 	at android.app.ActivityThread.performConfigurationChanged(ActivityThread.java:6411)
07-20 01:47:11.722 27313 27313 W e0      : 	at android.app.ActivityThread.handleConfigurationChanged(ActivityThread.java:6644)
07-20 01:47:11.722 27313 27313 W e0      : 	at android.app.ActivityThread.handleConfigurationChanged(ActivityThread.java:6550)
07-20 01:47:11.722 27313 27313 W e0      : 	at android.app.servertransaction.ConfigurationChangeItem.execute(ConfigurationChangeItem.java:42)
07-20 01:47:11.722 27313 27313 W e0      : 	at android.app.servertransaction.TransactionExecutor.executeCallbacks(TransactionExecutor.java:149)
07-20 01:47:11.722 27313 27313 W e0      : 	at android.app.servertransaction.TransactionExecutor.execute(TransactionExecutor.java:103)
07-20 01:47:11.722 27313 27313 W e0      : 	at android.app.ActivityThread$H.handleMessage(ActivityThread.java:2613)
07-20 01:47:11.722 27313 27313 W e0      : 	at android.os.Handler.dispatchMessage(Handler.java:110)
07-20 01:47:11.722 27313 27313 W e0      : 	at android.os.Looper.loop(Looper.java:219)
07-20 01:47:11.722 27313 27313 W e0      : 	at android.app.ActivityThread.main(ActivityThread.java:8668)
07-20 01:47:11.722 27313 27313 W e0      : 	at java.lang.reflect.Method.invoke(Native Method)
07-20 01:47:11.722 27313 27313 W e0      : 	at com.android.internal.os.RuntimeInit$MethodAndArgsCaller.run(RuntimeInit.java:513)
07-20 01:47:11.722 27313 27313 W e0      : 	at com.android.internal.os.ZygoteInit.main(ZygoteInit.java:1109)
07-20 01:47:11.723  2911  2911 I HwLauncher: CalenderDynamicUpdater setHasUpdateSuccess, success: true
07-20 01:47:11.723  2911  2911 I chatty  : uid=10095(com.huawei.android.launcher) identical 4 lines
07-20 01:47:11.723  2911  2911 I HwLauncher: CalenderDynamicUpdater setHasUpdateSuccess, success: true
07-20 01:47:11.728  1578  2196 I WindowManager: Checking 1 opening apps (frozen=true timeout=false)...
07-20 01:47:11.728  1578  2196 I WindowManager: Check opening app=AppWindowToken{a8c9f5b token=Token{efe0e6a ActivityRecord{c97aaf3 u0 com.huawei.android.launcher/.drawer.DrawerLauncher t1}}}: allDrawn=true startingDisplayed=false startingMoved=false isRelaunching()=false startingWindow=null
07-20 01:47:11.732  2037  2037 E QS      : setExpanded: should not be here!
