07-20 01:49:44.369 26955 26955 W SDLThread: type=1400 audit(0.0:112512): avc: granted { execute } for pid=26955 path="/data/data/org.hackintosh1980.espgrowcontroller/files/app/_python_bundle/site-packages/kivy/graphics/cgl.so" dev="sdd70" ino=9675 scontext=u:r:untrusted_app:s0:c165,c258,c512,c768 tcontext=u:object_r:app_data_file:s0:c165,c258,c512,c768 tclass=file
07-20 01:49:44.369 26955 26955 W SDLThread: type=1400 audit(0.0:112513): avc: granted { execute } for pid=26955 path="/data/data/org.hackintosh1980.espgrowcontroller/files/app/_python_bundle/site-packages/kivy/graphics/vbo.so" dev="sdd70" ino=73156 scontext=u:r:untrusted_app:s0:c165,c258,c512,c768 tcontext=u:object_r:app_data_file:s0:c165,c258,c512,c768 tclass=file
07-20 01:49:44.374  1578  4192 I WificondControl: Noise: -92, Snr: 31, Chload: -1, rssi: -56, txBitrate: 72, rxBitrate: 0, frequency: 2462, UlDelay: -1, currentTxBytes: 0, currentTxPackets: 515290, currentTxFailed: 757, currentRxBytes: 0, currentRxPackets: 768782
07-20 01:49:44.385  2880  5886 I VoWifiQoe_N: ProcessReqInfo ul_msgid=5
07-20 01:49:44.385  2880  5886 I VoWifiQoe_N: processReqInfo MSG_WIFI_SIGNAL_INFO_IND 
07-20 01:49:44.385  2880  5886 I VoWifiQoe_N: ProcessSignalInfoInd curStateIsIdle 0 
07-20 01:49:44.385  2880  5886 I VoWifiQoe_N: ProcessSignalInfoInd wifiInterruptFlg 1 enScreenState 1 curStateIsIdle 0
07-20 01:49:44.385  2880  5886 I VoWifiQoe_N: UpdateEvaluatePolicy EVALUATE_POLICY_RSSI
07-20 01:49:44.385  2880  5886 I VoWifiQoe_N: UpdateEvaluatePolicy phoneId 1 is not qoe started!
07-20 01:49:44.424   729   790 E ACCKIT_ : PerfMgr: fail to read 0
07-20 01:49:44.445  1578  1862 I TrafficMonitor: update:rxPkts:1,txPkts:0,rxBytes:67,txBytes:0
07-20 01:49:44.445  1578  1862 I TrafficMonitor: gettimer:interval=2000
07-20 01:49:44.468 26955 27007 I python  : [INFO   ] [Image       ] Providers: img_tex, img_dds, img_sdl2, img_pil (img_ffpyplayer ignored)
07-20 01:49:44.551 26955 27007 I python  : [INFO   ] [Window      ] Provider: sdl2
07-20 01:49:44.579  1578  4192 I HwPCUtils#HwPCMultiWindowManager: requestedOrientation: 0
07-20 01:49:44.580 26955 27007 I SDL/APP : pixel format wanted SDL_PIXELFORMAT_RGBA8888 (1), got SDL_PIXELFORMAT_RGBA8888 (1)
07-20 01:49:44.591  1578  4192 I DebugKeepScreenOn: setHoldScreenLocked newHoldScreen:Session{4a7aace 26955:u0a10677} currentHoldScreen:null wakeLockState:false
07-20 01:49:44.591  1578  4192 I DebugKeepScreenOn: Acquiring screen wakelock due to Window{8fa8301 u0 org.hackintosh1980.espgrowcontroller/org.kivy.android.PythonActivity}
07-20 01:49:44.593  1578  1686 I PowerManagerService: handleSandman: wakefulness: 1,startDreaming: false
07-20 01:49:44.599  1578  2763 I WificondControl: Noise: -92, Snr: 31, Chload: -1, rssi: -56, txBitrate: 72, rxBitrate: 0, frequency: 2462, UlDelay: -1, currentTxBytes: 0, currentTxPackets: 515290, currentTxFailed: 757, currentRxBytes: 0, currentRxPackets: 768782
07-20 01:49:44.607  2880  5886 I VoWifiQoe_N: ProcessReqInfo ul_msgid=5
07-20 01:49:44.607  2880  5886 I VoWifiQoe_N: processReqInfo MSG_WIFI_SIGNAL_INFO_IND 
07-20 01:49:44.607  2880  5886 I VoWifiQoe_N: ProcessSignalInfoInd curStateIsIdle 0 
07-20 01:49:44.607  2880  5886 I VoWifiQoe_N: ProcessSignalInfoInd wifiInterruptFlg 1 enScreenState 1 curStateIsIdle 0
07-20 01:49:44.607  2880  5886 I VoWifiQoe_N: UpdateEvaluatePolicy EVALUATE_POLICY_RSSI
07-20 01:49:44.607  2880  5886 I VoWifiQoe_N: UpdateEvaluatePolicy phoneId 1 is not qoe started!
07-20 01:49:44.619 26955 26955 I DecorView[]: pkgName:org.hackintosh1980.espgrowcontroller old windowMode:1 new windoMode:1, isFixedSize:false
07-20 01:49:44.627  2037  2037 I PanelView1: notifyBarPanelExpansionChanged isPanelVisibleBecauseOfHeadsUp=false,mInstantExpanding=false,mTracking=false
07-20 01:49:44.627  2037  2037 I PanelView2: notifyBarPanelExpansionChanged mPeekAnimator is non null?false,mHeightAnimator is non null?false
07-20 01:49:44.628  1578  1657 I StatusBarDisable: setFlags what=0 which=1 pkg=Window{8fa8301 u0 org.hackintosh1980.espgrowcontroller/org.kivy.android.PythonActivity}
07-20 01:49:44.631  2037  2037 I HwCtrlCtr: ControlCenterImpl: release control blur image!
07-20 01:49:44.631  2037  2037 I PanelView1: notifyBarPanelExpansionChanged isPanelVisibleBecauseOfHeadsUp=false,mInstantExpanding=false,mTracking=false
07-20 01:49:44.631  2037  2037 I PanelView2: notifyBarPanelExpansionChanged mPeekAnimator is non null?false,mHeightAnimator is non null?false
07-20 01:49:44.634  1578  2763 I WindowManager:   SURFACE SIZE 2160x1080: org.hackintosh1980.espgrowcontroller/org.kivy.android.PythonActivity
07-20 01:49:44.636  1578  2763 I WindowManager: dispatchResized : win = Window{8fa8301 u0 org.hackintosh1980.espgrowcontroller/org.kivy.android.PythonActivity} drawState = HAS_DRAWN
07-20 01:49:44.637  2037  2037 I HwCtrlCtr: ControlCenterImpl: release control blur image!
07-20 01:49:44.658   732   924 W BufferQueueProducer: [org.hackintosh1980.espgrowcontroller/org.kivy.android.PythonActivity#0]:1390: disconnect: not connected (req=1)
07-20 01:49:44.659 26955 26982 W libEGL  : EGLNativeWindowType 0x7071349390 disconnect failed
07-20 01:49:44.665 26955 27007 I python  : [INFO   ] [GL          ] Using the "OpenGL ES 2" graphics system
07-20 01:49:44.666 26955 27007 I python  : [INFO   ] [GL          ] Backend used <sdl2>
07-20 01:49:44.667 26955 27007 I python  : [INFO   ] [GL          ] OpenGL version <b'OpenGL ES 3.2 v1.r18p0-01rel0.668a3c0df3fa4e4963594ecd8826b9d5'>
07-20 01:49:44.667 26955 27007 I python  : [INFO   ] [GL          ] OpenGL vendor <b'ARM'>
07-20 01:49:44.667 26955 27007 I python  : [INFO   ] [GL          ] OpenGL renderer <b'Mali-G72'>
07-20 01:49:44.667 26955 27007 I python  : [INFO   ] [GL          ] OpenGL parsed version: 3, 2
07-20 01:49:44.667 26955 27007 I python  : [INFO   ] [GL          ] Texture max size <8192>
07-20 01:49:44.668 26955 27007 I python  : [INFO   ] [GL          ] Texture max units <16>
07-20 01:49:44.685  1578  1686 I PowerManagerService: handleSandman: wakefulness: 1,startDreaming: false
07-20 01:49:44.686  1578  2763 I DebugKeepScreenOn: setHoldScreenLocked newHoldScreen:null currentHoldScreen:Session{4a7aace 26955:u0a10677} wakeLockState:true
07-20 01:49:44.686  1578  2763 I DebugKeepScreenOn: Releasing screen wakelock, obscured by null
07-20 01:49:44.688  1578  1686 I PowerManagerService: handleSandman: wakefulness: 1,startDreaming: false
07-20 01:49:44.729  1123  1123 E Thermal-daemon:hw_thermal: [shell_frame] tempNew :33  tempOld :32
07-20 01:49:44.730  1123  1123 E Thermal-daemon:hw_thermal: Report temperature: [shell_frame] temp :33  reportThreshold:1
07-20 01:49:44.731  1123  1123 E Thermal-daemon:hw_thermal: [ap] tempNew :41  tempOld :39
07-20 01:49:44.731  1123  1123 E Thermal-daemon:hw_thermal: Report temperature: [ap] temp :41  reportThreshold:1
07-20 01:49:44.732 26955 27007 I python  : [INFO   ] [Window      ] auto add sdl2 input provider
07-20 01:49:44.735 26955 27007 I python  : [INFO   ] [Window      ] virtual keyboard not allowed, single mode, not docked
07-20 01:49:44.746 26955 27007 I python  : [INFO   ] [Text        ] Provider: sdl2
07-20 01:49:44.750 26955 27007 I python  : [PERF] Kivy Basis-Core geladen in: 1.6044s
07-20 01:49:44.819  1578  2763 I WificondControl: Noise: -92, Snr: 31, Chload: -1, rssi: -56, txBitrate: 72, rxBitrate: 0, frequency: 2462, UlDelay: -1, currentTxBytes: 0, currentTxPackets: 515290, currentTxFailed: 757, currentRxBytes: 0, currentRxPackets: 768782
07-20 01:49:44.821 26955 27007 I python  : BLE DESKTOP MODULE IMPORTIERT
07-20 01:49:44.829  2880  5886 I VoWifiQoe_N: ProcessReqInfo ul_msgid=5
07-20 01:49:44.829  2880  5886 I VoWifiQoe_N: processReqInfo MSG_WIFI_SIGNAL_INFO_IND 
07-20 01:49:44.829  2880  5886 I VoWifiQoe_N: ProcessSignalInfoInd curStateIsIdle 0 
07-20 01:49:44.829  2880  5886 I VoWifiQoe_N: ProcessSignalInfoInd wifiInterruptFlg 1 enScreenState 1 curStateIsIdle 0
07-20 01:49:44.829  2880  5886 I VoWifiQoe_N: UpdateEvaluatePolicy EVALUATE_POLICY_RSSI
07-20 01:49:44.829  2880  5886 I VoWifiQoe_N: UpdateEvaluatePolicy phoneId 1 is not qoe started!
07-20 01:49:44.889  1578  1686 I PowerManagerService: handleSandman: wakefulness: 1,startDreaming: false
07-20 01:49:45.017  2262  2440 I ConnCureStateMonitor: handleMessage: msg[4]
07-20 01:49:45.019  2262  2440 I ConnCureStateMonitor: canPerformConnCure: network is not in service.
07-20 01:49:45.020  2262  2440 I ConnCureStateMonitor: isCaredApp:false,isAllowed:true,isDataEnabled:true
07-20 01:49:45.037  2037  2037 I PanelView1: notifyBarPanelExpansionChanged isPanelVisibleBecauseOfHeadsUp=false,mInstantExpanding=false,mTracking=false
07-20 01:49:45.037  2037  2037 I PanelView2: notifyBarPanelExpansionChanged mPeekAnimator is non null?false,mHeightAnimator is non null?false
07-20 01:49:45.043  2037  2037 I HwCtrlCtr: ControlCenterImpl: release control blur image!
07-20 01:49:45.043  2037  2037 I PanelView1: notifyBarPanelExpansionChanged isPanelVisibleBecauseOfHeadsUp=false,mInstantExpanding=false,mTracking=false
07-20 01:49:45.043  1578  1660 I WindowManager: dispatchResized : win = Window{8fa8301 u0 org.hackintosh1980.espgrowcontroller/org.kivy.android.PythonActivity} drawState = HAS_DRAWN
07-20 01:49:45.043  2037  2037 I PanelView2: notifyBarPanelExpansionChanged mPeekAnimator is non null?false,mHeightAnimator is non null?false
07-20 01:49:45.045 26955 27007 I python  :  /home/domivm/TEST/.buildozer/android/platform/build-arm64-v8a/build/python-installs/espgrowcontroller/arm64-v8a/requests/__init__.py:92: RequestsDependencyWarning: Unable to find acceptable character detection dependency (chardet or charset_normalizer).
07-20 01:49:45.047  2037  2037 I HwCtrlCtr: ControlCenterImpl: release control blur image!
07-20 01:49:45.067  1578  2763 I WificondControl: Noise: -92, Snr: 31, Chload: -1, rssi: -56, txBitrate: 72, rxBitrate: 0, frequency: 2462, UlDelay: -1, currentTxBytes: 0, currentTxPackets: 515290, currentTxFailed: 757, currentRxBytes: 0, currentRxPackets: 768782
07-20 01:49:45.076  2262  7426 I Booster_Qoe: AdaBoostPredict rlt,index:6,NisPsSlow:0,NProba:312,rsrp(rssi):-56,rsrq(noise):-92,rtt(chload):200,buffhigh(uldelay):0,buffcomm(rtt):0
07-20 01:49:45.076  2262  7426 I Booster_Qoe: AdaBoostPredict rlt,index:2,NisPsSlow:0,NProba:312,rsrp(rssi):-56,rsrq(noise):-92,rtt(chload):200,buffhigh(uldelay):0,buffcomm(rtt):0
07-20 01:49:45.076  2262  7426 I Collector: HandleRawWifiInfo: flag:0, netId:0!
07-20 01:49:45.079  1578  1961 I WiFi_PRO_WifiProStateMachine: APP_SERVICE_QOE_NOTIFY Qoe info 10677,4,0,312,1,2,4,0,312,72000,0,10,10,0,0,0,0 CID 2 mMasterWifiRssi -56 mMasterCardAmbr 1048576 mSlaveCardAmbr 1048576
07-20 01:49:45.079  2262  3431 I Hicom_Monitor: handleNetworkQoeReport. foregroundAppTcpRtt: 0, maxRatioChannelId: 2
07-20 01:49:45.079  2262  3431 I Hicom_Monitor: handleNetworkQoeReport. qoeString: 10677,4,0,312,1,2,4,0,312,72000,0,10,10,0,0,0,0
07-20 01:49:45.080  2880  5886 I VoWifiQoe_N: ProcessReqInfo ul_msgid=5
07-20 01:49:45.080  2880  5886 I VoWifiQoe_N: processReqInfo MSG_WIFI_SIGNAL_INFO_IND 
07-20 01:49:45.080  2880  5886 I VoWifiQoe_N: ProcessSignalInfoInd curStateIsIdle 0 
07-20 01:49:45.080  2880  5886 I VoWifiQoe_N: ProcessSignalInfoInd wifiInterruptFlg 1 enScreenState 1 curStateIsIdle 0
07-20 01:49:45.080  2880  5886 I VoWifiQoe_N: UpdateEvaluatePolicy EVALUATE_POLICY_RSSI
07-20 01:49:45.080  2880  5886 I VoWifiQoe_N: UpdateEvaluatePolicy phoneId 1 is not qoe started!
07-20 01:49:45.080  1578  1961 I HwWifiProServiceProxy: ctrlHwWifiNetwork pkgName: WIFIPRO_SERVICE interfaceId: 9
07-20 01:49:45.080  1578  1961 I WiFi_PRO_WifiProStateMachine: isWifi2WifiProcess = false, mIsNeedIgnoreQoeUpdate = false, mIsAppInBlacklist = false, mIsAppInBlacklistFullScreen = false, mIsWiFiNoInternet false, screen on = true, full screen = true, isLandscapeMode = true, mNotifyWifiLinkPoorReason = -1
07-20 01:49:45.080  1578  1961 I WiFi_PRO_WifiProStateMachine: mChannelQoeBadCnt = 0, mAppQoeBadCnt = 0, mNetworkSlowReason = 0, mNetworkSlowChannelBadCnt = 0
07-20 01:49:45.092 26955 27007 I python  : [Storage] RAM-Cache für Pflanzen erfolgreich geladen.
07-20 01:49:45.110 26955 27007 I python  : [MixedEngine] mixed.json initialisiert: /data/user/0/org.hackintosh1980.espgrowcontroller/files/app/data/mixed.json
07-20 01:49:45.201 26955 27007 I python  : [PERF] Starte Import der 14 Screens...
07-20 01:49:45.296  1578  4192 I WificondControl: Noise: -92, Snr: 30, Chload: -1, rssi: -57, txBitrate: 72, rxBitrate: 0, frequency: 2462, UlDelay: -1, currentTxBytes: 0, currentTxPackets: 515290, currentTxFailed: 757, currentRxBytes: 0, currentRxPackets: 768782
07-20 01:49:45.308  2880  5886 I VoWifiQoe_N: ProcessReqInfo ul_msgid=5
07-20 01:49:45.308  2880  5886 I VoWifiQoe_N: processReqInfo MSG_WIFI_SIGNAL_INFO_IND 
07-20 01:49:45.309  2880  5886 I VoWifiQoe_N: ProcessSignalInfoInd curStateIsIdle 0 
07-20 01:49:45.309  2880  5886 I VoWifiQoe_N: ProcessSignalInfoInd wifiInterruptFlg 1 enScreenState 1 curStateIsIdle 0
07-20 01:49:45.309  2880  5886 I VoWifiQoe_N: UpdateEvaluatePolicy EVALUATE_POLICY_RSSI
07-20 01:49:45.309  2880  5886 I VoWifiQoe_N: UpdateEvaluatePolicy phoneId 1 is not qoe started!
07-20 01:49:45.440  1578  1862 I TrafficMonitor: expired arrive. level:-1
07-20 01:49:45.441  1578  1862 I TrafficMonitor: during_ms:2003,period_ms:2000
07-20 01:49:45.441  1578  1862 I TrafficMonitor: count:129,rx_sum:1,tx_sum:0,rxBytes:67,during_ms:2003,rx_speed:33.449825262106835,tx_speed:0.0,rto:0.0
07-20 01:49:45.441  1578  1862 I HuaweiWifiWatchdogStateMachine: Get speed information rx_speed = 33 ,tx_speed = 0 ,isSpeedOk = false ,mBestSpeedInPeriod = 10367
07-20 01:49:45.512 26955 27007 I python  : [PERF] Alle Module & Screens importiert in: 0.7611s
07-20 01:49:45.514 26955 27007 I python  : [PERF] App.build() aufgerufen.
07-20 01:49:45.514 26955 27007 I python  : [PERF] I18N initialisiert in: 0.0000s
07-20 01:49:45.515 26955 27007 I python  : [PERF] Buffer initialisiert/geladen in: 0.0016s
07-20 01:49:45.518 26955 27007 I python  : [PERF][SCREEN] START dashboard
07-20 01:49:45.523  1578  4192 I WificondControl: Noise: -92, Snr: 29, Chload: -1, rssi: -58, txBitrate: 72, rxBitrate: 0, frequency: 2462, UlDelay: -1, currentTxBytes: 0, currentTxPackets: 515290, currentTxFailed: 757, currentRxBytes: 0, currentRxPackets: 768783
07-20 01:49:45.535  2880  5886 I VoWifiQoe_N: ProcessReqInfo ul_msgid=5
07-20 01:49:45.535  2880  5886 I VoWifiQoe_N: processReqInfo MSG_WIFI_SIGNAL_INFO_IND 
07-20 01:49:45.535  2880  5886 I VoWifiQoe_N: ProcessSignalInfoInd curStateIsIdle 0 
07-20 01:49:45.535  2880  5886 I VoWifiQoe_N: ProcessSignalInfoInd wifiInterruptFlg 1 enScreenState 1 curStateIsIdle 0
07-20 01:49:45.535  2880  5886 I VoWifiQoe_N: UpdateEvaluatePolicy EVALUATE_POLICY_RSSI
07-20 01:49:45.535  2880  5886 I VoWifiQoe_N: UpdateEvaluatePolicy phoneId 1 is not qoe started!
07-20 01:49:45.562 26955 27007 I python  : [INFO   ] [GL          ] NPOT texture support is available
07-20 01:49:45.571 26955 27007 I python  : [PERF][HEADER] Basis: 0.0011s
07-20 01:49:45.575  1578  1822 E AwareLog: AwareMem_MemoryUtils: trim Memory illegal arg exception, proc:26792 userId:-2 level:40 fromAware:true
07-20 01:49:45.580 26955 27007 I python  : [PERF][HEADER] Navigation: 0.0086s
07-20 01:49:45.593 26955 27007 I python  : [WARNING] Deprecated property "<BooleanProperty name=keep_ratio>" of object "<kivy.uix.image.Image object at 0x6ff5d12040>" has been set, it will be removed in a future version
07-20 01:49:45.597 26955 27007 I python  : [PERF][HEADER] Logo+Gerätename: 0.0177s
07-20 01:49:45.649 26955 27007 I python  : [PERF][HEADER] Status+Controls: 0.0523s
07-20 01:49:45.652 26955 27007 I python  : [PERF][HEADER] Uhr+Menü: 0.0030s
07-20 01:49:45.660 26955 27007 I python  : [PERF][HEADER] Assembly: 0.0072s
07-20 01:49:45.660 26955 27007 I python  : [PERF][HEADER] TOTAL: 0.0899s
07-20 01:49:45.660 26955 27007 I python  : [PERF][DASHBOARD] HeaderBar: 0.0905s
07-20 01:49:45.682  1578  1659 I system_server: Explicit concurrent copying GC freed 171600(9334KB) AllocSpace objects, 7(200KB) LOS objects, 30% free, 53MB/77MB, paused 837us total 514.754ms
07-20 01:49:45.693 26955 27007 I python  : [PERF][DASHBOARD][TILE] temp_in: 0.0287s
07-20 01:49:45.707  2635  3724 I AppManager: dependence has been existed:12177 -> 31811
07-20 01:49:45.717 26955 27007 I python  : [PERF][DASHBOARD][TILE] hum_in: 0.0237s
07-20 01:49:45.729  1061  6849 I iked    : [INFO]: ikev2.c:305: ikev2_periodic_task()
07-20 01:49:45.738 26955 27007 I python  : [PERF][DASHBOARD][TILE] vpd_in: 0.0206s
07-20 01:49:45.748  1578  4192 I WificondControl: Noise: -92, Snr: 29, Chload: -1, rssi: -58, txBitrate: 72, rxBitrate: 0, frequency: 2462, UlDelay: -1, currentTxBytes: 0, currentTxPackets: 515290, currentTxFailed: 757, currentRxBytes: 0, currentRxPackets: 768783
07-20 01:49:45.755 26955 27007 I python  : [PERF][DASHBOARD][TILE] temp_ex: 0.0173s
07-20 01:49:45.758  2880  5886 I VoWifiQoe_N: ProcessReqInfo ul_msgid=5
07-20 01:49:45.758  2880  5886 I VoWifiQoe_N: processReqInfo MSG_WIFI_SIGNAL_INFO_IND 
07-20 01:49:45.758  2880  5886 I VoWifiQoe_N: ProcessSignalInfoInd curStateIsIdle 0 
07-20 01:49:45.758  2880  5886 I VoWifiQoe_N: ProcessSignalInfoInd wifiInterruptFlg 1 enScreenState 1 curStateIsIdle 0
07-20 01:49:45.758  2880  5886 I VoWifiQoe_N: UpdateEvaluatePolicy EVALUATE_POLICY_RSSI
07-20 01:49:45.758  2880  5886 I VoWifiQoe_N: UpdateEvaluatePolicy phoneId 1 is not qoe started!
07-20 01:49:45.777 26955 27007 I python  : [PERF][DASHBOARD][TILE] hum_ex: 0.0214s
07-20 01:49:45.798 26955 27007 I python  : [PERF][DASHBOARD][TILE] vpd_ex: 0.0212s
07-20 01:49:45.816 26955 27007 I python  : [PERF][DASHBOARD][TILE] ble_temp_outside: 0.0173s
07-20 01:49:45.832 26955 27007 I python  : [PERF][DASHBOARD][TILE] ble_hum_outside: 0.0160s
07-20 01:49:45.972 26424 26457 I Finsky:background: [8507] Stats for Executor: bgExecutor wfn@4667c33[Running, pool size = 4, active threads = 0, queued tasks = 0, completed tasks = 39]
07-20 01:49:45.976  1578  4192 I WificondControl: Noise: -92, Snr: 29, Chload: -1, rssi: -60, txBitrate: 72, rxBitrate: 0, frequency: 2462, UlDelay: -1, currentTxBytes: 0, currentTxPackets: 515290, currentTxFailed: 757, currentRxBytes: 0, currentRxPackets: 768783
07-20 01:49:45.988  2880  5886 I VoWifiQoe_N: ProcessReqInfo ul_msgid=5
07-20 01:49:45.988  2880  5886 I VoWifiQoe_N: processReqInfo MSG_WIFI_SIGNAL_INFO_IND 
07-20 01:49:45.988  2880  5886 I VoWifiQoe_N: ProcessSignalInfoInd curStateIsIdle 0 
07-20 01:49:45.988  2880  5886 I VoWifiQoe_N: ProcessSignalInfoInd wifiInterruptFlg 1 enScreenState 1 curStateIsIdle 0
07-20 01:49:45.988  2880  5886 I VoWifiQoe_N: UpdateEvaluatePolicy EVALUATE_POLICY_RSSI
07-20 01:49:45.988  2880  5886 I VoWifiQoe_N: UpdateEvaluatePolicy phoneId 1 is not qoe started!
07-20 01:49:46.006 26955 27007 I python  : [PERF][DASHBOARD][TILE] ble_vpd_outside: 0.1731s
07-20 01:49:46.007 26424 26457 I Finsky:background: [8507] Stats for Executor: LightweightExecutor wfn@bec9bf0[Running, pool size = 4, active threads = 0, queued tasks = 0, completed tasks = 15]
07-20 01:49:46.021 26955 27007 I python  : [PERF][DASHBOARD][TILE] ble_temp_inside: 0.0153s
07-20 01:49:46.039 26955 27007 I python  : [PERF][DASHBOARD][TILE] ble_hum_inside: 0.0178s
07-20 01:49:46.059 26955 27007 I python  : [PERF][DASHBOARD][TILE] ble_vpd_inside: 0.0194s
07-20 01:49:46.074  2262  7426 I Booster_Qoe: AdaBoostPredict rlt,index:6,NisPsSlow:0,NProba:312,rsrp(rssi):-56,rsrq(noise):-92,rtt(chload):200,buffhigh(uldelay):0,buffcomm(rtt):0
07-20 01:49:46.074  2262  7426 I Booster_Qoe: AdaBoostPredict rlt,index:2,NisPsSlow:0,NProba:312,rsrp(rssi):-56,rsrq(noise):-92,rtt(chload):200,buffhigh(uldelay):0,buffcomm(rtt):0
07-20 01:49:46.078  2262  7426 I Collector: HandleRawWifiInfo: flag:0, netId:0!
07-20 01:49:46.078 26955 27007 I python  : [PERF][DASHBOARD][TILE] leaf_temp: 0.0191s
07-20 01:49:46.078  2262  3431 I Hicom_Monitor: handleNetworkQoeReport. foregroundAppTcpRtt: 0, maxRatioChannelId: 2
07-20 01:49:46.078  2262  3431 I Hicom_Monitor: handleNetworkQoeReport. qoeString: 10677,4,0,312,1,2,4,0,312,72000,0,10,10,0,0,0,0
07-20 01:49:46.079  1578  1961 I WiFi_PRO_WifiProStateMachine: APP_SERVICE_QOE_NOTIFY Qoe info 10677,4,0,312,1,2,4,0,312,72000,0,10,10,0,0,0,0 CID 2 mMasterWifiRssi -56 mMasterCardAmbr 1048576 mSlaveCardAmbr 1048576
07-20 01:49:46.080  1578  1961 I HwWifiProServiceProxy: ctrlHwWifiNetwork pkgName: WIFIPRO_SERVICE interfaceId: 9
07-20 01:49:46.080  1578  1961 I WiFi_PRO_WifiProStateMachine: isWifi2WifiProcess = false, mIsNeedIgnoreQoeUpdate = false, mIsAppInBlacklist = false, mIsAppInBlacklistFullScreen = false, mIsWiFiNoInternet false, screen on = true, full screen = true, isLandscapeMode = true, mNotifyWifiLinkPoorReason = -1
07-20 01:49:46.080  1578  1961 I WiFi_PRO_WifiProStateMachine: mChannelQoeBadCnt = 0, mAppQoeBadCnt = 0, mNetworkSlowReason = 0, mNetworkSlowChannelBadCnt = 0
07-20 01:49:46.082  2533 20203 I FwKamsCompat: wait for ams time out for 60000 ms
07-20 01:49:46.097 26955 27007 I python  : [PERF][DASHBOARD][TILE] vpd_leaf: 0.0186s
07-20 01:49:46.115 26955 27007 I python  : [PERF][DASHBOARD][TILE] v_bat: 0.0182s
07-20 01:49:46.119 26424 26457 I Finsky:background: [8507] Stats for Executor: BlockingExecutor wfn@6e1b569[Running, pool size = 3, active threads = 0, queued tasks = 0, completed tasks = 12]
07-20 01:49:46.133 26955 27007 I python  : [PERF][DASHBOARD][TILE] rssi: 0.0179s
07-20 01:49:46.133 26955 27007 I python  : [PERF][DASHBOARD][TILES] TOTAL: 0.4696s
07-20 01:49:46.134 26955 27007 I python  : [PERF][DASHBOARD] DashboardMainPanel: 0.4700s
07-20 01:49:46.138 26955 27007 I python  : [PERF][DASHBOARD] ControlButtons: 0.0044s
07-20 01:49:46.139 26955 27007 I python  : [PERF][DASHBOARD] TOTAL: 0.6205s
07-20 01:49:46.139 26955 27007 I python  : [PERF][SCREEN] END dashboard: 0.6207s
07-20 01:49:46.139 26955 27007 I python  : [PERF] Initiales Dashboard bereit in: 0.6214s
07-20 01:49:46.140 26955 27007 I python  : [Core] Starte Core (Foreground Service Mode)…
07-20 01:49:46.140 26955 27007 I python  : [Core] is_android(): True
07-20 01:49:46.141 26955 27007 I python  : [Core] decoded.json entfernt
07-20 01:49:46.141 26955 27007 I python  : [Core] ble_dump.json geleert: /data/user/0/org.hackintosh1980.espgrowcontroller/files/app/data/ble_dump.json
07-20 01:49:46.142 26955 27007 I python  : [Core] ble_log_dump.json geleert: /data/user/0/org.hackintosh1980.espgrowcontroller/files/app/data/ble_log_dump.json
07-20 01:49:46.142 26955 27007 I python  : [Core] web_dump.json geleert: /data/user/0/org.hackintosh1980.espgrowcontroller/files/app/data/web_dump.json
07-20 01:49:46.196  1578  4192 I WificondControl: Noise: -92, Snr: 29, Chload: -1, rssi: -60, txBitrate: 72, rxBitrate: 0, frequency: 2462, UlDelay: -1, currentTxBytes: 0, currentTxPackets: 515293, currentTxFailed: 757, currentRxBytes: 0, currentRxPackets: 768784
07-20 01:49:46.202  2880  5886 I VoWifiQoe_N: ProcessReqInfo ul_msgid=5
07-20 01:49:46.202  2880  5886 I VoWifiQoe_N: processReqInfo MSG_WIFI_SIGNAL_INFO_IND 
07-20 01:49:46.202  2880  5886 I VoWifiQoe_N: ProcessSignalInfoInd curStateIsIdle 0 
07-20 01:49:46.202  2880  5886 I VoWifiQoe_N: ProcessSignalInfoInd wifiInterruptFlg 1 enScreenState 1 curStateIsIdle 0
07-20 01:49:46.202  2880  5886 I VoWifiQoe_N: UpdateEvaluatePolicy EVALUATE_POLICY_RSSI
07-20 01:49:46.202  2880  5886 I VoWifiQoe_N: UpdateEvaluatePolicy phoneId 1 is not qoe started!
07-20 01:49:46.304  1578  4192 I BigFontUtils: adjustAppProcessConfiguration appInfo:org.hackintosh1980.espgrowcontroller
07-20 01:49:46.306 26955 27007 I python  : [Core] BLE Python Service gestartet (Foreground)
07-20 01:49:46.331  1578  1676 I ActivityManager: Start proc 27022:org.hackintosh1980.espgrowcontroller:service_ble_service/u0a677 for service {org.hackintosh1980.espgrowcontroller/org.hackintosh1980.espgrowcontroller.ServiceBle_service}
07-20 01:49:46.341 27022 27022 I ice_ble_servic: Late-enabling -Xcheck:jni
07-20 01:49:46.366 26955 27007 I BluetoothAdapter: isLeEnabled(): ON
07-20 01:49:46.369  2209  3502 I bt_stack: [INFO:bta_gattc_act.cc(175)] bta_gattc_register: state:2
07-20 01:49:46.369  2209  3502 I bt_stack: [INFO:gatt_api.cc(974)] GATT_Register 55288a73-8e47-cc80-0ad2-a5458e5e63e0
07-20 01:49:46.369  2209  3502 I bt_stack: [INFO:gatt_api.cc(994)] allocated gatt_if=12
07-20 01:49:46.369  2209  3502 I bt_stack: [INFO:gatt_api.cc(1090)] GATT_StartIf gatt_if=12
07-20 01:49:46.369  2209  3502 I bt_stack: [INFO:gatt_utils.cc(260)] gatt_find_the_connected_bda start_idx=0
07-20 01:49:46.369  2209  3502 I bt_stack: [INFO:gatt_utils.cc(272)]  found=0 found_idx=7
07-20 01:49:46.373  2635  3724 I PGServer: report state:8 event type:1 pid:0 uid:10677 pkg:null to pid: 1578
07-20 01:49:46.373  2635  3724 I BluetoothState: new active bluetooth uid: 10677, pid:26955, reason:BLE_SCAN
07-20 01:49:46.378  2807  3027 E Nc_Chr_BT: NcBtDftManager: unhandled id
07-20 01:49:46.384 26955 27007 I python  : [Core] Android-Bridges gestartet (ADV + GATT + BROADCAST)
07-20 01:49:46.385 26955 27007 I python  : [Core] WebClient-Thread gestartet
07-20 01:49:46.386 27022 27022 E ice_ble_servic: LoadAppImageStartupCache enabled : 1
07-20 01:49:46.386 27022 27022 E ice_ble_servic: Unknown bits set in runtime_flags: 0x8000
07-20 01:49:46.387 27022 27022 I ice_ble_servic: Reinit property: dalvik.vm.checkjni= false
07-20 01:49:46.387 26955 27033 I python  : [Decoder] Background Thread STARTED.
07-20 01:49:46.387 27022 27022 I ice_ble_servic: ReInitProperties: persist.vm.debug.dumpapi= false
07-20 01:49:46.387 26955 27033 I python  : [HEARTBEAT DECODER] Ticking! Active Config Devices: ['E697B52A-2E7F-D41E-BC4D-2D027CB38D0B', '827482CC-A977-43D7-835E-8E8B6978E66A', 'C898B4F2-B452-7502-1A67-0536E77D49EA', 'FABCEA8B-7EC8-2594-4879-2B3B63989660'] | Live Web RAM Keys: []
07-20 01:49:46.400 26955 27034 I python  : [DEBUG  ] [Starting new HTTP connection (1)] 192.168.2.20:80
07-20 01:49:46.406 26955 27046 I python  : [DEBUG  ] [Starting new HTTP connection (1)] 192.168.2.39:80
07-20 01:49:46.408   634  1404 I         : ApiCount[0, 0, 0, 36, 0, 0, 0, 0, 0, 0, 154, 251, 0, 8, 2, 0, 7, 0, 1954, 4617]
07-20 01:49:46.410  1578  2763 I WificondControl: Noise: -92, Snr: 29, Chload: -1, rssi: -62, txBitrate: 72, rxBitrate: 0, frequency: 2462, UlDelay: -1, currentTxBytes: 0, currentTxPackets: 515294, currentTxFailed: 757, currentRxBytes: 0, currentRxPackets: 768785
07-20 01:49:46.414  2880  5886 I VoWifiQoe_N: ProcessReqInfo ul_msgid=5
07-20 01:49:46.414  2880  5886 I VoWifiQoe_N: processReqInfo MSG_WIFI_SIGNAL_INFO_IND 
07-20 01:49:46.414  2880  5886 I VoWifiQoe_N: ProcessSignalInfoInd curStateIsIdle 0 
07-20 01:49:46.414  2880  5886 I VoWifiQoe_N: ProcessSignalInfoInd wifiInterruptFlg 1 enScreenState 1 curStateIsIdle 0
07-20 01:49:46.414  2880  5886 I VoWifiQoe_N: UpdateEvaluatePolicy EVALUATE_POLICY_RSSI
07-20 01:49:46.414  2880  5886 I VoWifiQoe_N: UpdateEvaluatePolicy phoneId 1 is not qoe started!
07-20 01:49:46.426   729   790 E ACCKIT_ : PerfMgr: fail to read 0
07-20 01:49:46.431 26955 27007 I python  : [Core] Decoder-Thread gestartet
07-20 01:49:46.432 26955 27007 I python  : [Core] Watchdog gestartet
07-20 01:49:46.432 27022 27049 I ActivityThread: Init compatible state: true
07-20 01:49:46.432 26955 27007 I python  : [Core] System läuft stabil im Hintergrund (Foreground Service Active).
07-20 01:49:46.432 26955 27007 I python  : [PERF] core.start() ausgeführt in: 0.2924s
07-20 01:49:46.432 26955 27007 I python  : [PERF] 🚀 GESAMTZEIT BIS ZUM START: 3.2867s 🚀
07-20 01:49:46.433 26955 27007 I python  : [WARNING] [Base        ] Unknown <android> provider
07-20 01:49:46.434 27022 27049 I HwFrameworkSecurityPartsFactory: add HwFrameworkSecurityPartsFactory to memory.
07-20 01:49:46.434 26955 27007 I python  : [INFO   ] [Base        ] Start application main loop
07-20 01:49:46.434 27022 27049 E BehaviorCollectManager: Fail to acquire dataAnalyzerService...
07-20 01:49:46.448  1578  1862 I TrafficMonitor: update:rxPkts:4,txPkts:6,rxBytes:375,txBytes:537
07-20 01:49:46.448  1578  1862 I TrafficMonitor: gettimer:interval=2000
07-20 01:49:46.479 27022 27049 I HwApiCacheMangerEx: apicache path=/storage/emulated/0 state=mounted key=org.hackintosh1980.espgrowcontroller#10677#256
07-20 01:49:46.479 27022 27049 I HwApiCacheMangerEx: need clear apicache,because volumes changed,oldCnt=0 newCnt=1
07-20 01:49:46.480 27022 27049 I HwApiCacheMangerEx: apicache path=/storage/emulated/0 state=mounted key=org.hackintosh1980.espgrowcontroller#10677#0
07-20 01:49:46.480 27022 27049 I HwApiCacheMangerEx: need clear apicache,because volumes changed,oldCnt=1 newCnt=1
07-20 01:49:46.484 27022 27022 I HwTypeface: updateFont: scale=1.0
07-20 01:49:46.486 27022 27022 I ActivityThread: finishPreloaded preloadStatus 0
07-20 01:49:46.487 27022 27049 I HwPartIawareFactory: add android.common.HwPartIawareFactoryImpl to memory.
07-20 01:49:46.487 27022 27049 I AwareBitmapCacher: init processName:org.hackintosh1980.espgrowcontroller:service_ble_service pid=27022 uid=10677
07-20 01:49:46.551 27022 27058 I python  : Initializing Python for Android
07-20 01:49:46.551 27022 27058 I python  : Setting additional env vars from p4a_env_vars.txt
07-20 01:49:46.551 27022 27058 I python  : Changing directory to the one provided by ANDROID_ARGUMENT
07-20 01:49:46.551 27022 27058 I python  : /data/user/0/org.hackintosh1980.espgrowcontroller/files/app
07-20 01:49:46.551 27022 27058 I python  : Preparing to initialize python
07-20 01:49:46.551 27022 27058 I python  : _python_bundle dir exists
07-20 01:49:46.551 27022 27058 I python  : calculated paths to be...
07-20 01:49:46.551 27022 27058 I python  : /data/user/0/org.hackintosh1980.espgrowcontroller/files/app/_python_bundle/stdlib.zip:/data/user/0/org.hackintosh1980.espgrowcontroller/files/app/_python_bundle/modules
07-20 01:49:46.551 27022 27058 I python  : set wchar paths...
07-20 01:49:46.569 27022 27022 W Thread-2: type=1400 audit(0.0:112546): avc: granted { execute } for pid=27022 path="/data/data/org.hackintosh1980.espgrowcontroller/files/app/_python_bundle/modules/zlib.cpython-311.so" dev="sdd70" ino=162668 scontext=u:r:untrusted_app:s0:c165,c258,c512,c768 tcontext=u:object_r:app_data_file:s0:c165,c258,c512,c768 tclass=file
07-20 01:49:46.589 27022 27058 I python  : Initialized python
07-20 01:49:46.589 27022 27058 I python  : AND: Init threads
07-20 01:49:46.590 27022 27058 I ble_service: testing python print redirection
07-20 01:49:46.591 27022 27058 I ble_service: Android path ['.', '/data/user/0/org.hackintosh1980.espgrowcontroller/files/app/_python_bundle/stdlib.zip', '/data/user/0/org.hackintosh1980.espgrowcontroller/files/app/_python_bundle/modules', '/data/user/0/org.hackintosh1980.espgrowcontroller/files/app/_python_bundle/site-packages']
07-20 01:49:46.592 27022 27058 I ble_service: os.environ is environ({'PATH': '/sbin:/system/sbin:/product/bin:/apex/com.android.runtime/bin:/system/bin:/system/xbin:/odm/bin:/vendor/bin:/vendor/xbin', 'ANDROID_BOOTLOGO': '1', 'ANDROID_ROOT': '/system', 'ANDROID_ASSETS': '/system/app', 'ANDROID_DATA': '/data', 'ANDROID_STORAGE': '/storage', 'ANDROID_RUNTIME_ROOT': '/apex/com.android.runtime', 'ANDROID_TZDATA_ROOT': '/apex/com.android.tzdata', 'EXTERNAL_STORAGE': '/sdcard', 'ASEC_MOUNTPOINT': '/mnt/asec', 'BOOTCLASSPATH': '/apex/com.android.runtime/javalib/core-oj.jar:/apex/com.android.runtime/javalib/core-libart.jar:/apex/com.android.runtime/javalib/okhttp.jar:/apex/com.android.runtime/javalib/bouncycastle.jar:/apex/com.android.runtime/javalib/apache-xml.jar:/system/framework/framework.jar:/system/framework/ext.jar:/system/framework/telephony-common.jar:/system/framework/voip-common.jar:/system/framework/ims-common.jar:/system/framework/android.test.base.jar:/system/framework/featurelayer-widget.jar:/system/framework/hwEmui.jar:/system/framework/hwPartBasicplatform.jar:/system/framework/telephony-separated.jar:/system/framework/hwTelephony-common.jar:/system/framework/hwPartTelephony.jar:/system/framework/hwPartTelephonyVSim.jar:/system/framework/hwPartTelephonyCust.jar:/system/framework/hwPartTelephonyFullnetworkOpt.jar:/system/framework/hwPartTelephonyTimezoneOpt.jar:/system/framework/hwPartTelephonyOpt.jar:/system/framework/hwPartSecurity.jar:/system/framework/hwPartSecurityFaceId.jar:/system/framework/hwIms-common.jar:/system/framework/hwPartMedia.jar:/system/framework/hwPartConnectivity.jar:/system/framework/hwPartPowerOffice.jar:/system/framework/hwPartDeviceVirtualization.jar:/system/framework/hwPartAirSharing.jar:/system/framework/hwPartDefaultDFR.jar:/system/framework/hwPartDFR.jar:/system/framework/hwPartMagicWindow.jar:/system/framework/hwPartIaware.jar:/system/framework/hwPartMdm.jar:/system/framework/hwPartVr.jar:/system/framework/hwframework.jar:/system/framework/com.huawei.nfc.jar:/system/framework/org.ifaa.android.manager.jar:/system/framework/hwperf.jar:/system/framework/hwcustEmui.jar:/system/framework/hwcustframework.jar:/system/framework/servicehost.jar:/system/framework/hwcustIms-common.jar:/system/framework/hwcustTelephony-common.jar:/system/framework/hwIAwareAL.jar:/system/framework/zframework.z.jar:/apex/com.android.conscrypt/javalib/conscrypt.jar:/apex/com.android.media/javalib/updatable-media.jar', 'DEX2OATBOOTCLASSPATH': '/apex/com.android.runtime/javalib/core-oj.jar:/apex/com.android.runtime/javalib/core-libart.jar:/apex/com.android.runtime/javalib/okhttp.jar:/apex/com.android.runtime/javalib/bouncycastle.jar:/apex/com.android.runtime/javalib/apache-xml.jar:/system/framework/framework.jar:/system/framework/ext.jar:/system/framework/telephony-common.jar:/system/framework/voip-common.jar:/system/framework/ims-common.jar:/system/framework/android.test.base.jar:/system/framework/featurelayer-widget.jar:/system/framework/hwEmui.jar:/system/framework/hwPartBasicplatform.jar:/system/framework/telephony-separated.jar:/system/framework/hwTelephony-common.jar:/system/framework/hwPartTelephony.jar:/system/framework/hwPartTelephonyVSim.jar:/system/framework/hwPartTelephonyCust.jar:/system/framework/hwPartTelephonyFullnetworkOpt.jar:/system/framework/hwPartTelephonyTimezoneOpt.jar:/system/framework/hwPartTelephonyOpt.jar:/system/framework/hwPartSecurity.jar:/system/framework/hwPartSecurityFaceId.jar:/system/framework/hwIms-common.jar:/system/framework/hwPartMedia.jar:/system/framework/hwPartConnectivity.jar:/system/framework/hwPartPowerOffice.jar:/system/framework/hwPartDeviceVirtualization.jar:/system/framework/hwPartAirSharing.jar:/system/framework/hwPartDefaultDFR.jar:/system/framework/hwPartDFR.jar:/system/framework/hwPartMagicWindow.jar:/system/framework/hwPartIaware.jar:/system/framework/hwPartMdm.jar:/system/framework/hwPartVr.jar:/system/framework/hwframework.jar:/system/framework/com.huawei.nfc.jar:/system/framework/org.ifaa.android.manager.jar:/system/framework/hwperf.jar:/system/framework/hwcustEmui.
07-20 01:49:46.592 27022 27058 I ble_service: Android kivy bootstrap done. __name__ is __main__
07-20 01:49:46.592 27022 27058 I python  : AND: Ran string
07-20 01:49:46.592 27022 27058 I python  : Run user program, change dir and execute entrypoint
07-20 01:49:46.611  2209  2366 W bt_btif : Remote device:20:6e:**:**:**:3d, no link key or ble key found
07-20 01:49:46.612  2209  2366 I chatty  : uid=1002(bluetooth) BT Service Call identical 2 lines
07-20 01:49:46.613  2209  2366 W bt_btif : Remote device:20:6e:**:**:**:3d, no link key or ble key found
07-20 01:49:46.627  1578  2760 I WificondControl: Noise: -92, Snr: 30, Chload: -1, rssi: -62, txBitrate: 72, rxBitrate: 0, frequency: 2462, UlDelay: -1, currentTxBytes: 0, currentTxPackets: 515302, currentTxFailed: 757, currentRxBytes: 0, currentRxPackets: 768787
07-20 01:49:46.634  2880  5886 I VoWifiQoe_N: ProcessReqInfo ul_msgid=5
07-20 01:49:46.634  2880  5886 I VoWifiQoe_N: processReqInfo MSG_WIFI_SIGNAL_INFO_IND 
07-20 01:49:46.634  2880  5886 I VoWifiQoe_N: ProcessSignalInfoInd curStateIsIdle 0 
07-20 01:49:46.634  2880  5886 I VoWifiQoe_N: ProcessSignalInfoInd wifiInterruptFlg 1 enScreenState 1 curStateIsIdle 0
07-20 01:49:46.634  2880  5886 I VoWifiQoe_N: UpdateEvaluatePolicy EVALUATE_POLICY_RSSI
07-20 01:49:46.634  2880  5886 I VoWifiQoe_N: UpdateEvaluatePolicy phoneId 1 is not qoe started!
07-20 01:49:46.657 27022 27022 W Thread-2: type=1400 audit(0.0:112547): avc: granted { execute } for pid=27022 path="/data/data/org.hackintosh1980.espgrowcontroller/files/app/_python_bundle/modules/fcntl.cpython-311.so" dev="sdd70" ino=87721 scontext=u:r:untrusted_app:s0:c165,c258,c512,c768 tcontext=u:object_r:app_data_file:s0:c165,c258,c512,c768 tclass=file
07-20 01:49:46.661 27022 27022 W Thread-2: type=1400 audit(0.0:112548): avc: granted { execute } for pid=27022 path="/data/data/org.hackintosh1980.espgrowcontroller/files/app/_python_bundle/modules/_posixsubprocess.cpython-311.so" dev="sdd70" ino=15839 scontext=u:r:untrusted_app:s0:c165,c258,c512,c768 tcontext=u:object_r:app_data_file:s0:c165,c258,c512,c768 tclass=file
07-20 01:49:46.661 27022 27022 W Thread-2: type=1400 audit(0.0:112549): avc: granted { execute } for pid=27022 path="/data/data/org.hackintosh1980.espgrowcontroller/files/app/_python_bundle/modules/select.cpython-311.so" dev="sdd70" ino=55659 scontext=u:r:untrusted_app:s0:c165,c258,c512,c768 tcontext=u:object_r:app_data_file:s0:c165,c258,c512,c768 tclass=file
07-20 01:49:46.665 27022 27022 W Thread-2: type=1400 audit(0.0:112550): avc: granted { execute } for pid=27022 path="/data/data/org.hackintosh1980.espgrowcontroller/files/app/_python_bundle/modules/math.cpython-311.so" dev="sdd70" ino=87403 scontext=u:r:untrusted_app:s0:c165,c258,c512,c768 tcontext=u:object_r:app_data_file:s0:c165,c258,c512,c768 tclass=file
07-20 01:49:46.732 26955 27007 I python  : [PERF][PRELOAD] START fullscreen
07-20 01:49:46.732 26955 27007 I python  : [PERF][SCREEN] START fullscreen
07-20 01:49:46.761   634  8415 I netd    : trafficSwapActiveStatsMap() <17.13ms>
07-20 01:49:46.764 26955 27007 I python  : [PERF][HEADER] Basis: 0.0006s
07-20 01:49:46.768 26955 27007 I python  : [PERF][HEADER] Navigation: 0.0041s
07-20 01:49:46.772 26955 27007 I python  : [PERF][HEADER] Logo+Gerätename: 0.0039s
07-20 01:49:46.798  1578  1987 I HwWifiProServiceProxy: ctrlHwWifiNetwork pkgName: WIFIPRO_SERVICE interfaceId: 52
07-20 01:49:46.799  1578  1987 I HwWifiProServiceProxy: ctrlHwWifiNetwork pkgName: WIFIPRO_SERVICE interfaceId: 68
07-20 01:49:46.800 26955 27007 I python  : [PERF][HEADER] Status+Controls: 0.0283s
07-20 01:49:46.804 26955 27007 I python  : [PERF][HEADER] Uhr+Menü: 0.0040s
07-20 01:49:46.808 26955 27007 I python  : [PERF][HEADER] Assembly: 0.0039s
07-20 01:49:46.808 26955 27007 I python  : [PERF][HEADER] TOTAL: 0.0448s
07-20 01:49:46.821 26955 27007 I python  : [PERF][SCREEN] END fullscreen: 0.0880s
07-20 01:49:46.821 26955 27007 I python  : [PERF][PRELOAD] END fullscreen
07-20 01:49:46.845 27022 27058 I ble_service: [INFO   ] [Logger      ] Record log in /data/user/0/org.hackintosh1980.espgrowcontroller/files/app/.kivy/logs/kivy_26-07-20_3.txt
07-20 01:49:46.846 27022 27058 I ble_service: [INFO   ] [Kivy        ] v2.3.0
07-20 01:49:46.846  1578  2763 I WificondControl: Noise: -92, Snr: 31, Chload: -1, rssi: -61, txBitrate: 72, rxBitrate: 0, frequency: 2462, UlDelay: -1, currentTxBytes: 0, currentTxPackets: 515304, currentTxFailed: 757, currentRxBytes: 0, currentRxPackets: 768788
07-20 01:49:46.846 27022 27058 I ble_service: [INFO   ] [Kivy        ] Installed at "/data/user/0/org.hackintosh1980.espgrowcontroller/files/app/_python_bundle/site-packages/kivy/__init__.pyc"
07-20 01:49:46.846 27022 27058 I ble_service: [INFO   ] [Python      ] v3.11.9 (main, Jul 19 2026, 09:21:02) [Clang 14.0.6 (https://android.googlesource.com/toolchain/llvm-project 4c603efb0
07-20 01:49:46.846 27022 27058 I ble_service: [INFO   ] [Python      ] Interpreter at ""
07-20 01:49:46.847 27022 27058 I ble_service: [INFO   ] [Logger      ] Purge log fired. Processing...
07-20 01:49:46.847 27022 27058 I ble_service: [INFO   ] [Logger      ] Purge finished!
07-20 01:49:46.849  2209  2366 W bt_btif : Remote device:e0:72:**:**:**:65, no link key or ble key found
07-20 01:49:46.850  2209  2366 I chatty  : uid=1002(bluetooth) BT Service Call identical 2 lines
07-20 01:49:46.850  2209  2366 W bt_btif : Remote device:e0:72:**:**:**:65, no link key or ble key found
07-20 01:49:46.853  2880  5886 I VoWifiQoe_N: ProcessReqInfo ul_msgid=5
07-20 01:49:46.853  2880  5886 I VoWifiQoe_N: processReqInfo MSG_WIFI_SIGNAL_INFO_IND 
07-20 01:49:46.853  2880  5886 I VoWifiQoe_N: ProcessSignalInfoInd curStateIsIdle 0 
07-20 01:49:46.853  2880  5886 I VoWifiQoe_N: ProcessSignalInfoInd wifiInterruptFlg 1 enScreenState 1 curStateIsIdle 0
07-20 01:49:46.853  2880  5886 I VoWifiQoe_N: UpdateEvaluatePolicy EVALUATE_POLICY_RSSI
07-20 01:49:46.853  2880  5886 I VoWifiQoe_N: UpdateEvaluatePolicy phoneId 1 is not qoe started!
07-20 01:49:46.856 27022 27058 I ble_service: BLE DESKTOP MODULE IMPORTIERT
07-20 01:49:46.967  2533 20203 I FwKamsCompat: wait for ams time out for 60000 ms
07-20 01:49:47.000  1578  1987 I HwWifiProServiceProxy: pair = Pair{true 167}, Bundle = Bundle[{time=167, arpResult=true}]
07-20 01:49:47.000  1578  1987 I HwWifiProServiceProxy: ctrlHwWifiNetwork pkgName: WIFIPRO_SERVICE interfaceId: 63
07-20 01:49:47.000  1578  1987 I HwWifiProServiceProxy: ctrlHwWifiNetwork pkgName: WIFIPRO_SERVICE interfaceId: 2
07-20 01:49:47.001 26955 27034 I python  : [DEBUG  ] [http          ]//192.168.2.20:80 "GET /data HTTP/1.1" 200 2515
07-20 01:49:47.002  2807  3026 I HotspotComponent: handleEvent
07-20 01:49:47.003  2807  3026 I HotspotComponent: handleEvent not handle the event:1121
07-20 01:49:47.003  2807  3026 I WifiProComponent: default event
07-20 01:49:47.003  2807  3026 I HotspotComponent: handleEvent
07-20 01:49:47.003  2807  3026 I HotspotComponent: handleEvent not handle the event:1128
07-20 01:49:47.041   634  8415 I netd    : trafficSwapActiveStatsMap() <29.51ms>
07-20 01:49:47.064  1578  2763 I WificondControl: Noise: -92, Snr: 35, Chload: -1, rssi: -59, txBitrate: 72, rxBitrate: 0, frequency: 2462, UlDelay: -1, currentTxBytes: 0, currentTxPackets: 515310, currentTxFailed: 757, currentRxBytes: 0, currentRxPackets: 768794
07-20 01:49:47.068  2880  5886 I VoWifiQoe_N: ProcessReqInfo ul_msgid=5
07-20 01:49:47.068  2880  5886 I VoWifiQoe_N: processReqInfo MSG_WIFI_SIGNAL_INFO_IND 
07-20 01:49:47.068  2880  5886 I VoWifiQoe_N: ProcessSignalInfoInd curStateIsIdle 0 
07-20 01:49:47.068  2880  5886 I VoWifiQoe_N: ProcessSignalInfoInd wifiInterruptFlg 1 enScreenState 1 curStateIsIdle 0
07-20 01:49:47.068  2880  5886 I VoWifiQoe_N: UpdateEvaluatePolicy EVALUATE_POLICY_RSSI
07-20 01:49:47.068  2880  5886 I VoWifiQoe_N: UpdateEvaluatePolicy phoneId 1 is not qoe started!
07-20 01:49:47.096  2262  7426 I Booster_Qoe: AdaBoostPredict rlt,index:6,NisPsSlow:0,NProba:312,rsrp(rssi):-60,rsrq(noise):-92,rtt(chload):200,buffhigh(uldelay):0,buffcomm(rtt):0
07-20 01:49:47.097  2262  7426 I Booster_Qoe: AdaBoostPredict rlt,index:2,NisPsSlow:0,NProba:312,rsrp(rssi):-60,rsrq(noise):-92,rtt(chload):200,buffhigh(uldelay):0,buffcomm(rtt):0
07-20 01:49:47.097  2262  7426 I Collector: HandleRawWifiInfo: flag:0, netId:0!
07-20 01:49:47.099  2262  3431 I Hicom_Monitor: handleNetworkQoeReport. foregroundAppTcpRtt: 0, maxRatioChannelId: 2
07-20 01:49:47.099  2262  3431 I Hicom_Monitor: handleNetworkQoeReport. qoeString: 10677,4,0,312,1,2,4,0,312,72000,0,10,10,0,0,0,0
07-20 01:49:47.099  1578  1961 I WiFi_PRO_WifiProStateMachine: APP_SERVICE_QOE_NOTIFY Qoe info 10677,4,0,312,1,2,4,0,312,72000,0,10,10,0,0,0,0 CID 2 mMasterWifiRssi -60 mMasterCardAmbr 1048576 mSlaveCardAmbr 1048576
07-20 01:49:47.100  1578  1961 I HwWifiProServiceProxy: ctrlHwWifiNetwork pkgName: WIFIPRO_SERVICE interfaceId: 9
07-20 01:49:47.100  1578  1961 I WiFi_PRO_WifiProStateMachine: isWifi2WifiProcess = false, mIsNeedIgnoreQoeUpdate = false, mIsAppInBlacklist = false, mIsAppInBlacklistFullScreen = false, mIsWiFiNoInternet false, screen on = true, full screen = true, isLandscapeMode = true, mNotifyWifiLinkPoorReason = -1
07-20 01:49:47.100  1578  1961 I WiFi_PRO_WifiProStateMachine: mChannelQoeBadCnt = 0, mAppQoeBadCnt = 0, mNetworkSlowReason = 0, mNetworkSlowChannelBadCnt = 0
07-20 01:49:47.155  1578  1686 I PowerManagerService: handleSandman: wakefulness: 1,startDreaming: false
07-20 01:49:47.155 27022 27058 I ble_service: [Service] WakeLock dauerhaft akquiriert
07-20 01:49:47.156 27022 27058 I ble_service: [Service] Foreground Service aktiv: org.hackintosh1980.espgrowcontroller.ServiceBle_service
07-20 01:49:47.165  2209  2366 W bt_btif : Remote device:e7:86:**:**:**:7a, no link key or ble key found
07-20 01:49:47.165  2209  2366 I chatty  : uid=1002(bluetooth) BT Service Call identical 2 lines
07-20 01:49:47.166  2209  2366 W bt_btif : Remote device:e7:86:**:**:**:7a, no link key or ble key found
07-20 01:49:47.187 26955 27007 I python  : [BROADCAST] Bridge gestartet
07-20 01:49:47.194   732   732 E SurfaceFlinger: [SurfaceView - org.hackintosh1980.espgrowcontroller/org.kivy.android.PythonActivity#0] rejecting buffer: bufWidth=2041, bufHeight=999, front.active_legacy.{w=2160, h=1080}
07-20 01:49:47.194   732   732 I BufferQueueLayer: BufferQueueLayer updateTexImage BUFFER_REJECTED
07-20 01:49:47.194   732   732 I BufferLayer: latchBuffer updateTexImage Invalid argument (-22)
07-20 01:49:47.194   732   732 I SurfaceFlinger: isBufferLatched false newDataLatched 0
07-20 01:49:47.211   732   732 I SurfaceFlinger: isBufferLatched false newDataLatched 0
07-20 01:49:47.216 27022 27058 I BluetoothAdapter: isLeEnabled(): ON
07-20 01:49:47.219  2209  3502 I bt_stack: [INFO:bta_gattc_act.cc(175)] bta_gattc_register: state:2
07-20 01:49:47.219  2209  3502 I bt_stack: [INFO:gatt_api.cc(974)] GATT_Register e06e289a-675a-78aa-31eb-a6cbd4a5a0bd
07-20 01:49:47.219  2209  3502 I bt_stack: [INFO:gatt_api.cc(994)] allocated gatt_if=13
07-20 01:49:47.219  2209  3502 I bt_stack: [INFO:gatt_api.cc(1090)] GATT_StartIf gatt_if=13
07-20 01:49:47.219  2209  3502 I bt_stack: [INFO:gatt_utils.cc(260)] gatt_find_the_connected_bda start_idx=0
07-20 01:49:47.219  2209  3502 I bt_stack: [INFO:gatt_utils.cc(272)]  found=0 found_idx=7
07-20 01:49:47.222  2635  3724 I PGServer: report state:8 event type:1 pid:0 uid:10677 pkg:null to pid: 1578
07-20 01:49:47.223  2635  3724 I BluetoothState: new active bluetooth uid: 10677, pid:27022, reason:BLE_SCAN
07-20 01:49:47.228  2807  3027 E Nc_Chr_BT: NcBtDftManager: unhandled id
07-20 01:49:47.232 27022 27058 I ble_service: [Service] Alle Bridges aktiv
07-20 01:49:47.232 27022 27058 I ble_service: [Service] Starte Main-Loop (Heartbeat alle 30s)
07-20 01:49:47.239  2209  2226 I bt_btif bt interface: set_adapter_property
07-20 01:49:47.240 27022 27065 I BluetoothLeAdvertiser: startAdvertising is called
07-20 01:49:47.240 27022 27065 I BluetoothAdapter: isLeEnabled(): ON
07-20 01:49:47.242 27022 27065 I BluetoothLeAdvertiser: startAdvertisingSet, calling package name = org.hackintosh1980.espgrowcontroller
07-20 01:49:47.242 27022 27065 I BluetoothAdapter: isLeEnabled(): ON
07-20 01:49:47.245 27022 27065 I BroadcastBridge: Advertising refreshed
07-20 01:49:47.247  2209  3502 I bt_stack: [INFO:btm_ble_multi_adv.cc(294)] operator() interval_ms 682121 delta_time 217879
07-20 01:49:47.250  2560  3493 E DeviceMonitorPowerKit: not Satify ApplyResource
07-20 01:49:47.251 26955 27046 I python  : [DEBUG  ] [http          ]//192.168.2.39:80 "GET /data HTTP/1.1" 200 2603
07-20 01:49:47.253  2209  2366 I bt_stack: [INFO:btif_config.cc(534)] btif_config_write: sec num:4  total:14ms  rename:0ms  wait:0ms  copy:0ms  save:13ms.
07-20 01:49:47.257  2209  2366 W bt_btif : Remote device:49:25:**:**:**:21, no link key or ble key found
07-20 01:49:47.257  2209  2366 I chatty  : uid=1002(bluetooth) BT Service Call identical 1 line
07-20 01:49:47.258  2209  2366 W bt_btif : Remote device:49:25:**:**:**:21, no link key or ble key found
07-20 01:49:47.260  2560  2560 I nearby  : BleAdvertiseManager:onDeviceNameChangeEvent
07-20 01:49:47.260  2560  2560 I BatteryChangedMonitor: device name broadcast receive.
07-20 01:49:47.260  2560  2560 I BatteryChangedMonitor: receice ACTION_LOCAL_NAME_CHANGED broadcast, new device Name: LGS
07-20 01:49:47.260  2560  2560 I UniBleManager: onReceive: ACTION_LOCAL_NAME_CHANGED
07-20 01:49:47.260  2560  3481 I DeviceRepository: local device name has no change.
07-20 01:49:47.260  2560  3481 I BatteryChangedMonitor: Success to call device name listener of:Loca***, input deviceId: E05DF9EDF2429F9228F1A1F33C94FC97***
07-20 01:49:47.261  2209  2366 W bt_btif : Remote device:49:25:**:**:**:21, no link key or ble key found
07-20 01:49:47.274 27022 27022 I BroadcastBridge: Advertising active
07-20 01:49:47.276  1578  2763 I WificondControl: Noise: -92, Snr: 34, Chload: -1, rssi: -57, txBitrate: 72, rxBitrate: 0, frequency: 2462, UlDelay: -1, currentTxBytes: 0, currentTxPackets: 515316, currentTxFailed: 757, currentRxBytes: 0, currentRxPackets: 768799
07-20 01:49:47.281  2880  5886 I VoWifiQoe_N: ProcessReqInfo ul_msgid=5
07-20 01:49:47.281  2880  5886 I VoWifiQoe_N: processReqInfo MSG_WIFI_SIGNAL_INFO_IND 
07-20 01:49:47.281  2880  5886 I VoWifiQoe_N: ProcessSignalInfoInd curStateIsIdle 0 
07-20 01:49:47.281  2880  5886 I VoWifiQoe_N: ProcessSignalInfoInd wifiInterruptFlg 1 enScreenState 1 curStateIsIdle 0
07-20 01:49:47.281  2880  5886 I VoWifiQoe_N: UpdateEvaluatePolicy EVALUATE_POLICY_RSSI
07-20 01:49:47.281  2880  5886 I VoWifiQoe_N: UpdateEvaluatePolicy phoneId 1 is not qoe started!
07-20 01:49:47.285 26955 27007 I python  : [PERF][PRELOAD] START device_picker
07-20 01:49:47.285 26955 27007 I python  : [PERF][SCREEN] START device_picker
07-20 01:49:47.288 26955 27007 I python  : [PERF][HEADER] Basis: 0.0003s
07-20 01:49:47.291 26955 27007 I python  : [PERF][HEADER] Navigation: 0.0034s
