--------- beginning of system
--------- beginning of main
07-20 01:44:30.185   729   790 E ACCKIT_ : PerfMgr: fail to read 0
07-20 01:44:30.221  1578  2769 I ActivityManager: Force stopping org.hackintosh1980.espgrowcontroller appid=10677 user=0: from pid 24695by app
07-20 01:44:30.224  1578  2769 I ActivityManager: Start to clean activity stack when force stop the app org.hackintosh1980.espgrowcontroller , reason:from pid 24695by app
07-20 01:44:30.228  1578  2769 I chatty  : uid=1000(system) Binder:1578_16 identical 2 lines
07-20 01:44:30.236  1578  1578 I AlarmManager: UninstallReceiver onReceive action:android.intent.action.PACKAGE_RESTARTED
07-20 01:44:30.239  1060  1162 I bastetd : [IBastetService ] onTransact# BnBastetService::onTransact, code=29, flags=17
07-20 01:44:30.239  2262  2262 I HwCoreAppHelperService: LocalReceiver receives:android.intent.action.PACKAGE_RESTARTED,pkg:org.hackintosh1980.espgrowcontroller,uid:10677
07-20 01:44:30.243  4553  4553 E NfcNci  : NfcUtils error: APP do not have nfc permission
07-20 01:44:30.244  4553  4553 E NfcNci  : NfcUtils error: APP do not have nfc permission
07-20 01:44:30.303  1061  6849 I iked    : [INFO]: ikev2.c:305: ikev2_periodic_task()
07-20 01:44:30.395  1578  2466 I ActivityManager: Force stopping org.hackintosh1980.espgrowcontroller appid=10677 user=0: from pid 24701by app
07-20 01:44:30.401  1578  2466 I ActivityManager: Start to clean activity stack when force stop the app org.hackintosh1980.espgrowcontroller , reason:from pid 24701by app
07-20 01:44:30.404  1578  2466 I chatty  : uid=1000(system) Binder:1578_B identical 2 lines
07-20 01:44:30.414  1578  1578 I AlarmManager: UninstallReceiver onReceive action:android.intent.action.PACKAGE_RESTARTED
07-20 01:44:30.416  1060  1162 I bastetd : [IBastetService ] onTransact# BnBastetService::onTransact, code=29, flags=17
07-20 01:44:30.419  2262  2262 I HwCoreAppHelperService: LocalReceiver receives:android.intent.action.PACKAGE_RESTARTED,pkg:org.hackintosh1980.espgrowcontroller,uid:10677
07-20 01:44:30.422  4553  4553 E NfcNci  : NfcUtils error: APP do not have nfc permission
07-20 01:44:30.422  4553  4553 E NfcNci  : NfcUtils error: APP do not have nfc permission
07-20 01:44:30.670  1578  2466 I ActivityTaskManager: START u0 {flg=0x10000000 hwFlg=0x10 cmp=org.hackintosh1980.espgrowcontroller/org.kivy.android.PythonActivity} from uid 2000
07-20 01:44:30.671  1578  2466 I HwActivityTaskManagerServiceEx: developer mode, not limit.
07-20 01:44:30.672  1578  1822 W AwareLog: AwareMem_DmeServer: stopMemoryRecover iaware not running
07-20 01:44:30.678  1578  2466 I ActivityTaskManager: Background activity start for com.android.shell allowed because START_ACTIVITIES_FROM_BACKGROUND permission is granted
07-20 01:44:30.680  2635  3724 I ScenarioService: notify app_speedup_scroff org.hackintosh1980.espgrowcontroller
07-20 01:44:30.683  1578  2466 I ActivityTaskManager: ActivityRecord info: ActivityInfo{d25345d org.kivy.android.PythonActivity}
07-20 01:44:30.761  1578  2466 I WindowManager: addWindowToken: displayid:0 binder:Token{62f79a0 ActivityRecord{bb9d1d2 u0 org.hackintosh1980.espgrowcontroller/org.kivy.android.PythonActivity t8781}} token:AppWindowToken{b05b959 token=Token{62f79a0 ActivityRecord{bb9d1d2 u0 org.hackintosh1980.espgrowcontroller/org.kivy.android.PythonActivity t8781}}}
07-20 01:44:30.767  1578  2466 I ActivityTaskManager: setAppStartingWindow: token=Token{62f79a0 ActivityRecord{bb9d1d2 u0 org.hackintosh1980.espgrowcontroller/org.kivy.android.PythonActivity t8781}} pkg=org.hackintosh1980.espgrowcontroller transferFrom=null newTask=true taskSwitch=true processRunning=false allowTaskSnapshot=true activityCreated=false LowRamTaskSnapshots=false
07-20 01:44:30.773  1578  2466 I WindowManager: mAodShowing=false isWindowManagerDrawComplete=false
07-20 01:44:30.774  1578  2466 I WindowManager: performshow Window{30d0897 u0 com.android.settings} tok.waitingToShow=false isTransitionSet=true parentHidden=false vis=0 tok.hidden=false hasSurface=true policyVis=false destroying=false animating=false
07-20 01:44:30.783  1578  1660 I WindowManager: performshow Window{30d0897 u0 com.android.settings} tok.waitingToShow=false isTransitionSet=true parentHidden=false vis=0 tok.hidden=false hasSurface=true policyVis=false destroying=false animating=false
07-20 01:44:30.787  1578  1659 I BigFontUtils: adjustAppProcessConfiguration appInfo:org.hackintosh1980.espgrowcontroller
07-20 01:44:30.839  1578  1676 I ActivityManager: Start proc 24704:org.hackintosh1980.espgrowcontroller/u0a677 for activity {org.hackintosh1980.espgrowcontroller/org.kivy.android.PythonActivity}
07-20 01:44:30.849 24704 24704 I chatty  : uid=10677(org.hackintosh1980.espgrowcontroller) SDLActivity expire 48 lines
07-20 01:44:30.977  1578  4191 I HwWindowManagerServiceEx: setLandAnimationInfo : false
07-20 01:44:30.977  1578  1913 I HwMediaSessionServiceEx: MediaDisplayEventReceiver onDisplayChanged: 0
07-20 01:44:30.978  1578  1578 I HwMultiDisplayManager: onDisplayChanged: 0
07-20 01:44:30.978  1578  4191 I WindowManager: mAodShowing=false isWindowManagerDrawComplete=false
07-20 01:44:30.978  1578  2204 I NetworkTimeUpdateService: Display displayState:1
07-20 01:44:30.978  1578  2204 I AlarmManager: remove alarm:Alarm{6a28fcc type 3 when 420357797 PendingIntent{6784913: PendingIntentRecord{f2d1750 android broadcastIntent}}android procName system} according to operation:6784913
07-20 01:44:30.979  1578  4191 I WindowManager: performshow Window{30d0897 u0 com.android.settings} tok.waitingToShow=false isTransitionSet=true parentHidden=false vis=0 tok.hidden=false hasSurface=true policyVis=false destroying=false animating=false
07-20 01:44:30.980  1578  4191 I DisplayDevice: setProjectionLocked displayId 0 orientation(0->0) LayerStackRect(Rect(0, 0 - 1080, 2160)->Rect(0, 0 - 1080, 2160)) DisplayRect(Rect(0, 0 - 1080, 2160)->Rect(0, 0 - 1080, 2160))
07-20 01:44:30.981  1578  4191 I DisplayDevice: isNeedRefreshOrientaion orientation 0
07-20 01:44:30.984  1578  4191 W HwActivityTaskManagerServiceEx: appSwitch from: com.huawei.android.launcher to: org.hackintosh1980.espgrowcontroller
07-20 01:44:30.986  1578  1961 I WiFi_PRO_WifiProStateMachine: current app org.hackintosh1980.espgrowcontroller, has changed
07-20 01:44:30.989  2262  2298 I AssistantService-11.2.1.200: registerHwActivityNotifier call fromPackage:com.huawei.android.launcher, toPackage:org.hackintosh1980.espgrowcontroller
07-20 01:44:30.989  2262 16233 I Hicom_Monitor: mAppSwitchNotifierEx. uid: 10677, foreground app: org.hackintosh1980.espgrowcontroller, foreground activity: org.kivy.android.PythonActivity
07-20 01:44:30.990  1578  1961 I WiFi_PRO_WifiProStateMachine: not in RecommendWifi2CellState.
07-20 01:44:30.992  2635  3724 I ScenarioService: screen off auto above launcher apps: [org.hackintosh1980.espgrowcontroller]
07-20 01:44:30.992  2635  3724 I ScenarioService: screen off and not process front pkg:org.hackintosh1980.espgrowcontroller
07-20 01:44:30.992  2635  3724 I ScenarioService: notify app_front_scroff org.hackintosh1980.espgrowcontroller
07-20 01:44:30.993  2635  3724 I AppsUsage: scnOff:true FgAPP:org.hackintosh1980.espgrowcontroller BgAPP:com.huawei.android.launcher
07-20 01:44:30.995  2262  3431 W Hicom_XEngineProc: handleForegroundAppChanged. Feature is not enable.
07-20 01:44:30.995  2635  3724 I ScenarioService: app focus change from: com.huawei.android.launcher to:org.hackintosh1980.espgrowcontroller
07-20 01:44:30.995  2635  3724 I ScenarioService: add focus on app:org.hackintosh1980.espgrowcontroller to visiblePkgs
07-20 01:44:30.996  2533 16729 W HiAdKit.DC.AppSwitchMonitor:  call, screen is off
07-20 01:44:30.997  2635  3885 I PG_ash  : front pkg : org.hackintosh1980.espgrowcontroller
07-20 01:44:30.997  3287 17010 W HiAdKit.AppSwitchMonitor.Binder:3287_5:  call, screen is off
07-20 01:44:30.998  1578  4191 I WindowManager: Animation done in AppWindowToken{b05b959 token=Token{62f79a0 ActivityRecord{bb9d1d2 u0 org.hackintosh1980.espgrowcontroller/org.kivy.android.PythonActivity t8781}}} isHidden:false hiddenRequested:false
07-20 01:44:31.000  1578  4191 I WindowManager: Animation done in AppWindowToken{b05b959 token=Token{62f79a0 ActivityRecord{bb9d1d2 u0 org.hackintosh1980.espgrowcontroller/org.kivy.android.PythonActivity t8781}}} isHidden:true hiddenRequested:true
07-20 01:44:31.000  1578  4191 I WindowManager: Attempted to take screenshot while display was off.
07-20 01:44:31.004  1578  1660 I WindowManager: mAodShowing=false isWindowManagerDrawComplete=false
07-20 01:44:31.005  1578  1660 I WindowManager: performshow Window{30d0897 u0 com.android.settings} tok.waitingToShow=false isTransitionSet=true parentHidden=false vis=0 tok.hidden=false hasSurface=true policyVis=false destroying=false animating=false
07-20 01:44:31.007  1578  1660 I WindowManager: Checking 0 opening apps (frozen=false timeout=false)...
07-20 01:44:31.007  1578  1660 I WindowManager: unknownApps is not empty: app=AppWindowToken{b05b959 token=Token{62f79a0 ActivityRecord{bb9d1d2 u0 org.hackintosh1980.espgrowcontroller/org.kivy.android.PythonActivity t8781}}} state=1
07-20 01:44:31.010  1578  1657 I HwActivityStackSupervisorEx: handleVrDisplayChanged displayId = 0
07-20 01:44:31.010  1578  1657 W HwActivityStackSupervisorEx: handleVrDisplayChanged other vr mode displayId: 0
07-20 01:44:31.011  1578  2227 I HwPCUtils#HwPCManagerService: onDisplayChanged, displayId:0
07-20 01:44:31.011  1578  1660 I WindowManager: mAodShowing=false isWindowManagerDrawComplete=false
07-20 01:44:31.012 24704 24723 I ActivityThread: Init compatible state: true
07-20 01:44:31.012  1578  1660 I WindowManager: performshow Window{30d0897 u0 com.android.settings} tok.waitingToShow=false isTransitionSet=true parentHidden=false vis=0 tok.hidden=false hasSurface=true policyVis=false destroying=false animating=false
07-20 01:44:31.013 24704 24723 I chatty  : uid=10677(org.hackintosh1980.espgrowcontroller) SDLActivity expire 9 lines
07-20 01:44:31.014  1578  1660 I WindowManager: Checking 0 opening apps (frozen=false timeout=false)...
07-20 01:44:31.015  1578  1660 I WindowManager: unknownApps is not empty: app=AppWindowToken{b05b959 token=Token{62f79a0 ActivityRecord{bb9d1d2 u0 org.hackintosh1980.espgrowcontroller/org.kivy.android.PythonActivity t8781}}} state=1
07-20 01:44:31.018  2533 10160 I NoticeFence-PicLearn: [LocKit LogLocation.java:2] pic process
07-20 01:44:31.019  2533 10160 I LocationDBManager: [LocKit LogLocation.java:2] db isOpen : 40
07-20 01:44:31.020  1578  1660 I WindowManager: performshow Window{30d0897 u0 com.android.settings} tok.waitingToShow=false isTransitionSet=true parentHidden=false vis=0 tok.hidden=false hasSurface=true policyVis=false destroying=false animating=false
07-20 01:44:31.023  1578  1660 I WindowManager: mAodShowing=false isWindowManagerDrawComplete=false
07-20 01:44:31.024  2533 10160 I LocationDBManager: [LocKit LogLocation.java:2] closeDatabase count = 40
07-20 01:44:31.024  1578  1660 I WindowManager: performshow Window{30d0897 u0 com.android.settings} tok.waitingToShow=false isTransitionSet=true parentHidden=false vis=0 tok.hidden=false hasSurface=true policyVis=false destroying=false animating=false
07-20 01:44:31.026  1578  1660 I WindowManager: Checking 0 opening apps (frozen=false timeout=false)...
07-20 01:44:31.026  1578  1660 I WindowManager: unknownApps is not empty: app=AppWindowToken{b05b959 token=Token{62f79a0 ActivityRecord{bb9d1d2 u0 org.hackintosh1980.espgrowcontroller/org.kivy.android.PythonActivity t8781}}} state=1
07-20 01:44:31.034  2262  3431 I Hicom_Monitor: notifyAppStarted: uid = 10677
07-20 01:44:31.035  2262  3431 I UctpAppMonitor: handleAppStarted: pkgName is org.hackintosh1980.espgrowcontroller mIsNeedToOpen is false
07-20 01:44:31.036  2635  4015 I PGServer: checkPkgType. calling pkg: com.huawei.iaware
07-20 01:44:31.037  1578  1660 I WindowManager: performshow Window{30d0897 u0 com.android.settings} tok.waitingToShow=false isTransitionSet=true parentHidden=false vis=0 tok.hidden=false hasSurface=true policyVis=false destroying=false animating=false
07-20 01:44:31.049   634  9753 I OemNetd : setChrAppUid(10, 10677)
07-20 01:44:31.049  1578  5183 I HwNetworkManagementService: chr appuid set succeeded
07-20 01:44:31.052  1578  2206 I InputDispatcher: setIawareGameModeAccurate: 0
07-20 01:44:31.052  1578  2206 I InputDispatcher: setIawareGameModeAccurate: 0
07-20 01:44:31.057  2635  4015 W ContextImpl: Calling a method in the system process without a qualified user: android.app.ContextImpl.sendBroadcast:1183 android.content.ContextWrapper.sendBroadcast:453 com.huawei.iaware.userhabit.recog.NRTAppTypeRecogManager.reportAppTypeUpdate:814 com.huawei.iaware.userhabit.recog.NRTAppTypeRecogManager.addAppType:475 com.huawei.iaware.userhabit.recog.NRTAppTypeRecogManager.recoAppType:182 
07-20 01:44:31.059  1578  5203 W ActivityManager: Sending non-protected broadcast huawei.intent.action.APP_TYPE_UPDATE from system 2635:com.huawei.iaware/1000 pkg com.huawei.powergenie
07-20 01:44:31.059  1578  5203 W ActivityManager: Sending non-protected broadcast huawei.intent.action.APP_TYPE_UPDATE from system 2635:com.huawei.iaware/1000 pkg com.huawei.powergenie
07-20 01:44:31.060  2635  4015 I PGServer: checkPkgType. calling pkg: com.huawei.iaware
07-20 01:44:31.062  2635  2635 I ApsAppsTypeHandler: APS: APK: ApsAppsTypeHandler.getInstance, sInstance = com.huawei.android.hwaps.o@146cb66
07-20 01:44:31.063  1578  5171 I HwAudioService: now type = 28,reportForegroundAppType = -1systemload = 28VOIP_OPTIMIZE_IN_GAMEMODEtrue
07-20 01:44:31.063   718   718 W uniperf server: EnterActionProc DoParse failed, cmdId=4225
07-20 01:44:31.065  1578  5203 I HwNetworkPolicy: onTransact, code = 203
07-20 01:44:31.065  2334  2460 I HwNetworkPolicyManager: getHwUidPolicy uid = 10677 policy = 0
07-20 01:44:31.065   692 12979 I AudioModuleManager: [AudioModuleSetParameters:51]: list size: 13
07-20 01:44:31.066   692 12979 W audio_dts_parser: [get_config_value:31]: get config file path failed
07-20 01:44:31.069   728  7264 I SwsHandle: SWS set game flag false
07-20 01:44:31.070   692 12979 I AudioModuleManager: [AudioModuleSetParameters:51]: list size: 13
07-20 01:44:31.071   692 12979 I audio_custom: [dev_set_parameters:4022]: game mode exit
07-20 01:44:31.071   692 12979 I audio_custom: [soc_dsp_set_primary_algo_bypass:330]: set primary algo bypass 0 succ
07-20 01:44:31.075  2635  4015 I PGServer: getTopFrontApp. calling pkg: android
07-20 01:44:31.075  2334  2759 E SmartChgBase/File: file /data/user_de/0/com.huawei.systemmanager/files/smart_charge/base/mock/enable is invalid in IsFileExist
07-20 01:44:31.075  2334  2759 E SmartChgBase/File: file /data/user_de/0/com.huawei.systemmanager/files/smart_charge/base/mock/enable is invalid in IsFileExist
07-20 01:44:31.084  1578  1863 I WificondControl: Noise: -90, Snr: 29, Chload: -1, rssi: -62, txBitrate: 65, rxBitrate: 0, frequency: 2462, UlDelay: -1, currentTxBytes: 0, currentTxPackets: 510861, currentTxFailed: 757, currentRxBytes: 0, currentRxPackets: 765571
07-20 01:44:31.097  1578  1962 I HuaweiWifiWatchdogStateMachine: high data flow: protection_counter = 0,  not_detect_counter = 20
07-20 01:44:31.097  1578  1962 I HuaweiWifiWatchdogStateMachine: high data flow scenario: 0 --> 0 rx bytes =5KB
07-20 01:44:31.097  1578  1962 I HuaweiWifiWatchdogStateMachine: POta txb txg rxg:0, 16, 0. Lr =0% Totpkt=16
07-20 01:44:31.097  1578  1862 I WiFi_PRO: MSG_RETURN_AP_CURRY_RSSI rssi = -62
07-20 01:44:31.097  1578  1862 I QosMonitor: queryRtt: rttType = 3
07-20 01:44:31.097  1578  1862 I HwWifiProServiceProxy: ctrlHwWifiNetwork pkgName: WIFIPRO_SERVICE interfaceId: 8
07-20 01:44:31.098  2635  3724 I ScenarioService: refresh visibleApp:[]
07-20 01:44:31.098  2635  3724 I ScenarioService: add focus on app:org.hackintosh1980.espgrowcontroller to visiblePkgs
07-20 01:44:31.098  1578  1862 I QosMonitor: postEventFromNative: msg=100,arg1=4,arg2=10
07-20 01:44:31.098  1578  1862 I HwWifiProServiceProxy: ctrlHwWifiNetwork pkgName: WIFIPRO_SERVICE interfaceId: 8
07-20 01:44:31.098  2635  3724 I PGServer: report state:14 event type:1 pid:-1 uid:-1 pkg:org.hackintosh1980.espgrowcontroller to pid: 2635
07-20 01:44:31.098  2635  3724 I ApsAGPAdapter: APS: APK: ApsAGPAdapter: isScreenOn = true
07-20 01:44:31.098  1578  1862 I QosMonitor: postEventFromNative: msg=100,arg1=0,arg2=10
07-20 01:44:31.098  2635  3724 I ApsAGPAdapter: APS: APK: ApsAGPAdapter: updateSensorState: mIsSupportDynamicBaseBrightness = false; mIsScreenOn = true; mFreqMode = 0; mIsPowerMode = false
07-20 01:44:31.099  2635  3724 I ApsAppsTypeHandler: APS: APK: ApsAppsTypeHandler.getInstance, sInstance = com.huawei.android.hwaps.o@146cb66
07-20 01:44:31.099  1578  1862 I MQoS    : rtt=512,tcpTxPkts=172241,tcpRxPkts=342134
07-20 01:44:31.099  2635  3724 I PF_API_JNI: ACCKIT_APS_NotifyInfo 3: org.hackintosh1980.espgrowcontroller
07-20 01:44:31.100  1578  1962 I HuaweiWifiWatchdogStateMachine: PTcp RTT:0, rtt pkt=0, tcp_rx=1, tcp_tx=1, tcp_reTran=0, rtRate=0
07-20 01:44:31.100  1578  1962 I HuaweiWifiWatchdogStateMachine: rssi bad, mrssi=-63 < TargetRssi=-54
07-20 01:44:31.100  1578  1962 I HuaweiWifiWatchdogStateMachine: start computeQosLevel tcpRtt = 0 ,rssi = -63 ,mBestSpeedInPeriod = 0
07-20 01:44:31.100  1578  1962 I HuaweiWifiWatchdogStateMachine: smoothConsecutiveQosResults, currentQosLevel = 3
07-20 01:44:31.100  2635  3885 I PG_ash  : com.huawei.android.launcher become invisible
07-20 01:44:31.101  1578 11359 I MQoS    : QOS_level:0(0),wifi-link;SIM error;use level-0
07-20 01:44:31.101  1578 11359 I MQoS    : skip-low-Level:0(0),wifi-link;SIM error;use level-0
07-20 01:44:31.160 24704 24704 I ActivityThread: finishPreloaded preloadStatus 0
07-20 01:44:31.164 24704 24733 I chatty  : uid=10677(org.hackintosh1980.espgrowcontroller) SDLActivity expire 1 line
07-20 01:44:31.198 24704 24734 I chatty  : uid=10677(org.hackintosh1980.espgrowcontroller) RenderThread expire 1 line
07-20 01:44:31.200 24704 24736 I chatty  : uid=10677(org.hackintosh1980.espgrowcontroller) SDLActivity expire 2 lines
07-20 01:44:31.395 24704 24737 I chatty  : uid=10677(org.hackintosh1980.espgrowcontroller) AsyncTask #1 expire 191 lines
07-20 01:44:31.462  1578  1854 I HwPCUtils#HwRioViewManager: check if rio enable, displayId = 0， packageName = org.hackintosh1980.espgrowcontroller
07-20 01:44:31.470  2635 29692 I KStateManager: send binder call message, called pid:727, calling pid:[1578]
07-20 01:44:31.478  1578  1854 E WindowManager: App trying to use insecure INPUT_FEATURE_NO_INPUT_CHANNEL flag. Ignoring
07-20 01:44:31.484  1578  1854 I WindowManager: addWindow: Window{cf65382 u0 org.hackintosh1980.espgrowcontroller/org.kivy.android.PythonActivity} client:android.os.BinderProxy@d40eecd currentDisplayId:0 requestDisplayId:0 token:Token{62f79a0 ActivityRecord{bb9d1d2 u0 org.hackintosh1980.espgrowcontroller/org.kivy.android.PythonActivity t8781}}
07-20 01:44:31.491  1578  1660 I WindowManager: performshow Window{30d0897 u0 com.android.settings} tok.waitingToShow=false isTransitionSet=true parentHidden=false vis=0 tok.hidden=false hasSurface=true policyVis=false destroying=false animating=false
07-20 01:44:31.496  1578  1668 I HwAudioServiceEx: ComponentInfo : className = org.kivy.android.PythonActivity, flag = onResume, isHomeActivity = , isTop = true
07-20 01:44:31.498  1578  1891 W HwAudioServiceEx: SoundEffectState bundle get reserved is invalid
07-20 01:44:31.500  2262 16233 I Hicom_Monitor: mActivityNotifierEx, className = org.kivy.android.PythonActivity, uid = 10677
07-20 01:44:31.502  2262  2440 E DollieAdapterService: notifyActivityState pkg:org.hackintosh1980.espgrowcontroller/org.kivy.android.PythonActivity state:2 fg:true mUid:10677
07-20 01:44:31.502  1578  1659 W ActivityTaskManager: Activity pause timeout for ActivityRecord{bb9d1d2 u0 org.hackintosh1980.espgrowcontroller/org.kivy.android.PythonActivity t8781}
07-20 01:44:31.504  1578  1659 I WindowManager: mAodShowing=false isWindowManagerDrawComplete=false
07-20 01:44:31.506  1578  1659 I WindowManager: performshow Window{30d0897 u0 com.android.settings} tok.waitingToShow=false isTransitionSet=true parentHidden=false vis=0 tok.hidden=false hasSurface=true policyVis=false destroying=false animating=false
07-20 01:44:31.508  4633 31645 I CAWARENESS_AppUsageManager: onEvent, packageName=org.hackintosh1980.espgrowcontroller, activityName=org.kivy.android.PythonActivity
07-20 01:44:31.508  1578  1659 I WindowManager: Checking 0 opening apps (frozen=false timeout=false)...
07-20 01:44:31.508  1578  1659 I WindowManager: unknownApps is not empty: app=AppWindowToken{b05b959 token=Token{62f79a0 ActivityRecord{bb9d1d2 u0 org.hackintosh1980.espgrowcontroller/org.kivy.android.PythonActivity t8781}}} state=2
07-20 01:44:31.510  2262  2440 I ConnCureStateMonitor: handleMessage: msg[2]
07-20 01:44:31.510  2262  2440 I HwPacketFilterBypass: handleActivityUidStateChanged uid:10677 -1 foreground:1
07-20 01:44:31.511  2262  2440 I OllieMsgCenter: publishEvt=2135097351
07-20 01:44:31.511  2262  2440 I NetworkQoeChr: checkForegroundApp timer end
07-20 01:44:31.511  2533 10160 W HiAdKit.DC.PageSwitchMonitor:  call, screen is off
07-20 01:44:31.511  2262  2440 I OllieMsgCenter: publishEvt=2130771969
07-20 01:44:31.511  2262  2440 I OllieMsgCenter: publishEvt=2130771985
07-20 01:44:31.512  1578  1668 I HwAudioServiceEx: ComponentInfo : className = org.kivy.android.PythonActivity, flag = onPause, isHomeActivity = , isTop = false
07-20 01:44:31.512  2262  2440 I SpeedTestNotifier: Speed test app is back Activity
07-20 01:44:31.512  1578  1891 W HwAudioServiceEx: SoundEffectState bundle get reserved is invalid
07-20 01:44:31.513  2262  2440 I SmartDualCardConfig: getAppType,pkgName=org.hackintosh1980.espgrowcontroller,appType=-1
07-20 01:44:31.514  2262  2440 E SmartDualCardConfig: isAppInBlackList false,items==null
07-20 01:44:31.514  2262  2440 I PowerMsgAdapter: addUidChanged uid: 10677
07-20 01:44:31.516  4633 31645 I CAWARENESS_AbilityContext: [1784504692287] publishing {dataId=100000006, mode=0}
07-20 01:44:31.516  4633 31645 I CAWARENESS_AbilityContext: [1784504692287] deliver {dataId=100000006, mode=0} to 5 receivers
07-20 01:44:31.517  2533 16729 W HiAdKit.DC.PageSwitchMonitor:  call, screen is off
07-20 01:44:31.523  1578  1660 I WindowManager: performshow Window{30d0897 u0 com.android.settings} tok.waitingToShow=false isTransitionSet=true parentHidden=false vis=0 tok.hidden=false hasSurface=true policyVis=false destroying=false animating=false
07-20 01:44:31.526  2262  2440 E Booster_MatterAppRecommend: [isMatterPackage]invalid mMatterPackagesConfig
07-20 01:44:31.526  2262  2440 I OllieMsgCenter: publishEvt=2134966274
07-20 01:44:31.526  2262  2440 I OllieMsgCenter: publishEvt=2135097350
07-20 01:44:31.526  2262  2440 E DollieAdapterService: notifyActivityState pkg:org.hackintosh1980.espgrowcontroller/org.kivy.android.PythonActivity state:13 fg:false mUid:10677
07-20 01:44:31.526  2262  2440 I HidataAppQoeP: foregroundUidRemove uid: 10677 name: org.hackintosh1980.espgrowcontroller
07-20 01:44:31.530  1578  1854 I WindowManager: mAodShowing=false isWindowManagerDrawComplete=false
07-20 01:44:31.530  2262  2440 I HwPacketFilterBypass: handleActivityUidStateChanged uid:10677 -1 foreground:0
07-20 01:44:31.530  2262  2440 I HwPacketFilterBypass: isAllowSendSmartCureToChr false, no exceptions occur, dropCnt:0
07-20 01:44:31.531  2262  2440 I OllieMsgCenter: publishEvt=2130771969
07-20 01:44:31.532  1578  1854 I WindowManager: performshow Window{30d0897 u0 com.android.settings} tok.waitingToShow=false isTransitionSet=true parentHidden=false vis=0 tok.hidden=false hasSurface=true policyVis=false destroying=false animating=false
07-20 01:44:31.533  2262  2440 I SmartDualCardConfig: getAppType,pkgName=org.hackintosh1980.espgrowcontroller,appType=-1
07-20 01:44:31.533  2262  2440 E SmartDualCardConfig: isAppInBlackList false,items==null
07-20 01:44:31.533  2262  2440 I OllieMsgCenter: publishEvt=2134966274
07-20 01:44:31.534  1578  1854 I WindowManager: Checking 0 opening apps (frozen=false timeout=false)...
07-20 01:44:31.535  1578  1854 I WindowManager: unknownApps is not empty: app=AppWindowToken{b05b959 token=Token{62f79a0 ActivityRecord{bb9d1d2 u0 org.hackintosh1980.espgrowcontroller/org.kivy.android.PythonActivity t8781}}} state=2
07-20 01:44:31.538  1578  1854 I WindowManager: mAodShowing=false isWindowManagerDrawComplete=false
07-20 01:44:31.539  1578  1854 I WindowManager: performshow Window{30d0897 u0 com.android.settings} tok.waitingToShow=false isTransitionSet=true parentHidden=false vis=0 tok.hidden=false hasSurface=true policyVis=false destroying=false animating=false
07-20 01:44:31.542  1578  1854 I WindowManager: Checking 0 opening apps (frozen=false timeout=false)...
07-20 01:44:31.542  1578  1854 I WindowManager: Checking 0 opening apps (frozen=false timeout=false)...
07-20 01:44:31.543  1578  1854 I WindowManager: send SET_LAUNCHER_VISIBLE_IN_FINGER_BOOST visible: true,delay:0, handle:true, userId:0, callingPid: 1578
07-20 01:44:31.543  1578  1854 I HwWindowManagerServiceEx: closing apps count = 0
07-20 01:44:31.547  1578  1854 I WindowManager: mAodShowing=false isWindowManagerDrawComplete=false
07-20 01:44:31.548  1578  1854 I WindowManager: performshow Window{30d0897 u0 com.android.settings} tok.waitingToShow=false isTransitionSet=false parentHidden=false vis=0 tok.hidden=false hasSurface=true policyVis=false destroying=false animating=false
07-20 01:44:31.554  1578  1659 I WindowManager: handle SET_LAUNCHER_VISIBLE_IN_FINGER_BOOST visible:true handle:trueuserId:0, currentUserId:0
07-20 01:44:31.554 24704 24742 I chatty  : uid=10677(org.hackintosh1980.espgrowcontroller) SDLActivity expire 2 lines
07-20 01:44:31.556  1578  1659 I WindowManager: setLauncherVisible setAlpha to 1.0
07-20 01:44:31.559  1578  1660 I WindowManager: performshow Window{30d0897 u0 com.android.settings} tok.waitingToShow=false isTransitionSet=false parentHidden=false vis=0 tok.hidden=false hasSurface=true policyVis=false destroying=false animating=false
07-20 01:44:31.594  1578  1854 I WindowManager: notifyAppStopped: AppWindowToken{b05b959 token=Token{62f79a0 ActivityRecord{bb9d1d2 u0 org.hackintosh1980.espgrowcontroller/org.kivy.android.PythonActivity t8781}}}
07-20 01:44:31.600  1070 28923 I AGPService: aps-info: focus pkgName - org.hackintosh1980.espgrowcontroller, with 0 more apps
07-20 01:44:31.601  1070 28923 E AGPService: FrameRateManager: iaware strange app type: -1
07-20 01:44:31.601  1070 28923 I AGPService: FrameRateManager: aps-info: new pkgName - org.hackintosh1980.espgrowcontroller, type - -1
07-20 01:44:31.603  1070 28923 I AGPService: GpuPolicyManager: m_currentPkgName - org.hackintosh1980.espgrowcontroller
07-20 01:44:31.604  1578  1822 W AwareLog: AwareMem_DmeServer: executeMemoryRecover iaware not running
07-20 01:44:32.029  1578  1777 I HwBatteryService: power_ui state= 1 mQuickChargeStatus=1
07-20 01:44:32.029  1578  1777 I HwBatteryService: handleWirelessTxStatus
07-20 01:44:32.029  1578  1777 I HwBatteryService: switch not open, return, mWirelessTxFlag : 0
07-20 01:44:32.029  1578  1777 W HwBatteryService: need return. Invalid value: -1
07-20 01:44:32.030  1578  1777 I HwBatteryService: IS_WATCH : false
07-20 01:44:32.037   676   676 W health@2.0-serv: type=1400 audit(0.0:112192): avc: denied { read } for pid=676 name="u:object_r:system_prop:s0" dev="tmpfs" ino=12021 scontext=u:r:hal_health_default:s0 tcontext=u:object_r:system_prop:s0 tclass=file permissive=0
07-20 01:44:32.037   676   676 W health@2.0-serv: type=1400 audit(0.0:112193): avc: denied { write } for pid=676 name="property_service" dev="tmpfs" ino=3014 scontext=u:r:hal_health_default:s0 tcontext=u:object_r:property_socket:s0 tclass=sock_file permissive=0
07-20 01:44:32.044   676   676 E libc    : Access denied finding property "sys.check.usbupdate"
07-20 01:44:32.044   676   676 W libc    : Unable to set property "sys.check.usbupdate" to "start": connection failed; errno=13 (Permission denied)
07-20 01:44:32.100 24704 24729 I chatty  : uid=10677(org.hackintosh1980.espgrowcontroller) AppEyeUiProbeTh expire 1 line
07-20 01:44:32.184  1578  1627 I system_server: Background young concurrent copying GC freed 289486(14MB) AllocSpace objects, 24(704KB) LOS objects, 19% free, 63MB/78MB, paused 366us total 153.401ms
07-20 01:44:32.186   729   790 E ACCKIT_ : PerfMgr: fail to read 0
07-20 01:44:32.514  2262  2440 I HwPacketFilterBypass: isBypassAllowed not allowed reason: SCREEN_OFF DATA_OFF SCREEN_LOCKED
07-20 01:44:32.514  2262  2440 I HwPacketFilterBypass: kernelAddTrackUid uid:10677 allowed:false
07-20 01:44:33.267 24704 24737 I chatty  : uid=10677(org.hackintosh1980.espgrowcontroller) AsyncTask #1 expire 255 lines
07-20 01:44:33.306  1061  6849 I iked    : [INFO]: ikev2.c:305: ikev2_periodic_task()
07-20 01:44:33.511  2262  2440 I ConnCureStateMonitor: handleMessage: msg[4]
07-20 01:44:33.513  2262  2440 I ConnCureStateMonitor: isCaredApp:false,isAllowed:true,isDataEnabled:true
07-20 01:44:34.187   729   790 E ACCKIT_ : PerfMgr: fail to read 0
07-20 01:44:34.326   634  9753 I netd    : trafficSwapActiveStatsMap() <25.37ms>
07-20 01:44:34.492  1123  1123 E Thermal-daemon:hw_thermal: [battery] tempNew :30  tempOld :29
07-20 01:44:34.494  1123  1123 E Thermal-daemon:hw_thermal: Report temperature: [battery] temp :30  reportThreshold:1
07-20 01:44:34.498  2635  4015 I ThermalTraceService: code:1, appInfo:org.hackintosh1980.espgrowcontroller#20004, levelInfo:0,warm_shell,2
07-20 01:44:35.083  1578  1863 I WificondControl: Noise: -92, Snr: 31, Chload: -1, rssi: -61, txBitrate: 65, rxBitrate: 0, frequency: 2462, UlDelay: -1, currentTxBytes: 0, currentTxPackets: 510870, currentTxFailed: 757, currentRxBytes: 0, currentRxPackets: 765576
07-20 01:44:35.099  1578  1962 I HuaweiWifiWatchdogStateMachine: POta txb txg rxg:0, 25, 0. Lr =0% Totpkt=25
07-20 01:44:35.099  1578  1862 I WiFi_PRO: MSG_RETURN_AP_CURRY_RSSI rssi = -61
07-20 01:44:35.099  1578  1862 I QosMonitor: queryRtt: rttType = 3
07-20 01:44:35.099  1578  1862 I HwWifiProServiceProxy: ctrlHwWifiNetwork pkgName: WIFIPRO_SERVICE interfaceId: 8
07-20 01:44:35.100  1578  1862 I QosMonitor: postEventFromNative: msg=100,arg1=4,arg2=10
07-20 01:44:35.100  1578  1862 I HwWifiProServiceProxy: ctrlHwWifiNetwork pkgName: WIFIPRO_SERVICE interfaceId: 8
07-20 01:44:35.100  1578  1862 I QosMonitor: postEventFromNative: msg=100,arg1=0,arg2=10
07-20 01:44:35.100  1578  1862 I MQoS    : rtt=848,tcpTxPkts=172245,tcpRxPkts=342138
07-20 01:44:35.100  1578  1862 I QosMonitor: resetRtt: rttType = 3
07-20 01:44:35.100  1578  1862 I HwWifiProServiceProxy: ctrlHwWifiNetwork pkgName: WIFIPRO_SERVICE interfaceId: 8
07-20 01:44:35.102  1578  1962 I HuaweiWifiWatchdogStateMachine: PTcp RTT:0, rtt pkt=0, tcp_rx=4, tcp_tx=4, tcp_reTran=0, rtRate=0
07-20 01:44:35.102  1578  1962 I HuaweiWifiWatchdogStateMachine: rssi bad, mrssi=-61 < TargetRssi=-54
07-20 01:44:35.103  1578  1962 I HuaweiWifiWatchdogStateMachine: start computeQosLevel tcpRtt = 0 ,rssi = -61 ,mBestSpeedInPeriod = 0
07-20 01:44:35.103  1578  1962 I HuaweiWifiWatchdogStateMachine: smoothConsecutiveQosResults, currentQosLevel = 3
07-20 01:44:35.104  1578 11359 I MQoS    : QOS_level:0(0),wifi-link;SIM error;use level-0
07-20 01:44:35.104  1578 11359 I MQoS    : skip-low-Level:0(0),wifi-link;SIM error;use level-0
07-20 01:44:35.939   484   484 E SELinux : avc:  denied  { find } for interface=vendor.huawei.hardware.sensors::ISensors sid=u:r:untrusted_app:s0:c165,c258,c512,c768 pid=24704 scontext=u:r:untrusted_app:s0:c165,c258,c512,c768 tcontext=u:object_r:default_hisi_hwservice:s0 tclass=hwservice_manager permissive=0
07-20 01:44:35.970 24704 24704 I PythonActivity: Surface will NOT be transparent
07-20 01:44:35.978 24704 24704 I DecorView[]: pkgName:org.hackintosh1980.espgrowcontroller old windowMode:1 new windoMode:1, isFixedSize:false
07-20 01:44:35.987  1578  1854 I WindowManager: mAodShowing=false isWindowManagerDrawComplete=false
07-20 01:44:35.988  1578  1854 I WindowManager: performshow Window{30d0897 u0 com.android.settings} tok.waitingToShow=false isTransitionSet=false parentHidden=false vis=0 tok.hidden=false hasSurface=true policyVis=false destroying=false animating=false
07-20 01:44:36.012  1578  1660 I WindowManager: performshow Window{30d0897 u0 com.android.settings} tok.waitingToShow=false isTransitionSet=false parentHidden=false vis=0 tok.hidden=false hasSurface=true policyVis=false destroying=false animating=false
07-20 01:44:36.019 24704 24704 I DecorView[]: pkgName:org.hackintosh1980.espgrowcontroller old windowMode:1 new windoMode:1, isFixedSize:false
07-20 01:44:36.023  1578  1854 I WindowManager: mAodShowing=false isWindowManagerDrawComplete=false
07-20 01:44:36.025  1578  1854 I WindowManager: performshow Window{30d0897 u0 com.android.settings} tok.waitingToShow=false isTransitionSet=false parentHidden=false vis=0 tok.hidden=false hasSurface=true policyVis=false destroying=false animating=false
07-20 01:44:36.032  1578  1660 I WindowManager: performshow Window{30d0897 u0 com.android.settings} tok.waitingToShow=false isTransitionSet=false parentHidden=false vis=0 tok.hidden=false hasSurface=true policyVis=false destroying=false animating=false
07-20 01:44:36.097   634  9753 I netd    : trafficSwapActiveStatsMap() <9.34ms>
07-20 01:44:36.189   729   790 E ACCKIT_ : PerfMgr: fail to read 0
07-20 01:44:36.312  1061  6849 I iked    : [INFO]: ikev2.c:305: ikev2_periodic_task()
07-20 01:44:37.728  2262  2440 I SpeedTestNotifier: is low speed scene
07-20 01:44:38.192   729   790 E ACCKIT_ : PerfMgr: fail to read 0
07-20 01:44:38.815  2779  5493 I HwNaturalBase: [CommonHandler]: 25942Kb ram is used.
07-20 01:44:39.092  1578  1863 I WificondControl: Noise: -92, Snr: 30, Chload: -1, rssi: -61, txBitrate: 65, rxBitrate: 0, frequency: 2462, UlDelay: -1, currentTxBytes: 0, currentTxPackets: 510876, currentTxFailed: 757, currentRxBytes: 0, currentRxPackets: 765577
07-20 01:44:39.112  1578  1962 I HuaweiWifiWatchdogStateMachine: POta txb txg rxg:0, 6, 0. Lr =0% Totpkt=6
07-20 01:44:39.112  1578  1862 I WiFi_PRO: MSG_RETURN_AP_CURRY_RSSI rssi = -61
07-20 01:44:39.113  1578  1862 I QosMonitor: queryRtt: rttType = 3
07-20 01:44:39.113  1578  1862 I HwWifiProServiceProxy: ctrlHwWifiNetwork pkgName: WIFIPRO_SERVICE interfaceId: 8
07-20 01:44:39.114  1578  1862 I QosMonitor: postEventFromNative: msg=100,arg1=4,arg2=10
07-20 01:44:39.114  1578  1862 I HwWifiProServiceProxy: ctrlHwWifiNetwork pkgName: WIFIPRO_SERVICE interfaceId: 8
07-20 01:44:39.114  1578  1862 I QosMonitor: postEventFromNative: msg=100,arg1=0,arg2=10
07-20 01:44:39.114  1578  1862 I MQoS    : rtt=848,tcpTxPkts=172245,tcpRxPkts=342138
07-20 01:44:39.114  1578  1862 I QosMonitor: resetRtt: rttType = 3
07-20 01:44:39.114  1578  1862 I HwWifiProServiceProxy: ctrlHwWifiNetwork pkgName: WIFIPRO_SERVICE interfaceId: 8
07-20 01:44:39.115  1578  1962 I HuaweiWifiWatchdogStateMachine: PTcp RTT:0, rtt pkt=0, tcp_rx=0, tcp_tx=0, tcp_reTran=0, rtRate=0
07-20 01:44:39.115  1578  1962 I HuaweiWifiWatchdogStateMachine: rssi bad, mrssi=-61 < TargetRssi=-54
07-20 01:44:39.115  1578  1962 I HuaweiWifiWatchdogStateMachine: start computeQosLevel tcpRtt = 0 ,rssi = -61 ,mBestSpeedInPeriod = 0
07-20 01:44:39.115  1578  1962 I HuaweiWifiWatchdogStateMachine: smoothConsecutiveQosResults, currentQosLevel = 3
07-20 01:44:39.117  1578 11359 I MQoS    : QOS_level:0(0),wifi-link;SIM error;use level-0
07-20 01:44:39.318  1061  6849 I iked    : [INFO]: ikev2.c:305: ikev2_periodic_task()
07-20 01:44:39.373   634  9753 I netd    : trafficSwapActiveStatsMap() <34.43ms>
07-20 01:44:39.503  1123  1123 E Thermal-daemon:hw_thermal: [ap] tempNew :33  tempOld :32
07-20 01:44:39.504  1123  1123 E Thermal-daemon:hw_thermal: Report temperature: [ap] temp :33  reportThreshold:1
07-20 01:44:39.824  2779  5588 I HwNaturalBase: [Timer-1]: MultiUserManagerService:  getNotActiveUser start
07-20 01:44:40.193   729   790 E ACCKIT_ : PerfMgr: fail to read 0
07-20 01:44:41.515  2262  2440 I OllieMsgCenter: publishEvt=2135097345
07-20 01:44:42.195   729   790 E ACCKIT_ : PerfMgr: fail to read 0
07-20 01:44:42.324  1061  6849 I iked    : [INFO]: ikev2.c:305: ikev2_periodic_task()
07-20 01:44:43.104  1578  1863 I WificondControl: Noise: -92, Snr: 26, Chload: -1, rssi: -65, txBitrate: 65, rxBitrate: 0, frequency: 2462, UlDelay: -1, currentTxBytes: 0, currentTxPackets: 510884, currentTxFailed: 757, currentRxBytes: 0, currentRxPackets: 765579
07-20 01:44:43.126  1578  1862 I WiFi_PRO: MSG_RETURN_AP_CURRY_RSSI rssi = -65
07-20 01:44:43.126  1578  1962 I HuaweiWifiWatchdogStateMachine: POta txb txg rxg:0, 14, 0. Lr =0% Totpkt=14
07-20 01:44:43.126  1578  1862 I QosMonitor: queryRtt: rttType = 3
07-20 01:44:43.126  1578  1862 I HwWifiProServiceProxy: ctrlHwWifiNetwork pkgName: WIFIPRO_SERVICE interfaceId: 8
07-20 01:44:43.127  1578  1862 I QosMonitor: postEventFromNative: msg=100,arg1=4,arg2=10
07-20 01:44:43.127  1578  1862 I HwWifiProServiceProxy: ctrlHwWifiNetwork pkgName: WIFIPRO_SERVICE interfaceId: 8
07-20 01:44:43.127  1578  1862 I QosMonitor: postEventFromNative: msg=100,arg1=0,arg2=10
07-20 01:44:43.128  1578  1862 I MQoS    : rtt=848,tcpTxPkts=172248,tcpRxPkts=342139
07-20 01:44:43.128  1578  1862 I QosMonitor: resetRtt: rttType = 3
07-20 01:44:43.128  1578  1862 I HwWifiProServiceProxy: ctrlHwWifiNetwork pkgName: WIFIPRO_SERVICE interfaceId: 8
07-20 01:44:43.129  1578  1962 I HuaweiWifiWatchdogStateMachine: PTcp RTT:0, rtt pkt=0, tcp_rx=1, tcp_tx=3, tcp_reTran=0, rtRate=0
07-20 01:44:43.129  1578  1962 I HuaweiWifiWatchdogStateMachine: rssi bad, mrssi=-65 < TargetRssi=-54
07-20 01:44:43.129  1578  1962 I HuaweiWifiWatchdogStateMachine: start computeQosLevel tcpRtt = 0 ,rssi = -65 ,mBestSpeedInPeriod = 0
07-20 01:44:43.129  1578  1962 I HuaweiWifiWatchdogStateMachine: smoothConsecutiveQosResults, currentQosLevel = 3
07-20 01:44:43.131  1578 11359 I MQoS    : QOS_level:0(0),wifi-link;SIM error;use level-0
07-20 01:44:43.131  1578 11359 I MQoS    : skip-low-Level:0(0),wifi-link;SIM error;use level-0
07-20 01:44:43.399  1094  1204 I dubaid  : [DubaiStorage.cpp] DoFlushEntriesBuffer# Flush all entries into database: /data/system_ce/0/dubai/dubai.db
07-20 01:44:43.738   634  1192 I         : ApiCount[0, 0, 0, 30, 0, 0, 0, 0, 0, 0, 154, 250, 0, 8, 2, 0, 7, 0, 1944, 4229]
07-20 01:44:44.196   729   790 E ACCKIT_ : PerfMgr: fail to read 0
07-20 01:44:44.414   634  9753 I netd    : trafficSwapActiveStatsMap() <22.52ms>
07-20 01:44:44.506  1123  1123 E Thermal-daemon:hw_thermal: [battery] tempNew :29  tempOld :30
07-20 01:44:44.509  1123  1123 E Thermal-daemon:hw_thermal: Report temperature: [battery] temp :29  reportThreshold:1
07-20 01:44:44.511  1123  1123 E Thermal-daemon:hw_thermal: [ap] tempNew :32  tempOld :33
07-20 01:44:44.512  1123  1123 E Thermal-daemon:hw_thermal: Report temperature: [ap] temp :32  reportThreshold:1
07-20 01:44:45.330  1061  6849 I iked    : [INFO]: ikev2.c:305: ikev2_periodic_task()
07-20 01:44:46.135   634  9753 I netd    : trafficSwapActiveStatsMap() <21.29ms>
07-20 01:44:46.198   729   790 E ACCKIT_ : PerfMgr: fail to read 0
07-20 01:44:47.110  1578  1863 I WificondControl: Noise: -90, Snr: 27, Chload: -1, rssi: -65, txBitrate: 65, rxBitrate: 0, frequency: 2462, UlDelay: -1, currentTxBytes: 0, currentTxPackets: 510888, currentTxFailed: 757, currentRxBytes: 0, currentRxPackets: 765580
07-20 01:44:47.135  1578  1962 I HuaweiWifiWatchdogStateMachine: high data flow: protection_counter = 0,  not_detect_counter = 21
07-20 01:44:47.135  1578  1962 I HuaweiWifiWatchdogStateMachine: high data flow scenario: 0 --> 0 rx bytes =1KB
07-20 01:44:47.135  1578  1962 I HuaweiWifiWatchdogStateMachine: POta txb txg rxg:0, 4, 0. Lr =0% Totpkt=4
07-20 01:44:47.135  1578  1862 I WiFi_PRO: MSG_RETURN_AP_CURRY_RSSI rssi = -65
07-20 01:44:47.136  1578  1862 I QosMonitor: queryRtt: rttType = 3
07-20 01:44:47.136  1578  1862 I HwWifiProServiceProxy: ctrlHwWifiNetwork pkgName: WIFIPRO_SERVICE interfaceId: 8
07-20 01:44:47.137  1578  1862 I QosMonitor: postEventFromNative: msg=100,arg1=4,arg2=10
07-20 01:44:47.137  1578  1862 I HwWifiProServiceProxy: ctrlHwWifiNetwork pkgName: WIFIPRO_SERVICE interfaceId: 8
07-20 01:44:47.138  1578  1862 I QosMonitor: postEventFromNative: msg=100,arg1=0,arg2=10
07-20 01:44:47.138  1578  1862 I MQoS    : rtt=848,tcpTxPkts=172248,tcpRxPkts=342139
07-20 01:44:47.140  1578  1962 I HuaweiWifiWatchdogStateMachine: PTcp RTT:0, rtt pkt=0, tcp_rx=0, tcp_tx=0, tcp_reTran=0, rtRate=0
07-20 01:44:47.140  1578  1962 I HuaweiWifiWatchdogStateMachine: rssi bad, mrssi=-65 < TargetRssi=-54
07-20 01:44:47.141  1578  1962 I HuaweiWifiWatchdogStateMachine: start computeQosLevel tcpRtt = 0 ,rssi = -65 ,mBestSpeedInPeriod = 0
07-20 01:44:47.141  1578  1962 I HuaweiWifiWatchdogStateMachine: smoothConsecutiveQosResults, currentQosLevel = 3
07-20 01:44:47.143  1578 11359 I MQoS    : QOS_level:0(0),wifi-link;SIM error;use level-0
07-20 01:44:47.252  2560  3493 E DeviceMonitorPowerKit: not Satify ApplyResource
07-20 01:44:47.769  2262  2440 I SpeedTestNotifier: is low speed scene
07-20 01:44:48.200   729   790 E ACCKIT_ : PerfMgr: fail to read 0
07-20 01:44:48.336  1061  6849 I iked    : [INFO]: ikev2.c:305: ikev2_periodic_task()
07-20 01:44:49.470   634  9753 I netd    : trafficSwapActiveStatsMap() <29.41ms>
07-20 01:44:50.201   729   790 E ACCKIT_ : PerfMgr: fail to read 0
07-20 01:44:51.114  1578  1863 I WificondControl: Noise: -87, Snr: 30, Chload: -1, rssi: -62, txBitrate: 65, rxBitrate: 0, frequency: 2462, UlDelay: -1, currentTxBytes: 0, currentTxPackets: 510893, currentTxFailed: 757, currentRxBytes: 0, currentRxPackets: 765587
07-20 01:44:51.133  1578  1962 I HuaweiWifiWatchdogStateMachine: POta txb txg rxg:0, 13, 0. Lr =0% Totpkt=13
07-20 01:44:51.133  1578  1862 I WiFi_PRO: MSG_RETURN_AP_CURRY_RSSI rssi = -62
07-20 01:44:51.134  1578  1862 I QosMonitor: queryRtt: rttType = 3
07-20 01:44:51.134  1578  1862 I HwWifiProServiceProxy: ctrlHwWifiNetwork pkgName: WIFIPRO_SERVICE interfaceId: 8
07-20 01:44:51.135  1578  1862 I QosMonitor: postEventFromNative: msg=100,arg1=4,arg2=10
07-20 01:44:51.135  1578  1862 I HwWifiProServiceProxy: ctrlHwWifiNetwork pkgName: WIFIPRO_SERVICE interfaceId: 8
07-20 01:44:51.136  1578  1862 I QosMonitor: postEventFromNative: msg=100,arg1=0,arg2=10
07-20 01:44:51.136  1578  1862 I MQoS    : rtt=848,tcpTxPkts=172253,tcpRxPkts=342142
07-20 01:44:51.138  1578  1962 I HuaweiWifiWatchdogStateMachine: PTcp RTT:0, rtt pkt=0, tcp_rx=3, tcp_tx=5, tcp_reTran=0, rtRate=0
07-20 01:44:51.139  1578  1962 I HuaweiWifiWatchdogStateMachine: rssi bad, mrssi=-63 < TargetRssi=-54
07-20 01:44:51.139  1578  1962 I HuaweiWifiWatchdogStateMachine: start computeQosLevel tcpRtt = 0 ,rssi = -63 ,mBestSpeedInPeriod = 0
07-20 01:44:51.139  1578  1962 I HuaweiWifiWatchdogStateMachine: smoothConsecutiveQosResults, currentQosLevel = 3
07-20 01:44:51.140  1578 11359 I MQoS    : QOS_level:0(0),wifi-link;SIM error;use level-0
07-20 01:44:51.140  1578 11359 I MQoS    : skip-low-Level:0(0),wifi-link;SIM error;use level-0
07-20 01:44:51.341  1061  6849 I iked    : [INFO]: ikev2.c:305: ikev2_periodic_task()
07-20 01:44:52.204   729   790 E ACCKIT_ : PerfMgr: fail to read 0
07-20 01:44:54.207   729   790 E ACCKIT_ : PerfMgr: fail to read 0
07-20 01:44:54.347  1061  6849 I iked    : [INFO]: ikev2.c:305: ikev2_periodic_task()
07-20 01:44:54.520  1123  1123 E Thermal-daemon:hw_thermal: [battery] tempNew :30  tempOld :29
07-20 01:44:54.522  1123  1123 E Thermal-daemon:hw_thermal: Report temperature: [battery] temp :30  reportThreshold:1
07-20 01:44:54.526   634  9753 I netd    : trafficSwapActiveStatsMap() <31.72ms>
07-20 01:44:55.114  1578  1863 I WificondControl: Noise: -87, Snr: 25, Chload: -1, rssi: -59, txBitrate: 65, rxBitrate: 0, frequency: 2462, UlDelay: -1, currentTxBytes: 0, currentTxPackets: 510899, currentTxFailed: 757, currentRxBytes: 0, currentRxPackets: 765591
07-20 01:44:55.138  1578  1962 I HuaweiWifiWatchdogStateMachine: POta txb txg rxg:0, 2, 0. Lr =0% Totpkt=2
07-20 01:44:55.138  1578  1862 I WiFi_PRO: MSG_RETURN_AP_CURRY_RSSI rssi = -59
07-20 01:44:55.138  1578  1862 I QosMonitor: queryRtt: rttType = 3
07-20 01:44:55.138  1578  1862 I HwWifiProServiceProxy: ctrlHwWifiNetwork pkgName: WIFIPRO_SERVICE interfaceId: 8
07-20 01:44:55.139  1578  1862 I QosMonitor: postEventFromNative: msg=100,arg1=4,arg2=10
07-20 01:44:55.139  1578  1862 I HwWifiProServiceProxy: ctrlHwWifiNetwork pkgName: WIFIPRO_SERVICE interfaceId: 8
07-20 01:44:55.140  1578  1862 I QosMonitor: postEventFromNative: msg=100,arg1=0,arg2=10
07-20 01:44:55.140  1578  1862 I MQoS    : rtt=848,tcpTxPkts=172254,tcpRxPkts=342144
07-20 01:44:55.142  1578  1962 I HuaweiWifiWatchdogStateMachine: PTcp RTT:0, rtt pkt=0, tcp_rx=2, tcp_tx=1, tcp_reTran=0, rtRate=0
07-20 01:44:55.142  1578  1962 I HuaweiWifiWatchdogStateMachine: rssi bad, mrssi=-59 < TargetRssi=-54
07-20 01:44:55.143  1578  1962 I HuaweiWifiWatchdogStateMachine: start computeQosLevel tcpRtt = 0 ,rssi = -59 ,mBestSpeedInPeriod = 0
07-20 01:44:55.143  1578  1962 I HuaweiWifiWatchdogStateMachine: smoothConsecutiveQosResults, currentQosLevel = 3
07-20 01:44:55.145  1578 11359 I MQoS    : QOS_level:0(0),wifi-link;SIM error;use level-0
07-20 01:44:56.166   634  9753 I netd    : trafficSwapActiveStatsMap() <10.17ms>
07-20 01:44:56.210   729   790 E ACCKIT_ : PerfMgr: fail to read 0
07-20 01:44:56.857   676   676 W health@2.0-serv: type=1400 audit(0.0:112194): avc: denied { read } for pid=676 name="u:object_r:system_prop:s0" dev="tmpfs" ino=12021 scontext=u:r:hal_health_default:s0 tcontext=u:object_r:system_prop:s0 tclass=file permissive=0
07-20 01:44:56.857   676   676 W health@2.0-serv: type=1400 audit(0.0:112195): avc: denied { write } for pid=676 name="property_service" dev="tmpfs" ino=3014 scontext=u:r:hal_health_default:s0 tcontext=u:object_r:property_socket:s0 tclass=sock_file permissive=0
07-20 01:44:56.864   676   676 E libc    : Access denied finding property "sys.check.usbupdate"
07-20 01:44:56.865   676   676 W libc    : Unable to set property "sys.check.usbupdate" to "start": connection failed; errno=13 (Permission denied)
07-20 01:44:57.353  1061  6849 I iked    : [INFO]: ikev2.c:305: ikev2_periodic_task()
07-20 01:44:57.462  1578  1799 W AlarmManager: WAKEUP alarm talarm.operation == null,package name is: android listenerTag is: null creator uid is: 1000
07-20 01:44:51.136  1578 11359 I chatty  : uid=1000(system) MobileQosDetect identical 2 lines
07-20 01:44:57.475  1578  1686 I PowerManagerService: handleSandman: wakefulness: 0,startDreaming: false
07-20 01:44:57.476  2037  2037 E DateView: DateView,mCurrentTime: 1784504697476
07-20 01:44:57.478  1578  1799 I ActivityManager: sendIntentSender target:PendingIntentRecord{a393cec com.huawei.android.totemweather broadcastIntent}, intent:flg=0x4 hwFlg=0x810
07-20 01:44:57.483  2635  3724 I LocationDetection: need regisiter L_H_F
07-20 01:44:57.486  4633 31645 I CAWARENESS_CompatibleBinder: registerLocationFence
07-20 01:44:57.489  4633 24747 I CAWARENESS_FenceManager: addDataId name = null
07-20 01:44:57.489  4633 24747 I CAWARENESS_FenceManager: addDataId dataId = 0
07-20 01:44:57.490  4633 24747 I CAWARENESS_ManagedFenceFactory: AwarenessFence parsing to Optional.empty
07-20 01:44:57.490  4633 24747 I CAWARENESS_FenceManager: onResult, onResultListener=com.huawei.hiai.awareness.opencapacity.fence.FenceManager$3@9cadd2b, code=0
07-20 01:44:57.490  4633 24747 I CAWARENESS_CacheReportDataService: insertData
07-20 01:44:57.491  4633 31645 I CAWARENESS_CompatibleBinder: registerLocationFence
07-20 01:44:57.491  2635 29692 I LocationDetection: leaveHomeFence: RequestResult{6, 2, 3, null, 0, 0, 100, com.huawei.powergenie_1:1;6,2,3, 1, null, 4, 200007, error_unknown}
07-20 01:44:57.492  1578  1799 I ActivityManager: sendIntentSender target:PendingIntentRecord{66104e com.whatsapp broadcastIntent}, intent:flg=0x4 hwFlg=0x810
07-20 01:44:57.495  1578  1799 I ActivityManager: sendIntentSender target:PendingIntentRecord{5560c16 com.huawei.nearby broadcastIntent}, intent:flg=0x4 hwFlg=0x810
07-20 01:44:57.495  4633 24749 I CAWARENESS_FenceManager: addDataId name = null
07-20 01:44:57.496  4633 24749 I CAWARENESS_FenceManager: addDataId dataId = 0
07-20 01:44:57.496  4633 24748 I CAWARENESS_AwarenessSQLiteDatabase: insert recId is 13705315
07-20 01:44:57.496  4633 24749 I CAWARENESS_ManagedFenceFactory: AwarenessFence parsing to Optional.empty
07-20 01:44:57.496  4633 24749 I CAWARENESS_FenceManager: onResult, onResultListener=com.huawei.hiai.awareness.opencapacity.fence.FenceManager$3@bdd1b46, code=0
07-20 01:44:57.496  4633 24748 I CAWARENESS_CacheReportDataService: Current count 1
07-20 01:44:57.496  4633 24749 I CAWARENESS_CacheReportDataService: insertData
07-20 01:44:57.496  4633 24749 W CAWARENESS_ThreadPool: thread pool CacheReportDataService(1) is busy 1/2
07-20 01:44:57.498  2635 29692 I LocationDetection: arriveHomeFence: RequestResult{6, 1, 3, null, 0, 0, 100, com.huawei.powergenie_1:1;6,1,3, 1, null, 4, 200007, error_unknown}
07-20 01:44:57.499  4633 24750 I CAWARENESS_AwarenessSQLiteDatabase: insert recId is 13705316
07-20 01:44:57.500  4633 31645 I CAWARENESS_CompatibleBinder: registerLocationFence
07-20 01:44:57.500  4633 24750 I CAWARENESS_CacheReportDataService: Current count 2
07-20 01:44:57.501  4633 24751 I CAWARENESS_FenceManager: addDataId name = null
07-20 01:44:57.501  4633 24751 I CAWARENESS_FenceManager: addDataId dataId = 0
07-20 01:44:57.501  4633 24751 I CAWARENESS_ManagedFenceFactory: AwarenessFence parsing to Optional.empty
07-20 01:44:57.501  4633 24751 I CAWARENESS_FenceManager: onResult, onResultListener=com.huawei.hiai.awareness.opencapacity.fence.FenceManager$3@b8dd85d, code=0
