07-20 01:49:47.294 26955 27007 I python  : [PERF][HEADER] Logo+Gerätename: 0.0027s
07-20 01:49:47.321 26955 27007 I python  : [PERF][HEADER] Status+Controls: 0.0269s
07-20 01:49:47.325 26955 27007 I python  : [PERF][HEADER] Uhr+Menü: 0.0048s
07-20 01:49:47.391  1578  1863 I WificondControl: Noise: -92, Snr: 31, Chload: -1, rssi: -58, txBitrate: 72, rxBitrate: 0, frequency: 2462, UlDelay: -1, currentTxBytes: 0, currentTxPackets: 515317, currentTxFailed: 757, currentRxBytes: 0, currentRxPackets: 768801
07-20 01:49:47.404  1578  1863 I WificondControl: Noise: -92, Snr: 31, Chload: -1, rssi: -58, txBitrate: 72, rxBitrate: 0, frequency: 2462, UlDelay: -1, currentTxBytes: 0, currentTxPackets: 515317, currentTxFailed: 757, currentRxBytes: 0, currentRxPackets: 768801
07-20 01:49:47.410  1578  1862 I WiFi_PRO: MSG_RETURN_AP_CURRY_RSSI rssi = -58
07-20 01:49:47.410  1578  1962 I HuaweiWifiWatchdogStateMachine: POta txb txg rxg:0, 486, 0. Lr =0% Totpkt=486
07-20 01:49:47.411  1578  1862 I QosMonitor: queryRtt: rttType = 3
07-20 01:49:47.411  1578  1862 I HwWifiProServiceProxy: ctrlHwWifiNetwork pkgName: WIFIPRO_SERVICE interfaceId: 8
07-20 01:49:47.411  1578  1862 I QosMonitor: postEventFromNative: msg=100,arg1=4,arg2=10
07-20 01:49:47.412  1578  1862 I HwWifiProServiceProxy: ctrlHwWifiNetwork pkgName: WIFIPRO_SERVICE interfaceId: 8
07-20 01:49:47.412  1578  1862 I QosMonitor: postEventFromNative: msg=100,arg1=0,arg2=10
07-20 01:49:47.412  1578  1862 I MQoS    : rtt=976,tcpTxPkts=172763,tcpRxPkts=342571
07-20 01:49:47.413  1578  1962 I HuaweiWifiWatchdogStateMachine: PTcp RTT:0, rtt pkt=0, tcp_rx=0, tcp_tx=0, tcp_reTran=0, rtRate=0
07-20 01:49:47.413  1578  1962 I HuaweiWifiWatchdogStateMachine: rssi bad, mrssi=-58 < TargetRssi=-54
07-20 01:49:47.413  1578  1962 I HuaweiWifiWatchdogStateMachine: start computeQosLevel tcpRtt = 0 ,rssi = -58 ,mBestSpeedInPeriod = 10367
07-20 01:49:47.413  1578  1962 I HuaweiWifiWatchdogStateMachine: smoothConsecutiveQosResults, currentQosLevel = 3
07-20 01:49:47.414  1578 11359 I MQoS    : QOS_level:0(0),wifi-link;SIM error;use level-0
07-20 01:49:47.414  1578 11359 I MQoS    : skip-low-Level:0(0),wifi-link;SIM error;use level-0
07-20 01:49:47.456 31811 25044 I NearbyMediums: No BLE Fast/GATT advertisements found in the latest cycle.
07-20 01:49:47.456 31811 25044 I NearbyMediums: Current Tracked Scanning Clients are : {NearbyConnections.EnvironmentMonitor, NearbySharing}
07-20 01:49:47.490  1578  2763 I WificondControl: Noise: -92, Snr: 31, Chload: -1, rssi: -58, txBitrate: 72, rxBitrate: 0, frequency: 2462, UlDelay: -1, currentTxBytes: 0, currentTxPackets: 515317, currentTxFailed: 757, currentRxBytes: 0, currentRxPackets: 768801
07-20 01:49:47.495  2880  5886 I VoWifiQoe_N: ProcessReqInfo ul_msgid=5
07-20 01:49:47.495  2880  5886 I VoWifiQoe_N: processReqInfo MSG_WIFI_SIGNAL_INFO_IND 
07-20 01:49:47.495  2880  5886 I VoWifiQoe_N: ProcessSignalInfoInd curStateIsIdle 0 
07-20 01:49:47.495  2880  5886 I VoWifiQoe_N: ProcessSignalInfoInd wifiInterruptFlg 1 enScreenState 1 curStateIsIdle 0
07-20 01:49:47.495  2880  5886 I VoWifiQoe_N: UpdateEvaluatePolicy EVALUATE_POLICY_RSSI
07-20 01:49:47.495  2880  5886 I VoWifiQoe_N: UpdateEvaluatePolicy phoneId 1 is not qoe started!
07-20 01:49:47.512   732   732 I SurfaceFlinger: isBufferLatched false newDataLatched 0
07-20 01:49:47.579 26955 27007 I python  : [PERF][HEADER] Assembly: 0.2538s
07-20 01:49:47.579 26955 27007 I python  : [PERF][HEADER] TOTAL: 0.2919s
07-20 01:49:47.598 26955 27007 I python  : [PERF][SCREEN] END device_picker: 0.3126s
07-20 01:49:47.598 26955 27007 I python  : [PERF][PRELOAD] END device_picker
07-20 01:49:47.608 26955 27034 I python  : [DEBUG  ] [Starting new HTTP connection (1)] 192.168.2.20:80
07-20 01:49:47.631  2209  2366 W bt_btif : Remote device:20:6e:**:**:**:3d, no link key or ble key found
07-20 01:49:47.632  2209  2366 I chatty  : uid=1002(bluetooth) BT Service Call identical 2 lines
07-20 01:49:47.632  2209  2366 W bt_btif : Remote device:20:6e:**:**:**:3d, no link key or ble key found
07-20 01:49:47.637  2209  2366 W bt_btif : Remote device:e0:72:**:**:**:65, no link key or ble key found
07-20 01:49:47.637  2209  2366 I chatty  : uid=1002(bluetooth) BT Service Call identical 2 lines
07-20 01:49:47.638  2209  2366 W bt_btif : Remote device:e0:72:**:**:**:65, no link key or ble key found
07-20 01:49:47.657 26955 27046 I python  : [DEBUG  ] [Starting new HTTP connection (1)] 192.168.2.39:80
07-20 01:49:47.705  1578  2763 I WificondControl: Noise: -92, Snr: 31, Chload: -1, rssi: -57, txBitrate: 72, rxBitrate: 0, frequency: 2462, UlDelay: -1, currentTxBytes: 0, currentTxPackets: 515326, currentTxFailed: 757, currentRxBytes: 0, currentRxPackets: 768803
07-20 01:49:47.710  2880  5886 I VoWifiQoe_N: ProcessReqInfo ul_msgid=5
07-20 01:49:47.710  2880  5886 I VoWifiQoe_N: processReqInfo MSG_WIFI_SIGNAL_INFO_IND 
07-20 01:49:47.710  2880  5886 I VoWifiQoe_N: ProcessSignalInfoInd curStateIsIdle 0 
07-20 01:49:47.710  2880  5886 I VoWifiQoe_N: ProcessSignalInfoInd wifiInterruptFlg 1 enScreenState 1 curStateIsIdle 0
07-20 01:49:47.710  2880  5886 I VoWifiQoe_N: UpdateEvaluatePolicy EVALUATE_POLICY_RSSI
07-20 01:49:47.710  2880  5886 I VoWifiQoe_N: UpdateEvaluatePolicy phoneId 1 is not qoe started!
07-20 01:49:47.898 26955 27034 I python  : [DEBUG  ] [http          ]//192.168.2.20:80 "GET /data HTTP/1.1" 200 2516
07-20 01:49:47.919  1578  2763 I WificondControl: Noise: -92, Snr: 32, Chload: -1, rssi: -57, txBitrate: 72, rxBitrate: 0, frequency: 2462, UlDelay: -1, currentTxBytes: 0, currentTxPackets: 515329, currentTxFailed: 757, currentRxBytes: 0, currentRxPackets: 768807
07-20 01:49:47.925  2880  5886 I VoWifiQoe_N: ProcessReqInfo ul_msgid=5
07-20 01:49:47.925  2880  5886 I VoWifiQoe_N: processReqInfo MSG_WIFI_SIGNAL_INFO_IND 
07-20 01:49:47.925  2880  5886 I VoWifiQoe_N: ProcessSignalInfoInd curStateIsIdle 0 
07-20 01:49:47.925  2880  5886 I VoWifiQoe_N: ProcessSignalInfoInd wifiInterruptFlg 1 enScreenState 1 curStateIsIdle 0
07-20 01:49:47.925  2880  5886 I VoWifiQoe_N: UpdateEvaluatePolicy EVALUATE_POLICY_RSSI
07-20 01:49:47.925  2880  5886 I VoWifiQoe_N: UpdateEvaluatePolicy phoneId 1 is not qoe started!
07-20 01:49:48.094 26955 27046 I python  : [DEBUG  ] [http          ]//192.168.2.39:80 "GET /data HTTP/1.1" 200 2603
07-20 01:49:48.119  2262  7426 I Booster_Qoe: AdaBoostPredict rlt,index:6,NisPsSlow:0,NProba:312,rsrp(rssi):-59,rsrq(noise):-92,rtt(chload):200,buffhigh(uldelay):0,buffcomm(rtt):0
07-20 01:49:48.119  2262  7426 I Booster_Qoe: AdaBoostPredict rlt,index:2,NisPsSlow:0,NProba:312,rsrp(rssi):-59,rsrq(noise):-92,rtt(chload):200,buffhigh(uldelay):0,buffcomm(rtt):0
07-20 01:49:48.121  2262  7426 I Collector: HandleRawWifiInfo: flag:0, netId:0!
07-20 01:49:48.122  2262  3431 I Hicom_Monitor: handleNetworkQoeReport. foregroundAppTcpRtt: 0, maxRatioChannelId: 2
07-20 01:49:48.122  2262  3431 I Hicom_Monitor: handleNetworkQoeReport. qoeString: 10677,4,0,312,1,2,4,0,312,72000,0,10,10,0,0,0,0
07-20 01:49:48.122  1578  1961 I WiFi_PRO_WifiProStateMachine: APP_SERVICE_QOE_NOTIFY Qoe info 10677,4,0,312,1,2,4,0,312,72000,0,10,10,0,0,0,0 CID 2 mMasterWifiRssi -59 mMasterCardAmbr 1048576 mSlaveCardAmbr 1048576
07-20 01:49:48.122  1578  1961 I HwWifiProServiceProxy: ctrlHwWifiNetwork pkgName: WIFIPRO_SERVICE interfaceId: 9
07-20 01:49:48.122  1578  1961 I WiFi_PRO_WifiProStateMachine: isWifi2WifiProcess = false, mIsNeedIgnoreQoeUpdate = false, mIsAppInBlacklist = false, mIsAppInBlacklistFullScreen = false, mIsWiFiNoInternet false, screen on = true, full screen = true, isLandscapeMode = true, mNotifyWifiLinkPoorReason = -1
07-20 01:49:48.122  1578  1961 I WiFi_PRO_WifiProStateMachine: mChannelQoeBadCnt = 0, mAppQoeBadCnt = 0, mNetworkSlowReason = 0, mNetworkSlowChannelBadCnt = 0
07-20 01:49:48.132  1578  2761 I WificondControl: Noise: -92, Snr: 32, Chload: -1, rssi: -58, txBitrate: 72, rxBitrate: 0, frequency: 2462, UlDelay: -1, currentTxBytes: 0, currentTxPackets: 515334, currentTxFailed: 757, currentRxBytes: 0, currentRxPackets: 768814
07-20 01:49:48.136  2880  5886 I VoWifiQoe_N: ProcessReqInfo ul_msgid=5
07-20 01:49:48.136  2880  5886 I VoWifiQoe_N: processReqInfo MSG_WIFI_SIGNAL_INFO_IND 
07-20 01:49:48.136  2880  5886 I VoWifiQoe_N: ProcessSignalInfoInd curStateIsIdle 0 
07-20 01:49:48.136  2880  5886 I VoWifiQoe_N: ProcessSignalInfoInd wifiInterruptFlg 1 enScreenState 1 curStateIsIdle 0
07-20 01:49:48.136  2880  5886 I VoWifiQoe_N: UpdateEvaluatePolicy EVALUATE_POLICY_RSSI
07-20 01:49:48.136  2880  5886 I VoWifiQoe_N: UpdateEvaluatePolicy phoneId 1 is not qoe started!
07-20 01:49:48.225 26955 27046 I python  : [DEBUG  ] [Starting new HTTP connection (1)] 192.168.2.39:80
07-20 01:49:48.228 26955 27034 I python  : [DEBUG  ] [Starting new HTTP connection (1)] 192.168.2.20:80
07-20 01:49:48.344  1578  4192 I WificondControl: Noise: -92, Snr: 32, Chload: -1, rssi: -58, txBitrate: 72, rxBitrate: 0, frequency: 2462, UlDelay: -1, currentTxBytes: 0, currentTxPackets: 515339, currentTxFailed: 757, currentRxBytes: 0, currentRxPackets: 768815
07-20 01:49:48.350  2880  5886 I VoWifiQoe_N: ProcessReqInfo ul_msgid=5
07-20 01:49:48.350  2880  5886 I VoWifiQoe_N: processReqInfo MSG_WIFI_SIGNAL_INFO_IND 
07-20 01:49:48.350  2880  5886 I VoWifiQoe_N: ProcessSignalInfoInd curStateIsIdle 0 
07-20 01:49:48.350  2880  5886 I VoWifiQoe_N: ProcessSignalInfoInd wifiInterruptFlg 1 enScreenState 1 curStateIsIdle 0
07-20 01:49:48.350  2880  5886 I VoWifiQoe_N: UpdateEvaluatePolicy EVALUATE_POLICY_RSSI
07-20 01:49:48.350  2880  5886 I VoWifiQoe_N: UpdateEvaluatePolicy phoneId 1 is not qoe started!
07-20 01:49:48.427   729   790 E ACCKIT_ : PerfMgr: fail to read 0
07-20 01:49:48.450  1578  1862 I TrafficMonitor: update:rxPkts:33,txPkts:40,rxBytes:12675,txBytes:3510
07-20 01:49:48.450  1578  1862 I TrafficMonitor: gettimer:interval=2000
07-20 01:49:48.452 26955 27007 I python  : [Core] BROADCAST Bridge started
07-20 01:49:48.499 26955 27034 I python  : [DEBUG  ] [http          ]//192.168.2.20:80 "GET /data HTTP/1.1" 200 2553
07-20 01:49:48.520 26955 27007 I python  : [PERF][PRELOAD] START setup
07-20 01:49:48.520 26955 27007 I python  : [PERF][SCREEN] START setup
07-20 01:49:48.523 26955 27007 I python  : [PERF][HEADER] Basis: 0.0004s
07-20 01:49:48.527 26955 27007 I python  : [PERF][HEADER] Navigation: 0.0047s
07-20 01:49:48.530 26955 27007 I python  : [PERF][HEADER] Logo+Gerätename: 0.0031s
07-20 01:49:48.557 26955 27007 I python  : [PERF][HEADER] Status+Controls: 0.0270s
07-20 01:49:48.559  1578  4192 I WificondControl: Noise: -92, Snr: 32, Chload: -1, rssi: -57, txBitrate: 72, rxBitrate: 0, frequency: 2462, UlDelay: -1, currentTxBytes: 0, currentTxPackets: 515348, currentTxFailed: 757, currentRxBytes: 0, currentRxPackets: 768823
07-20 01:49:48.560 26955 27007 I python  : [PERF][HEADER] Uhr+Menü: 0.0022s
07-20 01:49:48.563 26955 27007 I python  : [PERF][HEADER] Assembly: 0.0030s
07-20 01:49:48.563 26955 27007 I python  : [PERF][HEADER] TOTAL: 0.0404s
07-20 01:49:48.563  2880  5886 I VoWifiQoe_N: ProcessReqInfo ul_msgid=5
07-20 01:49:48.563  2880  5886 I VoWifiQoe_N: processReqInfo MSG_WIFI_SIGNAL_INFO_IND 
07-20 01:49:48.563  2880  5886 I VoWifiQoe_N: ProcessSignalInfoInd curStateIsIdle 0 
07-20 01:49:48.563  2880  5886 I VoWifiQoe_N: ProcessSignalInfoInd wifiInterruptFlg 1 enScreenState 1 curStateIsIdle 0
07-20 01:49:48.563  2880  5886 I VoWifiQoe_N: UpdateEvaluatePolicy EVALUATE_POLICY_RSSI
07-20 01:49:48.563  2880  5886 I VoWifiQoe_N: UpdateEvaluatePolicy phoneId 1 is not qoe started!
07-20 01:49:48.584 26955 27007 I python  : [PERF][SCREEN] END setup: 0.0636s
07-20 01:49:48.584 26955 27007 I python  : [PERF][PRELOAD] END setup
07-20 01:49:48.726  2209  2366 W bt_btif : Remote device:f0:f1:**:**:**:19, no link key or ble key found
07-20 01:49:48.726  2209  2366 I chatty  : uid=1002(bluetooth) BT Service Call identical 2 lines
07-20 01:49:48.727  2209  2366 W bt_btif : Remote device:f0:f1:**:**:**:19, no link key or ble key found
07-20 01:49:48.732  1061  6849 I iked    : [INFO]: ikev2.c:305: ikev2_periodic_task()
07-20 01:49:48.735  2262  2440 I SpeedTestNotifier: is low speed scene
07-20 01:49:48.772  1578  4192 I WificondControl: Noise: -92, Snr: 32, Chload: -1, rssi: -57, txBitrate: 72, rxBitrate: 0, frequency: 2462, UlDelay: -1, currentTxBytes: 0, currentTxPackets: 515348, currentTxFailed: 757, currentRxBytes: 0, currentRxPackets: 768823
07-20 01:49:48.777  2880  5886 I VoWifiQoe_N: ProcessReqInfo ul_msgid=5
07-20 01:49:48.777  2880  5886 I VoWifiQoe_N: processReqInfo MSG_WIFI_SIGNAL_INFO_IND 
07-20 01:49:48.777  2880  5886 I VoWifiQoe_N: ProcessSignalInfoInd curStateIsIdle 0 
07-20 01:49:48.777  2880  5886 I VoWifiQoe_N: ProcessSignalInfoInd wifiInterruptFlg 1 enScreenState 1 curStateIsIdle 0
07-20 01:49:48.777  2880  5886 I VoWifiQoe_N: UpdateEvaluatePolicy EVALUATE_POLICY_RSSI
07-20 01:49:48.777  2880  5886 I VoWifiQoe_N: UpdateEvaluatePolicy phoneId 1 is not qoe started!
07-20 01:49:48.822 26955 27007 I python  : [PERF][PRELOAD] START grow_controller
07-20 01:49:48.822 26955 27007 I python  : [PERF][SCREEN] START grow_controller
07-20 01:49:48.825 26955 27007 I python  : [PERF][HEADER] Basis: 0.0004s
07-20 01:49:48.829 26955 27007 I python  : [PERF][HEADER] Navigation: 0.0041s
07-20 01:49:48.832 26955 27007 I python  : [PERF][HEADER] Logo+Gerätename: 0.0031s
07-20 01:49:48.861 26955 27007 I python  : [PERF][HEADER] Status+Controls: 0.0285s
07-20 01:49:48.863 26955 27007 I python  : [PERF][HEADER] Uhr+Menü: 0.0027s
07-20 01:49:48.869 26955 27007 I python  : [PERF][HEADER] Assembly: 0.0058s
07-20 01:49:48.869 26955 27007 I python  : [PERF][HEADER] TOTAL: 0.0446s
07-20 01:49:48.873 26955 27007 I python  : [PERF][SCREEN] END grow_controller: 0.0508s
07-20 01:49:48.873 26955 27007 I python  : [PERF][PRELOAD] END grow_controller
07-20 01:49:48.890 26955 27046 I python  : [DEBUG  ] [http          ]//192.168.2.39:80 "GET /data HTTP/1.1" 200 2560
07-20 01:49:48.986  1578  4192 I WificondControl: Noise: -92, Snr: 35, Chload: -1, rssi: -57, txBitrate: 72, rxBitrate: 0, frequency: 2462, UlDelay: -1, currentTxBytes: 0, currentTxPackets: 515356, currentTxFailed: 757, currentRxBytes: 0, currentRxPackets: 768828
07-20 01:49:48.993  2880  5886 I VoWifiQoe_N: ProcessReqInfo ul_msgid=5
07-20 01:49:48.993  2880  5886 I VoWifiQoe_N: processReqInfo MSG_WIFI_SIGNAL_INFO_IND 
07-20 01:49:48.993  2880  5886 I VoWifiQoe_N: ProcessSignalInfoInd curStateIsIdle 0 
07-20 01:49:48.993  2880  5886 I VoWifiQoe_N: ProcessSignalInfoInd wifiInterruptFlg 1 enScreenState 1 curStateIsIdle 0
07-20 01:49:48.993  2880  5886 I VoWifiQoe_N: UpdateEvaluatePolicy EVALUATE_POLICY_RSSI
07-20 01:49:48.993  2880  5886 I VoWifiQoe_N: UpdateEvaluatePolicy phoneId 1 is not qoe started!
07-20 01:49:49.062 26955 27046 I python  : [DEBUG  ] [Starting new HTTP connection (1)] 192.168.2.39:80
07-20 01:49:49.080 26955 27034 I python  : [DEBUG  ] [Starting new HTTP connection (1)] 192.168.2.20:80
07-20 01:49:49.149  2262  7426 I Booster_Qoe: AdaBoostPredict rlt,index:6,NisPsSlow:0,NProba:312,rsrp(rssi):-58,rsrq(noise):-92,rtt(chload):200,buffhigh(uldelay):0,buffcomm(rtt):0
07-20 01:49:49.149  2262  7426 I Booster_Qoe: AdaBoostPredict rlt,index:2,NisPsSlow:0,NProba:390,rsrp(rssi):-58,rsrq(noise):-92,rtt(chload):200,buffhigh(uldelay):0,buffcomm(rtt):295
07-20 01:49:49.149  2262  7426 I Collector: HandleRawWifiInfo: flag:0, netId:0!
07-20 01:49:49.151  2262  3431 I Hicom_Monitor: handleNetworkQoeReport. foregroundAppTcpRtt: 0, maxRatioChannelId: 2
07-20 01:49:49.151  2262  3431 I Hicom_Monitor: handleNetworkQoeReport. qoeString: 10677,4,0,312,1,2,4,0,390,72000,0,10,10,0,0,0,0
07-20 01:49:49.151  1578  1961 I WiFi_PRO_WifiProStateMachine: APP_SERVICE_QOE_NOTIFY Qoe info 10677,4,0,312,1,2,4,0,390,72000,0,10,10,0,0,0,0 CID 2 mMasterWifiRssi -58 mMasterCardAmbr 1048576 mSlaveCardAmbr 1048576
07-20 01:49:49.152  1578  1961 I HwWifiProServiceProxy: ctrlHwWifiNetwork pkgName: WIFIPRO_SERVICE interfaceId: 9
07-20 01:49:49.152  1578  1961 I WiFi_PRO_WifiProStateMachine: isWifi2WifiProcess = false, mIsNeedIgnoreQoeUpdate = false, mIsAppInBlacklist = false, mIsAppInBlacklistFullScreen = false, mIsWiFiNoInternet false, screen on = true, full screen = true, isLandscapeMode = true, mNotifyWifiLinkPoorReason = -1
07-20 01:49:49.153  1578  1961 I WiFi_PRO_WifiProStateMachine: mChannelQoeBadCnt = 0, mAppQoeBadCnt = 0, mNetworkSlowReason = 0, mNetworkSlowChannelBadCnt = 0
07-20 01:49:49.203  1578  4192 I WificondControl: Noise: -92, Snr: 35, Chload: -1, rssi: -57, txBitrate: 72, rxBitrate: 0, frequency: 2462, UlDelay: -1, currentTxBytes: 0, currentTxPackets: 515359, currentTxFailed: 757, currentRxBytes: 0, currentRxPackets: 768830
07-20 01:49:49.211  2880  5886 I VoWifiQoe_N: ProcessReqInfo ul_msgid=5
07-20 01:49:49.211  2880  5886 I VoWifiQoe_N: processReqInfo MSG_WIFI_SIGNAL_INFO_IND 
07-20 01:49:49.211  2880  5886 I VoWifiQoe_N: ProcessSignalInfoInd curStateIsIdle 0 
07-20 01:49:49.211  2880  5886 I VoWifiQoe_N: ProcessSignalInfoInd wifiInterruptFlg 1 enScreenState 1 curStateIsIdle 0
07-20 01:49:49.211  2880  5886 I VoWifiQoe_N: UpdateEvaluatePolicy EVALUATE_POLICY_RSSI
07-20 01:49:49.211  2880  5886 I VoWifiQoe_N: UpdateEvaluatePolicy phoneId 1 is not qoe started!
07-20 01:49:49.425  1578  4192 I WificondControl: Noise: -92, Snr: 35, Chload: -1, rssi: -56, txBitrate: 72, rxBitrate: 0, frequency: 2462, UlDelay: -1, currentTxBytes: 0, currentTxPackets: 515362, currentTxFailed: 757, currentRxBytes: 0, currentRxPackets: 768832
07-20 01:49:49.430  2880  5886 I VoWifiQoe_N: ProcessReqInfo ul_msgid=5
07-20 01:49:49.430  2880  5886 I VoWifiQoe_N: processReqInfo MSG_WIFI_SIGNAL_INFO_IND 
07-20 01:49:49.430  2880  5886 I VoWifiQoe_N: ProcessSignalInfoInd curStateIsIdle 0 
07-20 01:49:49.430  2880  5886 I VoWifiQoe_N: ProcessSignalInfoInd wifiInterruptFlg 1 enScreenState 1 curStateIsIdle 0
07-20 01:49:49.430  2880  5886 I VoWifiQoe_N: UpdateEvaluatePolicy EVALUATE_POLICY_RSSI
07-20 01:49:49.430  2880  5886 I VoWifiQoe_N: UpdateEvaluatePolicy phoneId 1 is not qoe started!
07-20 01:49:49.640  1578  4192 I WificondControl: Noise: -92, Snr: 35, Chload: -1, rssi: -56, txBitrate: 72, rxBitrate: 0, frequency: 2462, UlDelay: -1, currentTxBytes: 0, currentTxPackets: 515364, currentTxFailed: 757, currentRxBytes: 0, currentRxPackets: 768832
07-20 01:49:49.647  2880  5886 I VoWifiQoe_N: ProcessReqInfo ul_msgid=5
07-20 01:49:49.647  2880  5886 I VoWifiQoe_N: processReqInfo MSG_WIFI_SIGNAL_INFO_IND 
07-20 01:49:49.647  2880  5886 I VoWifiQoe_N: ProcessSignalInfoInd curStateIsIdle 0 
07-20 01:49:49.647  2880  5886 I VoWifiQoe_N: ProcessSignalInfoInd wifiInterruptFlg 1 enScreenState 1 curStateIsIdle 0
07-20 01:49:49.647  2880  5886 I VoWifiQoe_N: UpdateEvaluatePolicy EVALUATE_POLICY_RSSI
07-20 01:49:49.647  2880  5886 I VoWifiQoe_N: UpdateEvaluatePolicy phoneId 1 is not qoe started!
07-20 01:49:49.648  2209  2366 W bt_btif : Remote device:e7:86:**:**:**:7a, no link key or ble key found
07-20 01:49:49.648  2209  2366 I chatty  : uid=1002(bluetooth) BT Service Call identical 2 lines
07-20 01:49:49.649  2209  2366 W bt_btif : Remote device:e7:86:**:**:**:7a, no link key or ble key found
07-20 01:49:49.795 26955 27034 I python  : [DEBUG  ] [http          ]//192.168.2.20:80 "GET /data HTTP/1.1" 200 2555
07-20 01:49:49.855  1578  4192 I WificondControl: Noise: -92, Snr: 32, Chload: -1, rssi: -58, txBitrate: 72, rxBitrate: 0, frequency: 2462, UlDelay: -1, currentTxBytes: 0, currentTxPackets: 515372, currentTxFailed: 757, currentRxBytes: 0, currentRxPackets: 768837
07-20 01:49:49.860  2880  5886 I VoWifiQoe_N: ProcessReqInfo ul_msgid=5
07-20 01:49:49.860  2880  5886 I VoWifiQoe_N: processReqInfo MSG_WIFI_SIGNAL_INFO_IND 
07-20 01:49:49.860  2880  5886 I VoWifiQoe_N: ProcessSignalInfoInd curStateIsIdle 0 
07-20 01:49:49.860  2880  5886 I VoWifiQoe_N: ProcessSignalInfoInd wifiInterruptFlg 1 enScreenState 1 curStateIsIdle 0
07-20 01:49:49.860  2880  5886 I VoWifiQoe_N: UpdateEvaluatePolicy EVALUATE_POLICY_RSSI
07-20 01:49:49.860  2880  5886 I VoWifiQoe_N: UpdateEvaluatePolicy phoneId 1 is not qoe started!
07-20 01:49:50.073  1578  4192 I WificondControl: Noise: -92, Snr: 31, Chload: -1, rssi: -57, txBitrate: 72, rxBitrate: 0, frequency: 2462, UlDelay: -1, currentTxBytes: 0, currentTxPackets: 515373, currentTxFailed: 757, currentRxBytes: 0, currentRxPackets: 768837
07-20 01:49:50.079  2880  5886 I VoWifiQoe_N: ProcessReqInfo ul_msgid=5
07-20 01:49:50.079  2880  5886 I VoWifiQoe_N: processReqInfo MSG_WIFI_SIGNAL_INFO_IND 
07-20 01:49:50.079  2880  5886 I VoWifiQoe_N: ProcessSignalInfoInd curStateIsIdle 0 
07-20 01:49:50.079  2880  5886 I VoWifiQoe_N: ProcessSignalInfoInd wifiInterruptFlg 1 enScreenState 1 curStateIsIdle 0
07-20 01:49:50.079  2880  5886 I VoWifiQoe_N: UpdateEvaluatePolicy EVALUATE_POLICY_RSSI
07-20 01:49:50.079  2880  5886 I VoWifiQoe_N: UpdateEvaluatePolicy phoneId 1 is not qoe started!
07-20 01:49:50.169  2262  7426 I Booster_Qoe: AdaBoostPredict rlt,index:6,NisPsSlow:0,NProba:312,rsrp(rssi):-57,rsrq(noise):-92,rtt(chload):200,buffhigh(uldelay):0,buffcomm(rtt):0
07-20 01:49:50.169  2262  7426 I Booster_Qoe: AdaBoostPredict rlt,index:2,NisPsSlow:0,NProba:312,rsrp(rssi):-57,rsrq(noise):-92,rtt(chload):200,buffhigh(uldelay):0,buffcomm(rtt):118
07-20 01:49:50.171  2262  2440 I chatty  : uid=1000(system) OllieAwareThrea identical 2 lines
07-20 01:49:50.172  2262  3431 I Hicom_Monitor: handleNetworkQoeReport. foregroundAppTcpRtt: 0, maxRatioChannelId: 2
07-20 01:49:50.172  2262  3431 I Hicom_Monitor: handleNetworkQoeReport. qoeString: 10677,4,0,312,1,2,4,0,312,72000,0,10,10,0,0,0,0
07-20 01:49:50.173  1578  1961 I WiFi_PRO_WifiProStateMachine: APP_SERVICE_QOE_NOTIFY Qoe info 10677,4,0,312,1,2,4,0,312,72000,0,10,10,0,0,0,0 CID 2 mMasterWifiRssi -57 mMasterCardAmbr 1048576 mSlaveCardAmbr 1048576
07-20 01:49:50.174  1578  1961 I HwWifiProServiceProxy: ctrlHwWifiNetwork pkgName: WIFIPRO_SERVICE interfaceId: 9
07-20 01:49:50.174  1578  1961 I WiFi_PRO_WifiProStateMachine: isWifi2WifiProcess = false, mIsNeedIgnoreQoeUpdate = false, mIsAppInBlacklist = false, mIsAppInBlacklistFullScreen = false, mIsWiFiNoInternet false, screen on = true, full screen = true, isLandscapeMode = true, mNotifyWifiLinkPoorReason = -1
07-20 01:49:50.174  1578  1961 I WiFi_PRO_WifiProStateMachine: mChannelQoeBadCnt = 0, mAppQoeBadCnt = 0, mNetworkSlowReason = 0, mNetworkSlowChannelBadCnt = 0
07-20 01:49:50.175  2262  7426 I Collector: HandleRawWifiInfo: flag:0, netId:0!
07-20 01:49:50.294  1578  4192 I WificondControl: Noise: -92, Snr: 28, Chload: -1, rssi: -59, txBitrate: 72, rxBitrate: 0, frequency: 2462, UlDelay: -1, currentTxBytes: 0, currentTxPackets: 515373, currentTxFailed: 757, currentRxBytes: 0, currentRxPackets: 768838
07-20 01:49:50.306  2880  5886 I VoWifiQoe_N: ProcessReqInfo ul_msgid=5
07-20 01:49:50.306  2880  5886 I VoWifiQoe_N: processReqInfo MSG_WIFI_SIGNAL_INFO_IND 
07-20 01:49:50.306  2880  5886 I VoWifiQoe_N: ProcessSignalInfoInd curStateIsIdle 0 
07-20 01:49:50.306  2880  5886 I VoWifiQoe_N: ProcessSignalInfoInd wifiInterruptFlg 1 enScreenState 1 curStateIsIdle 0
07-20 01:49:50.306  2880  5886 I VoWifiQoe_N: UpdateEvaluatePolicy EVALUATE_POLICY_RSSI
07-20 01:49:50.306  2880  5886 I VoWifiQoe_N: UpdateEvaluatePolicy phoneId 1 is not qoe started!
07-20 01:49:50.429   729   790 E ACCKIT_ : PerfMgr: fail to read 0
07-20 01:49:50.434  1578  1863 I WificondControl: Noise: -92, Snr: 26, Chload: -1, rssi: -60, txBitrate: 72, rxBitrate: 0, frequency: 2462, UlDelay: -1, currentTxBytes: 0, currentTxPackets: 515373, currentTxFailed: 757, currentRxBytes: 0, currentRxPackets: 768838
07-20 01:49:50.454  1578  1862 I TrafficMonitor: update:rxPkts:23,txPkts:26,rxBytes:9291,txBytes:2038
07-20 01:49:50.454  1578  1862 I TrafficMonitor: gettimer:interval=2000
07-20 01:49:50.476  1578  1672 I NetworkPolicy: upPwResUL:10139,idle:1,resPw:0,dIdle:0,fg=1,white=0,old=0,new=32,newUid=32,oldUid=0,resBg=0
07-20 01:49:50.476  1578  1672 I NetworkPolicy: upPwResUL:10065,idle:1,resPw:0,dIdle:0,fg=1,white=0,old=0,new=32,newUid=32,oldUid=0,resBg=0
07-20 01:49:50.516  1578  4192 I WificondControl: Noise: -92, Snr: 24, Chload: -1, rssi: -61, txBitrate: 72, rxBitrate: 0, frequency: 2462, UlDelay: -1, currentTxBytes: 0, currentTxPackets: 515373, currentTxFailed: 757, currentRxBytes: 0, currentRxPackets: 768838
07-20 01:49:50.520  2880  5886 I VoWifiQoe_N: ProcessReqInfo ul_msgid=5
07-20 01:49:50.521  2880  5886 I VoWifiQoe_N: processReqInfo MSG_WIFI_SIGNAL_INFO_IND 
07-20 01:49:50.521  2880  5886 I VoWifiQoe_N: ProcessSignalInfoInd curStateIsIdle 0 
07-20 01:49:50.521  2880  5886 I VoWifiQoe_N: ProcessSignalInfoInd wifiInterruptFlg 1 enScreenState 1 curStateIsIdle 0
07-20 01:49:50.521  2880  5886 I VoWifiQoe_N: UpdateEvaluatePolicy EVALUATE_POLICY_RSSI
07-20 01:49:50.521  2880  5886 I VoWifiQoe_N: UpdateEvaluatePolicy phoneId 1 is not qoe started!
07-20 01:49:50.553 26955 27046 I python  : [DEBUG  ] [http          ]//192.168.2.39:80 "GET /data HTTP/1.1" 200 2562
07-20 01:49:50.691 26955 27034 I python  : [DEBUG  ] [Starting new HTTP connection (1)] 192.168.2.20:80
07-20 01:49:50.704 26955 27046 I python  : [DEBUG  ] [Starting new HTTP connection (1)] 192.168.2.39:80
07-20 01:49:50.729  1578  4192 I WificondControl: Noise: -92, Snr: 27, Chload: -1, rssi: -61, txBitrate: 72, rxBitrate: 0, frequency: 2462, UlDelay: -1, currentTxBytes: 0, currentTxPackets: 515382, currentTxFailed: 757, currentRxBytes: 0, currentRxPackets: 768844
07-20 01:49:50.734  2880  5886 I VoWifiQoe_N: ProcessReqInfo ul_msgid=5
07-20 01:49:50.734  2880  5886 I VoWifiQoe_N: processReqInfo MSG_WIFI_SIGNAL_INFO_IND 
07-20 01:49:50.734  2880  5886 I VoWifiQoe_N: ProcessSignalInfoInd curStateIsIdle 0 
07-20 01:49:50.734  2880  5886 I VoWifiQoe_N: ProcessSignalInfoInd wifiInterruptFlg 1 enScreenState 1 curStateIsIdle 0
07-20 01:49:50.734  2880  5886 I VoWifiQoe_N: UpdateEvaluatePolicy EVALUATE_POLICY_RSSI
07-20 01:49:50.734  2880  5886 I VoWifiQoe_N: UpdateEvaluatePolicy phoneId 1 is not qoe started!
07-20 01:49:50.945  1578  4192 I WificondControl: Noise: -92, Snr: 27, Chload: -1, rssi: -61, txBitrate: 72, rxBitrate: 0, frequency: 2462, UlDelay: -1, currentTxBytes: 0, currentTxPackets: 515388, currentTxFailed: 757, currentRxBytes: 0, currentRxPackets: 768848
07-20 01:49:50.952  2880  5886 I VoWifiQoe_N: ProcessReqInfo ul_msgid=5
07-20 01:49:50.952  2880  5886 I VoWifiQoe_N: processReqInfo MSG_WIFI_SIGNAL_INFO_IND 
07-20 01:49:50.952  2880  5886 I VoWifiQoe_N: ProcessSignalInfoInd curStateIsIdle 0 
07-20 01:49:50.952  2880  5886 I VoWifiQoe_N: ProcessSignalInfoInd wifiInterruptFlg 1 enScreenState 1 curStateIsIdle 0
07-20 01:49:50.952  2880  5886 I VoWifiQoe_N: UpdateEvaluatePolicy EVALUATE_POLICY_RSSI
07-20 01:49:50.952  2880  5886 I VoWifiQoe_N: UpdateEvaluatePolicy phoneId 1 is not qoe started!
07-20 01:49:51.163  1578  4192 I WificondControl: Noise: -92, Snr: 27, Chload: -1, rssi: -62, txBitrate: 72, rxBitrate: 0, frequency: 2462, UlDelay: -1, currentTxBytes: 0, currentTxPackets: 515389, currentTxFailed: 757, currentRxBytes: 0, currentRxPackets: 768848
07-20 01:49:51.172  2880  5886 I VoWifiQoe_N: ProcessReqInfo ul_msgid=5
07-20 01:49:51.172  2880  5886 I VoWifiQoe_N: processReqInfo MSG_WIFI_SIGNAL_INFO_IND 
07-20 01:49:51.172  2880  5886 I VoWifiQoe_N: ProcessSignalInfoInd curStateIsIdle 0 
07-20 01:49:51.172  2880  5886 I VoWifiQoe_N: ProcessSignalInfoInd wifiInterruptFlg 1 enScreenState 1 curStateIsIdle 0
07-20 01:49:51.172  2880  5886 I VoWifiQoe_N: UpdateEvaluatePolicy EVALUATE_POLICY_RSSI
07-20 01:49:51.172  2880  5886 I VoWifiQoe_N: UpdateEvaluatePolicy phoneId 1 is not qoe started!
07-20 01:49:51.193  2262  7426 I Booster_Qoe: AdaBoostPredict rlt,index:6,NisPsSlow:0,NProba:312,rsrp(rssi):-59,rsrq(noise):-92,rtt(chload):200,buffhigh(uldelay):0,buffcomm(rtt):0
07-20 01:49:51.193  2262  7426 I Booster_Qoe: AdaBoostPredict rlt,index:2,NisPsSlow:0,NProba:341,rsrp(rssi):-59,rsrq(noise):-92,rtt(chload):200,buffhigh(uldelay):0,buffcomm(rtt):143
07-20 01:49:51.193  2262  7426 I Collector: HandleRawWifiInfo: flag:0, netId:0!
07-20 01:49:51.195  2262  3431 I Hicom_Monitor: handleNetworkQoeReport. foregroundAppTcpRtt: 0, maxRatioChannelId: 2
07-20 01:49:51.195  2262  3431 I Hicom_Monitor: handleNetworkQoeReport. qoeString: 10677,4,0,312,1,2,4,0,341,72000,0,10,10,0,0,0,0
07-20 01:49:51.196  1578  1961 I WiFi_PRO_WifiProStateMachine: APP_SERVICE_QOE_NOTIFY Qoe info 10677,4,0,312,1,2,4,0,341,72000,0,10,10,0,0,0,0 CID 2 mMasterWifiRssi -59 mMasterCardAmbr 1048576 mSlaveCardAmbr 1048576
07-20 01:49:51.196  1578  1961 I HwWifiProServiceProxy: ctrlHwWifiNetwork pkgName: WIFIPRO_SERVICE interfaceId: 9
07-20 01:49:51.197  1578  1961 I WiFi_PRO_WifiProStateMachine: isWifi2WifiProcess = false, mIsNeedIgnoreQoeUpdate = false, mIsAppInBlacklist = false, mIsAppInBlacklistFullScreen = false, mIsWiFiNoInternet false, screen on = true, full screen = true, isLandscapeMode = true, mNotifyWifiLinkPoorReason = -1
07-20 01:49:51.197  1578  1961 I WiFi_PRO_WifiProStateMachine: mChannelQoeBadCnt = 0, mAppQoeBadCnt = 0, mNetworkSlowReason = 0, mNetworkSlowChannelBadCnt = 0
07-20 01:49:51.230 26955 27034 I python  : [DEBUG  ] [http          ]//192.168.2.20:80 "GET /data HTTP/1.1" 200 2514
07-20 01:49:51.383  1578  4192 I WificondControl: Noise: -92, Snr: 34, Chload: -1, rssi: -61, txBitrate: 72, rxBitrate: 0, frequency: 2462, UlDelay: -1, currentTxBytes: 0, currentTxPackets: 515394, currentTxFailed: 757, currentRxBytes: 0, currentRxPackets: 768855
07-20 01:49:51.388  2880  5886 I VoWifiQoe_N: ProcessReqInfo ul_msgid=5
07-20 01:49:51.388  2880  5886 I VoWifiQoe_N: processReqInfo MSG_WIFI_SIGNAL_INFO_IND 
07-20 01:49:51.388  2880  5886 I VoWifiQoe_N: ProcessSignalInfoInd curStateIsIdle 0 
07-20 01:49:51.388  2880  5886 I VoWifiQoe_N: ProcessSignalInfoInd wifiInterruptFlg 1 enScreenState 1 curStateIsIdle 0
07-20 01:49:51.389  2880  5886 I VoWifiQoe_N: UpdateEvaluatePolicy EVALUATE_POLICY_RSSI
07-20 01:49:51.389  2880  5886 I VoWifiQoe_N: UpdateEvaluatePolicy phoneId 1 is not qoe started!
07-20 01:49:51.392  1578  1863 I WificondControl: Noise: -92, Snr: 34, Chload: -1, rssi: -61, txBitrate: 72, rxBitrate: 0, frequency: 2462, UlDelay: -1, currentTxBytes: 0, currentTxPackets: 515394, currentTxFailed: 757, currentRxBytes: 0, currentRxPackets: 768855
07-20 01:49:51.394  2209  2226 I bt_btif bt interface: set_adapter_property
07-20 01:49:51.395 26955 27030 I BluetoothLeAdvertiser: startAdvertising is called
07-20 01:49:51.396 26955 27030 I BluetoothAdapter: isLeEnabled(): ON
07-20 01:49:51.397 26955 27030 I BluetoothLeAdvertiser: startAdvertisingSet, calling package name = org.hackintosh1980.espgrowcontroller
07-20 01:49:51.398 26955 27030 I BluetoothAdapter: isLeEnabled(): ON
07-20 01:49:51.400  1578  1862 I WiFi_PRO: MSG_RETURN_AP_CURRY_RSSI rssi = -61
07-20 01:49:51.400  1578  1862 I QosMonitor: queryRtt: rttType = 3
07-20 01:49:51.400  1578  1862 I HwWifiProServiceProxy: ctrlHwWifiNetwork pkgName: WIFIPRO_SERVICE interfaceId: 8
07-20 01:49:51.400  1578  1962 I HuaweiWifiWatchdogStateMachine: high data flow: protection_counter = 0,  not_detect_counter = 40
07-20 01:49:51.400  1578  1962 I HuaweiWifiWatchdogStateMachine: high data flow scenario: 0 --> 0 rx bytes =80KB
07-20 01:49:51.400  1578  1962 I HuaweiWifiWatchdogStateMachine: POta txb txg rxg:0, 563, 0. Lr =0% Totpkt=563
07-20 01:49:51.401 26955 27030 I BroadcastBridge: Advertising refreshed
07-20 01:49:51.402  1578  1862 I QosMonitor: postEventFromNative: msg=100,arg1=4,arg2=10
07-20 01:49:51.402  1578  1862 I HwWifiProServiceProxy: ctrlHwWifiNetwork pkgName: WIFIPRO_SERVICE interfaceId: 8
07-20 01:49:51.402  2209  3502 I bt_stack: [INFO:btm_ble_multi_adv.cc(294)] operator() interval_ms 677966 delta_time 222034
07-20 01:49:51.402  1578  1862 I QosMonitor: postEventFromNative: msg=100,arg1=0,arg2=10
07-20 01:49:51.405  1578  1962 I HuaweiWifiWatchdogStateMachine: PTcp RTT:0, rtt pkt=0, tcp_rx=2, tcp_tx=3, tcp_reTran=0, rtRate=0
07-20 01:49:51.405  1578  1962 I HuaweiWifiWatchdogStateMachine: rssi bad, mrssi=-59 < TargetRssi=-54
07-20 01:49:51.405  1578  1962 I HuaweiWifiWatchdogStateMachine: start computeQosLevel tcpRtt = 0 ,rssi = -59 ,mBestSpeedInPeriod = 10367
07-20 01:49:51.405  1578  1962 I HuaweiWifiWatchdogStateMachine: smoothConsecutiveQosResults, currentQosLevel = 3
07-20 01:49:51.406  1578  1862 I MQoS    : rtt=2048,tcpTxPkts=172766,tcpRxPkts=342573
07-20 01:49:51.406  1578  1862 I QosMonitor: resetRtt: rttType = 3
07-20 01:49:51.406  1578  1862 I HwWifiProServiceProxy: ctrlHwWifiNetwork pkgName: WIFIPRO_SERVICE interfaceId: 8
07-20 01:49:51.407  1578 11359 I MQoS    : QOS_level:0(0),wifi-link;SIM error;use level-0
07-20 01:49:51.408  2209  2366 I bt_stack: [INFO:btif_config.cc(534)] btif_config_write: sec num:4  total:13ms  rename:0ms  wait:0ms  copy:0ms  save:12ms.
07-20 01:49:51.412 26955 26955 I BroadcastBridge: Advertising active
07-20 01:49:51.413  2560  2560 I nearby  : BleAdvertiseManager:onDeviceNameChangeEvent
07-20 01:49:51.413  2560  2560 I BatteryChangedMonitor: device name broadcast receive.
07-20 01:49:51.413  2560  2560 I BatteryChangedMonitor: receice ACTION_LOCAL_NAME_CHANGED broadcast, new device Name: LGS
07-20 01:49:51.413  2560  2560 I UniBleManager: onReceive: ACTION_LOCAL_NAME_CHANGED
07-20 01:49:51.413  2560  3481 I DeviceRepository: local device name has no change.
07-20 01:49:51.413  2560  3481 I BatteryChangedMonitor: Success to call device name listener of:Loca***, input deviceId: E05DF9EDF2429F9228F1A1F33C94FC97***
07-20 01:49:51.448  1578  1862 I TrafficMonitor: expired arrive. level:-1
07-20 01:49:51.449  1578  1862 I TrafficMonitor: during_ms:2004,period_ms:2000
07-20 01:49:51.449  1578  1862 I TrafficMonitor: count:132,rx_sum:23,tx_sum:26,rxBytes:9291,during_ms:2004,rx_speed:4636.22754491018,tx_speed:1016.9660678642715,rto:0.8846153846153846
07-20 01:49:51.449  1578  1862 I HuaweiWifiWatchdogStateMachine: Get speed information rx_speed = 4636 ,tx_speed = 1016 ,isSpeedOk = false ,mBestSpeedInPeriod = 4636
07-20 01:49:51.598  1578  4192 I WificondControl: Noise: -92, Snr: 34, Chload: -1, rssi: -61, txBitrate: 72, rxBitrate: 0, frequency: 2462, UlDelay: -1, currentTxBytes: 0, currentTxPackets: 515395, currentTxFailed: 757, currentRxBytes: 0, currentRxPackets: 768855
07-20 01:49:51.603  2880  5886 I VoWifiQoe_N: ProcessReqInfo ul_msgid=5
07-20 01:49:51.603  2880  5886 I VoWifiQoe_N: processReqInfo MSG_WIFI_SIGNAL_INFO_IND 
07-20 01:49:51.603  2880  5886 I VoWifiQoe_N: ProcessSignalInfoInd curStateIsIdle 0 
07-20 01:49:51.603  2880  5886 I VoWifiQoe_N: ProcessSignalInfoInd wifiInterruptFlg 1 enScreenState 1 curStateIsIdle 0
07-20 01:49:51.603  2880  5886 I VoWifiQoe_N: UpdateEvaluatePolicy EVALUATE_POLICY_RSSI
07-20 01:49:51.603  2880  5886 I VoWifiQoe_N: UpdateEvaluatePolicy phoneId 1 is not qoe started!
07-20 01:49:51.734  1061  6849 I iked    : [INFO]: ikev2.c:305: ikev2_periodic_task()
07-20 01:49:51.801   634  8415 I netd    : trafficSwapActiveStatsMap() <16.83ms>
07-20 01:49:51.812  1578  2760 I WificondControl: Noise: -92, Snr: 34, Chload: -1, rssi: -61, txBitrate: 72, rxBitrate: 0, frequency: 2462, UlDelay: -1, currentTxBytes: 0, currentTxPackets: 515396, currentTxFailed: 757, currentRxBytes: 0, currentRxPackets: 768855
07-20 01:49:51.816  2880  5886 I VoWifiQoe_N: ProcessReqInfo ul_msgid=5
07-20 01:49:51.816  2880  5886 I VoWifiQoe_N: processReqInfo MSG_WIFI_SIGNAL_INFO_IND 
07-20 01:49:51.816  2880  5886 I VoWifiQoe_N: ProcessSignalInfoInd curStateIsIdle 0 
07-20 01:49:51.816  2880  5886 I VoWifiQoe_N: ProcessSignalInfoInd wifiInterruptFlg 1 enScreenState 1 curStateIsIdle 0
07-20 01:49:51.816  2880  5886 I VoWifiQoe_N: UpdateEvaluatePolicy EVALUATE_POLICY_RSSI
07-20 01:49:51.816  2880  5886 I VoWifiQoe_N: UpdateEvaluatePolicy phoneId 1 is not qoe started!
07-20 01:49:51.893 26955 27046 I python  : [DEBUG  ] [http          ]//192.168.2.39:80 "GET /data HTTP/1.1" 200 2562
07-20 01:49:52.024  1578  2760 I WificondControl: Noise: -92, Snr: 31, Chload: -1, rssi: -61, txBitrate: 72, rxBitrate: 0, frequency: 2462, UlDelay: -1, currentTxBytes: 0, currentTxPackets: 515400, currentTxFailed: 757, currentRxBytes: 0, currentRxPackets: 768860
07-20 01:49:52.028  2880  5886 I VoWifiQoe_N: ProcessReqInfo ul_msgid=5
07-20 01:49:52.029  2880  5886 I VoWifiQoe_N: processReqInfo MSG_WIFI_SIGNAL_INFO_IND 
07-20 01:49:52.029  2880  5886 I VoWifiQoe_N: ProcessSignalInfoInd curStateIsIdle 0 
07-20 01:49:52.029  2880  5886 I VoWifiQoe_N: ProcessSignalInfoInd wifiInterruptFlg 1 enScreenState 1 curStateIsIdle 0
07-20 01:49:52.029  2880  5886 I VoWifiQoe_N: UpdateEvaluatePolicy EVALUATE_POLICY_RSSI
07-20 01:49:52.029  2880  5886 I VoWifiQoe_N: UpdateEvaluatePolicy phoneId 1 is not qoe started!
07-20 01:49:52.048 26955 27046 I python  : [DEBUG  ] [Starting new HTTP connection (1)] 192.168.2.39:80
07-20 01:49:52.052 26955 27034 I python  : [DEBUG  ] [Starting new HTTP connection (1)] 192.168.2.20:80
07-20 01:49:52.215  2262  7426 I Booster_Qoe: AdaBoostPredict rlt,index:6,NisPsSlow:0,NProba:312,rsrp(rssi):-61,rsrq(noise):-92,rtt(chload):200,buffhigh(uldelay):0,buffcomm(rtt):0
07-20 01:49:52.215  2262  7426 I Booster_Qoe: AdaBoostPredict rlt,index:2,NisPsSlow:0,NProba:312,rsrp(rssi):-61,rsrq(noise):-92,rtt(chload):200,buffhigh(uldelay):0,buffcomm(rtt):57
07-20 01:49:52.218  2262  7426 I Collector: HandleRawWifiInfo: flag:0, netId:0!
07-20 01:49:52.218  2262  3431 I Hicom_Monitor: handleNetworkQoeReport. foregroundAppTcpRtt: 0, maxRatioChannelId: 2
07-20 01:49:52.218  1578  1961 I WiFi_PRO_WifiProStateMachine: APP_SERVICE_QOE_NOTIFY Qoe info 10677,4,0,312,1,2,4,0,312,72000,0,10,10,0,0,0,0 CID 2 mMasterWifiRssi -61 mMasterCardAmbr 1048576 mSlaveCardAmbr 1048576
07-20 01:49:52.218  2262  3431 I Hicom_Monitor: handleNetworkQoeReport. qoeString: 10677,4,0,312,1,2,4,0,312,72000,0,10,10,0,0,0,0
07-20 01:49:52.219  1578  1961 I HwWifiProServiceProxy: ctrlHwWifiNetwork pkgName: WIFIPRO_SERVICE interfaceId: 9
07-20 01:49:52.219  1578  1961 I WiFi_PRO_WifiProStateMachine: isWifi2WifiProcess = false, mIsNeedIgnoreQoeUpdate = false, mIsAppInBlacklist = false, mIsAppInBlacklistFullScreen = false, mIsWiFiNoInternet false, screen on = true, full screen = true, isLandscapeMode = true, mNotifyWifiLinkPoorReason = -1
07-20 01:49:52.219  1578  1961 I WiFi_PRO_WifiProStateMachine: mChannelQoeBadCnt = 0, mAppQoeBadCnt = 0, mNetworkSlowReason = 0, mNetworkSlowChannelBadCnt = 0
07-20 01:49:52.237  1578  2760 I WificondControl: Noise: -92, Snr: 30, Chload: -1, rssi: -61, txBitrate: 72, rxBitrate: 0, frequency: 2462, UlDelay: -1, currentTxBytes: 0, currentTxPackets: 515404, currentTxFailed: 757, currentRxBytes: 0, currentRxPackets: 768860
07-20 01:49:52.243  2880  5886 I VoWifiQoe_N: ProcessReqInfo ul_msgid=5
07-20 01:49:52.243  2880  5886 I VoWifiQoe_N: processReqInfo MSG_WIFI_SIGNAL_INFO_IND 
07-20 01:49:52.243  2880  5886 I VoWifiQoe_N: ProcessSignalInfoInd curStateIsIdle 0 
07-20 01:49:52.243  2880  5886 I VoWifiQoe_N: ProcessSignalInfoInd wifiInterruptFlg 1 enScreenState 1 curStateIsIdle 0
07-20 01:49:52.243  2880  5886 I VoWifiQoe_N: UpdateEvaluatePolicy EVALUATE_POLICY_RSSI
07-20 01:49:52.243  2880  5886 I VoWifiQoe_N: UpdateEvaluatePolicy phoneId 1 is not qoe started!
07-20 01:49:52.251 27022 27065 I BluetoothLeAdvertiser: stopAdvertising is called
07-20 01:49:52.251 27022 27065 I BluetoothLeAdvertiser: stopAdvertisingSet, calling package name = org.hackintosh1980.espgrowcontroller
07-20 01:49:52.256  2209  2226 I bt_btif bt interface: set_adapter_property
07-20 01:49:52.256 27022 27065 I BluetoothLeAdvertiser: startAdvertising is called
07-20 01:49:52.257 27022 27065 I BluetoothAdapter: isLeEnabled(): ON
07-20 01:49:52.259 27022 27065 I BluetoothLeAdvertiser: startAdvertisingSet, calling package name = org.hackintosh1980.espgrowcontroller
07-20 01:49:52.260 27022 27065 I BluetoothAdapter: isLeEnabled(): ON
07-20 01:49:52.266 27022 27065 I BroadcastBridge: Advertising refreshed
07-20 01:49:52.266  2209  2366 I bt_stack: [INFO:btif_config.cc(534)] btif_config_write: sec num:4  total:10ms  rename:0ms  wait:0ms  copy:0ms  save:9ms.
07-20 01:49:52.267  2209  3502 I bt_stack: [INFO:btm_ble_multi_adv.cc(294)] operator() interval_ms 677101 delta_time 222899
07-20 01:49:52.271  2560  2560 I nearby  : BleAdvertiseManager:onDeviceNameChangeEvent
07-20 01:49:52.272  2560  2560 I BatteryChangedMonitor: device name broadcast receive.
07-20 01:49:52.272  2560  2560 I BatteryChangedMonitor: receice ACTION_LOCAL_NAME_CHANGED broadcast, new device Name: LGS
07-20 01:49:52.272  2560  2560 I UniBleManager: onReceive: ACTION_LOCAL_NAME_CHANGED
07-20 01:49:52.272  2560  3481 I DeviceRepository: local device name has no change.
07-20 01:49:52.273  2560  3481 I BatteryChangedMonitor: Success to call device name listener of:Loca***, input deviceId: E05DF9EDF2429F9228F1A1F33C94FC97***
07-20 01:49:52.295 27022 27022 I BroadcastBridge: Advertising active
07-20 01:49:52.305  2262  2440 I OllieMsgCenter: publishEvt=2135097345
