--------- beginning of system
07-20 01:44:30.221  1578  2769 I ActivityManager: Force stopping org.hackintosh1980.espgrowcontroller appid=10677 user=0: from pid 24695by app
07-20 01:44:30.224  1578  2769 I ActivityManager: Start to clean activity stack when force stop the app org.hackintosh1980.espgrowcontroller , reason:from pid 24695by app
07-20 01:44:30.228  1578  2769 I chatty  : uid=1000(system) Binder:1578_16 identical 2 lines
07-20 01:44:30.236  1578  1578 I AlarmManager: UninstallReceiver onReceive action:android.intent.action.PACKAGE_RESTARTED
07-20 01:44:30.239  2262  2262 I HwCoreAppHelperService: LocalReceiver receives:android.intent.action.PACKAGE_RESTARTED,pkg:org.hackintosh1980.espgrowcontroller,uid:10677
07-20 01:44:30.395  1578  2466 I ActivityManager: Force stopping org.hackintosh1980.espgrowcontroller appid=10677 user=0: from pid 24701by app
07-20 01:44:30.401  1578  2466 I ActivityManager: Start to clean activity stack when force stop the app org.hackintosh1980.espgrowcontroller , reason:from pid 24701by app
07-20 01:44:30.404  1578  2466 I chatty  : uid=1000(system) Binder:1578_B identical 2 lines
07-20 01:44:30.414  1578  1578 I AlarmManager: UninstallReceiver onReceive action:android.intent.action.PACKAGE_RESTARTED
07-20 01:44:30.419  2262  2262 I HwCoreAppHelperService: LocalReceiver receives:android.intent.action.PACKAGE_RESTARTED,pkg:org.hackintosh1980.espgrowcontroller,uid:10677
07-20 01:44:30.670  1578  2466 I ActivityTaskManager: START u0 {flg=0x10000000 hwFlg=0x10 cmp=org.hackintosh1980.espgrowcontroller/org.kivy.android.PythonActivity} from uid 2000
07-20 01:44:30.671  1578  2466 I HwActivityTaskManagerServiceEx: developer mode, not limit.
07-20 01:44:30.678  1578  2466 I ActivityTaskManager: Background activity start for com.android.shell allowed because START_ACTIVITIES_FROM_BACKGROUND permission is granted
07-20 01:44:30.683  1578  2466 I ActivityTaskManager: ActivityRecord info: ActivityInfo{d25345d org.kivy.android.PythonActivity}
07-20 01:44:30.761  1578  2466 I WindowManager: addWindowToken: displayid:0 binder:Token{62f79a0 ActivityRecord{bb9d1d2 u0 org.hackintosh1980.espgrowcontroller/org.kivy.android.PythonActivity t8781}} token:AppWindowToken{b05b959 token=Token{62f79a0 ActivityRecord{bb9d1d2 u0 org.hackintosh1980.espgrowcontroller/org.kivy.android.PythonActivity t8781}}}
07-20 01:44:30.767  1578  2466 I ActivityTaskManager: setAppStartingWindow: token=Token{62f79a0 ActivityRecord{bb9d1d2 u0 org.hackintosh1980.espgrowcontroller/org.kivy.android.PythonActivity t8781}} pkg=org.hackintosh1980.espgrowcontroller transferFrom=null newTask=true taskSwitch=true processRunning=false allowTaskSnapshot=true activityCreated=false LowRamTaskSnapshots=false
07-20 01:44:30.773  1578  2466 I WindowManager: mAodShowing=false isWindowManagerDrawComplete=false
07-20 01:44:30.774  1578  2466 I WindowManager: performshow Window{30d0897 u0 com.android.settings} tok.waitingToShow=false isTransitionSet=true parentHidden=false vis=0 tok.hidden=false hasSurface=true policyVis=false destroying=false animating=false
07-20 01:44:30.783  1578  1660 I WindowManager: performshow Window{30d0897 u0 com.android.settings} tok.waitingToShow=false isTransitionSet=true parentHidden=false vis=0 tok.hidden=false hasSurface=true policyVis=false destroying=false animating=false
07-20 01:44:30.787  1578  1659 I BigFontUtils: adjustAppProcessConfiguration appInfo:org.hackintosh1980.espgrowcontroller
07-20 01:44:30.839  1578  1676 I ActivityManager: Start proc 24704:org.hackintosh1980.espgrowcontroller/u0a677 for activity {org.hackintosh1980.espgrowcontroller/org.kivy.android.PythonActivity}
07-20 01:44:30.977  1578  4191 I HwWindowManagerServiceEx: setLandAnimationInfo : false
07-20 01:44:30.978  1578  1578 I HwMultiDisplayManager: onDisplayChanged: 0
07-20 01:44:30.978  1578  4191 I WindowManager: mAodShowing=false isWindowManagerDrawComplete=false
07-20 01:44:30.978  1578  2204 I AlarmManager: remove alarm:Alarm{6a28fcc type 3 when 420357797 PendingIntent{6784913: PendingIntentRecord{f2d1750 android broadcastIntent}}android procName system} according to operation:6784913
07-20 01:44:30.979  1578  4191 I WindowManager: performshow Window{30d0897 u0 com.android.settings} tok.waitingToShow=false isTransitionSet=true parentHidden=false vis=0 tok.hidden=false hasSurface=true policyVis=false destroying=false animating=false
07-20 01:44:30.980  1578  4191 I DisplayDevice: setProjectionLocked displayId 0 orientation(0->0) LayerStackRect(Rect(0, 0 - 1080, 2160)->Rect(0, 0 - 1080, 2160)) DisplayRect(Rect(0, 0 - 1080, 2160)->Rect(0, 0 - 1080, 2160))
07-20 01:44:30.981  1578  4191 I DisplayDevice: isNeedRefreshOrientaion orientation 0
07-20 01:44:30.984  1578  4191 W HwActivityTaskManagerServiceEx: appSwitch from: com.huawei.android.launcher to: org.hackintosh1980.espgrowcontroller
07-20 01:44:30.998  1578  4191 I WindowManager: Animation done in AppWindowToken{b05b959 token=Token{62f79a0 ActivityRecord{bb9d1d2 u0 org.hackintosh1980.espgrowcontroller/org.kivy.android.PythonActivity t8781}}} isHidden:false hiddenRequested:false
07-20 01:44:31.000  1578  4191 I WindowManager: Animation done in AppWindowToken{b05b959 token=Token{62f79a0 ActivityRecord{bb9d1d2 u0 org.hackintosh1980.espgrowcontroller/org.kivy.android.PythonActivity t8781}}} isHidden:true hiddenRequested:true
07-20 01:44:31.000  1578  4191 I WindowManager: Attempted to take screenshot while display was off.
07-20 01:44:31.004  1578  1660 I WindowManager: mAodShowing=false isWindowManagerDrawComplete=false
07-20 01:44:31.005  1578  1660 I WindowManager: performshow Window{30d0897 u0 com.android.settings} tok.waitingToShow=false isTransitionSet=true parentHidden=false vis=0 tok.hidden=false hasSurface=true policyVis=false destroying=false animating=false
07-20 01:44:31.007  1578  1660 I WindowManager: Checking 0 opening apps (frozen=false timeout=false)...
07-20 01:44:31.007  1578  1660 I WindowManager: unknownApps is not empty: app=AppWindowToken{b05b959 token=Token{62f79a0 ActivityRecord{bb9d1d2 u0 org.hackintosh1980.espgrowcontroller/org.kivy.android.PythonActivity t8781}}} state=1
07-20 01:44:31.010  1578  1657 I HwActivityStackSupervisorEx: handleVrDisplayChanged displayId = 0
07-20 01:44:31.010  1578  1657 W HwActivityStackSupervisorEx: handleVrDisplayChanged other vr mode displayId: 0
07-20 01:44:31.011  1578  1660 I WindowManager: mAodShowing=false isWindowManagerDrawComplete=false
07-20 01:44:31.012 24704 24723 I ActivityThread: Init compatible state: true
07-20 01:44:31.012  1578  1660 I WindowManager: performshow Window{30d0897 u0 com.android.settings} tok.waitingToShow=false isTransitionSet=true parentHidden=false vis=0 tok.hidden=false hasSurface=true policyVis=false destroying=false animating=false
07-20 01:44:31.014  1578  1660 I WindowManager: Checking 0 opening apps (frozen=false timeout=false)...
07-20 01:44:31.015  1578  1660 I WindowManager: unknownApps is not empty: app=AppWindowToken{b05b959 token=Token{62f79a0 ActivityRecord{bb9d1d2 u0 org.hackintosh1980.espgrowcontroller/org.kivy.android.PythonActivity t8781}}} state=1
07-20 01:44:31.020  1578  1660 I WindowManager: performshow Window{30d0897 u0 com.android.settings} tok.waitingToShow=false isTransitionSet=true parentHidden=false vis=0 tok.hidden=false hasSurface=true policyVis=false destroying=false animating=false
07-20 01:44:31.023  1578  1660 I WindowManager: mAodShowing=false isWindowManagerDrawComplete=false
07-20 01:44:31.024  1578  1660 I WindowManager: performshow Window{30d0897 u0 com.android.settings} tok.waitingToShow=false isTransitionSet=true parentHidden=false vis=0 tok.hidden=false hasSurface=true policyVis=false destroying=false animating=false
07-20 01:44:31.026  1578  1660 I WindowManager: Checking 0 opening apps (frozen=false timeout=false)...
07-20 01:44:31.026  1578  1660 I WindowManager: unknownApps is not empty: app=AppWindowToken{b05b959 token=Token{62f79a0 ActivityRecord{bb9d1d2 u0 org.hackintosh1980.espgrowcontroller/org.kivy.android.PythonActivity t8781}}} state=1
07-20 01:44:31.037  1578  1660 I WindowManager: performshow Window{30d0897 u0 com.android.settings} tok.waitingToShow=false isTransitionSet=true parentHidden=false vis=0 tok.hidden=false hasSurface=true policyVis=false destroying=false animating=false
07-20 01:44:31.049  1578  5183 I HwNetworkManagementService: chr appuid set succeeded
07-20 01:44:31.057  2635  4015 W ContextImpl: Calling a method in the system process without a qualified user: android.app.ContextImpl.sendBroadcast:1183 android.content.ContextWrapper.sendBroadcast:453 com.huawei.iaware.userhabit.recog.NRTAppTypeRecogManager.reportAppTypeUpdate:814 com.huawei.iaware.userhabit.recog.NRTAppTypeRecogManager.addAppType:475 com.huawei.iaware.userhabit.recog.NRTAppTypeRecogManager.recoAppType:182 
07-20 01:44:31.063  1578  5171 I HwAudioService: now type = 28,reportForegroundAppType = -1systemload = 28VOIP_OPTIMIZE_IN_GAMEMODEtrue
07-20 01:44:31.065  1578  5203 I HwNetworkPolicy: onTransact, code = 203
07-20 01:44:31.065  2334  2460 I HwNetworkPolicyManager: getHwUidPolicy uid = 10677 policy = 0
07-20 01:44:31.160 24704 24704 I ActivityThread: finishPreloaded preloadStatus 0
07-20 01:44:31.478  1578  1854 E WindowManager: App trying to use insecure INPUT_FEATURE_NO_INPUT_CHANNEL flag. Ignoring
07-20 01:44:31.484  1578  1854 I WindowManager: addWindow: Window{cf65382 u0 org.hackintosh1980.espgrowcontroller/org.kivy.android.PythonActivity} client:android.os.BinderProxy@d40eecd currentDisplayId:0 requestDisplayId:0 token:Token{62f79a0 ActivityRecord{bb9d1d2 u0 org.hackintosh1980.espgrowcontroller/org.kivy.android.PythonActivity t8781}}
07-20 01:44:31.491  1578  1660 I WindowManager: performshow Window{30d0897 u0 com.android.settings} tok.waitingToShow=false isTransitionSet=true parentHidden=false vis=0 tok.hidden=false hasSurface=true policyVis=false destroying=false animating=false
07-20 01:44:31.496  1578  1668 I HwAudioServiceEx: ComponentInfo : className = org.kivy.android.PythonActivity, flag = onResume, isHomeActivity = , isTop = true
07-20 01:44:31.498  1578  1891 W HwAudioServiceEx: SoundEffectState bundle get reserved is invalid
07-20 01:44:31.502  1578  1659 W ActivityTaskManager: Activity pause timeout for ActivityRecord{bb9d1d2 u0 org.hackintosh1980.espgrowcontroller/org.kivy.android.PythonActivity t8781}
07-20 01:44:31.504  1578  1659 I WindowManager: mAodShowing=false isWindowManagerDrawComplete=false
07-20 01:44:31.506  1578  1659 I WindowManager: performshow Window{30d0897 u0 com.android.settings} tok.waitingToShow=false isTransitionSet=true parentHidden=false vis=0 tok.hidden=false hasSurface=true policyVis=false destroying=false animating=false
07-20 01:44:31.508  1578  1659 I WindowManager: Checking 0 opening apps (frozen=false timeout=false)...
07-20 01:44:31.508  1578  1659 I WindowManager: unknownApps is not empty: app=AppWindowToken{b05b959 token=Token{62f79a0 ActivityRecord{bb9d1d2 u0 org.hackintosh1980.espgrowcontroller/org.kivy.android.PythonActivity t8781}}} state=2
07-20 01:44:31.511  2262  2440 I NetworkQoeChr: checkForegroundApp timer end
07-20 01:44:31.512  1578  1668 I HwAudioServiceEx: ComponentInfo : className = org.kivy.android.PythonActivity, flag = onPause, isHomeActivity = , isTop = false
07-20 01:44:31.512  1578  1891 W HwAudioServiceEx: SoundEffectState bundle get reserved is invalid
07-20 01:44:31.513  2262  2440 I SmartDualCardConfig: getAppType,pkgName=org.hackintosh1980.espgrowcontroller,appType=-1
07-20 01:44:31.514  2262  2440 E SmartDualCardConfig: isAppInBlackList false,items==null
07-20 01:44:31.514  2262  2440 I PowerMsgAdapter: addUidChanged uid: 10677
07-20 01:44:31.523  1578  1660 I WindowManager: performshow Window{30d0897 u0 com.android.settings} tok.waitingToShow=false isTransitionSet=true parentHidden=false vis=0 tok.hidden=false hasSurface=true policyVis=false destroying=false animating=false
07-20 01:44:31.526  2262  2440 E Booster_MatterAppRecommend: [isMatterPackage]invalid mMatterPackagesConfig
07-20 01:44:31.526  2262  2440 I HidataAppQoeP: foregroundUidRemove uid: 10677 name: org.hackintosh1980.espgrowcontroller
07-20 01:44:31.530  1578  1854 I WindowManager: mAodShowing=false isWindowManagerDrawComplete=false
07-20 01:44:31.532  1578  1854 I WindowManager: performshow Window{30d0897 u0 com.android.settings} tok.waitingToShow=false isTransitionSet=true parentHidden=false vis=0 tok.hidden=false hasSurface=true policyVis=false destroying=false animating=false
07-20 01:44:31.533  2262  2440 I SmartDualCardConfig: getAppType,pkgName=org.hackintosh1980.espgrowcontroller,appType=-1
07-20 01:44:31.533  2262  2440 E SmartDualCardConfig: isAppInBlackList false,items==null
07-20 01:44:31.534  1578  1854 I WindowManager: Checking 0 opening apps (frozen=false timeout=false)...
07-20 01:44:31.535  1578  1854 I WindowManager: unknownApps is not empty: app=AppWindowToken{b05b959 token=Token{62f79a0 ActivityRecord{bb9d1d2 u0 org.hackintosh1980.espgrowcontroller/org.kivy.android.PythonActivity t8781}}} state=2
07-20 01:44:31.538  1578  1854 I WindowManager: mAodShowing=false isWindowManagerDrawComplete=false
07-20 01:44:31.539  1578  1854 I WindowManager: performshow Window{30d0897 u0 com.android.settings} tok.waitingToShow=false isTransitionSet=true parentHidden=false vis=0 tok.hidden=false hasSurface=true policyVis=false destroying=false animating=false
07-20 01:44:31.542  1578  1854 I WindowManager: Checking 0 opening apps (frozen=false timeout=false)...
07-20 01:44:31.542  1578  1854 I WindowManager: Checking 0 opening apps (frozen=false timeout=false)...
07-20 01:44:31.543  1578  1854 I WindowManager: send SET_LAUNCHER_VISIBLE_IN_FINGER_BOOST visible: true,delay:0, handle:true, userId:0, callingPid: 1578
07-20 01:44:31.543  1578  1854 I HwWindowManagerServiceEx: closing apps count = 0
07-20 01:44:31.547  1578  1854 I WindowManager: mAodShowing=false isWindowManagerDrawComplete=false
07-20 01:44:31.548  1578  1854 I WindowManager: performshow Window{30d0897 u0 com.android.settings} tok.waitingToShow=false isTransitionSet=false parentHidden=false vis=0 tok.hidden=false hasSurface=true policyVis=false destroying=false animating=false
07-20 01:44:31.554  1578  1659 I WindowManager: handle SET_LAUNCHER_VISIBLE_IN_FINGER_BOOST visible:true handle:trueuserId:0, currentUserId:0
07-20 01:44:31.556  1578  1659 I WindowManager: setLauncherVisible setAlpha to 1.0
07-20 01:44:31.559  1578  1660 I WindowManager: performshow Window{30d0897 u0 com.android.settings} tok.waitingToShow=false isTransitionSet=false parentHidden=false vis=0 tok.hidden=false hasSurface=true policyVis=false destroying=false animating=false
07-20 01:44:31.594  1578  1854 I WindowManager: notifyAppStopped: AppWindowToken{b05b959 token=Token{62f79a0 ActivityRecord{bb9d1d2 u0 org.hackintosh1980.espgrowcontroller/org.kivy.android.PythonActivity t8781}}}
07-20 01:44:32.029  1578  1777 I HwBatteryService: power_ui state= 1 mQuickChargeStatus=1
07-20 01:44:32.029  1578  1777 I HwBatteryService: handleWirelessTxStatus
07-20 01:44:32.029  1578  1777 I HwBatteryService: switch not open, return, mWirelessTxFlag : 0
07-20 01:44:32.029  1578  1777 W HwBatteryService: need return. Invalid value: -1
07-20 01:44:32.030  1578  1777 I HwBatteryService: IS_WATCH : false
07-20 01:44:35.987  1578  1854 I WindowManager: mAodShowing=false isWindowManagerDrawComplete=false
07-20 01:44:35.988  1578  1854 I WindowManager: performshow Window{30d0897 u0 com.android.settings} tok.waitingToShow=false isTransitionSet=false parentHidden=false vis=0 tok.hidden=false hasSurface=true policyVis=false destroying=false animating=false
07-20 01:44:36.012  1578  1660 I WindowManager: performshow Window{30d0897 u0 com.android.settings} tok.waitingToShow=false isTransitionSet=false parentHidden=false vis=0 tok.hidden=false hasSurface=true policyVis=false destroying=false animating=false
07-20 01:44:36.023  1578  1854 I WindowManager: mAodShowing=false isWindowManagerDrawComplete=false
07-20 01:44:36.025  1578  1854 I WindowManager: performshow Window{30d0897 u0 com.android.settings} tok.waitingToShow=false isTransitionSet=false parentHidden=false vis=0 tok.hidden=false hasSurface=true policyVis=false destroying=false animating=false
07-20 01:44:36.032  1578  1660 I WindowManager: performshow Window{30d0897 u0 com.android.settings} tok.waitingToShow=false isTransitionSet=false parentHidden=false vis=0 tok.hidden=false hasSurface=true policyVis=false destroying=false animating=false
07-20 01:44:51.136  1578 11359 I chatty  : uid=1000(system) MobileQosDetect identical 2 lines
07-20 01:44:57.475  1578  1686 I PowerManagerService: handleSandman: wakefulness: 0,startDreaming: false
07-20 01:44:57.478  1578  1799 I ActivityManager: sendIntentSender target:PendingIntentRecord{a393cec com.huawei.android.totemweather broadcastIntent}, intent:flg=0x4 hwFlg=0x810
07-20 01:44:57.492  1578  1799 I ActivityManager: sendIntentSender target:PendingIntentRecord{66104e com.whatsapp broadcastIntent}, intent:flg=0x4 hwFlg=0x810
07-20 01:44:57.495  1578  1799 I ActivityManager: sendIntentSender target:PendingIntentRecord{5560c16 com.huawei.nearby broadcastIntent}, intent:flg=0x4 hwFlg=0x810
07-20 01:44:57.520  1578  1799 I ActivityManager: sendIntentSender target:PendingIntentRecord{b9327d1 com.google.android.gms broadcastIntent}, intent:flg=0x4 hwFlg=0x810
07-20 01:44:57.546  1578  1578 I ActivityManager: Force stopping com.huawei.behaviorauth appid=10082 user=0: from pid 1578
07-20 01:44:57.547  1578  1578 I ActivityManager: Killing 24324:com.huawei.behaviorauth/u0a82 (adj 0): stop com.huawei.behaviorauthfrom pid 1578
07-20 01:44:57.549  1578  1668 I HwPowerManagerService: appdie release wakelock, pid = 24324, uid = 10082
07-20 01:44:57.550  1578  1891 W HwAudioServiceEx: SoundEffectState bundle get reserved is invalid
07-20 01:44:57.552  1578  1578 I ActivityManager: Start to clean activity stack when force stop the app com.huawei.behaviorauth , reason:from pid 1578
07-20 01:44:57.559  1578  1578 I chatty  : uid=1000 system_server identical 2 lines
07-20 01:44:57.567  2262  2262 I HwCoreAppHelperService: LocalReceiver receives:android.intent.action.PACKAGE_RESTARTED,pkg:com.huawei.behaviorauth,uid:10082
07-20 01:44:57.575  1578  2207 E HwActivityManagerServiceEx: getProcessRecordFromMTM process info is null ,mUid :24324
07-20 01:44:57.581  1578  1854 W ActivityManager_service: Service done with onDestroy, but not inDestroying:ServiceRecord{2216cbb u0 com.huawei.behaviorauth/.HwBehaviorAuthService}, app=ProcessRecord{d02319a 0:com.huawei.behaviorauth/u0a82}
07-20 01:44:57.595  1578  1578 I AlarmManager: UninstallReceiver onReceive action:android.intent.action.PACKAGE_RESTARTED
07-20 01:44:57.596  1578  1686 I PowerManagerService: handleSandman: wakefulness: 0,startDreaming: false
07-20 01:44:57.637  1578  1686 I chatty  : uid=1000(system) PowerManagerSer identical 2 lines
07-20 01:44:57.680  1578  1686 I PowerManagerService: handleSandman: wakefulness: 0,startDreaming: false
07-20 01:44:57.741  1578  4191 I AlarmManager: remove alarm:Alarm{b54b05c type 2 when 334160168 PendingIntent{8f3bef5: PendingIntentRecord{a75248a com.whatsapp broadcastIntent}}com.whatsapp procName com.whatsapp} according to operation:3f34f65
07-20 01:44:57.886 30815 24545 W PackageParser: Unknown element under <manifest>: queries at /data/user_de/0/com.google.android.gms/app_chimera/m/0000099e/dl-BetterTogether.optional_262634100000.apk Binary XML file line #15
07-20 01:44:57.908 30815 24545 W PackageParser: Unknown element under <manifest>: queries at /data/user_de/0/com.google.android.gms/app_chimera/m/00000999/dl-Fastpair.optional_262634100000.apk Binary XML file line #15
07-20 01:44:57.932 30815 24545 W PackageParser: Unknown element under <manifest>: queries at /data/user_de/0/com.google.android.gms/app_chimera/m/0000099c/dl-IdentityCredentialsPlatform.optional_262634100400.apk Binary XML file line #15
07-20 01:44:57.955 30815 24545 W PackageParser: Unknown element under <manifest>: queries at /data/user_de/0/com.google.android.gms/app_chimera/m/000008ca/dl-MapsCoreDynamite.integ_260830202100400.apk Binary XML file line #15
07-20 01:44:57.976 30815 24545 W PackageParser: Unknown element under <manifest>: queries at /data/user_de/0/com.google.android.gms/app_chimera/m/000009a1/dl-MlkitDocscan.optional_262634100400.apk Binary XML file line #11
07-20 01:44:57.996 30815 24545 W PackageParser: Unknown element under <manifest>: queries at /data/user_de/0/com.google.android.gms/app_chimera/m/0000099f/dl-MlkitDocscanStain.optional_262634100400.apk Binary XML file line #11
07-20 01:44:58.020 30815 24545 W PackageParser: Unknown element under <manifest>: queries at /data/user_de/0/com.google.android.gms/app_chimera/m/000009a0/dl-MlkitDocscanUi.optional_262634100400.apk Binary XML file line #15
07-20 01:44:58.040 30815 24545 W PackageParser: Unknown element under <manifest>: queries at /data/user_de/0/com.google.android.gms/app_chimera/m/000009a5/dl-MlkitOcrCommon.optional_262634100400.apk Binary XML file line #11
07-20 01:44:58.053  1578  1891 I HwAudioServiceEx: HwAudioHandlerEx receive unknown msg
07-20 01:44:58.068 30815 24545 W PackageParser: Unknown element under <manifest>: queries at /data/user_de/0/com.google.android.gms/app_chimera/m/000009a2/dl-Pay.optional_262634100400.apk Binary XML file line #11
07-20 01:44:58.136 30815 24545 W PackageParser: Unknown element under <manifest>: queries at /data/user_de/0/com.google.android.gms/app_chimera/m/000009a3/dl-VisionBarcode.optional_262634100400.apk Binary XML file line #11
07-20 01:44:58.216 30815 24545 W PackageParser: Unknown element under <manifest>: queries at /data/user_de/0/com.google.android.gms/app_chimera/m/000007f9/dl-AdsFdrDynamite.integ_260480602100000.apk Binary XML file line #15
07-20 01:44:58.310 30815 24545 W PackageParser: Unknown element under <manifest>: queries at /data/user_de/0/com.google.android.gms/app_chimera/m/000009a9/DynamiteModulesC.uncompressed.apk Binary XML file line #15
07-20 01:44:58.351 30815 24545 W PackageParser: Unknown element under <manifest>: queries at /data/user_de/0/com.google.android.gms/app_chimera/m/000009ab/MapsDynamite.uncompressed.apk Binary XML file line #15
07-20 01:44:58.393 30815 24545 W PackageParser: Unknown element under <manifest>: queries at /data/user_de/0/com.google.android.gms/app_chimera/m/0000093e/dl-AdsFdrDynamite.integ_261710500100000.apk Binary XML file line #15
07-20 01:44:58.447  1578  1686 I PowerManagerService: handleSandman: wakefulness: 0,startDreaming: false
07-20 01:44:58.484  1578  1686 I chatty  : uid=1000(system) PowerManagerSer identical 3 lines
07-20 01:44:58.504  1578  1686 I PowerManagerService: handleSandman: wakefulness: 0,startDreaming: false
07-20 01:45:02.772  1578  1777 I HwBatteryService: power_ui state= 1 mQuickChargeStatus=1
07-20 01:45:02.773  1578  1777 I HwBatteryService: handleWirelessTxStatus
07-20 01:45:02.773  1578  1777 I HwBatteryService: switch not open, return, mWirelessTxFlag : 0
07-20 01:45:02.773  1578  1777 W HwBatteryService: need return. Invalid value: -1
07-20 01:45:02.774  1578  1777 I HwBatteryService: IS_WATCH : false
07-20 01:45:15.181  1578 11359 I chatty  : uid=1000(system) MobileQosDetect identical 3 lines
07-20 01:45:20.335  1122  1148 I storaged: storaged_t::event: storage_info refreshed.
07-20 01:45:27.696  1578  1854 I ActivityManager: sendIntentSender target:PendingIntentRecord{97bdca9 com.huawei.systemserver broadcastIntent}, intent:hwFlg=0x10
07-20 01:45:27.711  1578  1686 I PowerManagerService: handleSandman: wakefulness: 0,startDreaming: false
07-20 01:45:27.726  2262  2440 E OllieTelephony: sendFullData err:-2
07-20 01:45:27.727  1578  1686 I PowerManagerService: handleSandman: wakefulness: 0,startDreaming: false
07-20 01:45:31.553  1578  1777 I HwBatteryService: power_ui state= 1 mQuickChargeStatus=1
07-20 01:45:31.553  1578  1777 I HwBatteryService: handleWirelessTxStatus
07-20 01:45:31.553  1578  1777 I HwBatteryService: switch not open, return, mWirelessTxFlag : 0
07-20 01:45:31.553  1578  1777 W HwBatteryService: need return. Invalid value: -1
07-20 01:45:31.554  1578  1777 I HwBatteryService: IS_WATCH : false
07-20 01:45:31.585  1578  1686 I PowerManagerService: handleSandman: wakefulness: 0,startDreaming: false
07-20 01:45:31.585  1578  1578 I DE J DES: [effect] BroadcastReceiver.onReceive() action:android.intent.action.BATTERY_CHANGED
07-20 01:45:31.585  1578  1578 W DE J DES: [effect] ChargingStateReceiver on recieve, mDisplayManager is null! returned.
07-20 01:45:33.000  1578  1686 I PowerManagerService: handleSandman: wakefulness: 0,startDreaming: false
07-20 01:45:33.066  1578  1839 W ContextImpl: Calling a method in the system process without a qualified user: android.app.ContextImpl.startService:1698 com.android.server.policy.HwPhoneWindowManager.notifyVassistantService:6284 com.android.server.policy.HwPhoneWindowManager.interceptKeyBeforeQueueing:3109 com.android.server.wm.InputManagerCallback.interceptKeyBeforeQueueing:187 com.android.server.input.InputManagerService.interceptKeyBeforeQueueing:2150 
07-20 01:45:33.112  1578  1676 I ActivityManager: Start proc 24887:com.huawei.camera/u0a142 for service {com.huawei.camera/com.huawei.rapidcapture.RapidCaptureService}
07-20 01:45:33.138  1578  1676 I ActivityManager: Start proc 24893:com.huawei.vassistant/u0a133 for service {com.huawei.vassistant/com.huawei.ziri.service.ModelService}
07-20 01:45:33.473  1578  1777 I HwBatteryService: power_ui state= 1 mQuickChargeStatus=1
07-20 01:45:33.473  1578  1777 I HwBatteryService: handleWirelessTxStatus
07-20 01:45:33.473  1578  1777 I HwBatteryService: switch not open, return, mWirelessTxFlag : 0
07-20 01:45:33.473  1578  1777 W HwBatteryService: need return. Invalid value: -1
07-20 01:45:33.474  1578  1777 I HwBatteryService: IS_WATCH : false
07-20 01:45:33.568 24887 24923 I ActivityThread: Init compatible state: false
07-20 01:45:33.568 24893 24924 I ActivityThread: Init compatible state: false
07-20 01:45:33.578  1578  1686 I PowerManagerService: handleSandman: wakefulness: 0,startDreaming: false
07-20 01:45:33.623 24887 24887 I LoadedApk: makePaths: outLibPaths=[/hw_product/app/HwCamera2/lib/arm, /hw_product/app/HwCamera2/base-master.apk!/lib/armeabi-v7a, /system/lib:/hw_product/lib]
07-20 01:45:33.623 24893 24893 I LoadedApk: makePaths: outLibPaths=[/hw_product/region_comm/oversea/app/HwVAssistant/lib/arm, /hw_product/region_comm/oversea/app/HwVAssistant/HwVAssistant.apk!/lib/armeabi-v7a, /system/lib:/hw_product/lib]
07-20 01:45:33.867 24893 24893 I ActivityThread: finishPreloaded preloadStatus 0
07-20 01:45:33.881  1578  1686 I PowerManagerService: handleSandman: wakefulness: 0,startDreaming: false
07-20 01:45:33.940 24887 24887 I ActivityThread: finishPreloaded preloadStatus 0
07-20 01:45:34.023  1578  1686 I PowerManagerService: handleSandman: wakefulness: 0,startDreaming: false
07-20 01:45:34.290  1578  2706 I CameraService_proxy: Get isLightStrapCaseOn in cameraserviceproxy.
07-20 01:45:34.315  1578  1686 I PowerManagerService: handleSandman: wakefulness: 0,startDreaming: false
07-20 01:45:34.316  1578  1686 I chatty  : uid=1000(system) PowerManagerSer identical 1 line
07-20 01:45:34.971  1578  1686 I PowerManagerService: handleSandman: wakefulness: 0,startDreaming: false
07-20 01:45:34.975  1578  1839 W ContextImpl: Calling a method in the system process without a qualified user: android.app.ContextImpl.startService:1698 com.android.server.policy.HwPhoneWindowManager.notifyVassistantService:6284 com.android.server.policy.HwPhoneWindowManager.interceptKeyBeforeQueueing:3109 com.android.server.wm.InputManagerCallback.interceptKeyBeforeQueueing:187 com.android.server.input.InputManagerService.interceptKeyBeforeQueueing:2150 
07-20 01:45:35.016  1578  1686 I PowerManagerService: handleSandman: wakefulness: 0,startDreaming: false
07-20 01:45:35.017  1578  1686 I PowerManagerService: handleSandman: wakefulness: 0,startDreaming: false
07-20 01:45:35.481  1578  1686 I PowerManagerService: handleSandman: wakefulness: 0,startDreaming: false
07-20 01:45:35.783  1578  1839 I WindowManager: telecomManager check ringing, mIncallPowerBehavior = 1,interactive=false
07-20 01:45:35.783  1578  1839 I WindowManager: hungUp=false, mScreenshotChordVolumeDownKeyTriggered=false, mA11yShortcutChordVolumeUpKeyTriggered=false, gesturedServiceIntercepted=false, mPowerKeyHandledByTv=false
07-20 01:45:35.784  1578  1686 I PowerManagerService: handleSandman: wakefulness: 0,startDreaming: false
07-20 01:45:35.785  1578  1839 I PowerManagerService: UL_Power Waking up from Asleep (uid=1000, reason=WAKE_REASON_POWER_BUTTON, details=android.policy:POWER)...
07-20 01:45:35.787  1578  1578 W UsageStatsService: Event reported without a package name, eventType:15
07-20 01:45:35.789  1578  1839 I HwPowerManagerService: setColorTemperatureAccordingToSetting new from displayengine.
07-20 01:45:35.789  1578  1839 W HwPowerManagerService: ColorTemperature read from setting failed, and set default values
07-20 01:45:35.790  1578  1686 I PowerManagerService: Face Dectect wakeUpInternal type:android.policy:POWER#1000
07-20 01:45:35.795  1578  1657 I AOD_HwPWM: startAodService mAodSwitch=0 mAODState=-1 aodState=100 mIsFingerprintEnabledBySettings=false mFingerprintType=0
07-20 01:45:35.796  1578  1839 I PowerManagerService: need acquire DisplaySuspendBlocker
07-20 01:45:35.797  1578  1686 I DisplayPowerController: LightSensorEnable change false -> true
07-20 01:45:35.802  1578  1578 I WindowManager: UL_Power Started waking up... (why=ON_BECAUSE_OF_USER)
07-20 01:45:35.803  1578  2706 I HwLKSS  : getStrongAuthSolution userId:0 weaverFlag 0
07-20 01:45:35.803  1578  2706 I HwLKSS  : getStrongAuthSolution userId:0 flag 0
07-20 01:45:35.803  1578  1916 I DE J DES: [effect] LightSensorEnable=true
07-20 01:45:35.804  1578  1686 I DisplayPowerController: ScreenState change 0 -> 1
07-20 01:45:35.807  1578  1634 I HwAodManagerService: getAodPosition query mPosX=0 mPosY=0
07-20 01:45:35.807  1578  1916 I DE J HwBrightnessSceneRecognition: [effect] notifyScreenStatus = true
07-20 01:45:35.808  1578  1982 I DE J HwBrightnessSceneRecognition: [effect] enableAr failed, mIsArConnected||mHwMsdpMovementManager||mArActivities is null!
07-20 01:45:35.808  1578  1686 W HwAodManagerService: setPowerState new mPowerState = -1, powerState = 0 , mFingerStatus = 0, mState = 0, mAodState = -1
07-20 01:45:35.808  1578  1686 I DisplayPowerController: mPowerState.mScreenChangedReason: 65537 mPendingRequestLocked.mScreenChangeReason 65537
07-20 01:45:35.809  1578  1686 I WindowManager: UL_Power Screen turning on...
07-20 01:45:35.809  1578  1686 I WindowManager: UL_Power screen Turning On begin...
07-20 01:45:35.809  1578  1657 I AOD_HwPWM: startAodService mAodSwitch=0 mAODState=-1 aodState=102 mIsFingerprintEnabledBySettings=false mFingerprintType=0
07-20 01:45:35.810  1578  1686 I HwProximitySensorDetector: HwBrightnessProximity updateWakeupFromSleep,isWakeupFromSleep=true
07-20 01:45:35.811  1578  1686 I HwBrightnessSceneController: updateLightSensorEnabled LightSensorEnabled=true
07-20 01:45:35.812  1578  1686 I DisplayPowerController: Animating brightness: target=-1, rate=0,brightnessTargetReal=-1,AutoBrightness=true
07-20 01:45:35.817  1578  1659 I DisplayManagerService: Display device changed state: "Built-in screen", ON
07-20 01:45:35.818  1578  1657 I HwActivityStackSupervisorEx: handleVrDisplayChanged displayId = 0
07-20 01:45:35.819  1578  5171 I WindowManager: UL_Power mKeyguardDelegate.ShowListener.onDrawn.
07-20 01:45:35.824  1578  1657 W HwActivityStackSupervisorEx: handleVrDisplayChanged other vr mode displayId: 0
07-20 01:45:35.825  1578  1660 I WindowManager: mAodShowing=false isWindowManagerDrawComplete=false
07-20 01:45:35.826  1578  1660 I WindowManager: performshow Window{30d0897 u0 com.android.settings} tok.waitingToShow=false isTransitionSet=false parentHidden=false vis=0 tok.hidden=false hasSurface=true policyVis=false destroying=false animating=false
07-20 01:45:35.829  1578  1660 I DisplayDevice: setProjectionLocked displayId 0 orientation(0->0) LayerStackRect(Rect(0, 0 - 1080, 2160)->Rect(0, 0 - 1080, 2160)) DisplayRect(Rect(0, 0 - 1080, 2160)->Rect(0, 0 - 1080, 2160))
07-20 01:45:35.830  1578  1660 I DisplayDevice: isNeedRefreshOrientaion orientation 0
07-20 01:45:35.833  1578  1660 I WindowManager: performshow Window{30d0897 u0 com.android.settings} tok.waitingToShow=false isTransitionSet=false parentHidden=false vis=0 tok.hidden=false hasSurface=true policyVis=false destroying=false animating=false
07-20 01:45:35.837  1578  1660 I WindowManager: mAodShowing=false isWindowManagerDrawComplete=false
07-20 01:45:35.838  1578  1660 I WindowManager: performshow Window{30d0897 u0 com.android.settings} tok.waitingToShow=false isTransitionSet=false parentHidden=false vis=0 tok.hidden=false hasSurface=true policyVis=false destroying=false animating=false
07-20 01:45:35.840  1578  1660 I WindowManager: dispatchResized : win = Window{a2d55cc u0 StatusBar} drawState = DRAW_PENDING
07-20 01:45:35.844  1578  2698 W ProcBatteryStats: timer is running , not start, name: com.android.phone, uid: 1001, tag: *telephony-radio*
07-20 01:45:35.844  1578  1660 I WindowManager: performshow Window{30d0897 u0 com.android.settings} tok.waitingToShow=false isTransitionSet=false parentHidden=false vis=0 tok.hidden=false hasSurface=true policyVis=false destroying=false animating=false
07-20 01:45:35.848  1578  2204 I AlarmManager: remove alarm:Alarm{a81d814 type 3 when 420501629 PendingIntent{6784913: PendingIntentRecord{f2d1750 android broadcastIntent}}android procName system} according to operation:6784913
07-20 01:45:35.851  1578  2769 W ProcBatteryStats: timer is running , not start, name: com.android.phone, uid: 1001, tag: RILJ_ACK_WL
07-20 01:45:35.856  1578  1686 I HwPowerManagerService: updateSettingsLocked mEyesProtectionMode:0
07-20 01:45:35.856  1578  1578 I HwMultiDisplayManager: onDisplayChanged: 0
07-20 01:45:35.869  1578  2769 W ProcBatteryStats: timer is running , not start, name: com.huawei.ims, uid: 1001, tag: RILJ_IMS
07-20 01:45:35.878  1578  1578 I DE J DES: [effect] BroadcastReceiver.onReceive() action:android.intent.action.SCREEN_ON
07-20 01:45:35.908  2037  2037 I RtgSchedEvent: current pid:2037 AppType:255
07-20 01:45:35.912  1578  5171 I WindowManager: mAodShowing=false isWindowManagerDrawComplete=false
07-20 01:45:35.912  1578  5171 I WindowManager: performshow Window{30d0897 u0 com.android.settings} tok.waitingToShow=false isTransitionSet=false parentHidden=false vis=0 tok.hidden=false hasSurface=true policyVis=false destroying=false animating=false
07-20 01:45:35.917  2880  4960 I chatty  : uid=1001(radio) VoiceManager-5 identical 1 line
07-20 01:45:35.918  1578  1578 I HwBatteryService: intent = Intent { act=android.intent.action.SCREEN_ON flg=0x50200010 }
07-20 01:45:35.925  1578  2106 W ProcBatteryStats: timer is not running , not stop, name: com.huawei.ims, uid: 1001, tag: RILJ_IMS
07-20 01:45:35.925  1578  1848 I JobScheduler: CANCEL: 2e48629 #1000/919 android/com.android.server.FstrimServiceIdler, reason:cancel() called by app, callingUid=1000 uid=1000 jobId=919
07-20 01:45:35.927  1578  1660 I WindowManager: performshow Window{30d0897 u0 com.android.settings} tok.waitingToShow=false isTransitionSet=false parentHidden=false vis=0 tok.hidden=false hasSurface=true policyVis=false destroying=false animating=false
07-20 01:45:35.932  1578  1660 I WindowManager: mAodShowing=false isWindowManagerDrawComplete=false
07-20 01:45:35.933  1578  1634 W ProcBatteryStats: timer is not running , not stop, name: com.android.phone, uid: 1001, tag: *telephony-radio*
07-20 01:45:35.933  1578  1660 I WindowManager: performshow Window{30d0897 u0 com.android.settings} tok.waitingToShow=false isTransitionSet=false parentHidden=false vis=0 tok.hidden=false hasSurface=true policyVis=false destroying=false animating=false
07-20 01:45:35.934  1578  1660 I WindowManager: UL_Power All windows ready for display!
07-20 01:45:35.937  1578  1657 I WindowManager: UL_Power Finished screen turning on...
07-20 01:45:35.937  1578  1686 I DisplayPowerController: mPowerState.mScreenChangedReason: 65537 mPendingRequestLocked.mScreenChangeReason 65537
07-20 01:45:35.938  1578  1686 I DisplayPowerController: Animating brightness: target=-1, rate=0,brightnessTargetReal=-1,AutoBrightness=true
07-20 01:45:35.938  2262  2440 I BoosterTelephonyCollector: handleDsdsStateChanged:dsds state= 0
07-20 01:45:35.944  1578  1660 I WindowManager: performshow Window{30d0897 u0 com.android.settings} tok.waitingToShow=false isTransitionSet=false parentHidden=false vis=0 tok.hidden=false hasSurface=true policyVis=false destroying=false animating=false
07-20 01:45:35.947  1578  1864 I WifiP2pService: InactiveState143466
07-20 01:45:35.948  1578  1864 I WifiP2pService: P2pEnabledState when=58463766 what=143466 arg1=0 arg2=0
07-20 01:45:35.948  1578  1864 I WifiP2pService: DefaultStatewhen=58463766 what=143466 arg1=0 arg2=0
07-20 01:45:35.969  1578  1877 I ConnectivityService: notifyType CALLBACK_CAP_CHANGED for NetworkAgentInfo [WIFI () - 101]
07-20 01:45:35.972  1578  1875 I ConnectivityService: B uid 10208
07-20 01:45:35.972  1578  1875 I ConnectivityService: B uid 10207
07-20 01:45:35.973  1578  1875 I ConnectivityService: B uid 10201
07-20 01:45:35.973  1578  1875 I ConnectivityService: B uid 10200
07-20 01:45:35.973  1578  1875 I ConnectivityService: B uid 10195
07-20 01:45:35.974  1578  1578 I EyeProtectionControllerImpl: onReceive intent action = android.intent.action.SCREEN_ON
07-20 01:45:35.974  1578  1875 I ConnectivityService: B uid 10132
07-20 01:45:35.982  1578  1578 I JobScheduler: pending queue: 1 jobs.
07-20 01:45:35.982  1578  1578 I JobScheduler: About to run job on context 0, job: JobStatus{b82b548 #u0a218/6000 com.aol.mobile.aolapp/androidx.work.impl.background.systemjob.SystemJobService u=0 s=10218 TIME=-25m20s377ms:none NET READY}
07-20 01:45:35.983  1578  1686 I HwProximitySensorDetector: HwBrightnessProximity updateWakeupFromSleep,isWakeupFromSleep=false
07-20 01:45:35.983  1578  1686 I HwAmbientLuxFilterAlgo: setAutoModeEnableFirstLux=0.0
07-20 01:45:35.984  1578  1686 I HwAmbientLuxFilterAlgo: LastScreenBuffer: sumLux=0.0, cntValidData=0, InambientLux=0.0
07-20 01:45:35.985  1578  1686 I AutomaticBrightnessController: mWakeupForFirstAutoBrightness = false
07-20 01:45:35.985  1578  1686 I DisplayPowerController: mPowerState.mScreenChangedReason: 65537 mPendingRequestLocked.mScreenChangeReason 65537
07-20 01:45:35.988  1578  1777 I HwUsbDeviceManager: water_intrused state= 0
07-20 01:45:35.997  1578  1686 I DisplayPowerController: Animating brightness: target=9, rate=0,brightnessTargetReal=9,AutoBrightness=true
07-20 01:45:35.997  1578  1686 W HwNormalizedRampAnimator: animateTo: target changing from zero to non-zero with dimming, reset rate to 0!
07-20 01:45:35.997  1578  1686 I HwNormalizedRampAnimator: hbm_dimming target=352 rate=0 duration=0.0
07-20 01:45:36.004  1578  1686 I DisplayPowerController: mPowerState.mScreenChangedReason: 65537 mPendingRequestLocked.mScreenChangeReason 65537
07-20 01:45:36.004  1578  1971 I DisplayPowerState: set screen turn on reason mScreenChangedReason: 65537
07-20 01:45:36.005  1578  1686 I DisplayPowerController: Animating brightness: target=9, rate=60,brightnessTargetReal=9,AutoBrightness=true
07-20 01:45:36.005  1578  1686 I HwPhoneWindowManager: UL_PowerscreenTurnedOn
07-20 01:45:36.011  1578  1686 I HwPowerManagerService: updateSettingsLocked mEyesProtectionMode:0
07-20 01:45:36.012  1578  1686 W PowerManagerService: Screen on took 233 ms
07-20 01:45:36.012  1578  1686 I PowerManagerService: handleSandman: wakefulness: 1,startDreaming: false
07-20 01:45:36.016  1578  1578 I WindowManager: UL_PowerFinished waking up... (why=ON_BECAUSE_OF_USER)
07-20 01:45:36.016  1578  1578 I ActivityTaskManager: setExpandScreenTurningOn false
07-20 01:45:36.019  1578  1686 I PowerManagerService: handleSandman: wakefulness: 1,startDreaming: false
07-20 01:45:36.020  1578  1578 I JobServiceContext: APP response begin time, startJob due to preemption. jobid:6000
07-20 01:45:36.020  1578  2698 E WifiPermissionsUtil: getUidPermission is DENIED and permissionType android.permission.ACCESS_FINE_LOCATIONuid 10032
07-20 01:45:36.020  1578  1686 I PowerManagerService: handleSandman: wakefulness: 1,startDreaming: false
07-20 01:45:36.021  2262  2440 E Booster_DollieCore: [setDollieUnsolEnabled]setDollieUnsolEnabled modem not support
07-20 01:45:36.023  1578  5171 I HwNetworkPolicy: onTransact, code = 14
07-20 01:45:36.023  1578  5171 I HwNetworkPolicy: code is not equals others
07-20 01:45:36.026  1578  2106 I JobServiceContext: APP response end time startJob.
07-20 01:45:36.028  1578  1634 W ActivityManager: Receiver with filter android.content.IntentFilter@ca078ae already registered for pid 2334, callerPackage is com.huawei.systemmanager
07-20 01:45:36.029  1578  2698 I AlarmManager: remove alarm:Alarm{9ac964f type 0 when 1784504827609 PendingIntent{7221edc: PendingIntentRecord{9165be5 com.huawei.systemmanager broadcastIntent}}com.huawei.systemmanager procName com.huawei.systemmanager:service} according to operation:46241dc
07-20 01:45:36.036  1578  2165 E WifiPermissionsUtil: getUidPermission is DENIED and permissionType android.permission.ACCESS_FINE_LOCATIONuid 1002
07-20 01:45:36.048  2262  2440 E Booster_HumanFactorTraffic: [getRemainDailyDataTraffic]dataPackage=-1
07-20 01:45:36.050  1578  2698 I NetworkStats: forceUpdate, pid = 2334
07-20 01:45:36.051  1578  2698 I NetworkStats: performPollLocked, pid = 1578
07-20 01:45:36.051  1578  1686 I PowerManagerService: handleSandman: wakefulness: 1,startDreaming: false
07-20 01:45:36.074  1578  1686 I PowerManagerService: handleSandman: wakefulness: 1,startDreaming: false
07-20 01:45:36.079  1578  5171 W ActivityManager: Receiver with filter android.content.IntentFilter@67f0047 already registered for pid 2560, callerPackage is com.huawei.nearby
07-20 01:45:36.094  1578  1686 I PowerManagerService: handleSandman: wakefulness: 1,startDreaming: false
07-20 01:45:36.104  1578  2165 I JobScheduler: APP response end time, Completed JobStatus{b82b548 #u0a218/6000 com.aol.mobile.aolapp/androidx.work.impl.background.systemjob.SystemJobService u=0 s=10218 TIME=-25m20s499ms:none NET READY}, reschedule=false
07-20 01:45:36.107  1578  1686 I PowerManagerService: handleSandman: wakefulness: 1,startDreaming: false
07-20 01:45:36.118  1578  1686 I chatty  : uid=1000(system) PowerManagerSer identical 1 line
07-20 01:45:36.120  1578  1686 I PowerManagerService: handleSandman: wakefulness: 1,startDreaming: false
07-20 01:45:36.127  1578  2106 E WifiPermissionsUtil: getUidPermission is DENIED and permissionType android.permission.ACCESS_FINE_LOCATIONuid 10032
07-20 01:45:36.128  1578  1686 I PowerManagerService: handleSandman: wakefulness: 1,startDreaming: false
07-20 01:45:36.128  1578  1686 I chatty  : uid=1000(system) PowerManagerSer identical 1 line
07-20 01:45:36.129  1578  1686 I PowerManagerService: handleSandman: wakefulness: 1,startDreaming: false
07-20 01:45:36.129  1578  2698 I HwNetworkStatsServiceEx: hwRecordUidAndProcSnapshotLocked currentTime = 1784504735352
07-20 01:45:36.130  1578  1686 I PowerManagerService: handleSandman: wakefulness: 1,startDreaming: false
07-20 01:45:36.131  1578  1686 I chatty  : uid=1000(system) PowerManagerSer identical 1 line
07-20 01:45:36.132  1578  1686 I PowerManagerService: handleSandman: wakefulness: 1,startDreaming: false
07-20 01:45:36.134  1578  1634 W ProcBatteryStats: timer is running , not start, name: com.android.phone, uid: 1001, tag: *telephony-radio*
07-20 01:45:36.134  1578  1686 I PowerManagerService: handleSandman: wakefulness: 1,startDreaming: false
07-20 01:45:36.135  1578  1686 I PowerManagerService: handleSandman: wakefulness: 1,startDreaming: false
07-20 01:45:36.135  1578  4192 E WifiPermissionsUtil: getUidPermission is DENIED and permissionType android.permission.ACCESS_FINE_LOCATIONuid 10032
07-20 01:45:36.135  1578  1686 I PowerManagerService: handleSandman: wakefulness: 1,startDreaming: false
07-20 01:45:36.138  1578  1686 I chatty  : uid=1000(system) PowerManagerSer identical 3 lines
07-20 01:45:36.141  1578  1686 I PowerManagerService: handleSandman: wakefulness: 1,startDreaming: false
07-20 01:45:36.143  1578  4192 W ProcBatteryStats: timer is running , not start, name: com.huawei.ims, uid: 1001, tag: RILJ_IMS
07-20 01:45:36.144  1578  2106 E WifiPermissionsUtil: getUidPermission is DENIED and permissionType android.permission.ACCESS_FINE_LOCATIONuid 10032
07-20 01:45:36.145  1578  1686 I PowerManagerService: handleSandman: wakefulness: 1,startDreaming: false
07-20 01:45:36.146  1578  1686 I PowerManagerService: handleSandman: wakefulness: 1,startDreaming: false
07-20 01:45:36.146  1578  1634 I JobScheduler.Time: Add job to TimeTracking: 412f074 #u0a218/6000 com.aol.mobile.aolapp/androidx.work.impl.background.systemjob.SystemJobService, delayTime:337766710, deadlineTime:9223372036854775807
07-20 01:45:36.147  1578  1686 I PowerManagerService: handleSandman: wakefulness: 1,startDreaming: false
07-20 01:45:36.149  1578  1686 I PowerManagerService: handleSandman: wakefulness: 1,startDreaming: false
07-20 01:45:36.150  1578  2106 E WifiPermissionsUtil: getUidPermission is DENIED and permissionType android.permission.ACCESS_FINE_LOCATIONuid 10032
07-20 01:45:36.157  1578  1686 I PowerManagerService: handleSandman: wakefulness: 1,startDreaming: false
07-20 01:45:36.162  1578  1686 I chatty  : uid=1000(system) PowerManagerSer identical 2 lines
07-20 01:45:36.164  1578  1686 I PowerManagerService: handleSandman: wakefulness: 1,startDreaming: false
07-20 01:45:36.165  1578  2698 I HwNetworkManagementService: request swap success.
07-20 01:45:36.167  1578  1686 I PowerManagerService: handleSandman: wakefulness: 1,startDreaming: false
07-20 01:45:36.171  1578  2698 I HwNetworkStatsServiceEx: hwMaybeUidAndProcPersistLocked currentTime = 1784504735352
07-20 01:45:36.171  1578  1686 I PowerManagerService: handleSandman: wakefulness: 1,startDreaming: false
07-20 01:45:36.172  1578  2698 I NetworkStatsCollection: getSummary, uid = 1000stats size = 2
07-20 01:45:36.172  1578  2698 I NetworkStatsCollection: getSummary, uid = 1000stats size = 2
07-20 01:45:36.172  1578  2698 I NetworkStatsCollection: getSummary, uid = 1000stats size = 104
07-20 01:45:36.172  1578  2698 I NetworkStatsCollection: getSummary, uid = 1000stats size = 2
07-20 01:45:36.172  1578  2698 I NetworkStatsCollection: getSummary, uid = 1000stats size = 2
07-20 01:45:36.172  1578  2698 I NetworkStatsCollection: getSummary, uid = 1000stats size = 104
07-20 01:45:36.173  1578  1686 I PowerManagerService: handleSandman: wakefulness: 1,startDreaming: false
07-20 01:45:36.177  1578  1686 I PowerManagerService: handleSandman: wakefulness: 1,startDreaming: false
07-20 01:45:36.178  1578  2698 I NetworkStats: openSession, pid = 2334
07-20 01:45:36.179  1578  1634 I NetworkStats: History for network, uid = 1000
07-20 01:45:36.179  1578  1634 I NetworkStats: Summary for network, uid = 1000
07-20 01:45:36.182  2880  4960 I chatty  : uid=1001(radio) VoiceManager-5 identical 1 line
07-20 01:45:36.189  1578  2106 I NetworkStats: forceUpdate, pid = 2334
07-20 01:45:36.189  1578  2106 I NetworkStats: performPollLocked, pid = 1578
07-20 01:45:36.190  1578  1686 I PowerManagerService: handleSandman: wakefulness: 1,startDreaming: false
07-20 01:45:36.192  1578  1686 I chatty  : uid=1000(system) PowerManagerSer identical 2 lines
07-20 01:45:36.195  1578  1686 I PowerManagerService: handleSandman: wakefulness: 1,startDreaming: false
07-20 01:45:36.208  1578  1634 W ProcBatteryStats: timer is not running , not stop, name: com.huawei.ims, uid: 1001, tag: RILJ_IMS
07-20 01:45:36.209  1578  1686 I PowerManagerService: handleSandman: wakefulness: 1,startDreaming: false
07-20 01:45:36.215  1578  2106 I HwNetworkStatsServiceEx: hwRecordUidAndProcSnapshotLocked currentTime = 1784504735491
07-20 01:45:36.218  1578  2698 W ProcBatteryStats: timer is not running , not stop, name: com.android.phone, uid: 1001, tag: *telephony-radio*
07-20 01:45:36.219  1578  1686 I PowerManagerService: handleSandman: wakefulness: 1,startDreaming: false
07-20 01:45:36.222  1578  1686 I chatty  : uid=1000(system) PowerManagerSer identical 1 line
07-20 01:45:36.227  1578  1686 I PowerManagerService: handleSandman: wakefulness: 1,startDreaming: false
07-20 01:45:36.231  1578  1686 I PowerManagerService: handleSandman: wakefulness: 1,startDreaming: false
07-20 01:45:36.233  1578  1686 I PowerManagerService: handleSandman: wakefulness: 1,startDreaming: false
07-20 01:45:36.237  1578  1686 I PowerManagerService: handleSandman: wakefulness: 1,startDreaming: false
07-20 01:45:36.239  1578  1686 I PowerManagerService: handleSandman: wakefulness: 1,startDreaming: false
07-20 01:45:36.244  1578  1686 I PowerManagerService: handleSandman: wakefulness: 1,startDreaming: false
07-20 01:45:36.245  1578  2106 I HwNetworkManagementService: request swap success.
07-20 01:45:36.246  1578  1686 I PowerManagerService: handleSandman: wakefulness: 1,startDreaming: false
07-20 01:45:36.246  1578  2106 I HwNetworkStatsServiceEx: hwMaybeUidAndProcPersistLocked currentTime = 1784504735491
07-20 01:45:36.247  1578  2106 I NetworkStatsCollection: getSummary, uid = 1000stats size = 2
07-20 01:45:36.247  1578  2106 I NetworkStatsCollection: getSummary, uid = 1000stats size = 2
07-20 01:45:36.247  1578  2106 I NetworkStatsCollection: getSummary, uid = 1000stats size = 104
07-20 01:45:36.248  1578  2106 I NetworkStatsCollection: getSummary, uid = 1000stats size = 2
07-20 01:45:36.248  1578  2106 I NetworkStatsCollection: getSummary, uid = 1000stats size = 2
07-20 01:45:36.248  1578  2106 I NetworkStatsCollection: getSummary, uid = 1000stats size = 104
