07-20 01:21:22.535 14868 14868 W SDLThread: type=1400 audit(0.0:128627): avc: granted { execute } for path="/data/data/org.hackintosh1980.espgrowcontroller/files/app/_python_bundle/modules/_struct.cpython-311.so" dev="dm-12" ino=120337 scontext=u:r:untrusted_app:s0:c244,c256,c512,c768 tcontext=u:object_r:app_data_file:s0:c244,c256,c512,c768 tclass=file
07-20 01:21:22.691  2670  3460 I OpenGLRenderer: Davey! duration=9222904591692ms; Flags=0, FrameTimelineVsyncId=9236763, IntendedVsync=467445153402772, Vsync=467445153402772, InputEventId=0, HandleInputStart=467445153712255, AnimationStart=467445153714339, PerformTraversalsStart=467445153921370, DrawStart=467445154605485, FrameDeadline=467445170069438, FrameInterval=467445153707464, FrameStartTime=16666666, SyncQueued=467445154611266, SyncStart=467445163608610, IssueDrawCommandsStart=467445163662724, SwapBuffers=467445164155224, FrameCompleted=9223372036854775807, DequeueBufferDuration=25104, QueueBufferDuration=582708, GpuCompleted=9223372036854775807, SwapBuffersCompleted=467445165037724, DisplayPresentTime=0, 
07-20 01:21:22.691  2670  3460 I OpenGLRenderer: Davey! duration=9222904591700ms; Flags=0, FrameTimelineVsyncId=9236763, IntendedVsync=467445153402772, Vsync=467445153402772, InputEventId=0, HandleInputStart=467445153712255, AnimationStart=467445153714339, PerformTraversalsStart=467445153921370, DrawStart=467445163773870, FrameDeadline=467445170069438, FrameInterval=467445153707464, FrameStartTime=16666666, SyncQueued=467445163782672, SyncStart=467445165098714, IssueDrawCommandsStart=467445165144391, SwapBuffers=467445165621005, FrameCompleted=9223372036854775807, DequeueBufferDuration=24739, QueueBufferDuration=577708, GpuCompleted=9223372036854775807, SwapBuffersCompleted=467445166504912, DisplayPresentTime=0, 
07-20 01:21:23.156  3187  3218 W System.err: java.io.FileNotFoundException: /proc/ant_state: open failed: ENOENT (No such file or directory)
07-20 01:21:23.157  3187  3218 W System.err: 	at libcore.io.IoBridge.open(IoBridge.java:574)
07-20 01:21:23.157  3187  3218 W System.err: 	at java.io.FileInputStream.<init>(FileInputStream.java:179)
07-20 01:21:23.157  3187  3218 W System.err: 	at java.io.FileReader.<init>(FileReader.java:75)
07-20 01:21:23.157  3187  3218 W System.err: 	at com.hmd.sarsensor.ModeService$NodeWatcher.readNode(ModeService.java:539)
07-20 01:21:23.157  3187  3218 W System.err: 	at com.hmd.sarsensor.ModeService$NodeWatcher.run(ModeService.java:514)
07-20 01:21:23.157  3187  3218 W System.err: Caused by: android.system.ErrnoException: open failed: ENOENT (No such file or directory)
07-20 01:21:23.157  3187  3218 W System.err: 	at libcore.io.Linux.open(Native Method)
07-20 01:21:23.157  3187  3218 W System.err: 	at libcore.io.ForwardingOs.open(ForwardingOs.java:579)
07-20 01:21:23.157  3187  3218 W System.err: 	at libcore.io.BlockGuardOs.open(BlockGuardOs.java:274)
07-20 01:21:23.157  3187  3218 W System.err: 	at libcore.io.ForwardingOs.open(ForwardingOs.java:579)
07-20 01:21:23.157  3187  3218 W System.err: 	at android.app.ActivityThread$AndroidOs.open(ActivityThread.java:7766)
07-20 01:21:23.157  3187  3218 W System.err: 	at libcore.io.IoBridge.open(IoBridge.java:560)
07-20 01:21:23.157  3187  3218 W System.err: 	... 4 more
07-20 01:21:23.157  3187  3218 E SarTest : read node fail: java.io.FileNotFoundException: /proc/ant_state: open failed: ENOENT (No such file or directory)
07-20 01:21:23.495 14868 14868 W SDLThread: type=1400 audit(0.0:128634): avc: granted { execute } for path="/data/data/org.hackintosh1980.espgrowcontroller/files/app/_python_bundle/modules/_socket.cpython-311.so" dev="dm-12" ino=120283 scontext=u:r:untrusted_app:s0:c244,c256,c512,c768 tcontext=u:object_r:app_data_file:s0:c244,c256,c512,c768 tclass=file
07-20 01:21:23.495 14868 14868 W SDLThread: type=1400 audit(0.0:128635): avc: granted { execute } for path="/data/data/org.hackintosh1980.espgrowcontroller/files/app/_python_bundle/modules/array.cpython-311.so" dev="dm-12" ino=123135 scontext=u:r:untrusted_app:s0:c244,c256,c512,c768 tcontext=u:object_r:app_data_file:s0:c244,c256,c512,c768 tclass=file
07-20 01:21:23.505 14868 14868 W SDLThread: type=1400 audit(0.0:128636): avc: granted { execute } for path="/data/data/org.hackintosh1980.espgrowcontroller/files/app/_python_bundle/modules/_ssl.cpython-311.so" dev="dm-12" ino=120279 scontext=u:r:untrusted_app:s0:c244,c256,c512,c768 tcontext=u:object_r:app_data_file:s0:c244,c256,c512,c768 tclass=file
07-20 01:21:23.528  1308  1308 I adbd    : adbd service requested 'shell,v2,TERM=dumb:export ANDROID_LOG_TAGS=''; exec logcat '-d' '-v' 'threadtime' '*:I' 'python:D''
07-20 01:21:23.515 14868 14868 W SDLThread: type=1400 audit(0.0:128637): avc: granted { execute } for path="/data/data/org.hackintosh1980.espgrowcontroller/files/app/_python_bundle/modules/binascii.cpython-311.so" dev="dm-12" ino=123047 scontext=u:r:untrusted_app:s0:c244,c256,c512,c768 tcontext=u:object_r:app_data_file:s0:c244,c256,c512,c768 tclass=file
07-20 01:21:23.525 14868 14868 W SDLThread: type=1400 audit(0.0:128638): avc: granted { execute } for path="/data/data/org.hackintosh1980.espgrowcontroller/files/app/_python_bundle/modules/_contextvars.cpython-311.so" dev="dm-12" ino=119423 scontext=u:r:untrusted_app:s0:c244,c256,c512,c768 tcontext=u:object_r:app_data_file:s0:c244,c256,c512,c768 tclass=file
07-20 01:21:23.608 14868 14895 I python  : [INFO   ] [Factory     ] 195 symbols loaded
07-20 01:21:23.945 14868 14895 I python  : [INFO   ] [Image       ] Providers: img_tex, img_dds, img_sdl2, img_pil (img_ffpyplayer ignored)
07-20 01:21:23.998 14868 14895 I python  : [INFO   ] [Window      ] Provider: sdl2
07-20 01:21:24.023 14868 14895 I SDL/APP : pixel format wanted SDL_PIXELFORMAT_RGBA8888 (1), got SDL_PIXELFORMAT_RGBA8888 (1)
07-20 01:21:24.049 14868 14895 I python  : [INFO   ] [GL          ] Using the "OpenGL ES 2" graphics system
07-20 01:21:24.056 14868 14895 I python  : [INFO   ] [GL          ] Backend used <sdl2>
07-20 01:21:24.056 14868 14895 I python  : [INFO   ] [GL          ] OpenGL version <b'OpenGL ES 3.2 V@0502.0 (GIT@38059de551, If855f1c192, 1643012380) (Date:01/24/22)'>
07-20 01:21:24.056 14868 14895 I python  : [INFO   ] [GL          ] OpenGL vendor <b'Qualcomm'>
07-20 01:21:24.057 14868 14895 I python  : [INFO   ] [GL          ] OpenGL renderer <b'Adreno (TM) 610'>
07-20 01:21:24.058 14868 14895 I python  : [INFO   ] [GL          ] OpenGL parsed version: 3, 2
07-20 01:21:24.058 14868 14895 I python  : [INFO   ] [GL          ] Texture max size <16384>
07-20 01:21:24.059 14868 14895 I python  : [INFO   ] [GL          ] Texture max units <16>
07-20 01:21:24.101 14868 14895 I python  : [INFO   ] [Window      ] auto add sdl2 input provider
07-20 01:21:24.102 14868 14895 I python  : [INFO   ] [Window      ] virtual keyboard not allowed, single mode, not docked
07-20 01:21:24.112 14868 14895 I python  : [INFO   ] [Text        ] Provider: sdl2
07-20 01:21:24.115 14868 14895 I python  : [PERF] Kivy Basis-Core geladen in: 1.8696s
07-20 01:21:24.160 14868 14895 I python  : BLE DESKTOP MODULE IMPORTIERT
07-20 01:21:24.227 14868 14882 I OpenGLRenderer: Davey! duration=9222904590163ms; Flags=0, FrameTimelineVsyncId=9236850, IntendedVsync=467446690786075, Vsync=467446690786075, InputEventId=0, HandleInputStart=467446691847359, AnimationStart=467446691851421, PerformTraversalsStart=467446692850328, DrawStart=467446700139026, FrameDeadline=467446724119407, FrameInterval=467446691838088, FrameStartTime=16666666, SyncQueued=467446700281890, SyncStart=467446700332619, IssueDrawCommandsStart=467446700381682, SwapBuffers=467446700993401, FrameCompleted=9223372036854775807, DequeueBufferDuration=26563, QueueBufferDuration=745469, GpuCompleted=9223372036854775807, SwapBuffersCompleted=467446702156838, DisplayPresentTime=0, 
07-20 01:21:24.335 14868 14895 I python  :  /home/domivm/TEST/.buildozer/android/platform/build-arm64-v8a/build/python-installs/espgrowcontroller/arm64-v8a/requests/__init__.py:92: RequestsDependencyWarning: Unable to find acceptable character detection dependency (chardet or charset_normalizer).
07-20 01:21:24.362 14868 14895 I python  : [Storage] RAM-Cache für Pflanzen erfolgreich geladen.
07-20 01:21:24.372 14868 14895 I python  : [MixedEngine] mixed.json initialisiert: /data/user/0/org.hackintosh1980.espgrowcontroller/files/app/data/mixed.json
07-20 01:21:24.449 14868 14895 I python  : [PERF] Starte Import der 14 Screens...
07-20 01:21:24.580 14868 14895 I python  : [PERF] Alle Module & Screens importiert in: 0.4644s
07-20 01:21:24.581 14868 14895 I python  : [PERF] App.build() aufgerufen.
07-20 01:21:24.581 14868 14895 I python  : [PERF] I18N initialisiert in: 0.0000s
07-20 01:21:24.583 14868 14895 I python  : [PERF] Buffer initialisiert/geladen in: 0.0014s
07-20 01:21:24.617 14868 14895 I python  : [INFO   ] [GL          ] NPOT texture support is available
07-20 01:21:24.632 14868 14895 I python  : [WARNING] Deprecated property "<BooleanProperty name=keep_ratio>" of object "<kivy.uix.image.Image object at 0x6d8d491780>" has been set, it will be removed in a future version
07-20 01:21:24.661  1308  1308 I adbd    : adbd service requested 'shell,v2,TERM=dumb:export ANDROID_LOG_TAGS=''; exec logcat '-d' '-v' 'threadtime' '*:I' 'python:D''
07-20 01:21:24.897 14868 14895 I python  : [WARNING] Deprecated property "<BooleanProperty name=allow_stretch>" of object "<kivy.uix.image.Image object at 0x6d8ced6040>" has been set, it will be removed in a future version
07-20 01:21:25.158  3187  3218 W System.err: java.io.FileNotFoundException: /proc/ant_state: open failed: ENOENT (No such file or directory)
07-20 01:21:25.158  3187  3218 W System.err: 	at libcore.io.IoBridge.open(IoBridge.java:574)
07-20 01:21:25.158  3187  3218 W System.err: 	at java.io.FileInputStream.<init>(FileInputStream.java:179)
07-20 01:21:25.158  3187  3218 W System.err: 	at java.io.FileReader.<init>(FileReader.java:75)
07-20 01:21:25.158  3187  3218 W System.err: 	at com.hmd.sarsensor.ModeService$NodeWatcher.readNode(ModeService.java:539)
07-20 01:21:25.158  3187  3218 W System.err: 	at com.hmd.sarsensor.ModeService$NodeWatcher.run(ModeService.java:514)
07-20 01:21:25.158  3187  3218 W System.err: Caused by: android.system.ErrnoException: open failed: ENOENT (No such file or directory)
07-20 01:21:25.158  3187  3218 W System.err: 	at libcore.io.Linux.open(Native Method)
07-20 01:21:25.158  3187  3218 W System.err: 	at libcore.io.ForwardingOs.open(ForwardingOs.java:579)
07-20 01:21:25.158  3187  3218 W System.err: 	at libcore.io.BlockGuardOs.open(BlockGuardOs.java:274)
07-20 01:21:25.158  3187  3218 W System.err: 	at libcore.io.ForwardingOs.open(ForwardingOs.java:579)
07-20 01:21:25.158  3187  3218 W System.err: 	at android.app.ActivityThread$AndroidOs.open(ActivityThread.java:7766)
07-20 01:21:25.158  3187  3218 W System.err: 	at libcore.io.IoBridge.open(IoBridge.java:560)
07-20 01:21:25.158  3187  3218 W System.err: 	... 4 more
07-20 01:21:25.158  3187  3218 E SarTest : read node fail: java.io.FileNotFoundException: /proc/ant_state: open failed: ENOENT (No such file or directory)
07-20 01:21:25.822  1308  1308 I adbd    : adbd service requested 'shell,v2,TERM=dumb:export ANDROID_LOG_TAGS=''; exec logcat '-d' '-v' 'threadtime' '*:I' 'python:D''
07-20 01:21:26.977  1308  1308 I adbd    : adbd service requested 'shell,v2,TERM=dumb:export ANDROID_LOG_TAGS=''; exec logcat '-d' '-v' 'threadtime' '*:I' 'python:D''
07-20 01:21:27.159  3187  3218 W System.err: java.io.FileNotFoundException: /proc/ant_state: open failed: ENOENT (No such file or directory)
07-20 01:21:27.159  3187  3218 W System.err: 	at libcore.io.IoBridge.open(IoBridge.java:574)
07-20 01:21:27.159  3187  3218 W System.err: 	at java.io.FileInputStream.<init>(FileInputStream.java:179)
07-20 01:21:27.159  3187  3218 W System.err: 	at java.io.FileReader.<init>(FileReader.java:75)
07-20 01:21:27.159  3187  3218 W System.err: 	at com.hmd.sarsensor.ModeService$NodeWatcher.readNode(ModeService.java:539)
07-20 01:21:27.159  3187  3218 W System.err: 	at com.hmd.sarsensor.ModeService$NodeWatcher.run(ModeService.java:514)
07-20 01:21:27.159  3187  3218 W System.err: Caused by: android.system.ErrnoException: open failed: ENOENT (No such file or directory)
07-20 01:21:27.159  3187  3218 W System.err: 	at libcore.io.Linux.open(Native Method)
07-20 01:21:27.159  3187  3218 W System.err: 	at libcore.io.ForwardingOs.open(ForwardingOs.java:579)
07-20 01:21:27.159  3187  3218 W System.err: 	at libcore.io.BlockGuardOs.open(BlockGuardOs.java:274)
07-20 01:21:27.159  3187  3218 W System.err: 	at libcore.io.ForwardingOs.open(ForwardingOs.java:579)
07-20 01:21:27.159  3187  3218 W System.err: 	at android.app.ActivityThread$AndroidOs.open(ActivityThread.java:7766)
07-20 01:21:27.159  3187  3218 W System.err: 	at libcore.io.IoBridge.open(IoBridge.java:560)
07-20 01:21:27.159  3187  3218 W System.err: 	... 4 more
07-20 01:21:27.159  3187  3218 E SarTest : read node fail: java.io.FileNotFoundException: /proc/ant_state: open failed: ENOENT (No such file or directory)
07-20 01:21:27.403 14868 14895 I python  : [PERF] Alle 14 Screens instanziiert und hinzugefügt in: 2.8181s
07-20 01:21:27.409 14868 14895 I python  : [Core] Starte Core (Foreground Service Mode)…
07-20 01:21:27.409 14868 14895 I python  : [Core] is_android(): True
07-20 01:21:27.410 14868 14895 I python  : [Core] decoded.json entfernt
07-20 01:21:27.410 14868 14895 I python  : [Core] ble_dump.json geleert: /data/user/0/org.hackintosh1980.espgrowcontroller/files/app/data/ble_dump.json
07-20 01:21:27.410 14868 14895 I python  : [Core] ble_log_dump.json geleert: /data/user/0/org.hackintosh1980.espgrowcontroller/files/app/data/ble_log_dump.json
07-20 01:21:27.411 14868 14895 I python  : [Core] web_dump.json geleert: /data/user/0/org.hackintosh1980.espgrowcontroller/files/app/data/web_dump.json
07-20 01:21:27.580 14868 14895 I python  : [Core] BLE Python Service gestartet (Foreground)
07-20 01:21:27.598  1833  2195 I ActivityManager: Start proc 14926:org.hackintosh1980.espgrowcontroller:service_ble_service/u0a244 for service {org.hackintosh1980.espgrowcontroller/org.hackintosh1980.espgrowcontroller.ServiceBle_service}
07-20 01:21:27.614 14926 14926 I ice_ble_servic: Late-enabling -Xcheck:jni
07-20 01:21:27.641 14926 14926 I ice_ble_servic: Using generational CollectorTypeCC GC.
07-20 01:21:27.648  2174  2243 I bt_stack: [INFO:gatt_api.cc(1223)] GATT_Register da5df1ab-48ce-58ee-2080-ae0ddb2f1b8c
07-20 01:21:27.648  2174  2243 I bt_stack: [INFO:gatt_api.cc(1244)] allocated gatt_if=25
07-20 01:21:27.649  1308  1333 I adbd    : jdwp connection from 14926
07-20 01:21:27.654  2174  2229 I BtGatt.ScanManager: msg.what = 0
07-20 01:21:27.657 14868 14895 I python  : [Core] Android-Bridges gestartet (ADV + GATT + BROADCAST)
07-20 01:21:27.658  1095  1095 I vendor.qti.bluetooth@1.0-ibs_handler: DeviceWakeUp: Writing IBS_WAKE_IND
07-20 01:21:27.658 14868 14895 I python  : [Core] WebClient-Thread gestartet
07-20 01:21:27.658 14868 14940 I python  : [Decoder] Background Thread STARTED.
07-20 01:21:27.658 14868 14940 I python  : [HEARTBEAT DECODER] Ticking! Active Config Devices: ['E697B52A-2E7F-D41E-BC4D-2D027CB38D0B', '827482CC-A977-43D7-835E-8E8B6978E66A', 'C898B4F2-B452-7502-1A67-0536E77D49EA', 'FABCEA8B-7EC8-2594-4879-2B3B63989660'] | Live Web RAM Keys: []
07-20 01:21:27.661  1095  2241 I vendor.qti.bluetooth@1.0-ibs_handler: ProcessIbsCmd: Received IBS_WAKE_ACK: 0xFC
07-20 01:21:27.661  1095  2241 I vendor.qti.bluetooth@1.0-ibs_handler: ProcessIbsCmd: Signal wack_cond_
07-20 01:21:27.662  1095  2241 I vendor.qti.bluetooth@1.0-ibs_handler: ProcessIbsCmd: Received IBS_WAKE_IND: 0xFD
07-20 01:21:27.662  1095  2241 I vendor.qti.bluetooth@1.0-ibs_handler: ProcessIbsCmd: Writing IBS_WAKE_ACK
07-20 01:21:27.668 14868 14942 I python  : [DEBUG  ] [Starting new HTTP connection (1)] 192.168.2.20:80
07-20 01:21:27.687 14868 14944 I python  : [DEBUG  ] [Starting new HTTP connection (1)] 192.168.2.39:80
07-20 01:21:27.699 14868 14895 I python  : [Core] Decoder-Thread gestartet
07-20 01:21:27.701 14868 14895 I python  : [Core] Watchdog gestartet
07-20 01:21:27.701 14868 14895 I python  : [Core] System läuft stabil im Hintergrund (Foreground Service Active).
07-20 01:21:27.701 14868 14895 I python  : [PERF] core.start() ausgeführt in: 0.2915s
07-20 01:21:27.701 14868 14895 I python  : [PERF] 🚀 GESAMTZEIT BIS ZUM START: 5.4552s 🚀
07-20 01:21:27.702 14868 14895 I python  : [WARNING] [Base        ] Unknown <android> provider
07-20 01:21:27.702 14868 14895 I python  : [INFO   ] [Base        ] Start application main loop
07-20 01:21:27.710  1095  2241 I vendor.qti.bluetooth@1.0-ibs_handler: ProcessIbsCmd: Received IBS_SLEEP_IND: 0xFE
07-20 01:21:27.720  1095  2241 I vendor.qti.bluetooth@1.0-ibs_handler: ProcessIbsCmd: Received IBS_WAKE_IND: 0xFD
07-20 01:21:27.720  1095  2241 I vendor.qti.bluetooth@1.0-ibs_handler: ProcessIbsCmd: Writing IBS_WAKE_ACK
07-20 01:21:27.748 14926 14926 I Perf    : Connecting to perf service.
07-20 01:21:27.761  1095  2241 I vendor.qti.bluetooth@1.0-ibs_handler: ProcessIbsCmd: Received IBS_SLEEP_IND: 0xFE
07-20 01:21:27.810  1095  2241 I vendor.qti.bluetooth@1.0-ibs_handler: ProcessIbsCmd: Received IBS_WAKE_IND: 0xFD
07-20 01:21:27.810  1095  2241 I vendor.qti.bluetooth@1.0-ibs_handler: ProcessIbsCmd: Writing IBS_WAKE_ACK
07-20 01:21:27.851  1095  2241 I vendor.qti.bluetooth@1.0-ibs_handler: ProcessIbsCmd: Received IBS_SLEEP_IND: 0xFE
07-20 01:21:27.905  1095  2241 I vendor.qti.bluetooth@1.0-ibs_handler: ProcessIbsCmd: Received IBS_WAKE_IND: 0xFD
07-20 01:21:27.905  1095  2241 I vendor.qti.bluetooth@1.0-ibs_handler: ProcessIbsCmd: Writing IBS_WAKE_ACK
07-20 01:21:27.909 14926 14953 I python  : Initializing Python for Android
07-20 01:21:27.909 14926 14953 I python  : Setting additional env vars from p4a_env_vars.txt
07-20 01:21:27.910 14926 14953 I python  : Changing directory to the one provided by ANDROID_ARGUMENT
07-20 01:21:27.910 14926 14953 I python  : /data/user/0/org.hackintosh1980.espgrowcontroller/files/app
07-20 01:21:27.910 14926 14953 I python  : Preparing to initialize python
07-20 01:21:27.910 14926 14953 I python  : _python_bundle dir exists
07-20 01:21:27.910 14926 14953 I python  : calculated paths to be...
07-20 01:21:27.910 14926 14953 I python  : /data/user/0/org.hackintosh1980.espgrowcontroller/files/app/_python_bundle/stdlib.zip:/data/user/0/org.hackintosh1980.espgrowcontroller/files/app/_python_bundle/modules
07-20 01:21:27.910 14926 14953 I python  : set wchar paths...
07-20 01:21:27.946  1095  2241 I vendor.qti.bluetooth@1.0-ibs_handler: ProcessIbsCmd: Received IBS_SLEEP_IND: 0xFE
07-20 01:21:27.945 14926 14926 W Thread-2: type=1400 audit(0.0:128681): avc: granted { execute } for path="/data/data/org.hackintosh1980.espgrowcontroller/files/app/_python_bundle/modules/zlib.cpython-311.so" dev="dm-12" ino=60471 scontext=u:r:untrusted_app:s0:c244,c256,c512,c768 tcontext=u:object_r:app_data_file:s0:c244,c256,c512,c768 tclass=file app=org.hackintosh1980.espgrowcontroller
07-20 01:21:27.980 14926 14953 I python  : Initialized python
07-20 01:21:27.981 14926 14953 I python  : AND: Init threads
07-20 01:21:27.981 14926 14953 I ble_service: testing python print redirection
07-20 01:21:27.985 14926 14953 I ble_service: Android path ['.', '/data/user/0/org.hackintosh1980.espgrowcontroller/files/app/_python_bundle/stdlib.zip', '/data/user/0/org.hackintosh1980.espgrowcontroller/files/app/_python_bundle/modules', '/data/user/0/org.hackintosh1980.espgrowcontroller/files/app/_python_bundle/site-packages']
07-20 01:21:27.985 14926 14953 I ble_service: os.environ is environ({'PATH': '/product/bin:/apex/com.android.runtime/bin:/apex/com.android.art/bin:/system_ext/bin:/system/bin:/system/xbin:/odm/bin:/vendor/bin:/vendor/xbin', 'ANDROID_BOOTLOGO': '1', 'ANDROID_ROOT': '/system', 'ANDROID_ASSETS': '/system/app', 'ANDROID_DATA': '/data', 'ANDROID_STORAGE': '/storage', 'ANDROID_ART_ROOT': '/apex/com.android.art', 'ANDROID_I18N_ROOT': '/apex/com.android.i18n', 'ANDROID_TZDATA_ROOT': '/apex/com.android.tzdata', 'EXTERNAL_STORAGE': '/sdcard', 'ASEC_MOUNTPOINT': '/mnt/asec', 'DOWNLOAD_CACHE': '/data/cache', 'BOOTCLASSPATH': '/apex/com.android.art/javalib/core-oj.jar:/apex/com.android.art/javalib/core-libart.jar:/apex/com.android.art/javalib/okhttp.jar:/apex/com.android.art/javalib/bouncycastle.jar:/apex/com.android.art/javalib/apache-xml.jar:/system/framework/framework.jar:/system/framework/framework-graphics.jar:/system/framework/ext.jar:/system/framework/telephony-common.jar:/system/framework/voip-common.jar:/system/framework/ims-common.jar:/apex/com.android.i18n/javalib/core-icu4j.jar:/system/framework/tcmiface.jar:/system/framework/telephony-ext.jar:/system/framework/qcom.fmradio.jar:/system/framework/QPerformance.jar:/system/framework/UxPerformance.jar:/system/framework/WfdCommon.jar:/apex/com.android.appsearch/javalib/framework-appsearch.jar:/apex/com.android.conscrypt/javalib/conscrypt.jar:/apex/com.android.ipsec/javalib/android.net.ipsec.ike.jar:/apex/com.android.media/javalib/updatable-media.jar:/apex/com.android.mediaprovider/javalib/framework-mediaprovider.jar:/apex/com.android.mediaprovider/javalib/framework-pdf.jar:/apex/com.android.mediaprovider/javalib/framework-photopicker.jar:/apex/com.android.os.statsd/javalib/framework-statsd.jar:/apex/com.android.permission/javalib/framework-permission.jar:/apex/com.android.permission/javalib/framework-permission-s.jar:/apex/com.android.scheduling/javalib/framework-scheduling.jar:/apex/com.android.sdkext/javalib/framework-sdkextensions.jar:/apex/com.android.tethering/javalib/framework-connectivity.jar:/apex/com.android.tethering/javalib/framework-tethering.jar:/apex/com.android.wifi/javalib/framework-wifi.jar', 'DEX2OATBOOTCLASSPATH': '/apex/com.android.art/javalib/core-oj.jar:/apex/com.android.art/javalib/core-libart.jar:/apex/com.android.art/javalib/okhttp.jar:/apex/com.android.art/javalib/bouncycastle.jar:/apex/com.android.art/javalib/apache-xml.jar:/system/framework/framework.jar:/system/framework/framework-graphics.jar:/system/framework/ext.jar:/system/framework/telephony-common.jar:/system/framework/voip-common.jar:/system/framework/ims-common.jar:/apex/com.android.i18n/javalib/core-icu4j.jar:/system/framework/tcmiface.jar:/system/framework/telephony-ext.jar:/system/framework/qcom.fmradio.jar:/system/framework/QPerformance.jar:/system/framework/UxPerformance.jar:/system/framework/WfdCommon.jar', 'SYSTEMSERVERCLASSPATH': '/system/framework/com.android.location.provider.jar:/system/framework/services.jar:/system/framework/ethernet-service.jar:/apex/com.android.appsearch/javalib/service-appsearch.jar:/apex/com.android.art/javalib/service-art.jar:/apex/com.android.media/javalib/service-media-s.jar:/apex/com.android.permission/javalib/service-permission.jar', 'STANDALONE_SYSTEMSERVER_JARS': '/apex/com.android.os.statsd/javalib/service-statsd.jar:/apex/com.android.scheduling/javalib/service-scheduling.jar:/apex/com.android.tethering/javalib/service-connectivity.jar', 'ANDROID_SOCKET_zygote': '17', 'ANDROID_SOCKET_usap_pool_primary': '21', 'ANDROID_PRIVATE': '/data/user/0/org.hackintosh1980.espgrowcontroller/files', 'ANDROID_ARGUMENT': '/data/user/0/org.hackintosh1980.espgrowcontroller/files/app', 'ANDROID_APP_PATH': '/data/user/0/org.hackintosh1980.espgrowcontroller/files/app', 'ANDROID_ENTRYPOINT': 'services/ble_service.py', 'PYTHONOPTIMIZE': '2', 'PYTHON_NAME': 'ble_service', 'PYTHONHOME': '/data/user/0/org.hackintosh1980.espgrowcontroller/files/app', 'PYTHONPATH': '/data/user/0/org.hackintosh1980.espgrowcontroller/files/app:/data/user/0/org.hackintosh1980.espgrowcontroller/files/
07-20 01:21:27.985 14926 14953 I ble_service: Android kivy bootstrap done. __name__ is __main__
07-20 01:21:27.986 14926 14953 I python  : AND: Ran string
07-20 01:21:27.986 14926 14953 I python  : Run user program, change dir and execute entrypoint
07-20 01:21:28.015 23890  8811 I NullBinder: NullBinder for android.net.action.RECOMMEND_NETWORKS triggering remote TransactionTooLargeException due to Service without Chimera impl, calling uid: 1000, calling pid: 0
07-20 01:21:28.015 11644 11699 I BugleRcsEngine: handleMessage processing message:[NOTIFY_UPTIME_IGNORE_STATE_CHANGED] with [non-null]:RcsEngineImpl reference [CONTEXT log_prefix="RcsEngineImpl[DUAL_REG]:[9505637b-6848]>Handler" thread_id=222 ]
07-20 01:21:28.017 23890  8811 I NullBinder: NullBinder for android.net.action.RECOMMEND_NETWORKS triggering remote TransactionTooLargeException due to Service without Chimera impl, calling uid: 1000, calling pid: 0
07-20 01:21:28.017 11644 11688 I BugleRcsEngine: Connected state: [1], networkType: [WIFI] [CONTEXT thread_id=214 ]
07-20 01:21:28.023  3099  3300 E PhoneInterfaceManager: [PhoneIntfMgr] getCarrierPrivilegeStatus: Invalid subId
07-20 01:21:28.025 14868 14944 I python  : [DEBUG  ] [http          ]//192.168.2.39:80 "GET /data HTTP/1.1" 200 2561
07-20 01:21:28.031 23890 30324 I NearbyMediums: Wifi changed new SSID: "Cudy-Indoor"
07-20 01:21:28.031 23890 30324 I NearbyMediums: WifiLanConnectivityInfo is not changed, skip notify.
07-20 01:21:28.038 14868 14942 I python  : [DEBUG  ] [http          ]//192.168.2.20:80 "GET /data HTTP/1.1" 200 2554
07-20 01:21:28.048  3099  3300 I LocationAccessPolicy: devian.tubemate.v3 is aware of fine but the app-ops permission is specifically denied.
07-20 01:21:28.052  3099  3300 I LocationAccessPolicy: devian.tubemate.v3 is aware of fine but the app-ops permission is specifically denied.
07-20 01:21:28.071  1095  2241 I vendor.qti.bluetooth@1.0-ibs_handler: ProcessIbsCmd: Received IBS_WAKE_IND: 0xFD
07-20 01:21:28.071  1095  2241 I vendor.qti.bluetooth@1.0-ibs_handler: ProcessIbsCmd: Writing IBS_WAKE_ACK
07-20 01:21:28.111  1095  2241 I vendor.qti.bluetooth@1.0-ibs_handler: ProcessIbsCmd: Received IBS_SLEEP_IND: 0xFE
07-20 01:21:28.133  1308  1308 I adbd    : adbd service requested 'shell,v2,TERM=dumb:export ANDROID_LOG_TAGS=''; exec logcat '-d' '-v' 'threadtime' '*:I' 'python:D''
07-20 01:21:28.145 14926 14926 W Thread-2: type=1400 audit(0.0:128682): avc: granted { execute } for path="/data/data/org.hackintosh1980.espgrowcontroller/files/app/_python_bundle/modules/fcntl.cpython-311.so" dev="dm-12" ino=94867 scontext=u:r:untrusted_app:s0:c244,c256,c512,c768 tcontext=u:object_r:app_data_file:s0:c244,c256,c512,c768 tclass=file app=org.hackintosh1980.espgrowcontroller
07-20 01:21:28.145 14926 14926 W Thread-2: type=1400 audit(0.0:128683): avc: granted { execute } for path="/data/data/org.hackintosh1980.espgrowcontroller/files/app/_python_bundle/modules/_posixsubprocess.cpython-311.so" dev="dm-12" ino=120227 scontext=u:r:untrusted_app:s0:c244,c256,c512,c768 tcontext=u:object_r:app_data_file:s0:c244,c256,c512,c768 tclass=file app=org.hackintosh1980.espgrowcontroller
07-20 01:21:28.155 14926 14926 W Thread-2: type=1400 audit(0.0:128684): avc: granted { execute } for path="/data/data/org.hackintosh1980.espgrowcontroller/files/app/_python_bundle/modules/select.cpython-311.so" dev="dm-12" ino=78768 scontext=u:r:untrusted_app:s0:c244,c256,c512,c768 tcontext=u:object_r:app_data_file:s0:c244,c256,c512,c768 tclass=file app=org.hackintosh1980.espgrowcontroller
07-20 01:21:28.168  1095  2241 I vendor.qti.bluetooth@1.0-ibs_handler: ProcessIbsCmd: Received IBS_WAKE_IND: 0xFD
07-20 01:21:28.168  1095  2241 I vendor.qti.bluetooth@1.0-ibs_handler: ProcessIbsCmd: Writing IBS_WAKE_ACK
07-20 01:21:28.165 14926 14926 W Thread-2: type=1400 audit(0.0:128685): avc: granted { execute } for path="/data/data/org.hackintosh1980.espgrowcontroller/files/app/_python_bundle/modules/math.cpython-311.so" dev="dm-12" ino=118562 scontext=u:r:untrusted_app:s0:c244,c256,c512,c768 tcontext=u:object_r:app_data_file:s0:c244,c256,c512,c768 tclass=file app=org.hackintosh1980.espgrowcontroller
07-20 01:21:28.180 14868 14944 I python  : [DEBUG  ] [Starting new HTTP connection (1)] 192.168.2.20:80
07-20 01:21:28.185 14868 14942 I python  : [DEBUG  ] [Starting new HTTP connection (1)] 192.168.2.39:80
07-20 01:21:28.209  1095  2241 I vendor.qti.bluetooth@1.0-ibs_handler: ProcessIbsCmd: Received IBS_SLEEP_IND: 0xFE
07-20 01:21:28.250  1095  2241 I vendor.qti.bluetooth@1.0-ibs_handler: ProcessIbsCmd: Received IBS_WAKE_IND: 0xFD
07-20 01:21:28.250  1095  2241 I vendor.qti.bluetooth@1.0-ibs_handler: ProcessIbsCmd: Writing IBS_WAKE_ACK
07-20 01:21:28.291  1095  2241 I vendor.qti.bluetooth@1.0-ibs_handler: ProcessIbsCmd: Received IBS_SLEEP_IND: 0xFE
07-20 01:21:28.336  1095  2241 I vendor.qti.bluetooth@1.0-ibs_handler: ProcessIbsCmd: Received IBS_WAKE_IND: 0xFD
07-20 01:21:28.336  1095  2241 I vendor.qti.bluetooth@1.0-ibs_handler: ProcessIbsCmd: Writing IBS_WAKE_ACK
07-20 01:21:28.377  1095  2241 I vendor.qti.bluetooth@1.0-ibs_handler: ProcessIbsCmd: Received IBS_SLEEP_IND: 0xFE
07-20 01:21:28.423 14868 14942 I python  : [DEBUG  ] [http          ]//192.168.2.39:80 "GET /data HTTP/1.1" 200 2563
07-20 01:21:28.433  1095  2241 I vendor.qti.bluetooth@1.0-ibs_handler: ProcessIbsCmd: Received IBS_WAKE_IND: 0xFD
07-20 01:21:28.433  1095  2241 I vendor.qti.bluetooth@1.0-ibs_handler: ProcessIbsCmd: Writing IBS_WAKE_ACK
07-20 01:21:28.474  1095  2241 I vendor.qti.bluetooth@1.0-ibs_handler: ProcessIbsCmd: Received IBS_SLEEP_IND: 0xFE
07-20 01:21:28.474 14926 14953 I ble_service: [INFO   ] [Logger      ] Record log in /data/user/0/org.hackintosh1980.espgrowcontroller/files/app/.kivy/logs/kivy_26-07-20_3.txt
07-20 01:21:28.475 14926 14953 I ble_service: [INFO   ] [Kivy        ] v2.3.0
07-20 01:21:28.476 14926 14953 I ble_service: [INFO   ] [Kivy        ] Installed at "/data/user/0/org.hackintosh1980.espgrowcontroller/files/app/_python_bundle/site-packages/kivy/__init__.pyc"
07-20 01:21:28.476 14926 14953 I ble_service: [INFO   ] [Python      ] v3.11.9 (main, Jul 19 2026, 09:21:02) [Clang 14.0.6 (https://android.googlesource.com/toolchain/llvm-project 4c603efb0
07-20 01:21:28.477 14926 14953 I ble_service: [INFO   ] [Python      ] Interpreter at ""
07-20 01:21:28.478 14926 14953 I ble_service: [INFO   ] [Logger      ] Purge log fired. Processing...
07-20 01:21:28.479 14926 14953 I ble_service: [INFO   ] [Logger      ] Purge finished!
07-20 01:21:28.498 14926 14953 I ble_service: BLE DESKTOP MODULE IMPORTIERT
07-20 01:21:28.517  1095  2241 I vendor.qti.bluetooth@1.0-ibs_handler: ProcessIbsCmd: Received IBS_WAKE_IND: 0xFD
07-20 01:21:28.517  1095  2241 I vendor.qti.bluetooth@1.0-ibs_handler: ProcessIbsCmd: Writing IBS_WAKE_ACK
07-20 01:21:28.521 23890 30324 I NearbySharing: Network state changed: NetworkState(isRestricted=false, isOnline=true, isCongested=false, isMetered=false, isWifiConnected=true)
07-20 01:21:28.558  1095  2241 I vendor.qti.bluetooth@1.0-ibs_handler: ProcessIbsCmd: Received IBS_SLEEP_IND: 0xFE
07-20 01:21:28.621 14868 14944 I python  : [DEBUG  ] [http          ]//192.168.2.20:80 "GET /data HTTP/1.1" 200 2555
07-20 01:21:28.623  1095  2241 I vendor.qti.bluetooth@1.0-ibs_handler: ProcessIbsCmd: Received IBS_WAKE_IND: 0xFD
07-20 01:21:28.623  1095  2241 I vendor.qti.bluetooth@1.0-ibs_handler: ProcessIbsCmd: Writing IBS_WAKE_ACK
07-20 01:21:28.664  1095  2241 I vendor.qti.bluetooth@1.0-ibs_handler: ProcessIbsCmd: Received IBS_SLEEP_IND: 0xFE
07-20 01:21:28.670  1095  2247 I vendor.qti.bluetooth@1.0-ibs_handler: DeviceSleep: TX Awake, Sending SLEEP_IND
07-20 01:21:28.778 14868 14942 I python  : [DEBUG  ] [Starting new HTTP connection (1)] 192.168.2.20:80
07-20 01:21:28.791 14868 14944 I python  : [DEBUG  ] [Starting new HTTP connection (1)] 192.168.2.39:80
07-20 01:21:28.797  1095  2241 I vendor.qti.bluetooth@1.0-ibs_handler: ProcessIbsCmd: Received IBS_WAKE_IND: 0xFD
07-20 01:21:28.797  1095  2241 I vendor.qti.bluetooth@1.0-ibs_handler: ProcessIbsCmd: Writing IBS_WAKE_ACK
07-20 01:21:28.838  1095  2241 I vendor.qti.bluetooth@1.0-ibs_handler: ProcessIbsCmd: Received IBS_SLEEP_IND: 0xFE
07-20 01:21:29.000 14868 14942 I python  : [DEBUG  ] [http          ]//192.168.2.20:80 "GET /data HTTP/1.1" 200 2605
07-20 01:21:29.050 14868 14944 I python  : [DEBUG  ] [http          ]//192.168.2.39:80 "GET /data HTTP/1.1" 200 2563
07-20 01:21:29.160  3187  3218 W System.err: java.io.FileNotFoundException: /proc/ant_state: open failed: ENOENT (No such file or directory)
07-20 01:21:29.160  3187  3218 W System.err: 	at libcore.io.IoBridge.open(IoBridge.java:574)
07-20 01:21:29.160  3187  3218 W System.err: 	at java.io.FileInputStream.<init>(FileInputStream.java:179)
07-20 01:21:29.160  3187  3218 W System.err: 	at java.io.FileReader.<init>(FileReader.java:75)
07-20 01:21:29.160  3187  3218 W System.err: 	at com.hmd.sarsensor.ModeService$NodeWatcher.readNode(ModeService.java:539)
07-20 01:21:29.160  3187  3218 W System.err: 	at com.hmd.sarsensor.ModeService$NodeWatcher.run(ModeService.java:514)
07-20 01:21:29.160  3187  3218 W System.err: Caused by: android.system.ErrnoException: open failed: ENOENT (No such file or directory)
07-20 01:21:29.160  3187  3218 W System.err: 	at libcore.io.Linux.open(Native Method)
07-20 01:21:29.160  3187  3218 W System.err: 	at libcore.io.ForwardingOs.open(ForwardingOs.java:579)
07-20 01:21:29.160  3187  3218 W System.err: 	at libcore.io.BlockGuardOs.open(BlockGuardOs.java:274)
07-20 01:21:29.160  3187  3218 W System.err: 	at libcore.io.ForwardingOs.open(ForwardingOs.java:579)
07-20 01:21:29.160  3187  3218 W System.err: 	at android.app.ActivityThread$AndroidOs.open(ActivityThread.java:7766)
07-20 01:21:29.160  3187  3218 W System.err: 	at libcore.io.IoBridge.open(IoBridge.java:560)
07-20 01:21:29.160  3187  3218 W System.err: 	... 4 more
07-20 01:21:29.160  3187  3218 E SarTest : read node fail: java.io.FileNotFoundException: /proc/ant_state: open failed: ENOENT (No such file or directory)
07-20 01:21:29.183 14868 14942 I python  : [DEBUG  ] [Starting new HTTP connection (1)] 192.168.2.20:80
07-20 01:21:29.185  1095  2241 I vendor.qti.bluetooth@1.0-ibs_handler: ProcessIbsCmd: Received IBS_WAKE_IND: 0xFD
07-20 01:21:29.188  1095  2241 I vendor.qti.bluetooth@1.0-ibs_handler: ProcessIbsCmd: Writing IBS_WAKE_ACK
07-20 01:21:29.189 14868 14944 I python  : [DEBUG  ] [Starting new HTTP connection (1)] 192.168.2.39:80
07-20 01:21:29.229  1095  2241 I vendor.qti.bluetooth@1.0-ibs_handler: ProcessIbsCmd: Received IBS_SLEEP_IND: 0xFE
07-20 01:21:29.254  1095  2241 I vendor.qti.bluetooth@1.0-ibs_handler: ProcessIbsCmd: Received IBS_WAKE_IND: 0xFD
07-20 01:21:29.254  1095  2241 I vendor.qti.bluetooth@1.0-ibs_handler: ProcessIbsCmd: Writing IBS_WAKE_ACK
07-20 01:21:29.287  1308  1308 I adbd    : adbd service requested 'shell,v2,TERM=dumb:export ANDROID_LOG_TAGS=''; exec logcat '-d' '-v' 'threadtime' '*:I' 'python:D''
07-20 01:21:29.295  1095  2241 I vendor.qti.bluetooth@1.0-ibs_handler: ProcessIbsCmd: Received IBS_SLEEP_IND: 0xFE
07-20 01:21:29.346 14926 14953 I ble_service: [Service] WakeLock dauerhaft akquiriert
07-20 01:21:29.346 14926 14953 I ble_service: [Service] Foreground Service aktiv: org.hackintosh1980.espgrowcontroller.ServiceBle_service
07-20 01:21:29.416  1095  2241 I vendor.qti.bluetooth@1.0-ibs_handler: ProcessIbsCmd: Received IBS_WAKE_IND: 0xFD
07-20 01:21:29.416  1095  2241 I vendor.qti.bluetooth@1.0-ibs_handler: ProcessIbsCmd: Writing IBS_WAKE_ACK
07-20 01:21:29.457  1095  2241 I vendor.qti.bluetooth@1.0-ibs_handler: ProcessIbsCmd: Received IBS_SLEEP_IND: 0xFE
07-20 01:21:29.473  2174  2243 I bt_stack: [INFO:gatt_api.cc(1223)] GATT_Register 269fe0aa-dbba-f5cb-10e2-2ebf7025ca82
07-20 01:21:29.473  2174  2243 I bt_stack: [INFO:gatt_api.cc(1244)] allocated gatt_if=26
07-20 01:21:29.477  2174  2229 I BtGatt.ScanManager: msg.what = 0
07-20 01:21:29.478  1095  1095 I vendor.qti.bluetooth@1.0-ibs_handler: DeviceWakeUp: Writing IBS_WAKE_IND
07-20 01:21:29.478  1095  2241 I vendor.qti.bluetooth@1.0-ibs_handler: ProcessIbsCmd: Received IBS_WAKE_ACK: 0xFC
07-20 01:21:29.479  1095  2241 I vendor.qti.bluetooth@1.0-ibs_handler: ProcessIbsCmd: Signal wack_cond_
07-20 01:21:29.479  1095  2241 I vendor.qti.bluetooth@1.0-ibs_handler: ProcessIbsCmd: Received IBS_WAKE_IND: 0xFD
07-20 01:21:29.479  1095  2241 I vendor.qti.bluetooth@1.0-ibs_handler: ProcessIbsCmd: Writing IBS_WAKE_ACK
07-20 01:21:29.481 14926 14953 I ble_service: [Service] Alle Bridges aktiv
07-20 01:21:29.481 14926 14953 I ble_service: [Service] Starte Main-Loop (Heartbeat alle 30s)
07-20 01:21:29.522  1095  2241 I vendor.qti.bluetooth@1.0-ibs_handler: ProcessIbsCmd: Received IBS_SLEEP_IND: 0xFE
07-20 01:21:29.575 14868 14942 I python  : [DEBUG  ] [http          ]//192.168.2.20:80 "GET /data HTTP/1.1" 200 2602
07-20 01:21:29.681  1095  2241 I vendor.qti.bluetooth@1.0-ibs_handler: ProcessIbsCmd: Received IBS_WAKE_IND: 0xFD
07-20 01:21:29.681  1095  2241 I vendor.qti.bluetooth@1.0-ibs_handler: ProcessIbsCmd: Writing IBS_WAKE_ACK
07-20 01:21:29.722  1095  2241 I vendor.qti.bluetooth@1.0-ibs_handler: ProcessIbsCmd: Received IBS_SLEEP_IND: 0xFE
07-20 01:21:29.904 14868 14895 E BLASTBufferQueue: [SurfaceView[org.hackintosh1980.espgrowcontroller/org.kivy.android.PythonActivity]#1](f:0,a:0) rejecting buffer:active_size=1545x720, requested_size=1545x720 buffer{size=664x1461 transform=7}
07-20 01:21:29.908 14868 14895 I python  : [BROADCAST] Bridge gestartet
07-20 01:21:29.970  1095  2241 I vendor.qti.bluetooth@1.0-ibs_handler: ProcessIbsCmd: Received IBS_WAKE_IND: 0xFD
07-20 01:21:29.970  1095  2241 I vendor.qti.bluetooth@1.0-ibs_handler: ProcessIbsCmd: Writing IBS_WAKE_ACK
07-20 01:21:30.011  1095  2241 I vendor.qti.bluetooth@1.0-ibs_handler: ProcessIbsCmd: Received IBS_SLEEP_IND: 0xFE
07-20 01:21:30.067  1095  2241 I vendor.qti.bluetooth@1.0-ibs_handler: ProcessIbsCmd: Received IBS_WAKE_IND: 0xFD
07-20 01:21:30.067  1095  2241 I vendor.qti.bluetooth@1.0-ibs_handler: ProcessIbsCmd: Writing IBS_WAKE_ACK
07-20 01:21:30.090 14868 14944 I python  : [DEBUG  ] [http          ]//192.168.2.39:80 "GET /data HTTP/1.1" 200 2513
07-20 01:21:30.108  1095  2241 I vendor.qti.bluetooth@1.0-ibs_handler: ProcessIbsCmd: Received IBS_SLEEP_IND: 0xFE
07-20 01:21:30.216 14868 14942 I python  : [DEBUG  ] [Starting new HTTP connection (1)] 192.168.2.20:80
07-20 01:21:30.219 14868 14944 I python  : [DEBUG  ] [Starting new HTTP connection (1)] 192.168.2.39:80
07-20 01:21:30.232  1095  2241 I vendor.qti.bluetooth@1.0-ibs_handler: ProcessIbsCmd: Received IBS_WAKE_IND: 0xFD
07-20 01:21:30.232  1095  2241 I vendor.qti.bluetooth@1.0-ibs_handler: ProcessIbsCmd: Writing IBS_WAKE_ACK
07-20 01:21:30.272  1095  2241 I vendor.qti.bluetooth@1.0-ibs_handler: ProcessIbsCmd: Received IBS_SLEEP_IND: 0xFE
07-20 01:21:30.321  1095  2241 I vendor.qti.bluetooth@1.0-ibs_handler: ProcessIbsCmd: Received IBS_WAKE_IND: 0xFD
07-20 01:21:30.321  1095  2241 I vendor.qti.bluetooth@1.0-ibs_handler: ProcessIbsCmd: Writing IBS_WAKE_ACK
07-20 01:21:30.362  1095  2241 I vendor.qti.bluetooth@1.0-ibs_handler: ProcessIbsCmd: Received IBS_SLEEP_IND: 0xFE
07-20 01:21:30.441  1308  1308 I adbd    : adbd service requested 'shell,v2,TERM=dumb:export ANDROID_LOG_TAGS=''; exec logcat '-d' '-v' 'threadtime' '*:I' 'python:D''
07-20 01:21:30.481  1095  2247 I vendor.qti.bluetooth@1.0-ibs_handler: DeviceSleep: TX Awake, Sending SLEEP_IND
07-20 01:21:30.491  1095  2241 I vendor.qti.bluetooth@1.0-ibs_handler: ProcessIbsCmd: Received IBS_WAKE_IND: 0xFD
07-20 01:21:30.491  1095  2241 I vendor.qti.bluetooth@1.0-ibs_handler: ProcessIbsCmd: Writing IBS_WAKE_ACK
07-20 01:21:30.532  1095  2241 I vendor.qti.bluetooth@1.0-ibs_handler: ProcessIbsCmd: Received IBS_SLEEP_IND: 0xFE
07-20 01:21:30.538 14868 14944 I python  : [DEBUG  ] [http          ]//192.168.2.39:80 "GET /data HTTP/1.1" 200 2513
07-20 01:21:30.582  1095  2241 I vendor.qti.bluetooth@1.0-ibs_handler: ProcessIbsCmd: Received IBS_WAKE_IND: 0xFD
07-20 01:21:30.582  1095  2241 I vendor.qti.bluetooth@1.0-ibs_handler: ProcessIbsCmd: Writing IBS_WAKE_ACK
07-20 01:21:30.623  1095  2241 I vendor.qti.bluetooth@1.0-ibs_handler: ProcessIbsCmd: Received IBS_SLEEP_IND: 0xFE
07-20 01:21:30.769 14868 14895 I python  : [Core] BROADCAST Bridge started
07-20 01:21:30.881  1095  2241 I vendor.qti.bluetooth@1.0-ibs_handler: ProcessIbsCmd: Received IBS_WAKE_IND: 0xFD
07-20 01:21:30.884  1095  2241 I vendor.qti.bluetooth@1.0-ibs_handler: ProcessIbsCmd: Writing IBS_WAKE_ACK
07-20 01:21:30.903 14868 14942 I python  : [DEBUG  ] [http          ]//192.168.2.20:80 "GET /data HTTP/1.1" 200 2515
07-20 01:21:30.925  1095  2241 I vendor.qti.bluetooth@1.0-ibs_handler: ProcessIbsCmd: Received IBS_SLEEP_IND: 0xFE
07-20 01:21:31.025 14868 14944 I python  : [DEBUG  ] [Starting new HTTP connection (1)] 192.168.2.20:80
07-20 01:21:31.032 14868 14942 I python  : [DEBUG  ] [Starting new HTTP connection (1)] 192.168.2.39:80
07-20 01:21:31.033 11644 11699 I BugleRcsEngine: handleMessage processing message:[NOTIFY_UPTIME_IGNORE_STATE_CHANGED] with [non-null]:RcsEngineImpl reference [CONTEXT log_prefix="RcsEngineImpl[DUAL_REG]:[9505637b-6848]>Handler" thread_id=222 ]
07-20 01:21:31.034 11644 11688 I BugleRcsEngine: Connected state: [1], networkType: [WIFI] [CONTEXT thread_id=214 ]
07-20 01:21:31.035  3099  3479 E PhoneInterfaceManager: [PhoneIntfMgr] getCarrierPrivilegeStatus: Invalid subId
07-20 01:21:31.039 23890 24757 I NullBinder: NullBinder for android.net.action.RECOMMEND_NETWORKS triggering remote TransactionTooLargeException due to Service without Chimera impl, calling uid: 1000, calling pid: 0
07-20 01:21:31.044 23890 24757 I NullBinder: NullBinder for android.net.action.RECOMMEND_NETWORKS triggering remote TransactionTooLargeException due to Service without Chimera impl, calling uid: 1000, calling pid: 0
07-20 01:21:31.045 23890 30324 I NearbyMediums: Wifi changed new SSID: "Cudy-Indoor"
07-20 01:21:31.046 23890 30324 I NearbyMediums: WifiLanConnectivityInfo is not changed, skip notify.
07-20 01:21:31.142  1095  2241 I vendor.qti.bluetooth@1.0-ibs_handler: ProcessIbsCmd: Received IBS_WAKE_IND: 0xFD
07-20 01:21:31.144  1095  2241 I vendor.qti.bluetooth@1.0-ibs_handler: ProcessIbsCmd: Writing IBS_WAKE_ACK
07-20 01:21:31.161  3187  3218 W System.err: java.io.FileNotFoundException: /proc/ant_state: open failed: ENOENT (No such file or directory)
07-20 01:21:31.161  3187  3218 W System.err: 	at libcore.io.IoBridge.open(IoBridge.java:574)
07-20 01:21:31.161  3187  3218 W System.err: 	at java.io.FileInputStream.<init>(FileInputStream.java:179)
07-20 01:21:31.161  3187  3218 W System.err: 	at java.io.FileReader.<init>(FileReader.java:75)
07-20 01:21:31.161  3187  3218 W System.err: 	at com.hmd.sarsensor.ModeService$NodeWatcher.readNode(ModeService.java:539)
07-20 01:21:31.161  3187  3218 W System.err: 	at com.hmd.sarsensor.ModeService$NodeWatcher.run(ModeService.java:514)
07-20 01:21:31.161  3187  3218 W System.err: Caused by: android.system.ErrnoException: open failed: ENOENT (No such file or directory)
07-20 01:21:31.161  3187  3218 W System.err: 	at libcore.io.Linux.open(Native Method)
07-20 01:21:31.161  3187  3218 W System.err: 	at libcore.io.ForwardingOs.open(ForwardingOs.java:579)
07-20 01:21:31.161  3187  3218 W System.err: 	at libcore.io.BlockGuardOs.open(BlockGuardOs.java:274)
07-20 01:21:31.161  3187  3218 W System.err: 	at libcore.io.ForwardingOs.open(ForwardingOs.java:579)
07-20 01:21:31.161  3187  3218 W System.err: 	at android.app.ActivityThread$AndroidOs.open(ActivityThread.java:7766)
07-20 01:21:31.161  3187  3218 W System.err: 	at libcore.io.IoBridge.open(IoBridge.java:560)
07-20 01:21:31.161  3187  3218 W System.err: 	... 4 more
07-20 01:21:31.161  3187  3218 E SarTest : read node fail: java.io.FileNotFoundException: /proc/ant_state: open failed: ENOENT (No such file or directory)
07-20 01:21:31.186  1095  2241 I vendor.qti.bluetooth@1.0-ibs_handler: ProcessIbsCmd: Received IBS_SLEEP_IND: 0xFE
07-20 01:21:31.280 14868 14942 I python  : [DEBUG  ] [http          ]//192.168.2.39:80 "GET /data HTTP/1.1" 200 2513
07-20 01:21:31.436 14868 14944 I python  : [DEBUG  ] [http          ]//192.168.2.20:80 "GET /data HTTP/1.1" 200 2564
07-20 01:21:31.503  1095  2241 I vendor.qti.bluetooth@1.0-ibs_handler: ProcessIbsCmd: Received IBS_WAKE_IND: 0xFD
07-20 01:21:31.505  1095  2241 I vendor.qti.bluetooth@1.0-ibs_handler: ProcessIbsCmd: Writing IBS_WAKE_ACK
07-20 01:21:31.532 23890 30324 I NearbySharing: Network state changed: NetworkState(isRestricted=false, isOnline=true, isCongested=false, isMetered=false, isWifiConnected=true)
07-20 01:21:31.546  1095  2241 I vendor.qti.bluetooth@1.0-ibs_handler: ProcessIbsCmd: Received IBS_SLEEP_IND: 0xFE
07-20 01:21:31.549 14868 14942 I python  : [DEBUG  ] [Starting new HTTP connection (1)] 192.168.2.20:80
07-20 01:21:31.550 14868 14944 I python  : [DEBUG  ] [Starting new HTTP connection (1)] 192.168.2.39:80
07-20 01:21:31.841 14868 14944 I python  : [DEBUG  ] [http          ]//192.168.2.39:80 "GET /data HTTP/1.1" 200 2563
07-20 01:21:31.883 14868 14942 I python  : [DEBUG  ] [http          ]//192.168.2.20:80 "GET /data HTTP/1.1" 200 2563
07-20 01:21:32.041 14868 14944 I python  : [DEBUG  ] [Starting new HTTP connection (1)] 192.168.2.20:80
07-20 01:21:32.045 14868 14942 I python  : [DEBUG  ] [Starting new HTTP connection (1)] 192.168.2.39:80
07-20 01:21:32.403  1095  2241 I vendor.qti.bluetooth@1.0-ibs_handler: ProcessIbsCmd: Received IBS_WAKE_IND: 0xFD
07-20 01:21:32.405  1095  2241 I vendor.qti.bluetooth@1.0-ibs_handler: ProcessIbsCmd: Writing IBS_WAKE_ACK
07-20 01:21:32.439 14868 14942 I python  : [DEBUG  ] [http          ]//192.168.2.39:80 "GET /data HTTP/1.1" 200 2563
07-20 01:21:32.446  1095  2241 I vendor.qti.bluetooth@1.0-ibs_handler: ProcessIbsCmd: Received IBS_SLEEP_IND: 0xFE
07-20 01:21:32.447 14868 14944 I python  : [DEBUG  ] [http          ]//192.168.2.20:80 "GET /data HTTP/1.1" 200 2607
07-20 01:21:32.560 14868 14942 I python  : [DEBUG  ] [Starting new HTTP connection (1)] 192.168.2.20:80
07-20 01:21:32.562 14868 14944 I python  : [DEBUG  ] [Starting new HTTP connection (1)] 192.168.2.39:80
07-20 01:21:32.670  1095  2241 I vendor.qti.bluetooth@1.0-ibs_handler: ProcessIbsCmd: Received IBS_WAKE_IND: 0xFD
07-20 01:21:32.672  1095  2241 I vendor.qti.bluetooth@1.0-ibs_handler: ProcessIbsCmd: Writing IBS_WAKE_ACK
07-20 01:21:32.680  1095  1095 I vendor.qti.bluetooth@1.0-ibs_handler: DeviceWakeUp: Writing IBS_WAKE_IND
07-20 01:21:32.680  1095  2241 I vendor.qti.bluetooth@1.0-ibs_handler: ProcessIbsCmd: Received IBS_WAKE_ACK: 0xFC
07-20 01:21:32.680  1095  2241 I vendor.qti.bluetooth@1.0-ibs_handler: ProcessIbsCmd: Signal wack_cond_
07-20 01:21:32.687 14868 14937 I BroadcastBridge: Advertising refreshed
07-20 01:21:32.709 14868 14868 I BroadcastBridge: Advertising active
07-20 01:21:32.740  1095  2241 I vendor.qti.bluetooth@1.0-ibs_handler: ProcessIbsCmd: Received IBS_SLEEP_IND: 0xFE
07-20 01:21:32.963 14868 14944 I python  : [DEBUG  ] [http          ]//192.168.2.39:80 "GET /data HTTP/1.1" 200 2604
07-20 01:21:32.967 14868 14942 I python  : [DEBUG  ] [http          ]//192.168.2.20:80 "GET /data HTTP/1.1" 200 2606
07-20 01:21:33.033  1095  2241 I vendor.qti.bluetooth@1.0-ibs_handler: ProcessIbsCmd: Received IBS_WAKE_IND: 0xFD
07-20 01:21:33.033  1095  2241 I vendor.qti.bluetooth@1.0-ibs_handler: ProcessIbsCmd: Writing IBS_WAKE_ACK
07-20 01:21:33.086  1095  2241 I vendor.qti.bluetooth@1.0-ibs_handler: ProcessIbsCmd: Received IBS_SLEEP_IND: 0xFE
07-20 01:21:33.130  1095  2241 I vendor.qti.bluetooth@1.0-ibs_handler: ProcessIbsCmd: Received IBS_WAKE_IND: 0xFD
07-20 01:21:33.130  1095  2241 I vendor.qti.bluetooth@1.0-ibs_handler: ProcessIbsCmd: Writing IBS_WAKE_ACK
07-20 01:21:33.162  3187  3218 W System.err: java.io.FileNotFoundException: /proc/ant_state: open failed: ENOENT (No such file or directory)
07-20 01:21:33.162  3187  3218 W System.err: 	at libcore.io.IoBridge.open(IoBridge.java:574)
07-20 01:21:33.162  3187  3218 W System.err: 	at java.io.FileInputStream.<init>(FileInputStream.java:179)
07-20 01:21:33.162  3187  3218 W System.err: 	at java.io.FileReader.<init>(FileReader.java:75)
07-20 01:21:33.162  3187  3218 W System.err: 	at com.hmd.sarsensor.ModeService$NodeWatcher.readNode(ModeService.java:539)
07-20 01:21:33.162  3187  3218 W System.err: 	at com.hmd.sarsensor.ModeService$NodeWatcher.run(ModeService.java:514)
07-20 01:21:33.163  3187  3218 W System.err: Caused by: android.system.ErrnoException: open failed: ENOENT (No such file or directory)
07-20 01:21:33.163  3187  3218 W System.err: 	at libcore.io.Linux.open(Native Method)
07-20 01:21:33.163  3187  3218 W System.err: 	at libcore.io.ForwardingOs.open(ForwardingOs.java:579)
07-20 01:21:33.163  3187  3218 W System.err: 	at libcore.io.BlockGuardOs.open(BlockGuardOs.java:274)
07-20 01:21:33.163  3187  3218 W System.err: 	at libcore.io.ForwardingOs.open(ForwardingOs.java:579)
07-20 01:21:33.163  3187  3218 W System.err: 	at android.app.ActivityThread$AndroidOs.open(ActivityThread.java:7766)
07-20 01:21:33.163  3187  3218 W System.err: 	at libcore.io.IoBridge.open(IoBridge.java:560)
07-20 01:21:33.163  3187  3218 W System.err: 	... 4 more
07-20 01:21:33.163  3187  3218 E SarTest : read node fail: java.io.FileNotFoundException: /proc/ant_state: open failed: ENOENT (No such file or directory)
07-20 01:21:33.172  1095  2241 I vendor.qti.bluetooth@1.0-ibs_handler: ProcessIbsCmd: Received IBS_SLEEP_IND: 0xFE
07-20 01:21:33.179 14868 14944 I python  : [DEBUG  ] [Starting new HTTP connection (1)] 192.168.2.20:80
07-20 01:21:33.185 14868 14942 I python  : [DEBUG  ] [Starting new HTTP connection (1)] 192.168.2.39:80
07-20 01:21:33.505 14868 14944 I python  : [DEBUG  ] [http          ]//192.168.2.20:80 "GET /data HTTP/1.1" 200 2606
07-20 01:21:33.565  1095  2241 I vendor.qti.bluetooth@1.0-ibs_handler: ProcessIbsCmd: Received IBS_WAKE_IND: 0xFD
07-20 01:21:33.565  1095  2241 I vendor.qti.bluetooth@1.0-ibs_handler: ProcessIbsCmd: Writing IBS_WAKE_ACK
07-20 01:21:33.606  1095  2241 I vendor.qti.bluetooth@1.0-ibs_handler: ProcessIbsCmd: Received IBS_SLEEP_IND: 0xFE
