07-20 01:45:07.163  1578  1962 I HuaweiWifiWatchdogStateMachine: start computeQosLevel tcpRtt = 0 ,rssi = -60 ,mBestSpeedInPeriod = 0
07-20 01:45:07.163  1578  1962 I HuaweiWifiWatchdogStateMachine: smoothConsecutiveQosResults, currentQosLevel = 3
07-20 01:45:07.165  1578 11359 I MQoS    : QOS_level:0(0),wifi-link;SIM error;use level-0
07-20 01:45:07.165  1578 11359 I MQoS    : skip-low-Level:0(0),wifi-link;SIM error;use level-0
07-20 01:45:07.252  2560  3493 E DeviceMonitorPowerKit: not Satify ApplyResource
07-20 01:45:07.838  2262  2440 I SpeedTestNotifier: is low speed scene
07-20 01:45:08.222   729   790 E ACCKIT_ : PerfMgr: fail to read 0
07-20 01:45:09.377  1061  6849 I iked    : [INFO]: ikev2.c:305: ikev2_periodic_task()
07-20 01:45:09.535  1578  1862 I TrafficMonitor: update:rxPkts:119,txPkts:182,rxBytes:22756,txBytes:47614
07-20 01:45:09.536  1578  1862 I TrafficMonitor: gettimer:interval=180000
07-20 01:45:09.671   634  9753 I netd    : trafficSwapActiveStatsMap() <38.41ms>
07-20 01:45:10.226   729   790 E ACCKIT_ : PerfMgr: fail to read 0
07-20 01:45:11.136  1578  1863 I WificondControl: Noise: -92, Snr: 32, Chload: -1, rssi: -60, txBitrate: 65, rxBitrate: 0, frequency: 2462, UlDelay: -1, currentTxBytes: 0, currentTxPackets: 510924, currentTxFailed: 757, currentRxBytes: 0, currentRxPackets: 765602
07-20 01:45:11.158  1578  1962 I HuaweiWifiWatchdogStateMachine: POta txb txg rxg:0, 14, 0. Lr =0% Totpkt=14
07-20 01:45:11.159  1578  1862 I WiFi_PRO: MSG_RETURN_AP_CURRY_RSSI rssi = -60
07-20 01:45:11.159  1578  1862 I QosMonitor: queryRtt: rttType = 3
07-20 01:45:11.159  1578  1862 I HwWifiProServiceProxy: ctrlHwWifiNetwork pkgName: WIFIPRO_SERVICE interfaceId: 8
07-20 01:45:11.161  1578  1862 I QosMonitor: postEventFromNative: msg=100,arg1=4,arg2=10
07-20 01:45:11.161  1578  1862 I HwWifiProServiceProxy: ctrlHwWifiNetwork pkgName: WIFIPRO_SERVICE interfaceId: 8
07-20 01:45:11.161  1578  1862 I QosMonitor: postEventFromNative: msg=100,arg1=0,arg2=10
07-20 01:45:11.162  1578  1862 I MQoS    : rtt=592,tcpTxPkts=172258,tcpRxPkts=342148
07-20 01:45:11.164  1578  1962 I HuaweiWifiWatchdogStateMachine: PTcp RTT:0, rtt pkt=0, tcp_rx=0, tcp_tx=0, tcp_reTran=0, rtRate=0
07-20 01:45:11.164  1578  1962 I HuaweiWifiWatchdogStateMachine: rssi bad, mrssi=-60 < TargetRssi=-54
07-20 01:45:11.164  1578  1962 I HuaweiWifiWatchdogStateMachine: start computeQosLevel tcpRtt = 0 ,rssi = -60 ,mBestSpeedInPeriod = 0
07-20 01:45:11.164  1578  1962 I HuaweiWifiWatchdogStateMachine: smoothConsecutiveQosResults, currentQosLevel = 3
07-20 01:45:11.167  1578 11359 I MQoS    : QOS_level:0(0),wifi-link;SIM error;use level-0
07-20 01:45:11.167  1578 11359 I MQoS    : skip-low-Level:0(0),wifi-link;SIM error;use level-0
07-20 01:45:12.229   729   790 E ACCKIT_ : PerfMgr: fail to read 0
07-20 01:45:12.382  1061  6849 I iked    : [INFO]: ikev2.c:305: ikev2_periodic_task()
07-20 01:45:13.743   634  1192 I         : ApiCount[0, 0, 0, 30, 0, 0, 0, 0, 0, 0, 154, 250, 0, 8, 2, 0, 7, 0, 1945, 4229]
07-20 01:45:14.232   729   790 E ACCKIT_ : PerfMgr: fail to read 0
07-20 01:45:14.539  1578  1862 I TrafficMonitor: expired arrive. level:-1
07-20 01:45:14.539  1578  1862 I TrafficMonitor: during_ms:180008,period_ms:2000
07-20 01:45:14.540  1578  1862 I TrafficMonitor: count:12,rx_sum:119,tx_sum:182,rxBytes:22756,during_ms:180008,rx_speed:126.41660370650193,tx_speed:264.51046620150214,rto:0.6538461538461539
07-20 01:45:14.540  1578  1862 I HuaweiWifiWatchdogStateMachine: Get speed information rx_speed = 126 ,tx_speed = 264 ,isSpeedOk = false ,mBestSpeedInPeriod = 126
07-20 01:45:14.718   634  9753 I netd    : trafficSwapActiveStatsMap() <21.31ms>
07-20 01:45:15.145  1578  1863 I WificondControl: Noise: -92, Snr: 32, Chload: -1, rssi: -59, txBitrate: 65, rxBitrate: 0, frequency: 2462, UlDelay: -1, currentTxBytes: 0, currentTxPackets: 510930, currentTxFailed: 757, currentRxBytes: 0, currentRxPackets: 765604
07-20 01:45:15.178  1578  1862 I WiFi_PRO: MSG_RETURN_AP_CURRY_RSSI rssi = -59
07-20 01:45:15.178  1578  1862 I QosMonitor: queryRtt: rttType = 3
07-20 01:45:15.178  1578  1962 I HuaweiWifiWatchdogStateMachine: POta txb txg rxg:0, 20, 0. Lr =0% Totpkt=20
07-20 01:45:15.178  1578  1862 I HwWifiProServiceProxy: ctrlHwWifiNetwork pkgName: WIFIPRO_SERVICE interfaceId: 8
07-20 01:45:15.180  1578  1862 I QosMonitor: postEventFromNative: msg=100,arg1=4,arg2=10
07-20 01:45:15.180  1578  1862 I HwWifiProServiceProxy: ctrlHwWifiNetwork pkgName: WIFIPRO_SERVICE interfaceId: 8
07-20 01:45:15.180  1578  1862 I QosMonitor: postEventFromNative: msg=100,arg1=0,arg2=10
07-20 01:45:15.180  1578  1862 I MQoS    : rtt=592,tcpTxPkts=172259,tcpRxPkts=342149
07-20 01:45:15.181  1578  1962 I HuaweiWifiWatchdogStateMachine: PTcp RTT:0, rtt pkt=0, tcp_rx=1, tcp_tx=1, tcp_reTran=0, rtRate=0
07-20 01:45:15.181  1578  1962 I HuaweiWifiWatchdogStateMachine: rssi bad, mrssi=-59 < TargetRssi=-54
07-20 01:45:15.181  1578 11359 I chatty  : uid=1000(system) MobileQosDetect identical 3 lines
07-20 01:45:15.181  1578  1962 I HuaweiWifiWatchdogStateMachine: start computeQosLevel tcpRtt = 0 ,rssi = -59 ,mBestSpeedInPeriod = 126
07-20 01:45:15.181  1578  1962 I HuaweiWifiWatchdogStateMachine: smoothConsecutiveQosResults, currentQosLevel = 3
07-20 01:45:15.185  1578 11359 I MQoS    : QOS_level:0(0),wifi-link;SIM error;use level-0
07-20 01:45:15.388  1061  6849 I iked    : [INFO]: ikev2.c:305: ikev2_periodic_task()
07-20 01:45:16.234   729   790 E ACCKIT_ : PerfMgr: fail to read 0
07-20 01:45:16.262   634  9753 I netd    : trafficSwapActiveStatsMap() <45.11ms>
07-20 01:45:17.874  2262  2440 I SpeedTestNotifier: is low speed scene
07-20 01:45:18.235   729   790 E ACCKIT_ : PerfMgr: fail to read 0
07-20 01:45:18.392  1061  6849 I iked    : [INFO]: ikev2.c:305: ikev2_periodic_task()
07-20 01:45:19.154  1578  1863 I WificondControl: Noise: -92, Snr: 31, Chload: -1, rssi: -60, txBitrate: 65, rxBitrate: 0, frequency: 2462, UlDelay: -1, currentTxBytes: 0, currentTxPackets: 510938, currentTxFailed: 757, currentRxBytes: 0, currentRxPackets: 765607
07-20 01:45:19.184  1578  1862 I WiFi_PRO: MSG_RETURN_AP_CURRY_RSSI rssi = -60
07-20 01:45:19.184  1578  1862 I QosMonitor: queryRtt: rttType = 3
07-20 01:45:19.184  1578  1862 I HwWifiProServiceProxy: ctrlHwWifiNetwork pkgName: WIFIPRO_SERVICE interfaceId: 8
07-20 01:45:19.185  1578  1962 I HuaweiWifiWatchdogStateMachine: high data flow: protection_counter = 0,  not_detect_counter = 23
07-20 01:45:19.185  1578  1862 I QosMonitor: postEventFromNative: msg=100,arg1=4,arg2=10
07-20 01:45:19.186  1578  1962 I HuaweiWifiWatchdogStateMachine: high data flow scenario: 0 --> 0 rx bytes =0KB
07-20 01:45:19.186  1578  1962 I HuaweiWifiWatchdogStateMachine: POta txb txg rxg:0, 28, 0. Lr =0% Totpkt=28
07-20 01:45:19.186  1578  1862 I HwWifiProServiceProxy: ctrlHwWifiNetwork pkgName: WIFIPRO_SERVICE interfaceId: 8
07-20 01:45:19.187  1578  1862 I QosMonitor: postEventFromNative: msg=100,arg1=0,arg2=10
07-20 01:45:19.187  1578  1862 I MQoS    : rtt=592,tcpTxPkts=172259,tcpRxPkts=342149
07-20 01:45:19.189  1578  1962 I HuaweiWifiWatchdogStateMachine: PTcp RTT:0, rtt pkt=0, tcp_rx=0, tcp_tx=0, tcp_reTran=0, rtRate=0
07-20 01:45:19.189  1578  1962 I HuaweiWifiWatchdogStateMachine: rssi bad, mrssi=-60 < TargetRssi=-54
07-20 01:45:19.189  1578  1962 I HuaweiWifiWatchdogStateMachine: start computeQosLevel tcpRtt = 0 ,rssi = -60 ,mBestSpeedInPeriod = 126
07-20 01:45:19.189  1578  1962 I HuaweiWifiWatchdogStateMachine: smoothConsecutiveQosResults, currentQosLevel = 3
07-20 01:45:19.191  1578 11359 I MQoS    : QOS_level:0(0),wifi-link;SIM error;use level-0
07-20 01:45:19.192  1578 11359 I MQoS    : skip-low-Level:0(0),wifi-link;SIM error;use level-0
07-20 01:45:19.755   634  9753 I netd    : trafficSwapActiveStatsMap() <14.17ms>
07-20 01:45:20.237   729   790 E ACCKIT_ : PerfMgr: fail to read 0
07-20 01:45:20.335  1122  1148 I storaged: storaged_t::event: storage_info refreshed.
07-20 01:45:21.398  1061  6849 I iked    : [INFO]: ikev2.c:305: ikev2_periodic_task()
07-20 01:45:22.239   729   790 E ACCKIT_ : PerfMgr: fail to read 0
07-20 01:45:22.868  4633 24862 I CAWARENESS_ServiceMonitor: memory(kB) static totalPss=14091, dalvikPss=1774, nativePss=4676
07-20 01:45:23.152  1578  1863 I WificondControl: Noise: -92, Snr: 32, Chload: -1, rssi: -60, txBitrate: 65, rxBitrate: 0, frequency: 2462, UlDelay: -1, currentTxBytes: 0, currentTxPackets: 510945, currentTxFailed: 757, currentRxBytes: 0, currentRxPackets: 765610
07-20 01:45:23.178  1578  1962 I HuaweiWifiWatchdogStateMachine: POta txb txg rxg:0, 35, 0. Lr =0% Totpkt=35
07-20 01:45:23.179  1578  1862 I WiFi_PRO: MSG_RETURN_AP_CURRY_RSSI rssi = -60
07-20 01:45:23.179  1578  1862 I QosMonitor: queryRtt: rttType = 3
07-20 01:45:23.179  1578  1862 I HwWifiProServiceProxy: ctrlHwWifiNetwork pkgName: WIFIPRO_SERVICE interfaceId: 8
07-20 01:45:23.180  1578  1862 I QosMonitor: postEventFromNative: msg=100,arg1=4,arg2=10
07-20 01:45:23.181  1578  1862 I HwWifiProServiceProxy: ctrlHwWifiNetwork pkgName: WIFIPRO_SERVICE interfaceId: 8
07-20 01:45:23.181  1578  1862 I QosMonitor: postEventFromNative: msg=100,arg1=0,arg2=10
07-20 01:45:23.181  1578  1862 I MQoS    : rtt=592,tcpTxPkts=172260,tcpRxPkts=342150
07-20 01:45:23.182  1578  1962 I HuaweiWifiWatchdogStateMachine: PTcp RTT:0, rtt pkt=0, tcp_rx=1, tcp_tx=1, tcp_reTran=0, rtRate=0
07-20 01:45:23.182  1578  1962 I HuaweiWifiWatchdogStateMachine: rssi bad, mrssi=-60 < TargetRssi=-54
07-20 01:45:23.182  1578  1962 I HuaweiWifiWatchdogStateMachine: start computeQosLevel tcpRtt = 0 ,rssi = -60 ,mBestSpeedInPeriod = 126
07-20 01:45:23.182  1578  1962 I HuaweiWifiWatchdogStateMachine: smoothConsecutiveQosResults, currentQosLevel = 3
07-20 01:45:23.185  1578 11359 I MQoS    : QOS_level:0(0),wifi-link;SIM error;use level-0
07-20 01:45:23.185  1578 11359 I MQoS    : skip-low-Level:0(0),wifi-link;SIM error;use level-0
07-20 01:45:24.240   729   790 E ACCKIT_ : PerfMgr: fail to read 0
07-20 01:45:24.404  1061  6849 I iked    : [INFO]: ikev2.c:305: ikev2_periodic_task()
07-20 01:45:24.807   634  9753 I netd    : trafficSwapActiveStatsMap() <39.15ms>
07-20 01:45:26.243   729   790 E ACCKIT_ : PerfMgr: fail to read 0
07-20 01:45:26.308   634  9753 I netd    : trafficSwapActiveStatsMap() <29.48ms>
07-20 01:45:27.166  1578  1863 I WificondControl: Noise: -92, Snr: 30, Chload: -1, rssi: -61, txBitrate: 65, rxBitrate: 0, frequency: 2462, UlDelay: -1, currentTxBytes: 0, currentTxPackets: 510951, currentTxFailed: 757, currentRxBytes: 0, currentRxPackets: 765612
07-20 01:45:27.188  1578  1962 I HuaweiWifiWatchdogStateMachine: POta txb txg rxg:0, 41, 0. Lr =0% Totpkt=41
07-20 01:45:27.188  1578  1862 I WiFi_PRO: MSG_RETURN_AP_CURRY_RSSI rssi = -61
07-20 01:45:27.189  1578  1862 I QosMonitor: queryRtt: rttType = 3
07-20 01:45:27.189  1578  1862 I HwWifiProServiceProxy: ctrlHwWifiNetwork pkgName: WIFIPRO_SERVICE interfaceId: 8
07-20 01:45:27.191  1578  1862 I QosMonitor: postEventFromNative: msg=100,arg1=4,arg2=10
07-20 01:45:27.191  1578  1862 I HwWifiProServiceProxy: ctrlHwWifiNetwork pkgName: WIFIPRO_SERVICE interfaceId: 8
07-20 01:45:27.191  1578  1862 I QosMonitor: postEventFromNative: msg=100,arg1=0,arg2=10
07-20 01:45:27.193  1578  1862 I MQoS    : rtt=592,tcpTxPkts=172260,tcpRxPkts=342150
07-20 01:45:27.194  1578  1962 I HuaweiWifiWatchdogStateMachine: PTcp RTT:0, rtt pkt=0, tcp_rx=0, tcp_tx=0, tcp_reTran=0, rtRate=0
07-20 01:45:27.194  1578  1962 I HuaweiWifiWatchdogStateMachine: rssi bad, mrssi=-61 < TargetRssi=-54
07-20 01:45:27.194  1578  1962 I HuaweiWifiWatchdogStateMachine: start computeQosLevel tcpRtt = 0 ,rssi = -61 ,mBestSpeedInPeriod = 126
07-20 01:45:27.194  1578  1962 I HuaweiWifiWatchdogStateMachine: smoothConsecutiveQosResults, currentQosLevel = 3
07-20 01:45:27.196  1578 11359 I MQoS    : QOS_level:0(0),wifi-link;SIM error;use level-0
07-20 01:45:27.251  2560  3493 E DeviceMonitorPowerKit: not Satify ApplyResource
07-20 01:45:27.410  1061  6849 I iked    : [INFO]: ikev2.c:305: ikev2_periodic_task()
07-20 01:45:27.684   670   681 I ArHal   : (ArDataNetlinkCb:942):cmd[2].length[24]
07-20 01:45:27.684   670   682 I AR_impl : ActChangedCb start count[1]
07-20 01:45:27.689   670   682 I AR_impl : able to onActivityChangedV1_1
07-20 01:45:27.689   670   682 I AR_impl : ActChangedCb end, pid[670]
07-20 01:45:27.691  4633 31645 I CAWARENESS_MsdpMotionWrapper: onMovementStatusChanged type=0
07-20 01:45:27.691  4633 31645 I CAWARENESS_MsdpMotionParser: parseMsdpEvent count: 1 state: MsdpMotionTransportState{abilityType=relative_still, eventType=exit, timestampNs=333973979956266, confidence=0, extra=}
07-20 01:45:27.691  4633 31645 I CAWARENESS_MsdpMotionReportInfoMap: update relative_still exit result is true
07-20 01:45:27.691  4633 31645 I CAWARENESS_AbilityContext: [1784504748463] publishing {dataId=100000076, mode=0}
07-20 01:45:27.692  4633 31645 I CAWARENESS_AbilityContext: [1784504748463] deliver {dataId=100000076, mode=0} to 2 receivers
07-20 01:45:27.693  4633 31645 I CAWARENESS_AbilityContext: [1784504748465] publishing {dataId=100000076, mode=1}
07-20 01:45:27.693  4633 31645 I CAWARENESS_AbilityContext: [1784504748465] subscribe list is empty, ignore this publish
07-20 01:45:27.694  4633 24876 I CAWARENESS_MotionCompatibleFence: triggerForOldInterface this: 108527865
07-20 01:45:27.695  4633 24876 I CAWARENESS_CompatibleFenceTrigger: fenceName 1 pid 2262 uid 1000
07-20 01:45:27.695  4633 24876 I CAWARENESS_CacheReportDataService: insertData
07-20 01:45:27.695  4633 23705 I CAWARENESS_CompatibleFenceTrigger: triggerForMotion with PendingIntent
07-20 01:45:27.695  2262  2440 I MsdpMovementManager: new movement state: unknown state
07-20 01:45:27.696  2262  2440 I OllieMsgCenter: publishEvt=2130771993
07-20 01:45:27.696  1578  1854 I ActivityManager: sendIntentSender target:PendingIntentRecord{97bdca9 com.huawei.systemserver broadcastIntent}, intent:hwFlg=0x10
07-20 01:45:27.698  1578  1854 W ActivityManager: Sending non-protected broadcast android.intent.action.movement_fence_triggered from system uid 1000 pkg com.huawei.systemserver
07-20 01:45:27.698  1578  1854 W ActivityManager: Sending non-protected broadcast android.intent.action.movement_fence_triggered from system uid 1000 pkg com.huawei.systemserver
07-20 01:45:27.700  4633 24877 I CAWARENESS_AwarenessSQLiteDatabase: insert recId is 13705339
07-20 01:45:27.700  4633 24877 I CAWARENESS_CacheReportDataService: Current count 25
07-20 01:45:27.701  2262  2440 I OllieMsgCenter: publishEvt=2130771987
07-20 01:45:27.711  1578  1686 I PowerManagerService: handleSandman: wakefulness: 0,startDreaming: false
07-20 01:45:27.726  2262  2440 E OllieTelephony: sendFullData err:-2
07-20 01:45:27.727  1578  1686 I PowerManagerService: handleSandman: wakefulness: 0,startDreaming: false
07-20 01:45:27.905  2262  2440 I SpeedTestNotifier: is low speed scene
07-20 01:45:28.245   729   790 E ACCKIT_ : PerfMgr: fail to read 0
07-20 01:45:29.879   634  9753 I netd    : trafficSwapActiveStatsMap() <46.93ms>
07-20 01:45:30.248   729   790 E ACCKIT_ : PerfMgr: fail to read 0
07-20 01:45:30.415  1061  6849 I iked    : [INFO]: ikev2.c:305: ikev2_periodic_task()
07-20 01:45:31.164  1578  1863 I WificondControl: Noise: -92, Snr: 32, Chload: -1, rssi: -61, txBitrate: 65, rxBitrate: 0, frequency: 2462, UlDelay: -1, currentTxBytes: 0, currentTxPackets: 510954, currentTxFailed: 757, currentRxBytes: 0, currentRxPackets: 765614
07-20 01:45:31.190  1578  1962 I HuaweiWifiWatchdogStateMachine: POta txb txg rxg:0, 44, 0. Lr =0% Totpkt=44
07-20 01:45:31.191  1578  1862 I WiFi_PRO: MSG_RETURN_AP_CURRY_RSSI rssi = -61
07-20 01:45:31.191  1578  1862 I QosMonitor: queryRtt: rttType = 3
07-20 01:45:31.191  1578  1862 I HwWifiProServiceProxy: ctrlHwWifiNetwork pkgName: WIFIPRO_SERVICE interfaceId: 8
07-20 01:45:31.192  1578  1862 I QosMonitor: postEventFromNative: msg=100,arg1=4,arg2=10
07-20 01:45:31.192  1578  1862 I HwWifiProServiceProxy: ctrlHwWifiNetwork pkgName: WIFIPRO_SERVICE interfaceId: 8
07-20 01:45:31.193  1578  1862 I QosMonitor: postEventFromNative: msg=100,arg1=0,arg2=10
07-20 01:45:31.193  1578  1862 I MQoS    : rtt=592,tcpTxPkts=172260,tcpRxPkts=342150
07-20 01:45:31.194  1578  1962 I HuaweiWifiWatchdogStateMachine: PTcp RTT:0, rtt pkt=0, tcp_rx=0, tcp_tx=0, tcp_reTran=0, rtRate=0
07-20 01:45:31.194  1578  1962 I HuaweiWifiWatchdogStateMachine: rssi bad, mrssi=-61 < TargetRssi=-54
07-20 01:45:31.194  1578  1962 I HuaweiWifiWatchdogStateMachine: start computeQosLevel tcpRtt = 0 ,rssi = -61 ,mBestSpeedInPeriod = 126
07-20 01:45:31.194  1578  1962 I HuaweiWifiWatchdogStateMachine: smoothConsecutiveQosResults, currentQosLevel = 3
07-20 01:45:31.197  1578 11359 I MQoS    : QOS_level:0(0),wifi-link;SIM error;use level-0
07-20 01:45:31.198  1578 11359 I MQoS    : skip-low-Level:0(0),wifi-link;SIM error;use level-0
07-20 01:45:31.210  2334  2759 E SmartChgBase/File: file /data/user_de/0/com.huawei.systemmanager/files/smart_charge/base/mock/enable is invalid in IsFileExist
07-20 01:45:31.211  2334  2759 E SmartChgBase/File: file /data/user_de/0/com.huawei.systemmanager/files/smart_charge/base/mock/enable is invalid in IsFileExist
07-20 01:45:31.553  1578  1777 I HwBatteryService: power_ui state= 1 mQuickChargeStatus=1
07-20 01:45:31.553  1578  1777 I HwBatteryService: handleWirelessTxStatus
07-20 01:45:31.553  1578  1777 I HwBatteryService: switch not open, return, mWirelessTxFlag : 0
07-20 01:45:31.553  1578  1777 W HwBatteryService: need return. Invalid value: -1
07-20 01:45:31.554  1578  1777 I HwBatteryService: IS_WATCH : false
07-20 01:45:31.569   676   676 W health@2.0-serv: type=1400 audit(0.0:112198): avc: denied { read } for pid=676 name="u:object_r:system_prop:s0" dev="tmpfs" ino=12021 scontext=u:r:hal_health_default:s0 tcontext=u:object_r:system_prop:s0 tclass=file permissive=0
07-20 01:45:31.569   676   676 W health@2.0-serv: type=1400 audit(0.0:112199): avc: denied { write } for pid=676 name="property_service" dev="tmpfs" ino=3014 scontext=u:r:hal_health_default:s0 tcontext=u:object_r:property_socket:s0 tclass=sock_file permissive=0
07-20 01:45:31.575   676   676 E libc    : Access denied finding property "sys.check.usbupdate"
07-20 01:45:31.576   676   676 W libc    : Unable to set property "sys.check.usbupdate" to "start": connection failed; errno=13 (Permission denied)
07-20 01:45:31.585  1578  1686 I PowerManagerService: handleSandman: wakefulness: 0,startDreaming: false
07-20 01:45:31.585  1578  1578 I DE J DES: [effect] BroadcastReceiver.onReceive() action:android.intent.action.BATTERY_CHANGED
07-20 01:45:31.585  1578  1578 W DE J DES: [effect] ChargingStateReceiver on recieve, mDisplayManager is null! returned.
07-20 01:45:31.588  2635  3724 I APwBatteryMonitor: screen off charging battery level : 40
07-20 01:45:31.593  1578  1578 I WifiClientModeImpl: mBcastReceiver: PluggedType = 2 mIsScanCtrlPluggedin = true
07-20 01:45:31.599  2334  2759 I SmartChgBase/Event: to dispatch event:2026-07-20 01:45:31/UiSoc=40
07-20 01:45:31.599  2334  2759 I SmartCharge/AswReminder: strategy recv event 2026-07-20 01:45:31/UiSoc=40
07-20 01:45:31.599  2334  2759 E SmartChgBase/File: file /data/user_de/0/com.huawei.systemmanager/files/smart_charge/base/mock/enable is invalid in IsFileExist
07-20 01:45:31.599  2334  2759 I SmartCharge/AswReminder: asw soc control: 95:100
07-20 01:45:31.600  2334  2759 I SmartChgBase/Event: to dispatch event:2026-07-20 01:45:31/BattTemp=300
07-20 01:45:31.600  2334 24391 I NightChargeAI/Main: Receive Event: 2026-07-20 01:45:31/UiSoc=40
07-20 01:45:31.600  2334 24391 I NightChargeAI/Main: OnUISocChanged begin..
07-20 01:45:31.600  2334 24391 I NightChargeAI/Main: handle on waiting...
07-20 01:45:31.600  2334 24391 E SmartChgBase/File: file /data/user_de/0/com.huawei.systemmanager/files/smart_charge/base/mock/enable is invalid in IsFileExist
07-20 01:45:31.601  2560  2560 I ChannelQualityMonitor: eventReceiver ACTION_BATTERY_CHANGED
07-20 01:45:31.601  2560  2560 I ChannelQualityMonitor: eventReceiver handleBatteryEvent charg status = 2
07-20 01:45:31.601  2560  2560 I ChannelQualityMonitor: eventReceiver handleBatteryEvent mPercentBattery = 40
07-20 01:45:31.602  2262  2262 W Settings: Setting device_provisioned has moved from android.provider.Settings.Secure to android.provider.Settings.Global.
07-20 01:45:31.603   724   724 I power_hidl: ExeGetState type=charger_type
07-20 01:45:31.604   724   724 E power_hidl: file /sys/class/hw_power/charger/direct_charger_sc/adaptor_detect is invalid
07-20 01:45:31.604   724   724 I power_hidl: ExeGetState success, type=charger_type, index=20, value=1
07-20 01:45:31.606  2334 24391 I NightChargeAI/Main: OnUISocChanged end.
07-20 01:45:31.606  4633  5570 I CAWARENESS_AndroidBroadcastAbility: onReceive Intent { act=android.intent.action.BATTERY_CHANGED flg=0x60000010 (has extras) }
07-20 01:45:31.607  4633  5570 I CAWARENESS_AbilityContext: [1784504731855] publishing {dataId=100000169, mode=0}
07-20 01:45:31.607  4633  5570 I CAWARENESS_AbilityContext: [1784504731855] subscribe list is empty, ignore this publish
07-20 01:45:31.607  2533  2533 I HiAdKit.DC.BatteryStatusReceiver:  receive broadcast
07-20 01:45:31.610  2533 24884 I HiAdKit.DC.BatteryStatusReceiver:  call doOnReceive
07-20 01:45:31.610  2533 24884 I HiAdKit.DC.BatteryStatusReceiver:  do not rpt while charging
07-20 01:45:32.249   729   790 E ACCKIT_ : PerfMgr: fail to read 0
07-20 01:45:32.964 30815 24545 I gle.android.gm: Explicit concurrent copying GC freed 66156(2622KB) AllocSpace objects, 6(312KB) LOS objects, 24% free, 20MB/27MB, paused 301us total 430.922ms
07-20 01:45:32.978  1578  1839 I DiagnosisDetector: stop timing
07-20 01:45:32.979  1578  1839 I HwPhoneWindowManager: enter wakeupNoteEditor
07-20 01:45:32.984  1578  1839 I HwPhoneWindowManager: interceptVolumeDownKey isDown=true policyFlags=2000000
07-20 01:45:32.990  1578  1839 I HwPhoneWindowManager: isMusicOrFMOrVoiceCallActive=false mIsVoiceRecognitionActive=false isSideScreenAndTalkbackEnable=false,sideWithoutSolid:false
07-20 01:45:33.000  1578  1686 I PowerManagerService: handleSandman: wakefulness: 0,startDreaming: false
07-20 01:45:33.000  1578  1839 I HwPhoneWindowManager: start Rapid Capture Service, command:wakeup
07-20 01:45:33.004  1578  1839 I HwPhoneWindowManager: turnOnSensorListener, registerListener
07-20 01:45:33.004  1578  1839 I SensorService: createSensorEventConnection begin
07-20 01:45:33.004  1578  1839 I SensorService: SensorEventConnection begin
07-20 01:45:33.005  1578  1839 I SensorService: SensorEventConnection end
07-20 01:45:33.005  1578  1839 I SensorService: createSensorEventConnection end
07-20 01:45:33.005  1578  1839 I SensorService: enable begin
07-20 01:45:33.005  1578  1839 I SensorService: Proximity sensor name : proximity-pa224
07-20 01:45:33.053  1578  1839 I SensorService: batch begin
07-20 01:45:33.054  1155  1155 E Sensors@1.2-impl: Sensors::batch: sensorHandle: 4, samplingPeriodNs: 1000000, maxReportLatencyNs: 0
07-20 01:45:33.054  1155  1155 I Sensors@1.2-impl: IsConfigParamNeedUpdate: service: 1578, sensor: 4, first set config, create it
07-20 01:45:33.054  1155  1155 I Sensors@1.2-impl: SetReportConfig: the sensor not find, create it
07-20 01:45:33.054  1155  1155 I Sensors@1.2-impl: GetSensorConfig: sensor: 4, Can't get param
07-20 01:45:33.054  1155  1155 I Sensors@1.2-impl: GetSensorConfig: sensor: 4, Can't get param
07-20 01:45:33.054  1155  1155 I Sensors@1.2-impl: JudgeOptimizeConfig: sensor: 4, oldPeriod: 0, initPeroid: 1000000
07-20 01:45:33.054  1155  1155 I Sensors@1.2-impl: SetOptimizeConfig: sensor: 4 first setconfig, create it
07-20 01:45:33.054  1155  1155 I Sensors@1.2-impl: GetSampleFifoConfig: sensor: 4, period: 1000000, reportDelay: 0
07-20 01:45:33.054  1155  1155 I SensorHub: batch called handle:4 sampleNs:1000000 latencyNs:0
07-20 01:45:33.054  1155  1155 I SensorHub: in Batch, handle = 4, flags = 0, periodNs = 1000000, timeout = 0
07-20 01:45:33.055  1578  1839 I SensorService: batch end
07-20 01:45:33.055  1578  1839 I SensorService: enableSensor handle:4, packageName:com.android.server.policy.HwPhoneWindowManager, opPackageName:android , rate=0
07-20 01:45:33.055  1578  1839 I SensorService: enable activate begin
07-20 01:45:33.056  1155  1155 I Sensors@1.2-impl: activate-4 enabled-1 fwkOals-0 camOals-0 fwkOcolor-0 camOcolor-0 fwkOtof-0 camOtof-0
07-20 01:45:33.056  1155  1155 I Sensors@1.2-impl: GetTotalOpenCnt: The sensor haven't open
07-20 01:45:33.056  1155  1155 I Sensors@1.2-impl: IsOpenNeedUpdate: service: 1578, sensor: 4, open: 1, openCnt: 0
07-20 01:45:33.056  1155  1155 I SensorHub: Activate, handle: 4, enabled:1, err: 0
07-20 01:45:33.056  1578  1839 I SensorService: enable activate end
07-20 01:45:33.056  1578  1839 I SensorService: enable end
07-20 01:45:33.066  1578  1839 W ContextImpl: Calling a method in the system process without a qualified user: android.app.ContextImpl.startService:1698 com.android.server.policy.HwPhoneWindowManager.notifyVassistantService:6284 com.android.server.policy.HwPhoneWindowManager.interceptKeyBeforeQueueing:3109 com.android.server.wm.InputManagerCallback.interceptKeyBeforeQueueing:187 com.android.server.input.InputManagerService.interceptKeyBeforeQueueing:2150 
07-20 01:45:33.073  1578  1860 I PackageManager: getInstalledApplications cost 5 ms, flags: 4981248, userId: 0, callingUid: 1000, callingPid: 1578
07-20 01:45:33.078  1578  1839 I HwPhoneWindowManager: intercept volume down key, isIntercept=true now=58460897 EventTime=58460792
07-20 01:45:33.081  1578  1839 W InputDispatcher: Excessive delay in interceptKeyBeforeQueueing; took 102 ms
07-20 01:45:33.092  1578  1860 I PackageManager: getInstalledApplications cost 3 ms, flags: 0, userId: 0, callingUid: 1000, callingPid: 1578
07-20 01:45:33.112  1578  1676 I ActivityManager: Start proc 24887:com.huawei.camera/u0a142 for service {com.huawei.camera/com.huawei.rapidcapture.RapidCaptureService}
07-20 01:45:33.112  1578  1839 I DiagnosisDetector: stop timing
07-20 01:45:33.112  1578  1839 I HwPhoneWindowManager: enter wakeupNoteEditor
07-20 01:45:33.113  1578  1839 I HwPhoneWindowManager: interceptVolumeDownKey isDown=false policyFlags=2000000
07-20 01:45:33.114  1578  1839 I WindowManager: sendVolumeKeyEvent isMusicOnly: true
07-20 01:45:33.124  1578  1839 I MediaSessionService: dispatchVolumeKeyEvent, pkg=android, opPkg=android, pid=1578, uid=1000, asSystem=false, event=KeyEvent { action=ACTION_UP, keyCode=KEYCODE_VOLUME_DOWN, scanCode=114, metaState=0, flags=0x8, repeatCount=0, eventTime=58460928, downTime=58460792, deviceId=4, source=0x101, displayId=-1 }, stream=-2147483648, musicOnly=true
07-20 01:45:33.125   634  9753 I netd    : firewallReplaceUidChain("fw_standby", "false", [10019,10024,10028,10030,10033,10034,10035,10038,10040,10041,10045,10049,10053,10054,10055,10057,10060,10069,10071,10075,10077,10079,10083,10085,10087,10091,10094,10096,10097,10104,10105,10106,10110,10111,10112,10113,10114,10117,10118,10119,10122,10131,10132,10138,10141,10145,10147,10149,10150,10152,10153,10158,10159,10162,10166,10170,10171,10173,10175,10176,10182,10186,10187,10189,10190,10195,10198,10200,10201,10203,10205,10207,10208,10217,10219,10233,10234,10238,10242,10262,10266,10271,10280,10284,10286,10287,10302,10314,10326,10327,10329,10333,10339,10340,10341,10350,10601,10602,10624,10625,10640,10641,10670,10674]) -> {"true"} <3.29ms>
07-20 01:45:33.125  1578  1839 I MediaSessionService: Adjusting null by 0. flags=4608, suggestedStream=-2147483648, preferSuggestedStream=false
07-20 01:45:33.126  1578  1839 I MediaSessionService: No active session to adjust, skipping media only volume event
07-20 01:45:33.126  1578  1839 I WindowManager: interceptKeyBeforeQueueing: key 25 , result : 0
07-20 01:45:33.138  1578  1676 I ActivityManager: Start proc 24893:com.huawei.vassistant/u0a133 for service {com.huawei.vassistant/com.huawei.ziri.service.ModelService}
07-20 01:45:33.240  1578  1578 I HwPhoneWindowManager: sensor value: its[0] = 5.0
07-20 01:45:33.301  1578  1578 I HwPhoneWindowManager: sensor value: its[0] = 5.0
07-20 01:45:33.347 24893 24893 E awei.vassistan: LoadAppImageStartupCache enabled : 1
07-20 01:45:33.347 24887 24887 E m.huawei.camer: LoadAppImageStartupCache enabled : 1
07-20 01:45:33.376 24887 24887 I m.huawei.camer: Reinit property: dalvik.vm.checkjni= false
07-20 01:45:33.376 24893 24893 I awei.vassistan: Reinit property: dalvik.vm.checkjni= false
07-20 01:45:33.376 24893 24893 I awei.vassistan: ReInitProperties: persist.vm.debug.dumpapi= false
07-20 01:45:33.376 24887 24887 I m.huawei.camer: ReInitProperties: persist.vm.debug.dumpapi= false
07-20 01:45:33.380 24887 24887 E m.huawei.camer: Not starting debugger since process cannot load the jdwp agent.
07-20 01:45:33.380 24893 24893 E awei.vassistan: Not starting debugger since process cannot load the jdwp agent.
07-20 01:45:33.382  1578  1578 I HwPhoneWindowManager: sensor value: its[0] = 5.0
07-20 01:45:33.418  1061  6849 I iked    : [INFO]: ikev2.c:305: ikev2_periodic_task()
07-20 01:45:33.461  1578  1578 I HwPhoneWindowManager: sensor value: its[0] = 5.0
07-20 01:45:33.473   676   676 W health@2.0-serv: type=1400 audit(0.0:112200): avc: denied { read } for pid=676 name="u:object_r:system_prop:s0" dev="tmpfs" ino=12021 scontext=u:r:hal_health_default:s0 tcontext=u:object_r:system_prop:s0 tclass=file permissive=0
07-20 01:45:33.473   676   676 W health@2.0-serv: type=1400 audit(0.0:112201): avc: denied { write } for pid=676 name="property_service" dev="tmpfs" ino=3014 scontext=u:r:hal_health_default:s0 tcontext=u:object_r:property_socket:s0 tclass=sock_file permissive=0
07-20 01:45:33.473  1578  1777 I HwBatteryService: power_ui state= 1 mQuickChargeStatus=1
07-20 01:45:33.473  1578  1777 I HwBatteryService: handleWirelessTxStatus
07-20 01:45:33.473  1578  1777 I HwBatteryService: switch not open, return, mWirelessTxFlag : 0
07-20 01:45:33.473  1578  1777 W HwBatteryService: need return. Invalid value: -1
07-20 01:45:33.474  1578  1777 I HwBatteryService: IS_WATCH : false
07-20 01:45:33.478   676   676 E libc    : Access denied finding property "sys.check.usbupdate"
07-20 01:45:33.479   676   676 W libc    : Unable to set property "sys.check.usbupdate" to "start": connection failed; errno=13 (Permission denied)
07-20 01:45:33.541  1578  1578 I HwPhoneWindowManager: sensor value: its[0] = 5.0
07-20 01:45:33.568 24887 24923 I ActivityThread: Init compatible state: false
07-20 01:45:33.568 24893 24924 I ActivityThread: Init compatible state: false
07-20 01:45:33.570 24887 24923 I HwFrameworkSecurityPartsFactory: add HwFrameworkSecurityPartsFactory to memory.
07-20 01:45:33.570 24893 24924 I HwFrameworkSecurityPartsFactory: add HwFrameworkSecurityPartsFactory to memory.
07-20 01:45:33.578  1578  1686 I PowerManagerService: handleSandman: wakefulness: 0,startDreaming: false
07-20 01:45:33.621  1578  1578 I HwPhoneWindowManager: sensor value: its[0] = 5.0
07-20 01:45:33.623 24887 24887 I LoadedApk: makePaths: outLibPaths=[/hw_product/app/HwCamera2/lib/arm, /hw_product/app/HwCamera2/base-master.apk!/lib/armeabi-v7a, /system/lib:/hw_product/lib]
07-20 01:45:33.623 24893 24893 I LoadedApk: makePaths: outLibPaths=[/hw_product/region_comm/oversea/app/HwVAssistant/lib/arm, /hw_product/region_comm/oversea/app/HwVAssistant/HwVAssistant.apk!/lib/armeabi-v7a, /system/lib:/hw_product/lib]
07-20 01:45:33.633 24893 24893 I awei.vassistan: The ClassLoaderContext is a special shared library.
07-20 01:45:33.636 24887 24887 I m.huawei.camer: The ClassLoaderContext is a special shared library.
07-20 01:45:33.650 24887 24887 I m.huawei.camer: The ClassLoaderContext is a special shared library.
07-20 01:45:33.659 24887 24887 I m.huawei.camer: The ClassLoaderContext is a special shared library.
07-20 01:45:33.702  1578  1578 I HwPhoneWindowManager: sensor value: its[0] = 5.0
07-20 01:45:33.736 24887 24923 I HwApiCacheMangerEx: apicache path=/storage/emulated/0 state=mounted key=com.huawei.camera#10142#256
07-20 01:45:33.736 24887 24923 I HwApiCacheMangerEx: need clear apicache,because volumes changed,oldCnt=0 newCnt=1
07-20 01:45:33.738 24887 24923 I HwApiCacheMangerEx: apicache path=/storage/emulated/0 state=mounted key=com.huawei.camera#10142#0
07-20 01:45:33.738 24887 24923 I HwApiCacheMangerEx: need clear apicache,because volumes changed,oldCnt=1 newCnt=1
07-20 01:45:33.742 24887 24887 I m.huawei.camer: QarthPatchMonintor::Run
07-20 01:45:33.745 24893 24924 I HwApiCacheMangerEx: apicache path=/storage/emulated/0 state=mounted key=com.huawei.vassistant#10133#256
07-20 01:45:33.745 24893 24924 I HwApiCacheMangerEx: need clear apicache,because volumes changed,oldCnt=0 newCnt=1
07-20 01:45:33.746 24893 24893 I awei.vassistan: QarthPatchMonintor::Run
07-20 01:45:33.747 24893 24924 I HwApiCacheMangerEx: apicache path=/storage/emulated/0 state=mounted key=com.huawei.vassistant#10133#0
07-20 01:45:33.747 24893 24924 I HwApiCacheMangerEx: need clear apicache,because volumes changed,oldCnt=1 newCnt=1
07-20 01:45:33.764 24893 24924 I HwPartIawareFactory: add android.common.HwPartIawareFactoryImpl to memory.
07-20 01:45:33.764 24893 24924 I AwareBitmapCacher: init processName:com.huawei.vassistant pid=24893 uid=10133
07-20 01:45:33.766 24887 24887 I MultiDex: VM with version 2.1.0 has multidex support
07-20 01:45:33.766 24887 24887 I MultiDex: Installing application
07-20 01:45:33.766 24887 24887 I MultiDex: VM has multidex support, MultiDex support library is disabled.
07-20 01:45:33.771 24893 24893 I HwVAssistant_VAssistantConfig: debugOnFlag is:0
07-20 01:45:33.773 24887 24923 I HwPartIawareFactory: add android.common.HwPartIawareFactoryImpl to memory.
07-20 01:45:33.773 24887 24923 I AwareBitmapCacher: init processName:com.huawei.camera pid=24887 uid=10142
07-20 01:45:33.782  1578  1578 I HwPhoneWindowManager: sensor value: its[0] = 5.0
07-20 01:45:33.786 24893 24893 I HwVAssistant_VAApp: onCreate begin, process : com.huawei.vassistant
07-20 01:45:33.787 24893 24893 I HwVAssistant_VAApp: wakeup_benchmark:VAAppCreateBegin com.huawei.vassistant
07-20 01:45:33.787  1578  1860 I PackageManager: getInstalledApplications cost 4 ms, flags: 4981248, userId: 0, callingUid: 1000, callingPid: 1578
07-20 01:45:33.794 24893 24893 I HwVAssistant_VAUtils: com.android.huawei.smartkey is not installed!
07-20 01:45:33.796 24893 24935 I StubController: system app validUid:10133, isFriend:true
07-20 01:45:33.796 24893 24893 I StubController: system app validUid:10133, isFriend:true
07-20 01:45:33.803  1578  1860 I PackageManager: getInstalledApplications cost 3 ms, flags: 0, userId: 0, callingUid: 1000, callingPid: 1578
07-20 01:45:33.827   634  9753 I netd    : firewallReplaceUidChain("fw_standby", "false", [10019,10024,10028,10030,10033,10034,10035,10038,10040,10041,10045,10049,10053,10054,10055,10057,10060,10069,10071,10075,10077,10079,10083,10085,10087,10091,10094,10096,10097,10104,10105,10106,10110,10111,10112,10113,10114,10117,10118,10119,10122,10131,10132,10138,10141,10145,10147,10149,10150,10152,10153,10158,10159,10162,10166,10170,10171,10173,10175,10176,10182,10186,10187,10189,10190,10195,10198,10200,10201,10203,10205,10207,10208,10217,10219,10233,10234,10238,10242,10262,10266,10271,10280,10284,10286,10287,10302,10314,10326,10327,10329,10333,10339,10340,10341,10350,10601,10602,10624,10625,10640,10641,10670,10674]) -> {"true"} <3.40ms>
07-20 01:45:33.841 24893 24893 I HwVAssistant_VAssistantConfig: mIsSupportSmartkey : false
07-20 01:45:33.842 24893 24893 I HwVAssistant_VAApp: onCreate end, process : com.huawei.vassistant, cost 67
07-20 01:45:33.842 24893 24893 I HwVAssistant_VAApp: wakeup_benchmark:VAAppCreateEnd com.huawei.vassistant
07-20 01:45:33.846 24887 24936 I CameraManagerGlobal: Connecting to camera service
07-20 01:45:33.860 24893 24893 I HwTypeface: updateFont: scale=1.0
07-20 01:45:33.867 24893 24893 I ActivityThread: finishPreloaded preloadStatus 0
07-20 01:45:33.870 24893 24893 I HwVAssistant_ModelService: onCreate
07-20 01:45:33.871 24893 24893 I HwVAssistant_ModelService: onStartCommand
07-20 01:45:33.871 24893 24893 I HwVAssistant_ModelService: wakeup_benchmark:onStartCommandBegin mode=quick_call cmd=wakeup
07-20 01:45:33.871 24893 24893 I HwVAssistant_ModelService: startMode : 2
07-20 01:45:33.871 24893 24893 I HwVAssistant_VAssistantConfig: isWakeupV2().
07-20 01:45:33.872 24893 24893 I HwVAssistant_VAssistantConfig: getParameters:audio_capability#soundtrigger_version
07-20 01:45:33.877   728  1413 I AudioFlinger: thread 0x72d4d470c0 type 0 TID 1413 waking up
07-20 01:45:33.877   692 12979 I AudioModuleManager: [AudioModuleGetParameters:71]: list size: 13
07-20 01:45:33.878   728  1413 I AudioFlinger: acquireWakeLock_l() AudioOut_D status 0 mWakeLockToken 0x72caf1ffc0
07-20 01:45:33.878   692 12979 I audio_custom: [get_audio_capability:1416]: /proc/device-tree/audio_hw_config/audio_capability/soundtrigger_version and set soundtrigger_version = 2.0
07-20 01:45:33.880 24893 24893 I HwVAssistant_VAssistantConfig: wakeupV2:2.0
07-20 01:45:33.880 24893 24893 I HwVAssistant_ModelService: isPowerSavingMode: false
07-20 01:45:33.881  1578  1686 I PowerManagerService: handleSandman: wakefulness: 0,startDreaming: false
07-20 01:45:33.889   692 12979 I AudioModuleManager: [AudioModuleGetParameters:71]: list size: 13
07-20 01:45:33.891 24887 24936 E VendorTagDescriptor: lookupTag: Tag name 'huawei_ips_supported' does not exist.
07-20 01:45:33.891 24887 24936 E Camera2-Metadata: getTagFromName: not found name(huawei_ips_supported)
07-20 01:45:33.891   692 12979 I AudioModuleManager: [AudioModuleGetParameters:71]: list size: 13
07-20 01:45:33.892   692 12979 I AudioModuleManager: [AudioModuleGetParameters:71]: list size: 13
07-20 01:45:33.897 24887 24936 I ServiceHostGlobalSession: construct global session
07-20 01:45:33.897 24887 24936 I ServiceHostGlobalSession: get servicehost characteristics, camera id: 0
07-20 01:45:33.897 24887 24936 I HwServiceHost: Checking servicehost.
07-20 01:45:33.898 24887 24936 I HwServiceHost: Do not connect to service!
07-20 01:45:33.899 24887 24936 I ServiceHostGlobalSession: do not connect to service host.
07-20 01:45:33.899 24887 24936 E VendorTagDescriptor: lookupTag: Tag name 'roHwcameraResolutionThreshold' does not exist.
07-20 01:45:33.899 24887 24936 E Camera2-Metadata: getTagFromName: not found name(roHwcameraResolutionThreshold)
07-20 01:45:33.899  1578  1633 I AudioService.PlaybackActivityMonitor: trackPlayer() new piid=831
07-20 01:45:33.900 24893 24893 W SoundPool: Use of stream types is deprecated for operations other than volume control
07-20 01:45:33.900 24893 24893 W SoundPool: See the documentation for what to use instead with android.media.AudioAttributes to qualify your playback use case
07-20 01:45:33.902 24887 24887 E FyuseSdkUtils: load fyusesdk split failed
07-20 01:45:33.910  1111  1548 I MediaExtractorFactory: MediaExtractorFactory::CreateFromService (null), uid = 10133
07-20 01:45:33.914 24893 24893 W Settings: Setting airplane_mode_on has moved from android.provider.Settings.System to android.provider.Settings.Global, returning read-only value.
07-20 01:45:33.916  1111  1548 I OggExtractor: constructor
07-20 01:45:33.920  1111  1548 I MediaExtractorFactory: Created an extractor 'OggExtractor' with confidence 0.20
07-20 01:45:33.924 24893 24939 W HwExtendedCodec: The mime is not in hisi extended mime.
07-20 01:45:33.936 24887 24887 I HwTypeface: updateFont: scale=1.0
07-20 01:45:33.940 24887 24887 I ActivityThread: finishPreloaded preloadStatus 0
07-20 01:45:33.950 24893 24893 I HwVAssistant_ModelService: wakeup_benchmark:onStartCommandEnd mode=quick_call cmd=wakeup
07-20 01:45:33.953 24887 24887 W m.huawei.camera: type=1400 audit(0.0:112202): avc: denied { call } for pid=24887 scontext=u:r:priv_app:s0:c512,c768 tcontext=u:r:hal_sensors_default:s0 tclass=binder permissive=0
07-20 01:45:33.960 24887 24887 W ServiceManagement: getService: unable to call into hwbinder service for vendor.huawei.hardware.sensors@1.0::ISensors/default.
07-20 01:45:33.971 24887 24887 E RapidCaptureService: parseCommand strange command:wakeup
07-20 01:45:34.013  1578  2706 I SensorService: createSensorEventConnection begin
07-20 01:45:34.013  1578  2706 I SensorService: SensorEventConnection begin
07-20 01:45:34.014  1578  2706 I SensorService: SensorEventConnection end
07-20 01:45:34.014  1578  2706 I SensorService: createSensorEventConnection end
07-20 01:45:34.015  1578  2706 I SensorService: enable begin
07-20 01:45:34.017  1578  2706 I SensorService: batch begin
07-20 01:45:34.017  1155  1186 E Sensors@1.2-impl: Sensors::batch: sensorHandle: 0, samplingPeriodNs: 200000000, maxReportLatencyNs: 0
07-20 01:45:34.017  1155  1186 I Sensors@1.2-impl: IsConfigParamNeedUpdate: service: 1578, sensor: 0, first set config, create it
07-20 01:45:34.017  1155  1186 I Sensors@1.2-impl: SetReportConfig: the sensor not find, create it
07-20 01:45:34.018  1155  1186 I Sensors@1.2-impl: GetSensorConfig: sensor: 0, Can't get param
07-20 01:45:34.018  1155  1186 I Sensors@1.2-impl: GetSensorConfig: sensor: 0, Can't get param
07-20 01:45:34.018  1155  1186 I Sensors@1.2-impl: JudgeOptimizeConfig: sensor: 0, oldPeriod: 0, initPeroid: 200000000
07-20 01:45:34.018  1155  1186 I Sensors@1.2-impl: SetOptimizeConfig: sensor: 0 first setconfig, create it
07-20 01:45:34.018  1155  1186 I Sensors@1.2-impl: GetSampleFifoConfig: sensor: 0, period: 200000000, reportDelay: 0
07-20 01:45:34.018  1155  1186 I SensorHub: batch called handle:0 sampleNs:200000000 latencyNs:0
07-20 01:45:34.018  1155  1186 I SensorHub: in Batch, handle = 0, flags = 0, periodNs = 200000000, timeout = 0
07-20 01:45:34.018  2635  3724 I SensorState: sensor:0 name:accelerometer enable:true uid:10142
07-20 01:45:34.018  2635  3724 I PGServer: report state:4 event type:1 pid:0 uid:10142 pkg:null to pid: 1578
07-20 01:45:34.018  1578  2706 I SensorService: batch end
07-20 01:45:34.018  1578  2706 I SensorService: enableSensor handle:0, packageName:android.view.OrientationEventListener, opPackageName:com.huawei.camera , rate=200000000
07-20 01:45:34.018  1578  2706 I SensorService: enable activate begin
07-20 01:45:34.019  2635  3724 I SensorState: addSensor,mHandles:{0=1}
07-20 01:45:34.019  1155  1186 I Sensors@1.2-impl: activate-0 enabled-1 fwkOals-0 camOals-0 fwkOcolor-0 camOcolor-0 fwkOtof-0 camOtof-0
07-20 01:45:34.019  1155  1186 I Sensors@1.2-impl: GetTotalOpenCnt: The sensor haven't open
07-20 01:45:34.019  1155  1186 I Sensors@1.2-impl: IsOpenNeedUpdate: service: 1578, sensor: 0, open: 1, openCnt: 0
07-20 01:45:34.019  1155  1186 I SensorHub: Activate, handle: 0, enabled:1, err: 0
07-20 01:45:34.019  1578  2706 I SensorService: enable activate end
07-20 01:45:34.019  1578  2706 I SensorService: enable end
07-20 01:45:34.023  1578  1686 I PowerManagerService: handleSandman: wakefulness: 0,startDreaming: false
07-20 01:45:34.028 24887 24887 E VendorTagDescriptor: lookupTag: Tag name 'baseRatioCapability' does not exist.
07-20 01:45:34.028 24887 24887 E Camera2-Metadata: getTagFromName: not found name(baseRatioCapability)
07-20 01:45:34.031 24893 24941 I Codec2Client: Available Codec2 services: "software"
07-20 01:45:34.032 24893 24941 I Codec2Client: Creating a Codec2 client to service "software"
07-20 01:45:34.034 24893 24941 I Codec2Client: Client to Codec2 service "software" created
07-20 01:45:34.039 24893 24941 I CCodec  : Created component [c2.android.vorbis.decoder]
07-20 01:45:34.046 24893 24941 I CCodecConfig: query failed after returning 7 values (BAD_INDEX)
07-20 01:45:34.050 24893 24941 W Codec2Client: query -- param skipped: index = 1107298332.
07-20 01:45:34.052 24893 24941 W Codec2Client: query -- param skipped: index = 1342179345.
07-20 01:45:34.052 24893 24941 W Codec2Client: query -- param skipped: index = 2415921170.
07-20 01:45:34.057  1578  1657 I HwPhoneWindowManager: mProximitySensorTimeout, unRegisterListener
07-20 01:45:34.057  1578  1657 I HwPhoneWindowManager: turnOffSensorListener, unregisterListener 
07-20 01:45:34.057  1578  1657 I SensorService: disable begin
07-20 01:45:34.058  1578  1657 E SensorService: 0x6fed79e140 removeFd fd=525
07-20 01:45:34.058  1578  1657 I SensorService: Proximity sensor name : proximity-pa224
07-20 01:45:34.058  1578  1657 I SensorService: disable activate begin
07-20 01:45:34.059  1155  1155 I Sensors@1.2-impl: activate-4 enabled-0 fwkOals-0 camOals-0 fwkOcolor-0 camOcolor-0 fwkOtof-0 camOtof-0
07-20 01:45:34.059  1155  1155 I Sensors@1.2-impl: IsOpenNeedUpdate: service: 1578, sensor: 4, open: 0, openCnt: 1
07-20 01:45:34.059  1155  1155 I Sensors@1.2-impl: SetTotalOpenCnt: sensor: 4 has been close, erase it's map
07-20 01:45:34.059  1155  1155 I Sensors@1.2-impl: EraseSensorConfig: sensor: 4
07-20 01:45:34.059  1155  1155 I Sensors@1.2-impl: EraseSensorConfig: erase the config of sensorId: 4
07-20 01:45:34.059  1155  1155 I Sensors@1.2-impl: SetTotalOpenCnt: erase the config of sensorId: 4
07-20 01:45:34.060  1155  1155 I SensorHub: Activate, handle: 4, enabled:0, err: 0
07-20 01:45:34.060  1578  1657 I SensorService: disableSensor handle:4, packageName:com.android.server.policy.HwPhoneWindowManager
07-20 01:45:34.060  1578  1657 I SensorService: disable activate end
07-20 01:45:34.061  1578  1657 I SensorService: disable end
07-20 01:45:34.061  1578  1657 I SensorService: cleanupConnection begin
07-20 01:45:34.062  1578  1657 I SensorService: cleanupConnection end
07-20 01:45:34.062 24893 24941 I CCodecBufferChannel: [c2.android.vorbis.decoder#185] Created output block pool with allocatorID 16 => poolID 120 - OK
07-20 01:45:34.064 24893 24941 E ion     : ioctl c0044901 failed with code -1: Not a typewriter
07-20 01:45:34.068  2635  3724 I DeviceStateService: app: com.huawei.vassistant pid: 24893 start mediacodec.
07-20 01:45:34.081 24887 24887 E VendorTagDescriptor: lookupTag: Tag name 'hwStreamConfigurations' does not exist.
07-20 01:45:34.081 24887 24887 E Camera2-Metadata: getTagFromName: not found name(hwStreamConfigurations)
07-20 01:45:34.082 24887 24887 E VendorTagDescriptor: lookupTag: Tag name 'lowCapabilityPlatform' does not exist.
07-20 01:45:34.082 24887 24887 E Camera2-Metadata: getTagFromName: not found name(lowCapabilityPlatform)
07-20 01:45:34.099 24887 24887 E VendorTagDescriptor: lookupTag: Tag name 'hwStreamConfigurations' does not exist.
07-20 01:45:34.099 24887 24887 E Camera2-Metadata: getTagFromName: not found name(hwStreamConfigurations)
07-20 01:45:34.100 24887 24887 E VendorTagDescriptor: lookupTag: Tag name 'lowCapabilityPlatform' does not exist.
07-20 01:45:34.100 24887 24887 E Camera2-Metadata: getTagFromName: not found name(lowCapabilityPlatform)
07-20 01:45:34.110 24887 24940 I CameraManager: open camera: 0, package name: com.huawei.camera
07-20 01:45:34.113  1089  1783 I CameraService: CameraService::connectDevice E (pid 24887 "com.huawei.camera", id 0)
07-20 01:45:34.116  1089  1783 I CameraService: CameraService::connect call (PID -1 "com.huawei.camera", camera ID 0) for HAL version default and Camera API version 2
07-20 01:45:34.118  1089  1783 I CameraService: validateClientPermissionsLocked(), client user id: 10142
07-20 01:45:34.123  1089  1783 I HwCameraServiceEx: updateEvictedList(), incompatiable size: 0, evicted size: 0.
07-20 01:45:34.125  1089  1783 E HwMultiWinCameraRotate: IsSupportOSD, product closes OSD mode !
07-20 01:45:34.129  1089  1783 I Camera2ClientBase: Camera 0: Opened. Client: com.huawei.camera (PID 24887, UID 10142)
07-20 01:45:34.129  1089  1783 I HwPerformEx: HwPerformEx(0xf27e6840), camera 0.
07-20 01:45:34.129  1089  1783 I HwFoldDisplayModeEx: HwFoldDisplayModeEx(0xf2798148).
07-20 01:45:34.129  1089  1783 I CameraDeviceClient: CameraDeviceClient 0: Opened
07-20 01:45:34.129  1089  1783 I CameraService: connectHelper(), make client for 'com.huawei.camera'.
07-20 01:45:34.134 24893 24941 I MediaCodec: start process kWhatStopCompleted
07-20 01:45:34.135  2635  3724 I DeviceStateService: event is too short, not process app: com.huawei.vassistant mediacodec action.
07-20 01:45:34.137  1089  1783 I CameraService: onTorchStatusChangedLocked: Torch status changed for cameraId=0, newStatus=0
07-20 01:45:34.138  2635  3724 I DeviceStateService: event is too short, not process app: com.huawei.vassistant mediacodec action.
07-20 01:45:34.143  2262  2440 I OllieMsgCenter: publishEvt=2130903200
07-20 01:45:34.148  1578  2706 I HwCameraServiceProxy: notifyCameraStateChangeForMediaAssistant cameraId 0, newCameraState 0, facing 0
07-20 01:45:34.150  1578  2706 I HwCameraServiceProxy: notifyCameraStateChangeForRotate begin cameraId 0, newCameraState 0, facing 0
07-20 01:45:34.150  1578  2706 I HwCameraServiceProxy: notifyCameraStateChangeForRotate end
07-20 01:45:34.150  1578  2706 I HwCameraServiceProxy: notifyCameraStateChangeForVibrator begin cameraId 0, newCameraState 0, facing 0
07-20 01:45:34.150  1578  2706 I HwCameraServiceProxy: notifyCameraStateChangeForVibrator end
07-20 01:45:34.150  1578  2706 I HwCameraServiceProxy: notifyCameraStateChangeForSarService begin cameraId 0, newCameraState 0, clientName com.huawei.camera
07-20 01:45:34.151  1578  2706 I HwCameraServiceProxy: Start notify service:com.huawei.camera, com.huawei.camera.controller.hm.HmCameraControllerService
07-20 01:45:34.151  1578  2706 I HwCameraServiceProxy: no need to start service
07-20 01:45:34.157   692 12979 I AudioModuleManager: [AudioModuleSetParameters:51]: list size: 13
07-20 01:45:34.157   692 12979 W audio_dts_parser: [get_config_value:31]: get config file path failed
07-20 01:45:34.160  1111 32486 I OggExtractor: destructor
07-20 01:45:34.163  1134  1227 I CameraDevice: open: enter 
07-20 01:45:34.164  1111 32486 I MediaExtractorFactory: MediaExtractorFactory::CreateFromService (null), uid = 10133
07-20 01:45:34.164  1134  1227 I ServerTranslator: open: enter
07-20 01:45:34.165  1134  1227 I CfgServer: open: open device (/dev/video1)
