07-20 01:49:13.732  4633  1500 I CAWARENESS_AppUsageManager: onEvent, packageName=org.hackintosh1980.espgrowcontroller, activityName=org.kivy.android.PythonActivity
07-20 01:49:13.736  2262  2440 I ConnCureStateMonitor: handleMessage: msg[2]
07-20 01:49:13.736  2262  2440 I HwPacketFilterBypass: handleActivityUidStateChanged uid:10677 -1 foreground:1
07-20 01:49:13.736  2262  2440 I OllieMsgCenter: publishEvt=2135097351
07-20 01:49:13.736  2262  2440 I NetworkQoeChr: checkForegroundApp timer end
07-20 01:49:13.736  2262  2440 E Booster_NetworkQoe: [checkModemParaCollecEnable]checkModemParaCollecEnable: false,mNetworkQoeConditions=254
07-20 01:49:13.737  4633  1500 I CAWARENESS_AbilityContext: [1784504981786] publishing {dataId=100000006, mode=0}
07-20 01:49:13.737  4633  1500 I CAWARENESS_AbilityContext: [1784504981786] deliver {dataId=100000006, mode=0} to 5 receivers
07-20 01:49:13.738  2533 26269 I HiAdKit.DC.RedirectionAppSwitchEvent:  switch is off
07-20 01:49:13.738  2533 26269 I HiAdKit.DC.LiteAppPageSwitchEvent:  switch is off
07-20 01:49:13.738  2533 26269 I HiAdKit.DC.PageSwitchEvent:  switch is off
07-20 01:49:13.738  2533 26269 I HiAdKit.DC.PaymentPageSwitchEvent:  switch is off
07-20 01:49:13.740  1578  2763 I WindowManager: dispatchResized : win = Window{31144b3 u0 NavigationBar0} drawState = DRAW_PENDING
07-20 01:49:13.743 26792 26822 I chatty  : uid=10677(org.hackintosh1980.espgrowcontroller) SDLActivity expire 1 line
07-20 01:49:13.745   732   924 W BufferQueueProducer: [NavigationBar0#0]:1390: disconnect: not connected (req=1)
07-20 01:49:13.745  2262  2440 I OllieMsgCenter: publishEvt=2130771969
07-20 01:49:13.745  2262  2440 I OllieMsgCenter: publishEvt=2130771985
07-20 01:49:13.745  2037  2404 W libEGL  : EGLNativeWindowType 0x6fb275e150 disconnect failed
07-20 01:49:13.745  2037  2037 E QS      : setExpanded: should not be here!
07-20 01:49:13.746  2262  7426 I Collector: HandleRawWifiInfo: flag:0, netId:0!
07-20 01:49:13.746  2262  7426 I Collector: HandleRawWifiInfo: flag:0, netId:0!
07-20 01:49:13.746  2262  2440 I SpeedTestNotifier: Speed test app is back Activity
07-20 01:49:13.746  1578  2467 I WindowManager: Changing focus from null to Window{e15c169 u0 org.hackintosh1980.espgrowcontroller/org.kivy.android.PythonActivity} displayId=0 Callers=com.android.server.wm.RootWindowContainer.updateFocusedWindowLocked:209 com.android.server.wm.WindowManagerService.updateFocusedWindowLocked:6517 com.android.server.wm.WindowManagerService.relayoutWindow:2813 com.android.server.wm.Session.relayout:197 
07-20 01:49:13.746  2262  2440 I SmartDualCardConfig: getAppType,pkgName=org.hackintosh1980.espgrowcontroller,appType=-1
07-20 01:49:13.746  2262  2440 E SmartDualCardConfig: isAppInBlackList false,items==null
07-20 01:49:13.746  2262  2440 I PowerMsgAdapter: addUidChanged uid: 10677
07-20 01:49:13.746  2037  2037 I KeyButtonDrawable: setDrawableBounds:2
07-20 01:49:13.747  1578  2467 I HwDisplayContentEx: currentFocus windowstate not null
07-20 01:49:13.747  1578  2467 I HwDisplayContentEx: trans currentFocus windowstate not null
07-20 01:49:13.747  2262  2440 E Booster_MatterAppRecommend: [isMatterPackage]invalid mMatterPackagesConfig
07-20 01:49:13.747  2037  6312 I HwCommandQueue: updateBarBgColor
07-20 01:49:13.747  2262  2440 I OllieMsgCenter: publishEvt=2134966274
07-20 01:49:13.747  2262  2440 I OllieMsgCenter: publishEvt=2135097350
07-20 01:49:13.748  2635 19180 I KStateManager: send binder call message, called pid:2037, calling pid:[1578]
07-20 01:49:13.753  2037  2037 I KeyButtonDrawable: setDrawableBounds:2
07-20 01:49:13.763  2037  2037 I HwCtrlCtr: ControlCenterImpl: release control blur image!
07-20 01:49:13.766  1578  1660 I WindowManager: dispatchResized : win = Window{e15c169 u0 org.hackintosh1980.espgrowcontroller/org.kivy.android.PythonActivity} drawState = DRAW_PENDING
07-20 01:49:13.768  2037  2037 I HwHeadsUpTransitionControllerImpl: abortTransition: mTransitionView=null;mIsWaitingFloatWindow=false
07-20 01:49:13.771   634  1192 I         : ApiCount[0, 0, 0, 36, 0, 0, 0, 0, 0, 0, 154, 251, 0, 8, 2, 0, 7, 0, 1953, 4566]
07-20 01:49:13.775  1578  1861 I NetworkPolicy: updateRuleForRestrictBackgroundUL(10078): isForeground=true, isBlacklisted=false, isWhitelisted=true, isRestrictedByAdmin=false, oldRule=0 (NONE), newRule=1 (ALLOW_METERED|NONE), newUidRules=1 (ALLOW_METERED|NONE), oldUidRules=0 (NONE), mRestrictBackground=false
07-20 01:49:13.782  2037  2037 I HwCtrlCtr:ControlCenterMain: onConfigurationChanged
07-20 01:49:13.782  2037  2037 I HwCtrlCtr:ControlCenterMain: updateResource
07-20 01:49:13.783  2037  2037 I HwCtrlCtr:ControlCenterContainer: setMargins:81
07-20 01:49:13.786  2037  2037 I HwCtrlCtr:ControlCenterContainer: update control panel width: 1623
07-20 01:49:13.787  2037  2037 I HwCtrlCtr:ControlCenterContainer: onConfigurationChanged, isLand: true
07-20 01:49:13.787  2037  2037 I HwCtrlCtr:ControlCenterPanel: orientation changes: 2
07-20 01:49:13.790   484   484 I hwservicemanager: getTransport: Cannot find entry android.hardware.graphics.mapper@3.0::IMapper/default in either framework or device manifest.
07-20 01:49:13.792  2037  2037 W HwToolbar: can not get the Activity of toolbar in getSplitStatus()
07-20 01:49:13.803   732  1641 W BufferQueueProducer: [NavigationBar0#0]:1390: disconnect: not connected (req=1)
07-20 01:49:13.804  2037  2404 W libEGL  : EGLNativeWindowType 0x706d3df310 disconnect failed
07-20 01:49:13.821   634  8415 I netd    : trafficSwapActiveStatsMap() <18.99ms>
07-20 01:49:13.842   634  8415 I netd    : trafficSwapActiveStatsMap() <19.95ms>
07-20 01:49:13.846  1172  1383 E ScreemCommon: fail to extract lcd fps mode!
07-20 01:49:13.846  1172  1383 W ScreemCommon: ProcessEntry, not beta version or commercial log off
07-20 01:49:13.846  1578  1672 I ActivityTaskManager: Displayed org.hackintosh1980.espgrowcontroller/org.kivy.android.PythonActivity: +564ms
07-20 01:49:13.857  1578  1660 I ViewRootImpl: dispatchDetachedFromWindow in doDie
07-20 01:49:13.858  1578  1660 I WindowManager: removeIfPossible: Window{9476724 u0 Splash Screen org.hackintosh1980.espgrowcontroller} callers=com.android.server.wm.WindowState.removeIfPossible:2602 com.android.server.wm.WindowManagerService.removeWindow:2282 com.android.server.wm.Session.remove:179 android.view.ViewRootImpl.dispatchDetachedFromWindow:4910 android.view.ViewRootImpl.doDie:8254 
07-20 01:49:13.860  1578  1660 I WindowManager: postWindowRemoveCleanupLocked: Window{9476724 u0 Splash Screen org.hackintosh1980.espgrowcontroller}
07-20 01:49:13.862  1578  1660 I WindowManager: Removing Window{9476724 u0 Splash Screen org.hackintosh1980.espgrowcontroller} from AppWindowToken{488da92 token=Token{69be81d ActivityRecord{cae3ac7 u0 org.hackintosh1980.espgrowcontroller/org.kivy.android.PythonActivity t8783}}}
07-20 01:49:13.871  1578  1686 I PowerManagerService: handleSandman: wakefulness: 1,startDreaming: false
07-20 01:49:13.871 27313 27313 W e0      : onStartInput event aborted
07-20 01:49:13.871 27313 27313 W e0      : fc0.b0: could not obtain extracted text
07-20 01:49:13.871 27313 27313 W e0      : 	at fc0.y0.H(Unknown Source:369)
07-20 01:49:13.871 27313 27313 W e0      : 	at n70.x.g(Unknown Source:283)
07-20 01:49:13.871 27313 27313 W e0      : 	at n70.i3.g(Unknown Source:4)
07-20 01:49:13.871 27313 27313 W e0      : 	at com.touchtype.KeyboardService.onStartInput(Unknown Source:11)
07-20 01:49:13.871 27313 27313 W e0      : 	at android.inputmethodservice.InputMethodService.doStartInput(InputMethodService.java:2408)
07-20 01:49:13.871 27313 27313 W e0      : 	at android.inputmethodservice.InputMethodService$InputMethodImpl.startInput(InputMethodService.java:697)
07-20 01:49:13.871 27313 27313 W e0      : 	at android.inputmethodservice.InputMethodService$InputMethodImpl.dispatchStartInputWithToken(InputMethodService.java:731)
07-20 01:49:13.871 27313 27313 W e0      : 	at android.inputmethodservice.IInputMethodWrapper.executeMessage(IInputMethodWrapper.java:194)
07-20 01:49:13.871 27313 27313 W e0      : 	at com.android.internal.os.HandlerCaller$MyHandler.handleMessage(HandlerCaller.java:44)
07-20 01:49:13.871 27313 27313 W e0      : 	at android.os.Handler.dispatchMessage(Handler.java:110)
07-20 01:49:13.871 27313 27313 W e0      : 	at android.os.Looper.loop(Looper.java:219)
07-20 01:49:13.871 27313 27313 W e0      : 	at android.app.ActivityThread.main(ActivityThread.java:8668)
07-20 01:49:13.871 27313 27313 W e0      : 	at java.lang.reflect.Method.invoke(Native Method)
07-20 01:49:13.871 27313 27313 W e0      : 	at com.android.internal.os.RuntimeInit$MethodAndArgsCaller.run(RuntimeInit.java:513)
07-20 01:49:13.871 27313 27313 W e0      : 	at com.android.internal.os.ZygoteInit.main(ZygoteInit.java:1109)
07-20 01:49:13.876  1578  5203 I WindowManager: dispatchResized : win = Window{a2d55cc u0 StatusBar} drawState = DRAW_PENDING
07-20 01:49:13.882   732  1641 W BufferQueueProducer: [StatusBar#0]:1390: disconnect: not connected (req=1)
07-20 01:49:13.882  2037  2404 W libEGL  : EGLNativeWindowType 0x706d3de550 disconnect failed
07-20 01:49:13.914  1578  2467 I WificondControl: Noise: -92, Snr: 29, Chload: -1, rssi: -61, txBitrate: 72, rxBitrate: 0, frequency: 2462, UlDelay: -1, currentTxBytes: 0, currentTxPackets: 514831, currentTxFailed: 757, currentRxBytes: 0, currentRxPackets: 768441
07-20 01:49:13.917  2880  5886 I VoWifiQoe_N: ProcessReqInfo ul_msgid=5
07-20 01:49:13.917  2880  5886 I VoWifiQoe_N: processReqInfo MSG_WIFI_SIGNAL_INFO_IND 
07-20 01:49:13.917  2880  5886 I VoWifiQoe_N: ProcessSignalInfoInd curStateIsIdle 0 
07-20 01:49:13.917  2880  5886 I VoWifiQoe_N: ProcessSignalInfoInd wifiInterruptFlg 1 enScreenState 1 curStateIsIdle 0
07-20 01:49:13.917  2880  5886 I VoWifiQoe_N: UpdateEvaluatePolicy EVALUATE_POLICY_RSSI
07-20 01:49:13.917  2880  5886 I VoWifiQoe_N: UpdateEvaluatePolicy phoneId 1 is not qoe started!
07-20 01:49:13.974  2037  2037 W StatusBar: disable<e i a s b h r c s > disable2<q i n >
07-20 01:49:13.996  1578  1660 I WindowManager: performshow Window{a2d55cc u0 StatusBar} tok.waitingToShow=false isTransitionSet=false parentHidden=false vis=0 tok.hidden=false hasSurface=true policyVis=false destroying=false animating=false
07-20 01:49:13.999  2037  2037 I DecorView[VolumeDialogImpl]: pkgName:com.android.systemui old windowMode:0 new windoMode:1, isFixedSize:false
07-20 01:49:14.001  1578  1660 I chatty  : uid=1000(system) android.anim identical 1 line
07-20 01:49:14.004  1578  1660 I WindowManager: performshow Window{a2d55cc u0 StatusBar} tok.waitingToShow=false isTransitionSet=false parentHidden=false vis=0 tok.hidden=false hasSurface=true policyVis=false destroying=false animating=false
07-20 01:49:14.005  1578  1660 I WindowManager: orientation change is complete, call stopFreezingDisplayLocked
07-20 01:49:14.005  1578  1660 I WindowManager: stopFreezingDisplayLocked: Unfreezing now
07-20 01:49:14.005  1578  1660 I WindowManager: Screen frozen for +685ms due to Window{a2d55cc u0 StatusBar}
07-20 01:49:14.006  1578  1660 I HwWindowManagerServiceEx: create ScreenRotationAnima: origin = 0, current = 1
07-20 01:49:14.006  1578  1660 I HwWindowManagerServiceEx: create ScreenRotationAnima: origin = 0, current = 1
07-20 01:49:14.011  1578  1686 I PowerManagerService: handleSandman: wakefulness: 1,startDreaming: false
07-20 01:49:14.018  1578  1660 I WindowManager: performshow Window{a2d55cc u0 StatusBar} tok.waitingToShow=false isTransitionSet=false parentHidden=false vis=0 tok.hidden=false hasSurface=true policyVis=false destroying=false animating=false
07-20 01:49:14.024  2037  2037 I vol.VolumeDialogImpl: STREAM_ACCESSIBILITY onProgressChanged 0 fromUser=false
07-20 01:49:14.024  2037  2037 I vol.VolumeDialogImpl: STREAM_ACCESSIBILITY onProgressChanged 100 fromUser=false
07-20 01:49:14.024  2037  2050 I ndroid.systemu: Background concurrent copying GC freed 329015(16MB) AllocSpace objects, 0(0B) LOS objects, 49% free, 19MB/38MB, paused 148us total 195.336ms
07-20 01:49:14.024  2037  2037 I vol.VolumeDialogImpl: STREAM_ACCESSIBILITY onProgressChanged 1200 fromUser=false
07-20 01:49:14.028  2037  2037 I vol.VolumeDialogImpl: STREAM_MUSIC onProgressChanged 0 fromUser=false
07-20 01:49:14.029  2037  2037 I vol.VolumeDialogImpl: STREAM_MUSIC onProgressChanged 1200 fromUser=false
07-20 01:49:14.032  2037  2037 I vol.VolumeDialogImpl: STREAM_RING onProgressChanged 0 fromUser=false
07-20 01:49:14.032  2037  2037 I vol.VolumeDialogImpl: STREAM_RING onProgressChanged 1500 fromUser=false
07-20 01:49:14.035  1578  1660 I chatty  : uid=1000(system) android.anim identical 1 line
07-20 01:49:14.035  2037  2037 I vol.VolumeDialogImpl: STREAM_ALARM onProgressChanged 0 fromUser=false
07-20 01:49:14.035  2037  2037 I vol.VolumeDialogImpl: STREAM_ALARM onProgressChanged 1500 fromUser=false
07-20 01:49:14.039  2037  2037 I vol.VolumeDialogImpl: STREAM_VOICE_CALL onProgressChanged 0 fromUser=false
07-20 01:49:14.040  2037  2037 I vol.VolumeDialogImpl: STREAM_VOICE_CALL onProgressChanged 1500 fromUser=false
07-20 01:49:14.042  2037  2037 I vol.VolumeDialogImpl: STREAM_BLUETOOTH_SCO onProgressChanged 0 fromUser=false
07-20 01:49:14.043  2037  2037 I vol.VolumeDialogImpl: STREAM_BLUETOOTH_SCO onProgressChanged 700 fromUser=false
07-20 01:49:14.046  2037  2037 I vol.VolumeDialogImpl: STREAM_SYSTEM onProgressChanged 0 fromUser=false
07-20 01:49:14.046  2037  2037 I vol.VolumeDialogImpl: STREAM_SYSTEM onProgressChanged 1500 fromUser=false
07-20 01:49:14.050  2037  2037 I vol.VolumeDialogImpl: STREAM_TTS onProgressChanged 0 fromUser=false
07-20 01:49:14.050  2037  2037 I vol.VolumeDialogImpl: STREAM_TTS onProgressChanged 1100 fromUser=false
07-20 01:49:14.051  1578  1660 I WindowManager: performshow Window{a2d55cc u0 StatusBar} tok.waitingToShow=false isTransitionSet=false parentHidden=false vis=0 tok.hidden=false hasSurface=true policyVis=false destroying=false animating=false
07-20 01:49:14.058  1578  1863 I WificondControl: Noise: -92, Snr: 29, Chload: -1, rssi: -61, txBitrate: 72, rxBitrate: 0, frequency: 2462, UlDelay: -1, currentTxBytes: 0, currentTxPackets: 514831, currentTxFailed: 757, currentRxBytes: 0, currentRxPackets: 768441
07-20 01:49:14.063   675 21144 W hwcomposer: setGpuFreqBoost:152: boostGpuFreq succ !
07-20 01:49:14.067  1578  2467 I WindowManager: performshow Window{a2d55cc u0 StatusBar} tok.waitingToShow=false isTransitionSet=false parentHidden=false vis=0 tok.hidden=false hasSurface=true policyVis=false destroying=false animating=false
07-20 01:49:14.069  1578  1660 I WindowManager: performshow Window{a2d55cc u0 StatusBar} tok.waitingToShow=false isTransitionSet=false parentHidden=false vis=0 tok.hidden=false hasSurface=true policyVis=false destroying=false animating=false
07-20 01:49:14.070   732   935 W BufferQueueProducer: [NavigationBar0#0]:1390: disconnect: not connected (req=1)
07-20 01:49:14.071  2037  2404 W libEGL  : EGLNativeWindowType 0x6ffa3f6c50 disconnect failed
07-20 01:49:14.081  2037  2037 I ViewRootImpl: dispatchDetachedFromWindow in doDie
07-20 01:49:14.082  1578  2467 I WindowManager: removeIfPossible: Window{8a6b079 u0 AssistPreviewPanel} callers=com.android.server.wm.WindowState.removeIfPossible:2602 com.android.server.wm.WindowManagerService.removeWindow:2282 com.android.server.wm.Session.remove:179 android.view.IWindowSession$Stub.onTransact:702 com.android.server.wm.Session.onTransact:137 
07-20 01:49:14.082  1578  2467 I WindowManager: postWindowRemoveCleanupLocked: Window{8a6b079 u0 AssistPreviewPanel}
07-20 01:49:14.082  1578  2467 I WindowManager: Removing Window{8a6b079 u0 AssistPreviewPanel} from WindowToken{fab5940 android.os.BinderProxy@6628072}
07-20 01:49:14.082  1578  2467 I WindowManager: removeWindowToken: displayid:0 binder:android.os.BinderProxy@6628072 token:WindowToken{fab5940 android.os.BinderProxy@6628072}
07-20 01:49:14.084  1578  2467 I WindowManager: performshow Window{a2d55cc u0 StatusBar} tok.waitingToShow=false isTransitionSet=false parentHidden=false vis=0 tok.hidden=false hasSurface=true policyVis=false destroying=false animating=false
07-20 01:49:14.085  1578  1660 I WindowManager: performshow Window{a2d55cc u0 StatusBar} tok.waitingToShow=false isTransitionSet=false parentHidden=false vis=0 tok.hidden=false hasSurface=true policyVis=false destroying=false animating=false
07-20 01:49:14.102  1578  1660 I WindowManager: performshow Window{a2d55cc u0 StatusBar} tok.waitingToShow=false isTransitionSet=false parentHidden=false vis=0 tok.hidden=false hasSurface=true policyVis=false destroying=false animating=false
07-20 01:49:14.108  2037  2037 I ViewRootImpl: dispatchDetachedFromWindow in doDie
07-20 01:49:14.108  1578  2467 I WindowManager: removeIfPossible: Window{2c63bed u0 DockedStackDivider} callers=com.android.server.wm.WindowState.removeIfPossible:2602 com.android.server.wm.WindowManagerService.removeWindow:2282 com.android.server.wm.Session.remove:179 android.view.IWindowSession$Stub.onTransact:702 com.android.server.wm.Session.onTransact:137 
07-20 01:49:14.109  1578  2467 I WindowManager: postWindowRemoveCleanupLocked: Window{2c63bed u0 DockedStackDivider}
07-20 01:49:14.109  1578  2467 I WindowManager: Removing Window{2c63bed u0 DockedStackDivider} from WindowToken{1f4da04 android.os.BinderProxy@152ba96}
07-20 01:49:14.109  1578  2467 I WindowManager: removeWindowToken: displayid:0 binder:android.os.BinderProxy@152ba96 token:WindowToken{1f4da04 android.os.BinderProxy@152ba96}
07-20 01:49:14.111  1578  2467 I WindowManager: performshow Window{a2d55cc u0 StatusBar} tok.waitingToShow=false isTransitionSet=false parentHidden=false vis=0 tok.hidden=false hasSurface=true policyVis=false destroying=false animating=false
07-20 01:49:14.115  2037  2037 I chatty  : uid=10065(com.huawei.magazine) com.android.systemui identical 1 line
07-20 01:49:14.119  1578  5203 I WindowManager: performshow Window{a2d55cc u0 StatusBar} tok.waitingToShow=false isTransitionSet=false parentHidden=false vis=0 tok.hidden=false hasSurface=true policyVis=false destroying=false animating=false
07-20 01:49:14.124  1578  1660 I WindowManager: performshow Window{a2d55cc u0 StatusBar} tok.waitingToShow=false isTransitionSet=false parentHidden=false vis=0 tok.hidden=false hasSurface=true policyVis=false destroying=false animating=false
07-20 01:49:14.127  1108 20655 I installd: Fts path is: /data/data/com.google.android.gms/app_phenotype_shared time: 0.247767 file count: 3989
07-20 01:49:14.127  1578  2467 I WificondControl: Noise: -92, Snr: 29, Chload: -1, rssi: -61, txBitrate: 72, rxBitrate: 0, frequency: 2462, UlDelay: -1, currentTxBytes: 0, currentTxPackets: 514831, currentTxFailed: 757, currentRxBytes: 0, currentRxPackets: 768441
07-20 01:49:14.132  2880  5886 I VoWifiQoe_N: ProcessReqInfo ul_msgid=5
07-20 01:49:14.132  2880  5886 I VoWifiQoe_N: processReqInfo MSG_WIFI_SIGNAL_INFO_IND 
07-20 01:49:14.132  2880  5886 I VoWifiQoe_N: ProcessSignalInfoInd curStateIsIdle 0 
07-20 01:49:14.132  2880  5886 I VoWifiQoe_N: ProcessSignalInfoInd wifiInterruptFlg 1 enScreenState 1 curStateIsIdle 0
07-20 01:49:14.132  2880  5886 I VoWifiQoe_N: UpdateEvaluatePolicy EVALUATE_POLICY_RSSI
07-20 01:49:14.132  2880  5886 I VoWifiQoe_N: UpdateEvaluatePolicy phoneId 1 is not qoe started!
07-20 01:49:14.140  2037  2037 I PanelView1: notifyBarPanelExpansionChanged isPanelVisibleBecauseOfHeadsUp=false,mInstantExpanding=false,mTracking=false
07-20 01:49:14.140  2037  2037 I PanelView2: notifyBarPanelExpansionChanged mPeekAnimator is non null?false,mHeightAnimator is non null?false
07-20 01:49:14.141  2037  2037 I HwCtrlCtr: ControlCenterImpl: release control blur image!
07-20 01:49:14.141  2037  2037 I PanelView1: notifyBarPanelExpansionChanged isPanelVisibleBecauseOfHeadsUp=false,mInstantExpanding=false,mTracking=false
07-20 01:49:14.141  2037  2037 I PanelView2: notifyBarPanelExpansionChanged mPeekAnimator is non null?false,mHeightAnimator is non null?false
07-20 01:49:14.141  2037  2037 I HwCtrlCtr: ControlCenterImpl: release control blur image!
07-20 01:49:14.182  1070 28923 I AGPService: aps-info: focus pkgName - org.hackintosh1980.espgrowcontroller, with 0 more apps
07-20 01:49:14.183  1070 28923 E AGPService: FrameRateManager: iaware strange app type: -1
07-20 01:49:14.183  1070 28923 I AGPService: FrameRateManager: aps-info: new pkgName - org.hackintosh1980.espgrowcontroller, type - -1
07-20 01:49:14.183  1070 28923 I AGPService: GpuPolicyManager: m_currentPkgName - org.hackintosh1980.espgrowcontroller
07-20 01:49:14.341  1578  2711 I WificondControl: Noise: -92, Snr: 28, Chload: -1, rssi: -62, txBitrate: 72, rxBitrate: 0, frequency: 2462, UlDelay: -1, currentTxBytes: 0, currentTxPackets: 514831, currentTxFailed: 757, currentRxBytes: 0, currentRxPackets: 768441
07-20 01:49:14.347  2880  5886 I VoWifiQoe_N: ProcessReqInfo ul_msgid=5
07-20 01:49:14.347  2880  5886 I VoWifiQoe_N: processReqInfo MSG_WIFI_SIGNAL_INFO_IND 
07-20 01:49:14.347  2880  5886 I VoWifiQoe_N: ProcessSignalInfoInd curStateIsIdle 0 
07-20 01:49:14.347  2880  5886 I VoWifiQoe_N: ProcessSignalInfoInd wifiInterruptFlg 1 enScreenState 1 curStateIsIdle 0
07-20 01:49:14.347  2880  5886 I VoWifiQoe_N: UpdateEvaluatePolicy EVALUATE_POLICY_RSSI
07-20 01:49:14.347  2880  5886 I VoWifiQoe_N: UpdateEvaluatePolicy phoneId 1 is not qoe started!
07-20 01:49:14.388  1578  1660 I chatty  : uid=1000(system) android.anim identical 16 lines
07-20 01:49:14.389  1578  1660 I WindowManager: performshow Window{a2d55cc u0 StatusBar} tok.waitingToShow=false isTransitionSet=false parentHidden=false vis=0 tok.hidden=false hasSurface=true policyVis=false destroying=false animating=false
07-20 01:49:14.391   675 21144 W hwcomposer: setGpuFreqBoost:157: boostGpuFreq release !
07-20 01:49:14.391  1578  1660 I HwWindowManagerServiceEx: setLandAnimationInfo : false
07-20 01:49:14.391  1578  1862 I TrafficMonitor: update:rxPkts:0,txPkts:0,rxBytes:0,txBytes:0
07-20 01:49:14.391  1578  1862 I TrafficMonitor: gettimer:interval=2000
07-20 01:49:14.405  1578  1660 I WindowManager: performshow Window{a2d55cc u0 StatusBar} tok.waitingToShow=false isTransitionSet=false parentHidden=false vis=0 tok.hidden=false hasSurface=true policyVis=false destroying=false animating=false
07-20 01:49:14.405   729   790 E ACCKIT_ : PerfMgr: fail to read 0
07-20 01:49:14.556  1578  2711 I WificondControl: Noise: -92, Snr: 28, Chload: -1, rssi: -63, txBitrate: 72, rxBitrate: 0, frequency: 2462, UlDelay: -1, currentTxBytes: 0, currentTxPackets: 514831, currentTxFailed: 757, currentRxBytes: 0, currentRxPackets: 768441
07-20 01:49:14.562  2880  5886 I VoWifiQoe_N: ProcessReqInfo ul_msgid=5
07-20 01:49:14.562  2880  5886 I VoWifiQoe_N: processReqInfo MSG_WIFI_SIGNAL_INFO_IND 
07-20 01:49:14.562  2880  5886 I VoWifiQoe_N: ProcessSignalInfoInd curStateIsIdle 0 
07-20 01:49:14.562  2880  5886 I VoWifiQoe_N: ProcessSignalInfoInd wifiInterruptFlg 1 enScreenState 1 curStateIsIdle 0
07-20 01:49:14.562  2880  5886 I VoWifiQoe_N: UpdateEvaluatePolicy EVALUATE_POLICY_RSSI
07-20 01:49:14.562  2880  5886 I VoWifiQoe_N: UpdateEvaluatePolicy phoneId 1 is not qoe started!
07-20 01:49:14.714  1123  1123 E Thermal-daemon:hw_thermal: [shell_frame] tempNew :33  tempOld :32
07-20 01:49:14.715  1123  1123 E Thermal-daemon:hw_thermal: Report temperature: [shell_frame] temp :33  reportThreshold:1
07-20 01:49:14.715  1123  1123 E Thermal-daemon:hw_thermal: [ap] tempNew :39  tempOld :38
07-20 01:49:14.716  1123  1123 E Thermal-daemon:hw_thermal: Report temperature: [ap] temp :39  reportThreshold:1
07-20 01:49:14.717  2635  4015 I ThermalTraceService: code:1, appInfo:org.hackintosh1980.espgrowcontroller#10000, levelInfo:0,warm_shell_VR,1#0,warm_shell,5
07-20 01:49:14.737  2262  2440 I HwPacketFilterBypass: isBypassAllowed not allowed reason: DATA_OFF
07-20 01:49:14.737  2262  2440 I HwPacketFilterBypass: kernelAddTrackUid uid:10677 allowed:false
07-20 01:49:14.771  1578  2711 I WificondControl: Noise: -92, Snr: 29, Chload: -1, rssi: -63, txBitrate: 72, rxBitrate: 0, frequency: 2462, UlDelay: -1, currentTxBytes: 0, currentTxPackets: 514831, currentTxFailed: 757, currentRxBytes: 0, currentRxPackets: 768441
07-20 01:49:14.773  2262  7426 I Booster_Qoe: AdaBoostPredict rlt,index:6,NisPsSlow:0,NProba:309,rsrp(rssi):-40,rsrq(noise):-60,rtt(chload):200,buffhigh(uldelay):0,buffcomm(rtt):0
07-20 01:49:14.774  2262  7426 I Booster_Qoe: AdaBoostPredict rlt,index:2,NisPsSlow:0,NProba:359,rsrp(rssi):-40,rsrq(noise):-60,rtt(chload):200,buffhigh(uldelay):0,buffcomm(rtt):162
07-20 01:49:14.774  2262  3431 I Hicom_Monitor: handleNetworkQoeReport. foregroundAppTcpRtt: 0, maxRatioChannelId: 2
07-20 01:49:14.775  2262  3431 I Hicom_Monitor: handleNetworkQoeReport. qoeString: 10677,4,0,309,1,2,4,0,359,0,0,10,10,0,0,0,0
07-20 01:49:14.775  1578  1961 I WiFi_PRO_WifiProStateMachine: APP_SERVICE_QOE_NOTIFY Qoe info 10677,4,0,309,1,2,4,0,359,0,0,10,10,0,0,0,0 CID 2 mMasterWifiRssi 0 mMasterCardAmbr 1048576 mSlaveCardAmbr 1048576
07-20 01:49:14.775  1578  1961 I HwWifiProServiceProxy: ctrlHwWifiNetwork pkgName: WIFIPRO_SERVICE interfaceId: 9
07-20 01:49:14.775  1578  1961 I WiFi_PRO_WifiProStateMachine: isWifi2WifiProcess = false, mIsNeedIgnoreQoeUpdate = false, mIsAppInBlacklist = false, mIsAppInBlacklistFullScreen = false, mIsWiFiNoInternet false, screen on = true, full screen = true, isLandscapeMode = true, mNotifyWifiLinkPoorReason = -1
07-20 01:49:14.775  1578  1961 I WiFi_PRO_WifiProStateMachine: mChannelQoeBadCnt = 0, mAppQoeBadCnt = 0, mNetworkSlowReason = 0, mNetworkSlowChannelBadCnt = 0
07-20 01:49:14.776  2880  5886 I VoWifiQoe_N: ProcessReqInfo ul_msgid=5
07-20 01:49:14.776  2880  5886 I VoWifiQoe_N: processReqInfo MSG_WIFI_SIGNAL_INFO_IND 
07-20 01:49:14.776  2880  5886 I VoWifiQoe_N: ProcessSignalInfoInd curStateIsIdle 0 
07-20 01:49:14.776  2880  5886 I VoWifiQoe_N: ProcessSignalInfoInd wifiInterruptFlg 1 enScreenState 1 curStateIsIdle 0
07-20 01:49:14.776  2880  5886 I VoWifiQoe_N: UpdateEvaluatePolicy EVALUATE_POLICY_RSSI
07-20 01:49:14.776  2880  5886 I VoWifiQoe_N: UpdateEvaluatePolicy phoneId 1 is not qoe started!
07-20 01:49:14.778  2262  7426 I Collector: HandleRawWifiInfo: flag:0, netId:0!
07-20 01:49:14.784   723   750 W PF_SYS_WRAPPER: [SysOpenAndWriteStr:87] [CPU_B] 1863000 write to /sys/devices/system/cpu/cpu4/cpufreq/scaling_max_freq failed, errno=22 (Invalid argument) 
07-20 01:49:14.785   723   751 I PF_FREQ_GRP: [RecordLimitCmd:68] [GPU] start limit freq 237143000 ~ 332000000
07-20 01:49:14.785   723   751 W PF_SYS_WRAPPER: [SysOpenAndWriteStr:87] [GPU] 332000000 write to /sys/class/devfreq/gpufreq/max_freq failed, errno=22 (Invalid argument) 
07-20 01:49:14.793  1143  9786 I Pged-IPgedBinderService: ****action is 2, pid num is 5***
07-20 01:49:14.793  1143  9786 I Pged-Freezer: thawPids
07-20 01:49:14.815  1578  1861 I NetworkPolicy: updateRuleForRestrictBackgroundUL(10078): isForeground=false, isBlacklisted=false, isWhitelisted=true, isRestrictedByAdmin=false, oldRule=1 (ALLOW_METERED|NONE), newRule=0 (NONE), newUidRules=0 (NONE), oldUidRules=1 (ALLOW_METERED|NONE), mRestrictBackground=false
07-20 01:49:14.995  1578  5203 I WificondControl: Noise: -92, Snr: 29, Chload: -1, rssi: -63, txBitrate: 72, rxBitrate: 0, frequency: 2462, UlDelay: -1, currentTxBytes: 0, currentTxPackets: 514831, currentTxFailed: 757, currentRxBytes: 0, currentRxPackets: 768441
07-20 01:49:15.007  2880  5886 I VoWifiQoe_N: ProcessReqInfo ul_msgid=5
07-20 01:49:15.007  2880  5886 I VoWifiQoe_N: processReqInfo MSG_WIFI_SIGNAL_INFO_IND 
07-20 01:49:15.007  2880  5886 I VoWifiQoe_N: ProcessSignalInfoInd curStateIsIdle 0 
07-20 01:49:15.007  2880  5886 I VoWifiQoe_N: ProcessSignalInfoInd wifiInterruptFlg 1 enScreenState 1 curStateIsIdle 0
07-20 01:49:15.007  2880  5886 I VoWifiQoe_N: UpdateEvaluatePolicy EVALUATE_POLICY_RSSI
07-20 01:49:15.007  2880  5886 I VoWifiQoe_N: UpdateEvaluatePolicy phoneId 1 is not qoe started!
07-20 01:49:15.224  1578  5203 I WificondControl: Noise: -92, Snr: 30, Chload: -1, rssi: -62, txBitrate: 72, rxBitrate: 0, frequency: 2462, UlDelay: -1, currentTxBytes: 0, currentTxPackets: 514831, currentTxFailed: 757, currentRxBytes: 0, currentRxPackets: 768441
07-20 01:49:15.238  2880  5886 I VoWifiQoe_N: ProcessReqInfo ul_msgid=5
07-20 01:49:15.238  2880  5886 I VoWifiQoe_N: processReqInfo MSG_WIFI_SIGNAL_INFO_IND 
07-20 01:49:15.238  2880  5886 I VoWifiQoe_N: ProcessSignalInfoInd curStateIsIdle 0 
07-20 01:49:15.238  2880  5886 I VoWifiQoe_N: ProcessSignalInfoInd wifiInterruptFlg 1 enScreenState 1 curStateIsIdle 0
07-20 01:49:15.238  2880  5886 I VoWifiQoe_N: UpdateEvaluatePolicy EVALUATE_POLICY_RSSI
07-20 01:49:15.238  2880  5886 I VoWifiQoe_N: UpdateEvaluatePolicy phoneId 1 is not qoe started!
07-20 01:49:15.362  1578  1863 I WificondControl: Noise: -92, Snr: 30, Chload: -1, rssi: -62, txBitrate: 72, rxBitrate: 0, frequency: 2462, UlDelay: -1, currentTxBytes: 0, currentTxPackets: 514831, currentTxFailed: 757, currentRxBytes: 0, currentRxPackets: 768441
07-20 01:49:15.374  1578  1862 I WiFi_PRO: MSG_RETURN_AP_CURRY_RSSI rssi = -62
07-20 01:49:15.374  1578  1862 I QosMonitor: queryRtt: rttType = 3
07-20 01:49:15.374  1578  1862 I HwWifiProServiceProxy: ctrlHwWifiNetwork pkgName: WIFIPRO_SERVICE interfaceId: 8
07-20 01:49:15.375  1578  1862 I QosMonitor: postEventFromNative: msg=100,arg1=4,arg2=10
07-20 01:49:15.375  1578  1862 I QosMonitor: resetRtt: rttType = 3
07-20 01:49:15.375  1578  1862 I HwWifiProServiceProxy: ctrlHwWifiNetwork pkgName: WIFIPRO_SERVICE interfaceId: 8
07-20 01:49:15.438  2334  2701 E HSM_BG-11.1.1.441: SmartControlDbOpenHelper:queryInfo catch exception with SmartControlRecordTable
07-20 01:49:15.448  2334  2701 E SQLiteDatabase: Error inserting UNIQUE constraint failed: SmartControlRecordTable.packageName, SmartControlRecordTable.callerPackageName, SmartControlRecordTable.startupResult, SmartControlRecordTable.timeOfDay (Sqlite code 2067 SQLITE_CONSTRAINT_UNIQUE), (OS error - 2:No such file or directory)
07-20 01:49:15.452  1578  5203 I WificondControl: Noise: -92, Snr: 29, Chload: -1, rssi: -63, txBitrate: 72, rxBitrate: 0, frequency: 2462, UlDelay: -1, currentTxBytes: 0, currentTxPackets: 514831, currentTxFailed: 757, currentRxBytes: 0, currentRxPackets: 768441
07-20 01:49:15.460  2880  5886 I VoWifiQoe_N: ProcessReqInfo ul_msgid=5
07-20 01:49:15.460  2880  5886 I VoWifiQoe_N: processReqInfo MSG_WIFI_SIGNAL_INFO_IND 
07-20 01:49:15.460  2880  5886 I VoWifiQoe_N: ProcessSignalInfoInd curStateIsIdle 0 
07-20 01:49:15.460  2880  5886 I VoWifiQoe_N: ProcessSignalInfoInd wifiInterruptFlg 1 enScreenState 1 curStateIsIdle 0
07-20 01:49:15.460  2880  5886 I VoWifiQoe_N: UpdateEvaluatePolicy EVALUATE_POLICY_RSSI
07-20 01:49:15.460  2880  5886 I VoWifiQoe_N: UpdateEvaluatePolicy phoneId 1 is not qoe started!
07-20 01:49:15.598   484   484 E SELinux : avc:  denied  { find } for interface=vendor.huawei.hardware.sensors::ISensors sid=u:r:untrusted_app:s0:c165,c258,c512,c768 pid=26792 scontext=u:r:untrusted_app:s0:c165,c258,c512,c768 tcontext=u:object_r:default_hisi_hwservice:s0 tclass=hwservice_manager permissive=0
07-20 01:49:15.612 26792 26792 I PythonActivity: Surface will NOT be transparent
07-20 01:49:15.616 26792 26792 I DecorView[]: pkgName:org.hackintosh1980.espgrowcontroller old windowMode:1 new windoMode:1, isFixedSize:false
07-20 01:49:15.620  1578  5203 I WindowManager: performshow Window{a2d55cc u0 StatusBar} tok.waitingToShow=false isTransitionSet=false parentHidden=false vis=0 tok.hidden=false hasSurface=true policyVis=false destroying=false animating=false
07-20 01:49:15.626  1578  1660 I WindowManager: performshow Window{a2d55cc u0 StatusBar} tok.waitingToShow=false isTransitionSet=false parentHidden=false vis=0 tok.hidden=false hasSurface=true policyVis=false destroying=false animating=false
07-20 01:49:15.637  1578  5203 I SensorService: createSensorEventConnection begin
07-20 01:49:15.637  1578  5203 I SensorService: SensorEventConnection begin
07-20 01:49:15.637  1578  5203 I SensorService: SensorEventConnection end
07-20 01:49:15.637  1578  5203 I SensorService: createSensorEventConnection end
07-20 01:49:15.638  1578  5203 I SensorService: enable begin
07-20 01:49:15.639  1578  5203 I SensorService: batch begin
07-20 01:49:15.639  1155  1155 E Sensors@1.2-impl: Sensors::batch: sensorHandle: 0, samplingPeriodNs: 20000000, maxReportLatencyNs: 0
07-20 01:49:15.639  1155  1155 I Sensors@1.2-impl: IsConfigParamNeedUpdate: service: 1578, sensor: 0, first set config, create it
07-20 01:49:15.639  1155  1155 I Sensors@1.2-impl: SetReportConfig: the sensor not find, create it
07-20 01:49:15.639  1155  1155 I Sensors@1.2-impl: GetSensorConfig: sensor: 0, Can't get param
07-20 01:49:15.639  1155  1155 I Sensors@1.2-impl: GetSensorConfig: sensor: 0, Can't get param
07-20 01:49:15.639  1155  1155 I Sensors@1.2-impl: JudgeOptimizeConfig: sensor: 0, oldPeriod: 0, initPeroid: 20000000
07-20 01:49:15.639  1155  1155 I Sensors@1.2-impl: SetOptimizeConfig: sensor: 0 first setconfig, create it
07-20 01:49:15.639  1155  1155 I Sensors@1.2-impl: GetSampleFifoConfig: sensor: 0, period: 20000000, reportDelay: 0
07-20 01:49:15.639  1155  1155 I SensorHub: batch called handle:0 sampleNs:20000000 latencyNs:0
07-20 01:49:15.639  1155  1155 I SensorHub: in Batch, handle = 0, flags = 0, periodNs = 20000000, timeout = 0
07-20 01:49:15.640  1578  5203 I SensorService: batch end
07-20 01:49:15.640  1578  5203 I SensorService: enableSensor handle:0, packageName:org.libsdl.app.SDLSurface, opPackageName:org.hackintosh1980.espgrowcontroller , rate=20000000
07-20 01:49:15.640  1578  5203 I SensorService: enable activate begin
07-20 01:49:15.640  1155  1155 I Sensors@1.2-impl: activate-0 enabled-1 fwkOals-1 camOals-0 fwkOcolor-0 camOcolor-0 fwkOtof-0 camOtof-0
07-20 01:49:15.640  1155  1155 I Sensors@1.2-impl: GetTotalOpenCnt: The sensor haven't open
07-20 01:49:15.640  1155  1155 I Sensors@1.2-impl: IsOpenNeedUpdate: service: 1578, sensor: 0, open: 1, openCnt: 0
07-20 01:49:15.640  1155  1155 I SensorHub: Activate, handle: 0, enabled:1, err: 0
07-20 01:49:15.640  1578  5203 I SensorService: enable activate end
07-20 01:49:15.640  1578  5203 I SensorService: enable end
07-20 01:49:15.642  2635  3724 I SensorState: sensor:0 name:accelerometer enable:true uid:10677
07-20 01:49:15.642  2635  3724 I PGServer: report state:4 event type:1 pid:0 uid:10677 pkg:null to pid: 1578
07-20 01:49:15.643 26792 26852 I python  : Initializing Python for Android
07-20 01:49:15.643 26792 26852 I python  : Setting additional env vars from p4a_env_vars.txt
07-20 01:49:15.643 26792 26852 I python  : Changing directory to the one provided by ANDROID_ARGUMENT
07-20 01:49:15.643 26792 26852 I python  : /data/user/0/org.hackintosh1980.espgrowcontroller/files/app
07-20 01:49:15.643  2635  3724 I SensorState: addSensor,mHandles:{0=1}
07-20 01:49:15.645 26792 26852 I python  : Preparing to initialize python
07-20 01:49:15.645 26792 26852 I python  : _python_bundle dir exists
07-20 01:49:15.645 26792 26852 I python  : calculated paths to be...
07-20 01:49:15.645 26792 26852 I python  : /data/user/0/org.hackintosh1980.espgrowcontroller/files/app/_python_bundle/stdlib.zip:/data/user/0/org.hackintosh1980.espgrowcontroller/files/app/_python_bundle/modules
07-20 01:49:15.647 26792 26852 I python  : set wchar paths...
07-20 01:49:15.648 26792 26792 W InputMethodManager: startInputReason = 4
07-20 01:49:15.648 26792 26792 W HwRemoteInputMethodManager: isCasting false because IHwDistributedWindowManager is invalid.
07-20 01:49:15.664 26792 26792 I DecorView[]: pkgName:org.hackintosh1980.espgrowcontroller old windowMode:1 new windoMode:1, isFixedSize:false
07-20 01:49:15.671  1578  1657 I StatusBarDisable: setFlags what=0 which=1 pkg=Window{e15c169 u0 org.hackintosh1980.espgrowcontroller/org.kivy.android.PythonActivity}
07-20 01:49:15.674  1578  5203 I WindowManager: dispatchResized : win = Window{e15c169 u0 org.hackintosh1980.espgrowcontroller/org.kivy.android.PythonActivity} drawState = HAS_DRAWN
07-20 01:49:15.674  1578  2467 I WificondControl: Noise: -92, Snr: 29, Chload: -1, rssi: -63, txBitrate: 72, rxBitrate: 0, frequency: 2462, UlDelay: -1, currentTxBytes: 0, currentTxPackets: 514831, currentTxFailed: 757, currentRxBytes: 0, currentRxPackets: 768441
07-20 01:49:15.685 26792 26792 W SDLThread: type=1400 audit(0.0:112401): avc: granted { execute } for pid=26792 path="/data/data/org.hackintosh1980.espgrowcontroller/files/app/_python_bundle/modules/zlib.cpython-311.so" dev="sdd70" ino=162668 scontext=u:r:untrusted_app:s0:c165,c258,c512,c768 tcontext=u:object_r:app_data_file:s0:c165,c258,c512,c768 tclass=file
07-20 01:49:15.690  1061  6849 I iked    : [INFO]: ikev2.c:305: ikev2_periodic_task()
07-20 01:49:15.692  2880  5886 I VoWifiQoe_N: ProcessReqInfo ul_msgid=5
07-20 01:49:15.692  2880  5886 I VoWifiQoe_N: processReqInfo MSG_WIFI_SIGNAL_INFO_IND 
07-20 01:49:15.692  2880  5886 I VoWifiQoe_N: ProcessSignalInfoInd curStateIsIdle 0 
07-20 01:49:15.692  2880  5886 I VoWifiQoe_N: ProcessSignalInfoInd wifiInterruptFlg 1 enScreenState 1 curStateIsIdle 0
07-20 01:49:15.692  2880  5886 I VoWifiQoe_N: UpdateEvaluatePolicy EVALUATE_POLICY_RSSI
07-20 01:49:15.692  2880  5886 I VoWifiQoe_N: UpdateEvaluatePolicy phoneId 1 is not qoe started!
07-20 01:49:15.711 26792 26852 I python  : Initialized python
07-20 01:49:15.711 26792 26852 I python  : AND: Init threads
07-20 01:49:15.713 26792 26852 I python  : testing python print redirection
07-20 01:49:15.715 26792 26852 I python  : Android path ['.', '/data/user/0/org.hackintosh1980.espgrowcontroller/files/app/_python_bundle/stdlib.zip', '/data/user/0/org.hackintosh1980.espgrowcontroller/files/app/_python_bundle/modules', '/data/user/0/org.hackintosh1980.espgrowcontroller/files/app/_python_bundle/site-packages']
07-20 01:49:15.716 26792 26852 I python  : os.environ is environ({'PATH': '/sbin:/system/sbin:/product/bin:/apex/com.android.runtime/bin:/system/bin:/system/xbin:/odm/bin:/vendor/bin:/vendor/xbin', 'ANDROID_BOOTLOGO': '1', 'ANDROID_ROOT': '/system', 'ANDROID_ASSETS': '/system/app', 'ANDROID_DATA': '/data', 'ANDROID_STORAGE': '/storage', 'ANDROID_RUNTIME_ROOT': '/apex/com.android.runtime', 'ANDROID_TZDATA_ROOT': '/apex/com.android.tzdata', 'EXTERNAL_STORAGE': '/sdcard', 'ASEC_MOUNTPOINT': '/mnt/asec', 'BOOTCLASSPATH': '/apex/com.android.runtime/javalib/core-oj.jar:/apex/com.android.runtime/javalib/core-libart.jar:/apex/com.android.runtime/javalib/okhttp.jar:/apex/com.android.runtime/javalib/bouncycastle.jar:/apex/com.android.runtime/javalib/apache-xml.jar:/system/framework/framework.jar:/system/framework/ext.jar:/system/framework/telephony-common.jar:/system/framework/voip-common.jar:/system/framework/ims-common.jar:/system/framework/android.test.base.jar:/system/framework/featurelayer-widget.jar:/system/framework/hwEmui.jar:/system/framework/hwPartBasicplatform.jar:/system/framework/telephony-separated.jar:/system/framework/hwTelephony-common.jar:/system/framework/hwPartTelephony.jar:/system/framework/hwPartTelephonyVSim.jar:/system/framework/hwPartTelephonyCust.jar:/system/framework/hwPartTelephonyFullnetworkOpt.jar:/system/framework/hwPartTelephonyTimezoneOpt.jar:/system/framework/hwPartTelephonyOpt.jar:/system/framework/hwPartSecurity.jar:/system/framework/hwPartSecurityFaceId.jar:/system/framework/hwIms-common.jar:/system/framework/hwPartMedia.jar:/system/framework/hwPartConnectivity.jar:/system/framework/hwPartPowerOffice.jar:/system/framework/hwPartDeviceVirtualization.jar:/system/framework/hwPartAirSharing.jar:/system/framework/hwPartDefaultDFR.jar:/system/framework/hwPartDFR.jar:/system/framework/hwPartMagicWindow.jar:/system/framework/hwPartIaware.jar:/system/framework/hwPartMdm.jar:/system/framework/hwPartVr.jar:/system/framework/hwframework.jar:/system/framework/com.huawei.nfc.jar:/system/framework/org.ifaa.android.manager.jar:/system/framework/hwperf.jar:/system/framework/hwcustEmui.jar:/system/framework/hwcustframework.jar:/system/framework/servicehost.jar:/system/framework/hwcustIms-common.jar:/system/framework/hwcustTelephony-common.jar:/system/framework/hwIAwareAL.jar:/system/framework/zframework.z.jar:/apex/com.android.conscrypt/javalib/conscrypt.jar:/apex/com.android.media/javalib/updatable-media.jar', 'DEX2OATBOOTCLASSPATH': '/apex/com.android.runtime/javalib/core-oj.jar:/apex/com.android.runtime/javalib/core-libart.jar:/apex/com.android.runtime/javalib/okhttp.jar:/apex/com.android.runtime/javalib/bouncycastle.jar:/apex/com.android.runtime/javalib/apache-xml.jar:/system/framework/framework.jar:/system/framework/ext.jar:/system/framework/telephony-common.jar:/system/framework/voip-common.jar:/system/framework/ims-common.jar:/system/framework/android.test.base.jar:/system/framework/featurelayer-widget.jar:/system/framework/hwEmui.jar:/system/framework/hwPartBasicplatform.jar:/system/framework/telephony-separated.jar:/system/framework/hwTelephony-common.jar:/system/framework/hwPartTelephony.jar:/system/framework/hwPartTelephonyVSim.jar:/system/framework/hwPartTelephonyCust.jar:/system/framework/hwPartTelephonyFullnetworkOpt.jar:/system/framework/hwPartTelephonyTimezoneOpt.jar:/system/framework/hwPartTelephonyOpt.jar:/system/framework/hwPartSecurity.jar:/system/framework/hwPartSecurityFaceId.jar:/system/framework/hwIms-common.jar:/system/framework/hwPartMedia.jar:/system/framework/hwPartConnectivity.jar:/system/framework/hwPartPowerOffice.jar:/system/framework/hwPartDeviceVirtualization.jar:/system/framework/hwPartAirSharing.jar:/system/framework/hwPartDefaultDFR.jar:/system/framework/hwPartDFR.jar:/system/framework/hwPartMagicWindow.jar:/system/framework/hwPartIaware.jar:/system/framework/hwPartMdm.jar:/system/framework/hwPartVr.jar:/system/framework/hwframework.jar:/system/framework/com.huawei.nfc.jar:/system/framework/org.ifaa.android.manager.jar:/system/framework/hwperf.jar:/system/framework/hwcustEmui.jar:/
07-20 01:49:15.716 26792 26852 I python  : Android kivy bootstrap done. __name__ is __main__
07-20 01:49:15.716 26792 26852 I python  : AND: Ran string
07-20 01:49:15.716 26792 26852 I python  : Run user program, change dir and execute entrypoint
07-20 01:49:15.716 26792 26852 I python  : [PERF] ===== STARTUP DIAGNOSTIC INITIALIZED =====
07-20 01:49:15.731 27313 27313 W e0      : onStartInput event aborted
07-20 01:49:15.731 27313 27313 W e0      : fc0.b0: could not obtain extracted text
07-20 01:49:15.731 27313 27313 W e0      : 	at fc0.y0.H(Unknown Source:369)
07-20 01:49:15.731 27313 27313 W e0      : 	at n70.x.g(Unknown Source:283)
07-20 01:49:15.731 27313 27313 W e0      : 	at n70.i3.g(Unknown Source:4)
07-20 01:49:15.731 27313 27313 W e0      : 	at com.touchtype.KeyboardService.onStartInput(Unknown Source:11)
07-20 01:49:15.731 27313 27313 W e0      : 	at android.inputmethodservice.InputMethodService.doStartInput(InputMethodService.java:2408)
07-20 01:49:15.731 27313 27313 W e0      : 	at android.inputmethodservice.InputMethodService$InputMethodImpl.startInput(InputMethodService.java:697)
07-20 01:49:15.731 27313 27313 W e0      : 	at android.inputmethodservice.InputMethodService$InputMethodImpl.dispatchStartInputWithToken(InputMethodService.java:731)
07-20 01:49:15.731 27313 27313 W e0      : 	at android.inputmethodservice.IInputMethodWrapper.executeMessage(IInputMethodWrapper.java:194)
07-20 01:49:15.731 27313 27313 W e0      : 	at com.android.internal.os.HandlerCaller$MyHandler.handleMessage(HandlerCaller.java:44)
07-20 01:49:15.731 27313 27313 W e0      : 	at android.os.Handler.dispatchMessage(Handler.java:110)
07-20 01:49:15.731 27313 27313 W e0      : 	at android.os.Looper.loop(Looper.java:219)
07-20 01:49:15.731 27313 27313 W e0      : 	at android.app.ActivityThread.main(ActivityThread.java:8668)
07-20 01:49:15.731 27313 27313 W e0      : 	at java.lang.reflect.Method.invoke(Native Method)
07-20 01:49:15.731 27313 27313 W e0      : 	at com.android.internal.os.RuntimeInit$MethodAndArgsCaller.run(RuntimeInit.java:513)
07-20 01:49:15.731 27313 27313 W e0      : 	at com.android.internal.os.ZygoteInit.main(ZygoteInit.java:1109)
07-20 01:49:15.737  2262  2440 I ConnCureStateMonitor: handleMessage: msg[4]
07-20 01:49:15.739  2262  2440 I ConnCureStateMonitor: canPerformConnCure: network is not in service.
07-20 01:49:15.739  2262  2440 I ConnCureStateMonitor: isCaredApp:false,isAllowed:true,isDataEnabled:true
07-20 01:49:15.797 26792 26792 W SDLThread: type=1400 audit(0.0:112402): avc: granted { execute } for pid=26792 path="/data/data/org.hackintosh1980.espgrowcontroller/files/app/_python_bundle/modules/_typing.cpython-311.so" dev="sdd70" ino=73914 scontext=u:r:untrusted_app:s0:c165,c258,c512,c768 tcontext=u:object_r:app_data_file:s0:c165,c258,c512,c768 tclass=file
07-20 01:49:15.806  2262  7426 I Booster_Qoe: AdaBoostPredict rlt,index:6,NisPsSlow:0,NProba:312,rsrp(rssi):-63,rsrq(noise):-92,rtt(chload):200,buffhigh(uldelay):0,buffcomm(rtt):0
07-20 01:49:15.806  2262  7426 I Booster_Qoe: AdaBoostPredict rlt,index:2,NisPsSlow:0,NProba:312,rsrp(rssi):-63,rsrq(noise):-92,rtt(chload):200,buffhigh(uldelay):0,buffcomm(rtt):64
07-20 01:49:15.806  2262  7426 I Collector: HandleRawWifiInfo: flag:0, netId:0!
07-20 01:49:15.809  2262  3431 I Hicom_Monitor: handleNetworkQoeReport. foregroundAppTcpRtt: 0, maxRatioChannelId: 2
07-20 01:49:15.809  2262  3431 I Hicom_Monitor: handleNetworkQoeReport. qoeString: 10677,4,0,312,1,2,4,0,312,72000,0,10,10,0,0,0,0
07-20 01:49:15.809  1578  1961 I WiFi_PRO_WifiProStateMachine: APP_SERVICE_QOE_NOTIFY Qoe info 10677,4,0,312,1,2,4,0,312,72000,0,10,10,0,0,0,0 CID 2 mMasterWifiRssi -63 mMasterCardAmbr 1048576 mSlaveCardAmbr 1048576
07-20 01:49:15.810  1578  1961 I HwWifiProServiceProxy: ctrlHwWifiNetwork pkgName: WIFIPRO_SERVICE interfaceId: 9
07-20 01:49:15.810  1578  1961 I WiFi_PRO_WifiProStateMachine: isWifi2WifiProcess = false, mIsNeedIgnoreQoeUpdate = false, mIsAppInBlacklist = false, mIsAppInBlacklistFullScreen = false, mIsWiFiNoInternet false, screen on = true, full screen = false, isLandscapeMode = true, mNotifyWifiLinkPoorReason = -1
07-20 01:49:15.810  1578  1961 I WiFi_PRO_WifiProStateMachine: mChannelQoeBadCnt = 0, mAppQoeBadCnt = 0, mNetworkSlowReason = 0, mNetworkSlowChannelBadCnt = 0
07-20 01:49:15.820 15864 15864 I Finsky  : [1] App states replicator found 34 unowned apps
07-20 01:49:15.833 15864 15908 I Finsky  : [8160] Completed 0 account content syncs with 0 successful.
07-20 01:49:15.834 15864 15864 I Finsky  : [1] [ContentSync] Installation state replication succeeded.
07-20 01:49:15.834 15864 15864 I Finsky  : [1] SCH: jobFinished: 12-1. TimeElapsed: 6373ms.
07-20 01:49:15.835 15864 15864 I Finsky  : [1] WM::SCH: Logging work end for 12-1
07-20 01:49:15.845 26792 26792 W SDLThread: type=1400 audit(0.0:112403): avc: granted { execute } for pid=26792 path="/data/data/org.hackintosh1980.espgrowcontroller/files/app/_python_bundle/modules/math.cpython-311.so" dev="sdd70" ino=87403 scontext=u:r:untrusted_app:s0:c165,c258,c512,c768 tcontext=u:object_r:app_data_file:s0:c165,c258,c512,c768 tclass=file
07-20 01:49:15.849 26792 26792 W SDLThread: type=1400 audit(0.0:112404): avc: granted { execute } for pid=26792 path="/data/data/org.hackintosh1980.espgrowcontroller/files/app/_python_bundle/modules/_heapq.cpython-311.so" dev="sdd70" ino=44346 scontext=u:r:untrusted_app:s0:c165,c258,c512,c768 tcontext=u:object_r:app_data_file:s0:c165,c258,c512,c768 tclass=file
07-20 01:49:15.849 26792 26792 W SDLThread: type=1400 audit(0.0:112405): avc: granted { execute } for pid=26792 path="/data/data/org.hackintosh1980.espgrowcontroller/files/app/_python_bundle/modules/_queue.cpython-311.so" dev="sdd70" ino=15277 scontext=u:r:untrusted_app:s0:c165,c258,c512,c768 tcontext=u:object_r:app_data_file:s0:c165,c258,c512,c768 tclass=file
07-20 01:49:15.881 26792 26792 W SDLThread: type=1400 audit(0.0:112406): avc: granted { execute } for pid=26792 path="/data/data/org.hackintosh1980.espgrowcontroller/files/app/_python_bundle/modules/_opcode.cpython-311.so" dev="sdd70" ino=18551 scontext=u:r:untrusted_app:s0:c165,c258,c512,c768 tcontext=u:object_r:app_data_file:s0:c165,c258,c512,c768 tclass=file
07-20 01:49:15.906  1578  1854 I WificondControl: Noise: -92, Snr: 29, Chload: -1, rssi: -63, txBitrate: 72, rxBitrate: 0, frequency: 2462, UlDelay: -1, currentTxBytes: 0, currentTxPackets: 514831, currentTxFailed: 757, currentRxBytes: 0, currentRxPackets: 768441
07-20 01:49:15.911  2880  5886 I VoWifiQoe_N: ProcessReqInfo ul_msgid=5
07-20 01:49:15.912  2880  5886 I VoWifiQoe_N: processReqInfo MSG_WIFI_SIGNAL_INFO_IND 
07-20 01:49:15.912  2880  5886 I VoWifiQoe_N: ProcessSignalInfoInd curStateIsIdle 0 
07-20 01:49:15.912  2880  5886 I VoWifiQoe_N: ProcessSignalInfoInd wifiInterruptFlg 1 enScreenState 1 curStateIsIdle 0
07-20 01:49:15.912  2880  5886 I VoWifiQoe_N: UpdateEvaluatePolicy EVALUATE_POLICY_RSSI
07-20 01:49:15.912  2880  5886 I VoWifiQoe_N: UpdateEvaluatePolicy phoneId 1 is not qoe started!
07-20 01:49:15.917 26792 26852 I python  : [ERROR  ] Error when copying logo directory
07-20 01:49:15.917 26792 26852 I python  : Traceback (most recent call last):
07-20 01:49:15.917 26792 26852 I python  :   File "/home/domivm/TEST/.buildozer/android/platform/build-arm64-v8a/build/python-installs/espgrowcontroller/arm64-v8a/kivy/__init__.py", line 372, in <module>
07-20 01:49:15.917 26792 26852 I python  :   File "/home/domivm/TEST/.buildozer/android/platform/build-arm64-v8a/build/other_builds/python3/arm64-v8a__ndk_target_29/python3/Lib/shutil.py", line 573, in copytree
07-20 01:49:15.917 26792 26852 I python  :   File "/home/domivm/TEST/.buildozer/android/platform/build-arm64-v8a/build/other_builds/python3/arm64-v8a__ndk_target_29/python3/Lib/shutil.py", line 527, in _copytree
