07-20 01:39:05.616 17362 17424 I python  : [DEBUG  ] [Starting new HTTP connection (1)] 192.168.2.20:80
07-20 01:39:05.620 17362 17426 I python  : [DEBUG  ] [Starting new HTTP connection (1)] 192.168.2.39:80
07-20 01:39:05.740  1095  2241 I vendor.qti.bluetooth@1.0-ibs_handler: ProcessIbsCmd: Received IBS_WAKE_IND: 0xFD
07-20 01:39:05.743  1095  2241 I vendor.qti.bluetooth@1.0-ibs_handler: ProcessIbsCmd: Writing IBS_WAKE_ACK
07-20 01:39:05.785  1095  2241 I vendor.qti.bluetooth@1.0-ibs_handler: ProcessIbsCmd: Received IBS_SLEEP_IND: 0xFE
07-20 01:39:05.928 17362 17426 I python  : [DEBUG  ] [http          ]//192.168.2.39:80 "GET /data HTTP/1.1" 200 2553
07-20 01:39:05.934 17362 17424 I python  : [DEBUG  ] [http          ]//192.168.2.20:80 "GET /data HTTP/1.1" 200 2552
07-20 01:39:05.990  1095  2241 I vendor.qti.bluetooth@1.0-ibs_handler: ProcessIbsCmd: Received IBS_WAKE_IND: 0xFD
07-20 01:39:05.992  1095  2241 I vendor.qti.bluetooth@1.0-ibs_handler: ProcessIbsCmd: Writing IBS_WAKE_ACK
07-20 01:39:05.998  3187  3218 W System.err: java.io.FileNotFoundException: /proc/ant_state: open failed: ENOENT (No such file or directory)
07-20 01:39:05.998  3187  3218 W System.err: 	at libcore.io.IoBridge.open(IoBridge.java:574)
07-20 01:39:05.998  3187  3218 W System.err: 	at java.io.FileInputStream.<init>(FileInputStream.java:179)
07-20 01:39:05.998  3187  3218 W System.err: 	at java.io.FileReader.<init>(FileReader.java:75)
07-20 01:39:05.998  3187  3218 W System.err: 	at com.hmd.sarsensor.ModeService$NodeWatcher.readNode(ModeService.java:539)
07-20 01:39:05.998  3187  3218 W System.err: 	at com.hmd.sarsensor.ModeService$NodeWatcher.run(ModeService.java:514)
07-20 01:39:05.998  3187  3218 W System.err: Caused by: android.system.ErrnoException: open failed: ENOENT (No such file or directory)
07-20 01:39:05.998  3187  3218 W System.err: 	at libcore.io.Linux.open(Native Method)
07-20 01:39:05.998  3187  3218 W System.err: 	at libcore.io.ForwardingOs.open(ForwardingOs.java:579)
07-20 01:39:05.998  3187  3218 W System.err: 	at libcore.io.BlockGuardOs.open(BlockGuardOs.java:274)
07-20 01:39:05.998  3187  3218 W System.err: 	at libcore.io.ForwardingOs.open(ForwardingOs.java:579)
07-20 01:39:05.998  3187  3218 W System.err: 	at android.app.ActivityThread$AndroidOs.open(ActivityThread.java:7766)
07-20 01:39:05.998  3187  3218 W System.err: 	at libcore.io.IoBridge.open(IoBridge.java:560)
07-20 01:39:05.999  3187  3218 W System.err: 	... 4 more
07-20 01:39:05.999  3187  3218 E SarTest : read node fail: java.io.FileNotFoundException: /proc/ant_state: open failed: ENOENT (No such file or directory)
07-20 01:39:06.033  1095  2241 I vendor.qti.bluetooth@1.0-ibs_handler: ProcessIbsCmd: Received IBS_SLEEP_IND: 0xFE
07-20 01:39:06.042 17362 17424 I python  : [DEBUG  ] [Starting new HTTP connection (1)] 192.168.2.20:80
07-20 01:39:06.046 17362 17426 I python  : [DEBUG  ] [Starting new HTTP connection (1)] 192.168.2.39:80
07-20 01:39:06.212 17362 17426 I python  : [DEBUG  ] [http          ]//192.168.2.39:80 "GET /data HTTP/1.1" 200 2553
07-20 01:39:06.221 17362 17424 I python  : [DEBUG  ] [http          ]//192.168.2.20:80 "GET /data HTTP/1.1" 200 2549
07-20 01:39:06.255  1095  2241 I vendor.qti.bluetooth@1.0-ibs_handler: ProcessIbsCmd: Received IBS_WAKE_IND: 0xFD
07-20 01:39:06.258  1095  2241 I vendor.qti.bluetooth@1.0-ibs_handler: ProcessIbsCmd: Writing IBS_WAKE_ACK
07-20 01:39:06.299  1095  2241 I vendor.qti.bluetooth@1.0-ibs_handler: ProcessIbsCmd: Received IBS_SLEEP_IND: 0xFE
07-20 01:39:06.346 17362 17424 I python  : [DEBUG  ] [Starting new HTTP connection (1)] 192.168.2.20:80
07-20 01:39:06.365 17362 17426 I python  : [DEBUG  ] [Starting new HTTP connection (1)] 192.168.2.39:80
07-20 01:39:06.436  1095  2241 I vendor.qti.bluetooth@1.0-ibs_handler: ProcessIbsCmd: Received IBS_WAKE_IND: 0xFD
07-20 01:39:06.436  1095  2241 I vendor.qti.bluetooth@1.0-ibs_handler: ProcessIbsCmd: Writing IBS_WAKE_ACK
07-20 01:39:06.469  1095  1095 I vendor.qti.bluetooth@1.0-ibs_handler: DeviceWakeUp: Writing IBS_WAKE_IND
07-20 01:39:06.470  1095  2241 I vendor.qti.bluetooth@1.0-ibs_handler: ProcessIbsCmd: Received IBS_WAKE_ACK: 0xFC
07-20 01:39:06.470  1095  2241 I vendor.qti.bluetooth@1.0-ibs_handler: ProcessIbsCmd: Signal wack_cond_
07-20 01:39:06.477  1095  2241 I vendor.qti.bluetooth@1.0-ibs_handler: ProcessIbsCmd: Received IBS_SLEEP_IND: 0xFE
07-20 01:39:06.477 17409 17451 I BroadcastBridge: Advertising refreshed
07-20 01:39:06.477  1095  2241 I vendor.qti.bluetooth@1.0-ibs_handler: ProcessIbsCmd: Received IBS_WAKE_IND: 0xFD
07-20 01:39:06.477  1095  2241 I vendor.qti.bluetooth@1.0-ibs_handler: ProcessIbsCmd: Writing IBS_WAKE_ACK
07-20 01:39:06.496 17409 17409 I BroadcastBridge: Advertising active
07-20 01:39:06.534  1095  2241 I vendor.qti.bluetooth@1.0-ibs_handler: ProcessIbsCmd: Received IBS_SLEEP_IND: 0xFE
07-20 01:39:06.634 17362 17424 I python  : [DEBUG  ] [http          ]//192.168.2.20:80 "GET /data HTTP/1.1" 200 2547
07-20 01:39:06.638 17362 17426 I python  : [DEBUG  ] [http          ]//192.168.2.39:80 "GET /data HTTP/1.1" 200 2513
07-20 01:39:06.697  1095  2241 I vendor.qti.bluetooth@1.0-ibs_handler: ProcessIbsCmd: Received IBS_WAKE_IND: 0xFD
07-20 01:39:06.697  1095  2241 I vendor.qti.bluetooth@1.0-ibs_handler: ProcessIbsCmd: Writing IBS_WAKE_ACK
07-20 01:39:06.738  1095  2241 I vendor.qti.bluetooth@1.0-ibs_handler: ProcessIbsCmd: Received IBS_SLEEP_IND: 0xFE
07-20 01:39:06.760 17362 17424 I python  : [DEBUG  ] [Starting new HTTP connection (1)] 192.168.2.39:80
07-20 01:39:06.765 17362 17426 I python  : [DEBUG  ] [Starting new HTTP connection (1)] 192.168.2.20:80
07-20 01:39:06.931 17362 17424 I python  : [DEBUG  ] [http          ]//192.168.2.39:80 "GET /data HTTP/1.1" 200 2513
07-20 01:39:06.945 17362 17426 I python  : [DEBUG  ] [http          ]//192.168.2.20:80 "GET /data HTTP/1.1" 200 2549
07-20 01:39:07.060 17362 17424 I python  : [DEBUG  ] [Starting new HTTP connection (1)] 192.168.2.20:80
07-20 01:39:07.065 17362 17426 I python  : [DEBUG  ] [Starting new HTTP connection (1)] 192.168.2.39:80
07-20 01:39:07.070  1095  2241 I vendor.qti.bluetooth@1.0-ibs_handler: ProcessIbsCmd: Received IBS_WAKE_IND: 0xFD
07-20 01:39:07.070  1095  2241 I vendor.qti.bluetooth@1.0-ibs_handler: ProcessIbsCmd: Writing IBS_WAKE_ACK
07-20 01:39:07.112  1095  2241 I vendor.qti.bluetooth@1.0-ibs_handler: ProcessIbsCmd: Received IBS_SLEEP_IND: 0xFE
07-20 01:39:07.144  1095  2241 I vendor.qti.bluetooth@1.0-ibs_handler: ProcessIbsCmd: Received IBS_WAKE_IND: 0xFD
07-20 01:39:07.144  1095  2241 I vendor.qti.bluetooth@1.0-ibs_handler: ProcessIbsCmd: Writing IBS_WAKE_ACK
07-20 01:39:07.207  1095  2241 I vendor.qti.bluetooth@1.0-ibs_handler: ProcessIbsCmd: Received IBS_SLEEP_IND: 0xFE
07-20 01:39:07.330  1095  2241 I vendor.qti.bluetooth@1.0-ibs_handler: ProcessIbsCmd: Received IBS_WAKE_IND: 0xFD
07-20 01:39:07.330  1095  2241 I vendor.qti.bluetooth@1.0-ibs_handler: ProcessIbsCmd: Writing IBS_WAKE_ACK
07-20 01:39:07.369 17362 17424 I python  : [DEBUG  ] [http          ]//192.168.2.20:80 "GET /data HTTP/1.1" 200 2549
07-20 01:39:07.371  1095  2241 I vendor.qti.bluetooth@1.0-ibs_handler: ProcessIbsCmd: Received IBS_SLEEP_IND: 0xFE
07-20 01:39:07.375 17362 17426 I python  : [DEBUG  ] [http          ]//192.168.2.39:80 "GET /data HTTP/1.1" 200 2513
07-20 01:39:07.487 17362 17426 I python  : [DEBUG  ] [Starting new HTTP connection (1)] 192.168.2.20:80
07-20 01:39:07.488 17362 17424 I python  : [DEBUG  ] [Starting new HTTP connection (1)] 192.168.2.39:80
07-20 01:39:07.493  1095  2247 I vendor.qti.bluetooth@1.0-ibs_handler: DeviceSleep: TX Awake, Sending SLEEP_IND
07-20 01:39:07.513  1308  1308 I adbd    : adbd service requested 'shell,v2,TERM=dumb:export ANDROID_LOG_TAGS=''; exec logcat '-d' '-v' 'threadtime' '*:I' 'python:D''
