--------- beginning of system
07-20 01:49:11.657  1578  1686 I PowerManagerService: handleSandman: wakefulness: 1,startDreaming: false
--------- beginning of main
07-20 01:49:12.822  1108 20655 I installd: Fts path is: /data/data/com.google.android.gms/files time: 0.216887 file count: 3858
07-20 01:49:12.897  1578  2192 I ActivityManager: Force stopping org.hackintosh1980.espgrowcontroller appid=10677 user=0: from pid 26780by app
07-20 01:49:12.898  1578  2192 I ActivityManager: Start to clean activity stack when force stop the app org.hackintosh1980.espgrowcontroller , reason:from pid 26780by app
07-20 01:49:12.904  1578  1578 I AlarmManager: UninstallReceiver onReceive action:android.intent.action.PACKAGE_RESTARTED
07-20 01:49:12.906  1060  1162 I bastetd : [IBastetService ] onTransact# BnBastetService::onTransact, code=29, flags=17
07-20 01:49:12.908  2262  2262 I HwCoreAppHelperService: LocalReceiver receives:android.intent.action.PACKAGE_RESTARTED,pkg:org.hackintosh1980.espgrowcontroller,uid:10677
07-20 01:49:12.912  4553  4553 E NfcNci  : NfcUtils error: APP do not have nfc permission
07-20 01:49:12.913  4553  4553 E NfcNci  : NfcUtils error: APP do not have nfc permission
07-20 01:49:12.993  1578  5203 I WificondControl: Noise: -92, Snr: 30, Chload: -1, rssi: -61, txBitrate: 72, rxBitrate: 0, frequency: 2462, UlDelay: -1, currentTxBytes: 0, currentTxPackets: 514831, currentTxFailed: 757, currentRxBytes: 0, currentRxPackets: 768441
07-20 01:49:13.003  2880  5886 I VoWifiQoe_N: ProcessReqInfo ul_msgid=5
07-20 01:49:13.003  2880  5886 I VoWifiQoe_N: processReqInfo MSG_WIFI_SIGNAL_INFO_IND 
07-20 01:49:13.003  2880  5886 I VoWifiQoe_N: ProcessSignalInfoInd curStateIsIdle 0 
07-20 01:49:13.003  2880  5886 I VoWifiQoe_N: ProcessSignalInfoInd wifiInterruptFlg 1 enScreenState 1 curStateIsIdle 0
07-20 01:49:13.003  2880  5886 I VoWifiQoe_N: UpdateEvaluatePolicy EVALUATE_POLICY_RSSI
07-20 01:49:13.003  2880  5886 I VoWifiQoe_N: UpdateEvaluatePolicy phoneId 1 is not qoe started!
07-20 01:49:13.023  1578  5203 I ActivityManager: Force stopping org.hackintosh1980.espgrowcontroller appid=10677 user=0: from pid 26785by app
07-20 01:49:13.024  1578  5203 I ActivityManager: Start to clean activity stack when force stop the app org.hackintosh1980.espgrowcontroller , reason:from pid 26785by app
07-20 01:49:13.032  1578  1578 I AlarmManager: UninstallReceiver onReceive action:android.intent.action.PACKAGE_RESTARTED
07-20 01:49:13.034  1060  1162 I bastetd : [IBastetService ] onTransact# BnBastetService::onTransact, code=29, flags=17
07-20 01:49:13.035  2262  2262 I HwCoreAppHelperService: LocalReceiver receives:android.intent.action.PACKAGE_RESTARTED,pkg:org.hackintosh1980.espgrowcontroller,uid:10677
07-20 01:49:13.038  4553  4553 E NfcNci  : NfcUtils error: APP do not have nfc permission
07-20 01:49:13.039  4553  4553 E NfcNci  : NfcUtils error: APP do not have nfc permission
07-20 01:49:13.220  1578  2192 I WificondControl: Noise: -92, Snr: 30, Chload: -1, rssi: -61, txBitrate: 72, rxBitrate: 0, frequency: 2462, UlDelay: -1, currentTxBytes: 0, currentTxPackets: 514831, currentTxFailed: 757, currentRxBytes: 0, currentRxPackets: 768441
07-20 01:49:13.234  2880  5886 I VoWifiQoe_N: ProcessReqInfo ul_msgid=5
07-20 01:49:13.234  2880  5886 I VoWifiQoe_N: processReqInfo MSG_WIFI_SIGNAL_INFO_IND 
07-20 01:49:13.235  2880  5886 I VoWifiQoe_N: ProcessSignalInfoInd curStateIsIdle 0 
07-20 01:49:13.235  2880  5886 I VoWifiQoe_N: ProcessSignalInfoInd wifiInterruptFlg 1 enScreenState 1 curStateIsIdle 0
07-20 01:49:13.235  2880  5886 I VoWifiQoe_N: UpdateEvaluatePolicy EVALUATE_POLICY_RSSI
07-20 01:49:13.235  2880  5886 I VoWifiQoe_N: UpdateEvaluatePolicy phoneId 1 is not qoe started!
07-20 01:49:13.281  1578  5203 I ActivityTaskManager: START u0 {flg=0x10000000 hwFlg=0x10 cmp=org.hackintosh1980.espgrowcontroller/org.kivy.android.PythonActivity} from uid 2000
07-20 01:49:13.281  1578  5203 I HwActivityTaskManagerServiceEx: developer mode, not limit.
07-20 01:49:13.284  1578  5203 I ActivityTaskManager: Background activity start for com.android.shell allowed because START_ACTIVITIES_FROM_BACKGROUND permission is granted
07-20 01:49:13.285  1578  5203 I ActivityTaskManager: ActivityRecord info: ActivityInfo{40b3ee1 org.kivy.android.PythonActivity}
07-20 01:49:13.286   723   751 I PF_FREQ_GRP: [RecordLimitCmd:72] [GPU] end limit freq 550000000 ~ 767000000
07-20 01:49:13.290  2635  2659 I PGServer: android calls fast HApps
07-20 01:49:13.290  1143  1157 W         : iawared: write t_pid = 9703 failed, errno = 3
07-20 01:49:13.290  2635  2659 I AppFastHibernation: fast H duration: 1500 reason: start activity
07-20 01:49:13.291  1143  9786 I Pged-IPgedBinderService: ****action is 1, pid num is 5***
07-20 01:49:13.291  1143  9786 I Pged-Freezer: freezePids
07-20 01:49:13.291  1143  9786 I Pged-Freezer: Freeze process: 23844
07-20 01:49:13.291  1143  9786 I Pged-Freezer: Freeze process: 8783
07-20 01:49:13.291  1143  9786 I Pged-Freezer: Freeze process: 24370
07-20 01:49:13.292  1143  9786 I Pged-Freezer: Freeze process: 11522
07-20 01:49:13.306  1578  5203 I WindowManager: addWindowToken: displayid:0 binder:Token{69be81d ActivityRecord{cae3ac7 u0 org.hackintosh1980.espgrowcontroller/org.kivy.android.PythonActivity t8783}} token:AppWindowToken{488da92 token=Token{69be81d ActivityRecord{cae3ac7 u0 org.hackintosh1980.espgrowcontroller/org.kivy.android.PythonActivity t8783}}}
07-20 01:49:13.308  1578  5203 I ActivityTaskManager: setAppStartingWindow: token=Token{69be81d ActivityRecord{cae3ac7 u0 org.hackintosh1980.espgrowcontroller/org.kivy.android.PythonActivity t8783}} pkg=org.hackintosh1980.espgrowcontroller transferFrom=null newTask=true taskSwitch=true processRunning=false allowTaskSnapshot=true activityCreated=false LowRamTaskSnapshots=false
07-20 01:49:13.311  1578  1668 I HwAudioServiceEx: ComponentInfo : className = org.kivy.android.PythonActivity, flag = showStartingWindow, isHomeActivity = , isTop = false
07-20 01:49:13.311  1578  1668 I HwAudioServiceEx: not onResume or onPause
07-20 01:49:13.312  1578  1686 I PowerManagerService: handleSandman: wakefulness: 1,startDreaming: false
07-20 01:49:13.312  2262  2289 E DollieActivityManagerAdapter: HwActivityNotifierEx null uid
07-20 01:49:13.313  2533 26267 I HiAdKit.DC.RedirectionAppSwitchEvent:  switch is off
07-20 01:49:13.313  2533 26269 I HiAdKit.DC.PageSwitchEvent:  switch is off
07-20 01:49:13.313  2533 26269 I HiAdKit.DC.PaymentPageSwitchEvent:  switch is off
07-20 01:49:13.313  2533 26267 I HiAdKit.DC.LiteAppPageSwitchEvent:  switch is off
07-20 01:49:13.317  2911  2911 E RtgSchedManager: endActivityTransaction: margin state not match
07-20 01:49:13.318  1578  1659 I BigFontUtils: adjustAppProcessConfiguration appInfo:org.hackintosh1980.espgrowcontroller
07-20 01:49:13.318 32563 32563 I bqwu    : onPause
07-20 01:49:13.320 32563 32563 I bqwu    : onStop
07-20 01:49:13.320  1578  1686 I PowerManagerService: handleSandman: wakefulness: 1,startDreaming: false
07-20 01:49:13.343  1578  2192 I WindowManager: notifyRotate() to observer android.view.IHwRotateObserver$Stub$Proxy@e2d66a8
07-20 01:49:13.343  1578  2192 I WindowManager: notifyRotate() to observer android.view.IHwRotateObserver$Stub$Proxy@6691e72
07-20 01:49:13.352  1578  2192 I HwFreeFormAssistant: reset bounds records, displayWidth:2160 displayHeight:1080
07-20 01:49:13.352  1578  2192 I HwMultiWindowSplitUI: mUiMode = 16  current ui mode = 16
07-20 01:49:13.353  1578  2192 I ActivityTaskManager: Config changes=20000480 {1.0 214mcc3mnc [en_ES,de_DE] ldltr sw320dp w604dp h296dp 540dpi nrml long land finger -keyb/v/h -nav/h winConfig={ mBounds=Rect(0, 0 - 2160, 1080) mAppBounds=Rect(0, 0 - 2041, 1080) mWindowingMode=fullscreen mDisplayWindowingMode=fullscreen mActivityType=undefined mAlwaysOnTop=undefined mRotation=ROTATION_90} suim:4 fontWeightScale:100 s.1042}
07-20 01:49:13.365  1578  2192 I ActivityTaskManager: Override config changes=20000480 {1.0 214mcc3mnc [en_ES,de_DE] ldltr sw320dp w604dp h296dp 540dpi nrml long land finger -keyb/v/h -nav/h winConfig={ mBounds=Rect(0, 0 - 2160, 1080) mAppBounds=Rect(0, 0 - 2041, 1080) mWindowingMode=fullscreen mDisplayWindowingMode=fullscreen mActivityType=undefined mAlwaysOnTop=undefined mRotation=ROTATION_90} suim:4 fontWeightScale:100 s.1042} for displayId=0
07-20 01:49:13.366  1578  2192 I DisplayDevice: setProjectionLocked displayId 0 orientation(0->1) LayerStackRect(Rect(0, 0 - 1080, 2160)->Rect(0, 0 - 2160, 1080)) DisplayRect(Rect(0, 0 - 1080, 2160)->Rect(0, 0 - 2160, 1080))
07-20 01:49:13.366  1578  2192 I SurfaceControl: setDisplayProjection orientation 1 layerStackRect Rect(0, 0 - 2160, 1080) displayRect Rect(0, 0 - 2160, 1080)
07-20 01:49:13.368   726   726 E TS_Service: hwTsSetAftAlgoOrientation
07-20 01:49:13.368   726   726 I TS_HAL  : ts_set_aft_orientation:called
07-20 01:49:13.368   726   726 I TS_HAL  : ts_set_horizon_enable: called
07-20 01:49:13.368   726   726 I TS_HAL  : ts_feature_ctrl: feature(/sys/touchscreen/horizon_switch)set succ, status = 1
07-20 01:49:13.374  1578  2192 I HwFreeFormAssistant: reset bounds records, displayWidth:2160 displayHeight:1080
07-20 01:49:13.374  1578  2192 I HwMultiWindowSplitUI: mUiMode = 16  current ui mode = 16
07-20 01:49:13.374  1578  2192 I HwMultiWindowSplitUI: orientation has not changed, mDisplayWidth: 2160, current height: 1080, bottom: 0, mBottom: 0
07-20 01:49:13.376  1578  2192 I HwDisplayPolicyEx: screen width:2160; mIsLandscape:true
07-20 01:49:13.378  1578  2192 I HwDisplayPolicyEx: screen width:2160; mIsLandscape:true
07-20 01:49:13.379  1578  2192 I WindowManager: Changing focus from Window{697d1f6 u0 com.huawei.android.launcher/com.huawei.android.launcher.drawer.DrawerLauncher} to null displayId=0 Callers=com.android.server.wm.RootWindowContainer.updateFocusedWindowLocked:209 com.android.server.wm.WindowManagerService.updateFocusedWindowLocked:6517 com.android.server.wm.AppWindowToken.commitVisibility:988 com.android.server.wm.AppWindowToken.setVisibility:899 
07-20 01:49:13.379  1578  2192 I HwDisplayContentEx: currentFocus windowstate null
07-20 01:49:13.379  1578  1657 I StatusBarDisable: setFlags what=0 which=1 pkg=Window{697d1f6 u0 com.huawei.android.launcher/com.huawei.android.launcher.drawer.DrawerLauncher}
07-20 01:49:13.380  1578  2192 I WindowManager: Animation done in AppWindowToken{a8c9f5b token=Token{efe0e6a ActivityRecord{c97aaf3 u0 com.huawei.android.launcher/.drawer.DrawerLauncher t1}}} isHidden:true hiddenRequested:true
07-20 01:49:13.381  1578  2192 I WindowManager: New wallpaper target: null prevTarget: Window{697d1f6 u0 com.huawei.android.launcher/com.huawei.android.launcher.drawer.DrawerLauncher}
07-20 01:49:13.383  1578  2192 I SurfaceComposerClient: apply setProjection orientation 1
07-20 01:49:13.384   732  1698 I SurfaceFlinger: [Internal display] set orientation previous = 0, current = 1
07-20 01:49:13.384   732  1698 I SurfaceFlinger: [Internal display] set frame: previous [0 0 1080 2160], current [0 0 2160 1080]
07-20 01:49:13.384   732  1698 I SurfaceFlinger: [Internal display] set viewport: previous [0 0 1080 2160], current [0 0 2160 1080]
07-20 01:49:13.384  1578  1862 I TrafficMonitor: expired arrive. level:-1
07-20 01:49:13.384  1578  1862 I TrafficMonitor: during_ms:2002,period_ms:2000
07-20 01:49:13.385  1578  1862 I TrafficMonitor: count:113,rx_sum:1,tx_sum:2,rxBytes:249,during_ms:2002,rx_speed:124.37562437562438,tx_speed:146.35364635364638,rto:0.5
07-20 01:49:13.385  1578  1862 I HuaweiWifiWatchdogStateMachine: Get speed information rx_speed = 124 ,tx_speed = 146 ,isSpeedOk = false ,mBestSpeedInPeriod = 124
07-20 01:49:13.388  1578  2192 I WindowManager: Checking 1 opening apps (frozen=true timeout=false)...
07-20 01:49:13.388  1578  2192 I WindowManager: Check opening app=AppWindowToken{488da92 token=Token{69be81d ActivityRecord{cae3ac7 u0 org.hackintosh1980.espgrowcontroller/org.kivy.android.PythonActivity t8783}}}: allDrawn=false startingDisplayed=false startingMoved=false isRelaunching()=false startingWindow=null
07-20 01:49:13.388  1578  2192 I WindowManager: dispatchResized : win = Window{612771c u0 com.android.systemui.HwImageWallpaper} drawState = HAS_DRAWN
07-20 01:49:13.388  2880  2880 W Settings: Setting airplane_mode_on has moved from android.provider.Settings.System to android.provider.Settings.Global, returning read-only value.
07-20 01:49:13.388  1578  2192 I WindowManager: dispatchResized : win = Window{697d1f6 u0 com.huawei.android.launcher/com.huawei.android.launcher.drawer.DrawerLauncher} drawState = HAS_DRAWN
07-20 01:49:13.388  1578  2192 I WindowManager: dispatchResized : win = Window{b1036d4 u0 com.huawei.android.launcher/com.huawei.android.launcher.drawer.DrawerLauncher} drawState = HAS_DRAWN
07-20 01:49:13.389  1578  2192 I WindowManager: dispatchResized : win = Window{a2d55cc u0 StatusBar} drawState = DRAW_PENDING
07-20 01:49:13.389  1578  2192 I WindowManager: dispatchResized : win = Window{31144b3 u0 NavigationBar0} drawState = DRAW_PENDING
07-20 01:49:13.390  1578  1668 I HwAudioServiceEx: ComponentInfo : className = com.huawei.android.launcher.drawer.DrawerLauncher, flag = onPause, isHomeActivity = , isTop = false
07-20 01:49:13.391  1578  1891 W HwAudioServiceEx: SoundEffectState bundle get reserved is invalid
07-20 01:49:13.392  1578  1660 E system_server: Invalid ID 0x00000000.
07-20 01:49:13.393  2911  2911 E RtgSchedManager: endActivityTransaction: margin state not match
07-20 01:49:13.393  2533 26269 I HiAdKit.DC.RedirectionAppSwitchEvent:  switch is off
07-20 01:49:13.393  2533 26269 I HiAdKit.DC.LiteAppPageSwitchEvent:  switch is off
07-20 01:49:13.393  2533 26269 I HiAdKit.DC.PageSwitchEvent:  switch is off
07-20 01:49:13.393  2533 26269 I HiAdKit.DC.PaymentPageSwitchEvent:  switch is off
07-20 01:49:13.394  1578  5179 I WindowManager: Checking 1 opening apps (frozen=true timeout=false)...
07-20 01:49:13.394  1578  5179 I WindowManager: Check opening app=AppWindowToken{488da92 token=Token{69be81d ActivityRecord{cae3ac7 u0 org.hackintosh1980.espgrowcontroller/org.kivy.android.PythonActivity t8783}}}: allDrawn=false startingDisplayed=false startingMoved=false isRelaunching()=false startingWindow=null
07-20 01:49:13.395  2911 21252 W HwLauncher: Launcher.Utilities recycleBm() Drawable = null
07-20 01:49:13.396  2880  2880 W Settings: Setting airplane_mode_on has moved from android.provider.Settings.System to android.provider.Settings.Global, returning read-only value.
07-20 01:49:13.397 25617 25617 I HAF_LanguageStore: 1600105320|R|I|locale not changed, isPreset=true, language=en, tag=en-ES, locale=en_ES, display=English, sdkVersion=29
07-20 01:49:13.398   732   732 I SurfaceFlinger: processDisplayChangesLocked:3432 the current display is different from the drawing dispaly.
07-20 01:49:13.398   732   732 I SurfaceFlinger: [Internal display] setProjection: orientation 1, viewport [0 0 2160 1080], frame [0 0 2160 1080]
07-20 01:49:13.400  1578  1833 I WindowManager: Checking 1 opening apps (frozen=true timeout=false)...
07-20 01:49:13.400  1578  1833 I WindowManager: Check opening app=AppWindowToken{488da92 token=Token{69be81d ActivityRecord{cae3ac7 u0 org.hackintosh1980.espgrowcontroller/org.kivy.android.PythonActivity t8783}}}: allDrawn=false startingDisplayed=false startingMoved=false isRelaunching()=false startingWindow=null
07-20 01:49:13.402   732  1698 W BufferQueueProducer: [com.huawei.android.launcher/com.huawei.android.launcher.drawer.DrawerLauncher#0]:1390: disconnect: not connected (req=1)
07-20 01:49:13.402 32563 32614 W libEGL  : EGLNativeWindowType 0x706293ffd0 disconnect failed
07-20 01:49:13.404  1578  1833 I WindowManager: Checking 1 opening apps (frozen=true timeout=false)...
07-20 01:49:13.404  1578  1833 I WindowManager: Check opening app=AppWindowToken{488da92 token=Token{69be81d ActivityRecord{cae3ac7 u0 org.hackintosh1980.espgrowcontroller/org.kivy.android.PythonActivity t8783}}}: allDrawn=false startingDisplayed=false startingMoved=false isRelaunching()=false startingWindow=null
07-20 01:49:13.407  1578  2698 I WindowManager: Checking 1 opening apps (frozen=true timeout=false)...
07-20 01:49:13.408  1578  2698 I WindowManager: Check opening app=AppWindowToken{488da92 token=Token{69be81d ActivityRecord{cae3ac7 u0 org.hackintosh1980.espgrowcontroller/org.kivy.android.PythonActivity t8783}}}: allDrawn=false startingDisplayed=false startingMoved=false isRelaunching()=false startingWindow=null
07-20 01:49:13.408  1578  1660 I DecorView[espgrowcontroller]: pkgName:org.hackintosh1980.espgrowcontroller old windowMode:0 new windoMode:1, isFixedSize:false
07-20 01:49:13.410 32563 32563 I DecorView[DrawerLauncher]: pkgName:com.google.android.googlequicksearchbox old windowMode:1 new windoMode:1, isFixedSize:false
07-20 01:49:13.410  2911  2911 E RtgSchedManager: endActivityTransaction: margin state not match
07-20 01:49:13.410  1578  1660 I HwPCUtils#HwRioViewManager: check if rio enable, displayId = 0， packageName = org.hackintosh1980.espgrowcontroller
07-20 01:49:13.410 32563 32563 I HiTouch_HiTouchSensor: ORIENTATION_LANDSCAPE
07-20 01:49:13.412  1578  1660 I WindowManager: addWindow: Window{9476724 u0 Splash Screen org.hackintosh1980.espgrowcontroller} client:android.view.ViewRootImpl$W@25563b7 currentDisplayId:0 requestDisplayId:0 token:Token{69be81d ActivityRecord{cae3ac7 u0 org.hackintosh1980.espgrowcontroller/org.kivy.android.PythonActivity t8783}}
07-20 01:49:13.413  1578  1913 I HwMediaSessionServiceEx: MediaDisplayEventReceiver onDisplayChanged: 0
07-20 01:49:13.413  1578  1578 I HwMultiDisplayManager: onDisplayChanged: 0
07-20 01:49:13.413  1578  1892 I AudioService.RotationHelper: publishing device rotation =1 (x90deg)
07-20 01:49:13.414  1578  2204 I NetworkTimeUpdateService: Display displayState:2
07-20 01:49:13.414   728  7264 I SwsHandle: rotation angle: 90
07-20 01:49:13.415   692 12979 I AudioModuleManager: [AudioModuleSetParameters:51]: list size: 13
07-20 01:49:13.415   692 12979 I smartpakit: [smartpa_set_rotation_parameters:765]: smartpa_set_rotation_parameters: value = 90
07-20 01:49:13.415   692 12979 I smartpakit: [smartpa_set_rotation_parameters:782]: smartpa_set_rotation_parameters: screen_angle = 90
07-20 01:49:13.415   692 12979 I smartpakit: [smartpa_algo_control:463]: smartpa_algo_control: enter, cmd = 17
07-20 01:49:13.415   692 12979 W audio_dts_parser: [get_config_value:31]: get config file path failed
07-20 01:49:13.415  1578  1657 I HwActivityStackSupervisorEx: handleVrDisplayChanged displayId = 0
07-20 01:49:13.416  1578  1657 W HwActivityStackSupervisorEx: handleVrDisplayChanged other vr mode displayId: 0
07-20 01:49:13.416  1578  2227 I HwPCUtils#HwPCManagerService: onDisplayChanged, displayId:0
07-20 01:49:13.416  1578  2204 I NetworkTimeUpdateService: skew is :699mBasePollingIntervalMs start is :86400000
07-20 01:49:13.416  1578  1686 I PowerManagerService: handleSandman: wakefulness: 1,startDreaming: false
07-20 01:49:13.416  1578  2204 I NetworkTimeUpdateService: mBasePollingIntervalMs process is :86400000
07-20 01:49:13.416  1578  2204 I AlarmManager: remove alarm:Alarm{eac128d type 3 when 420755584 PendingIntent{6784913: PendingIntentRecord{f2d1750 android broadcastIntent}}android procName system} according to operation:6784913
07-20 01:49:13.418   732  1685 W BufferQueueProducer: [GestureNavLeft#0]:1390: disconnect: not connected (req=1)
07-20 01:49:13.419  1578  2192 I WindowManager: Checking 1 opening apps (frozen=true timeout=false)...
07-20 01:49:13.419  1578  2192 I WindowManager: Check opening app=AppWindowToken{488da92 token=Token{69be81d ActivityRecord{cae3ac7 u0 org.hackintosh1980.espgrowcontroller/org.kivy.android.PythonActivity t8783}}}: allDrawn=false startingDisplayed=false startingMoved=false isRelaunching()=false startingWindow=Window{9476724 u0 Splash Screen org.hackintosh1980.espgrowcontroller}
07-20 01:49:13.421  1578  1970 W libEGL  : EGLNativeWindowType 0x706d3055d0 disconnect failed
07-20 01:49:13.422  2911  2911 I DecorView[DrawerLauncher]: pkgName:com.huawei.android.launcher old windowMode:1 new windoMode:1, isFixedSize:false
07-20 01:49:13.422  2911  2911 I HiTouch_HiTouchSensor: ORIENTATION_LANDSCAPE
07-20 01:49:13.428  1578  1660 I WindowManager: Checking 1 opening apps (frozen=true timeout=false)...
07-20 01:49:13.428  1578  1660 I WindowManager: Check opening app=AppWindowToken{488da92 token=Token{69be81d ActivityRecord{cae3ac7 u0 org.hackintosh1980.espgrowcontroller/org.kivy.android.PythonActivity t8783}}}: allDrawn=false startingDisplayed=false startingMoved=false isRelaunching()=false startingWindow=Window{9476724 u0 Splash Screen org.hackintosh1980.espgrowcontroller}
07-20 01:49:13.430   732   924 W BufferQueueProducer: [com.huawei.android.launcher/com.huawei.android.launcher.drawer.DrawerLauncher#1]:1390: disconnect: not connected (req=1)
07-20 01:49:13.430  2911  3138 W libEGL  : EGLNativeWindowType 0x7071347f90 disconnect failed
07-20 01:49:13.431 25617 25617 I HAF_LanguageCloud: 1600105320|R|I|locale not changed, isPreset=true, language=en, tag=en-ES, locale=en_ES, display=English, sdkVersion=29
07-20 01:49:13.431 25617 25617 I StageApplicationDelegate: language: en
07-20 01:49:13.431 25617 25617 I Ace     : [stage_application_info_adapter.cpp(46)-(-1:-1:undefined)] SetLocale, language: en, country: ES, script: 
07-20 01:49:13.431 25617 25617 I StageConfiguration: convertConfiguration json:{"ohos.system.colorMode":"light","ohos.application.direction":"horizontal","ohos.application.densitydpi":"540","ohos.system.language":"en_ES","const.build.characteristics":"Phone"}
07-20 01:49:13.431 25617 25617 I Ace     : [stage_application_delegate_jni.cpp(292)-(-1:-1:undefined)] JNI OnConfigurationChanged is called.
07-20 01:49:13.431 25617 25617 I Ace     : [app_main.cpp(294)] OnConfigurationUpdate called.
07-20 01:49:13.436  1578  2204 I NetworkTimeUpdateService: Ignoring NTP update
07-20 01:49:13.438  1578  1686 I PowerManagerService: handleSandman: wakefulness: 1,startDreaming: false
07-20 01:49:13.442 25617 25617 I Ace     : [app_main.cpp(413)] HandleOnConfigurationUpdate called.
07-20 01:49:13.442 25617 25617 I Ace     : [application.cpp(159)] Application::OnConfigurationUpdate
07-20 01:49:13.442  1578  1659 I InputManager-JNI: Viewport [0] to add: Viewport INTERNAL: displayId=0, uniqueId=local:0, port=0, orientation=1, logicalFrame=[0, 0, 2160, 1080], physicalFrame=[0, 0, 2160, 1080], deviceSize=[2160, 1080]
07-20 01:49:13.442  1578  1659 I InputManager-JNI: Viewport [1] to add: Viewport EXTERNAL: displayId=0, uniqueId=local:0, port=0, orientation=1, logicalFrame=[0, 0, 2160, 1080], physicalFrame=[0, 0, 2160, 1080], deviceSize=[2160, 1080]
07-20 01:49:13.444  1578  1676 I ActivityManager: Start proc 26792:org.hackintosh1980.espgrowcontroller/u0a677 for activity {org.hackintosh1980.espgrowcontroller/org.kivy.android.PythonActivity}
07-20 01:49:13.444  1578  1659 I WindowManager: dispatchResized : win = Window{8a5bc43 u0 GestureNavLeft} drawState = COMMIT_DRAW_PENDING
07-20 01:49:13.445  1578  1659 I WindowManager: dispatchResized : win = Window{27ecac6 u0 GestureNavRight} drawState = DRAW_PENDING
07-20 01:49:13.445  1578  1659 I WindowManager: dispatchResized : win = Window{8a5bc43 u0 GestureNavLeft} drawState = COMMIT_DRAW_PENDING
07-20 01:49:13.445  1578  1578 E HwVrServiceManagerImpl: client service is not alive.
07-20 01:49:13.447  1578  1578 I BehaviorCollectorService: unregister the point listener successfully
07-20 01:49:13.452  1578  1839 I InputReader: Reconfiguring input devices.  changes=0x00000004
07-20 01:49:13.453  1578  1839 I InputReader: Device reconfigured: id=5, name='huawei,ts_kit', size 1080x2160, orientation 1, mode 1, display id 0
07-20 01:49:13.458  1578  2763 I HwPCUtils#HwRioViewManager: check if rio enable, displayId = 0， packageName = com.android.systemui
07-20 01:49:13.462  1578  1833 I WindowManager: Checking 1 opening apps (frozen=true timeout=false)...
07-20 01:49:13.462  1578  1833 I WindowManager: Check opening app=AppWindowToken{488da92 token=Token{69be81d ActivityRecord{cae3ac7 u0 org.hackintosh1980.espgrowcontroller/org.kivy.android.PythonActivity t8783}}}: allDrawn=false startingDisplayed=false startingMoved=false isRelaunching()=false startingWindow=Window{9476724 u0 Splash Screen org.hackintosh1980.espgrowcontroller}
07-20 01:49:13.462  1578  1833 I WindowManager: dispatchResized : win = Window{9476724 u0 Splash Screen org.hackintosh1980.espgrowcontroller} drawState = DRAW_PENDING
07-20 01:49:13.467  1578  1833 I WindowManager: Checking 1 opening apps (frozen=true timeout=false)...
07-20 01:49:13.467  1578  1833 I WindowManager: Check opening app=AppWindowToken{488da92 token=Token{69be81d ActivityRecord{cae3ac7 u0 org.hackintosh1980.espgrowcontroller/org.kivy.android.PythonActivity t8783}}}: allDrawn=false startingDisplayed=false startingMoved=false isRelaunching()=false startingWindow=Window{9476724 u0 Splash Screen org.hackintosh1980.espgrowcontroller}
07-20 01:49:13.470  2262  2440 E DollieAdapterService: notifyActivityState pkg:com.huawei.android.launcher/com.huawei.android.launcher.drawer.DrawerLauncher state:6 fg:false mUid:10095
07-20 01:49:13.471  2262  2440 I OllieMsgCenter: publishEvt=2130771969
07-20 01:49:13.472  2262  2440 I SmartDualCardConfig: getAppType,pkgName=com.huawei.android.launcher,appType=28
07-20 01:49:13.472  2262  2440 E SmartDualCardConfig: isAppInBlackList false,items==null
07-20 01:49:13.472  2262  2440 I OllieMsgCenter: publishEvt=2134966274
07-20 01:49:13.474  1578  2763 I WindowManager: Checking 1 opening apps (frozen=true timeout=false)...
07-20 01:49:13.474  1578  2763 I WindowManager: Check opening app=AppWindowToken{488da92 token=Token{69be81d ActivityRecord{cae3ac7 u0 org.hackintosh1980.espgrowcontroller/org.kivy.android.PythonActivity t8783}}}: allDrawn=false startingDisplayed=false startingMoved=false isRelaunching()=false startingWindow=Window{9476724 u0 Splash Screen org.hackintosh1980.espgrowcontroller}
07-20 01:49:13.478   732  1685 W BufferQueueProducer: [GestureNavRight#0]:1390: disconnect: not connected (req=1)
07-20 01:49:13.479  1578  1970 W libEGL  : EGLNativeWindowType 0x6feb232650 disconnect failed
07-20 01:49:13.479  1578  2698 I WindowManager: addWindowToken: displayid:0 binder:android.os.BinderProxy@b8faa8e token:WindowToken{83e76bc android.os.BinderProxy@b8faa8e}
07-20 01:49:13.479  1578  2192 I WificondControl: Noise: -92, Snr: 29, Chload: -1, rssi: -61, txBitrate: 72, rxBitrate: 0, frequency: 2462, UlDelay: -1, currentTxBytes: 0, currentTxPackets: 514831, currentTxFailed: 757, currentRxBytes: 0, currentRxPackets: 768441
07-20 01:49:13.480 26792 26792 I chatty  : uid=10677(org.hackintosh1980.espgrowcontroller) SDLActivity expire 54 lines
07-20 01:49:13.483  1578  2698 E WindowManager: App trying to use insecure INPUT_FEATURE_NO_INPUT_CHANNEL flag. Ignoring
07-20 01:49:13.484  1578  2698 I WindowManager: addWindow: Window{c2e0645 u0 AssistPreviewPanel} client:android.os.BinderProxy@9f712af currentDisplayId:0 requestDisplayId:0 token:android.os.BinderProxy@b8faa8e
07-20 01:49:13.484  1578  1659 I WindowManager: dispatchResized : win = Window{27ecac6 u0 GestureNavRight} drawState = DRAW_PENDING
07-20 01:49:13.485  2037  2037 W StatusBar: disable<e i a s b h r c s > disable2<q i n >
07-20 01:49:13.486  1578  1660 I HwViewRootImpl: removeInvalidNode all the node in jank list is out of time
07-20 01:49:13.489  2037  2037 I HwQsUtils: config changed, use new width: 536872064
07-20 01:49:13.490  1578  1660 I WindowManager: performshow Window{9476724 u0 Splash Screen org.hackintosh1980.espgrowcontroller} tok.waitingToShow=true isTransitionSet=false parentHidden=false vis=0 tok.hidden=true hasSurface=true policyVis=true destroying=false animating=false
07-20 01:49:13.494  1578  1660 I WindowManager: Checking 1 opening apps (frozen=true timeout=false)...
07-20 01:49:13.494  1578  1660 I WindowManager: Check opening app=AppWindowToken{488da92 token=Token{69be81d ActivityRecord{cae3ac7 u0 org.hackintosh1980.espgrowcontroller/org.kivy.android.PythonActivity t8783}}}: allDrawn=false startingDisplayed=true startingMoved=false isRelaunching()=false startingWindow=Window{9476724 u0 Splash Screen org.hackintosh1980.espgrowcontroller}
07-20 01:49:13.494  1578  1660 I WindowManager: Checking 0 opening apps (frozen=true timeout=false)...
07-20 01:49:13.494  1578  1660 I WindowManager: send SET_LAUNCHER_VISIBLE_IN_FINGER_BOOST visible: true,delay:0, handle:true, userId:0, callingPid: 1578
07-20 01:49:13.495  1578  1660 I HwWindowManagerServiceEx: closing apps count = 0
07-20 01:49:13.495  1578  1660 I WindowManager: Animation done in AppWindowToken{488da92 token=Token{69be81d ActivityRecord{cae3ac7 u0 org.hackintosh1980.espgrowcontroller/org.kivy.android.PythonActivity t8783}}} isHidden:false hiddenRequested:false
07-20 01:49:13.495 24160 24160 I FLTAG_AFM: applyConfigurationToResources
07-20 01:49:13.495  2880  5886 I VoWifiQoe_N: ProcessReqInfo ul_msgid=5
07-20 01:49:13.495  2880  5886 I VoWifiQoe_N: processReqInfo MSG_WIFI_SIGNAL_INFO_IND 
07-20 01:49:13.495  2880  5886 I VoWifiQoe_N: ProcessSignalInfoInd curStateIsIdle 0 
07-20 01:49:13.495  2880  5886 I VoWifiQoe_N: ProcessSignalInfoInd wifiInterruptFlg 1 enScreenState 1 curStateIsIdle 0
07-20 01:49:13.496  2880  5886 I VoWifiQoe_N: UpdateEvaluatePolicy EVALUATE_POLICY_RSSI
07-20 01:49:13.496  2880  5886 I VoWifiQoe_N: UpdateEvaluatePolicy phoneId 1 is not qoe started!
07-20 01:49:13.497  1578  1660 I WindowManager: Policy visibility false: Window{a2d55cc u0 StatusBar}
07-20 01:49:13.497  1578  1657 I StatusBarDisable: setFlags what=0 which=1 pkg=Window{9476724 u0 Splash Screen org.hackintosh1980.espgrowcontroller}
07-20 01:49:13.502  1578  1660 I WindowManager: dispatchResized : win = Window{9476724 u0 Splash Screen org.hackintosh1980.espgrowcontroller} drawState = DRAW_PENDING
07-20 01:49:13.502  1578  1659 I WindowManager: handle SET_LAUNCHER_VISIBLE_IN_FINGER_BOOST visible:true handle:trueuserId:0, currentUserId:0
07-20 01:49:13.507  1578  1659 I WindowManager: setLauncherVisible setAlpha to 1.0
07-20 01:49:13.510  2911  2911 I HwLauncher: CalenderDynamicUpdater setHasUpdateSuccess, success: true
07-20 01:49:13.525  2911  2911 W HwLauncher: StateManager Launcher in state:NormalState{2c57d21 ordinal = 0,mContainerType = 1,mIsOverviewUi = false}, mConfig.mCurrentAnimationSet == null
07-20 01:49:13.525  2911  2911 I HwLauncher: Launcher Icon:38 Widget:2 Folder:2 Icon in folder:20, in drawer:103
07-20 01:49:13.525  2911  3087 E AbilityFormViewRefreshUtils: stopListening [0ms]
07-20 01:49:13.526  2911  2911 E RtgSchedManager: endActivityTransaction: margin state not match
07-20 01:49:13.526  2037  2333 I MobileSignalController: copyFrom::dataConnected = false
07-20 01:49:13.526  2911  2911 I HwLauncher: Model onReceive intent=Intent { act=android.intent.action.CONFIGURATION_CHANGED flg=0x70200010 }
07-20 01:49:13.526  2037  2333 I MobileSignalController: copyFrom::dataConnected = false
07-20 01:49:13.526  2911  2911 I HwLauncher: Model onReceive action=android.intent.action.CONFIGURATION_CHANGED
07-20 01:49:13.526  2911  2911 I HwLauncher: Model onReceive user=UserHandle{0}
07-20 01:49:13.526  2911  2911 I HwLauncher: IconUtil updateIconTitleSize fontSize = 11.5
07-20 01:49:13.526  2911  2911 I HwLauncher: IconUtil updateIconTitleSize after fontSize: 38.8125
07-20 01:49:13.527  2911  2911 I HwLauncher: CalenderDynamicUpdater setHasUpdateSuccess, success: true
07-20 01:49:13.527  2911  2911 I chatty  : uid=10095(com.huawei.android.launcher) identical 2 lines
07-20 01:49:13.527  2911  2911 I HwLauncher: CalenderDynamicUpdater setHasUpdateSuccess, success: true
07-20 01:49:13.529   732   924 W BufferQueueProducer: [GestureNavLeft#0]:1390: disconnect: not connected (req=1)
07-20 01:49:13.530  1578  1970 W libEGL  : EGLNativeWindowType 0x6fd8a14c90 disconnect failed
07-20 01:49:13.533  1578  4552 I WindowManager: notifyAppStopped: AppWindowToken{a8c9f5b token=Token{efe0e6a ActivityRecord{c97aaf3 u0 com.huawei.android.launcher/.drawer.DrawerLauncher t1}}}
07-20 01:49:13.533  1578  4552 E WindowManager: win=Window{b1036d4 u0 com.huawei.android.launcher/com.huawei.android.launcher.drawer.DrawerLauncher} destroySurfaces: appStopped=true win.mWindowRemovalAllowed=false win.mRemoveOnExit=false
07-20 01:49:13.535  1578  4552 E WindowManager: win=Window{697d1f6 u0 com.huawei.android.launcher/com.huawei.android.launcher.drawer.DrawerLauncher} destroySurfaces: appStopped=true win.mWindowRemovalAllowed=false win.mRemoveOnExit=false
07-20 01:49:13.543   732   924 W BufferQueueProducer: [GestureNavRight#0]:1390: disconnect: not connected (req=1)
07-20 01:49:13.543  1578  1970 W libEGL  : EGLNativeWindowType 0x6fd8a64710 disconnect failed
07-20 01:49:13.545  1578  2192 I HwPCUtils#HwRioViewManager: check if rio enable, displayId = 0， packageName = com.android.systemui
07-20 01:49:13.547  1578  2192 I WindowManager: addWindowToken: displayid:0 binder:android.os.BinderProxy@ae4e154 token:WindowToken{a7109f2 android.os.BinderProxy@ae4e154}
07-20 01:49:13.549  1578  2192 E WindowManager: App trying to use insecure INPUT_FEATURE_NO_INPUT_CHANNEL flag. Ignoring
07-20 01:49:13.551  1578  2192 I WindowManager: addWindow: Window{6552843 u0 DockedStackDivider} client:android.os.BinderProxy@b13b8fd currentDisplayId:0 requestDisplayId:0 token:android.os.BinderProxy@ae4e154
07-20 01:49:13.555  1578  1833 I WindowManager: Policy visibility false: Window{6552843 u0 DockedStackDivider}
07-20 01:49:13.559  2037  2037 I HwImageWallpaper: onConfigurationChanged
07-20 01:49:13.560  1070 28923 I AGPService: aps-info: get max lcd freq: 60, list: 60
07-20 01:49:13.560  2037  2037 I HwImageWallpaper: APS:APK:getLcdFreqInfoFromAgp: result = 60
07-20 01:49:13.561  1578  4552 I WindowManager: Animation done in AppWindowToken{488da92 token=Token{69be81d ActivityRecord{cae3ac7 u0 org.hackintosh1980.espgrowcontroller/org.kivy.android.PythonActivity t8783}}} isHidden:false hiddenRequested:false
07-20 01:49:13.562 27313 27313 W e0      : onStartInput event aborted
07-20 01:49:13.562 27313 27313 W e0      : fc0.b0: could not obtain extracted text
07-20 01:49:13.562 27313 27313 W e0      : 	at fc0.y0.H(Unknown Source:369)
07-20 01:49:13.562 27313 27313 W e0      : 	at n70.x.g(Unknown Source:283)
07-20 01:49:13.562 27313 27313 W e0      : 	at n70.i3.g(Unknown Source:4)
07-20 01:49:13.562 27313 27313 W e0      : 	at com.touchtype.KeyboardService.onStartInput(Unknown Source:11)
07-20 01:49:13.562 27313 27313 W e0      : 	at android.inputmethodservice.InputMethodService.doStartInput(InputMethodService.java:2408)
07-20 01:49:13.562 27313 27313 W e0      : 	at android.inputmethodservice.InputMethodService.resetStateForNewConfiguration(InputMethodService.java:1294)
07-20 01:49:13.562 27313 27313 W e0      : 	at android.inputmethodservice.InputMethodService.onConfigurationChanged(InputMethodService.java:1282)
07-20 01:49:13.562 27313 27313 W e0      : 	at com.touchtype.KeyboardService.b(Unknown Source:0)
07-20 01:49:13.562 27313 27313 W e0      : 	at n70.x.onConfigurationChanged(Unknown Source:48)
07-20 01:49:13.562 27313 27313 W e0      : 	at n70.i3.onConfigurationChanged(Unknown Source:4)
07-20 01:49:13.562 27313 27313 W e0      : 	at com.touchtype.KeyboardService.onConfigurationChanged(Unknown Source:9)
07-20 01:49:13.562 27313 27313 W e0      : 	at android.app.ActivityThread.performConfigurationChanged(ActivityThread.java:6411)
07-20 01:49:13.562 27313 27313 W e0      : 	at android.app.ActivityThread.handleConfigurationChanged(ActivityThread.java:6644)
07-20 01:49:13.562 27313 27313 W e0      : 	at android.app.ActivityThread.handleConfigurationChanged(ActivityThread.java:6550)
07-20 01:49:13.562 27313 27313 W e0      : 	at android.app.servertransaction.ConfigurationChangeItem.execute(ConfigurationChangeItem.java:42)
07-20 01:49:13.562 27313 27313 W e0      : 	at android.app.servertransaction.TransactionExecutor.executeCallbacks(TransactionExecutor.java:149)
07-20 01:49:13.562 27313 27313 W e0      : 	at android.app.servertransaction.TransactionExecutor.execute(TransactionExecutor.java:103)
07-20 01:49:13.562 27313 27313 W e0      : 	at android.app.ActivityThread$H.handleMessage(ActivityThread.java:2613)
07-20 01:49:13.562 27313 27313 W e0      : 	at android.os.Handler.dispatchMessage(Handler.java:110)
07-20 01:49:13.562 27313 27313 W e0      : 	at android.os.Looper.loop(Looper.java:219)
07-20 01:49:13.562 27313 27313 W e0      : 	at android.app.ActivityThread.main(ActivityThread.java:8668)
07-20 01:49:13.562 27313 27313 W e0      : 	at java.lang.reflect.Method.invoke(Native Method)
07-20 01:49:13.562 27313 27313 W e0      : 	at com.android.internal.os.RuntimeInit$MethodAndArgsCaller.run(RuntimeInit.java:513)
07-20 01:49:13.562 27313 27313 W e0      : 	at com.android.internal.os.ZygoteInit.main(ZygoteInit.java:1109)
07-20 01:49:13.562  1578  4552 W HwActivityTaskManagerServiceEx: appSwitch from: com.huawei.android.launcher to: org.hackintosh1980.espgrowcontroller
07-20 01:49:13.563  1578  1961 I WiFi_PRO_WifiProStateMachine: current app org.hackintosh1980.espgrowcontroller, has changed
07-20 01:49:13.563  1578  1961 I WiFi_PRO_WifiProStateMachine: not in RecommendWifi2CellState.
07-20 01:49:13.563  1578  4552 I TaskSnapshot: taskId:8782 Callers=com.android.server.wm.TaskSnapshotCache.removeRunningEntry:196 com.android.server.wm.TaskSnapshotCache.onTaskRemoved:176 com.android.server.wm.TaskSnapshotController.notifyTaskRemovedFromRecents:749 com.android.server.wm.WindowManagerService.notifyTaskRemovedFromRecents:7189 com.android.server.wm.TaskRecord.removedFromRecents:1202 com.android.server.wm.ActivityStackSupervisor.onRecentTaskRemoved:2283 com.android.server.wm.RecentTasks.notifyTaskRemoved:452 com.android.server.wm.RecentTasks.removeForAddTask:1503 
07-20 01:49:13.564  2635  3724 I AppsUsage: scnOff:false FgAPP:org.hackintosh1980.espgrowcontroller BgAPP:com.huawei.android.launcher
07-20 01:49:13.565  2533 26269 I HiAdKit.DC.PersistentMessageCenter:  notifyMessage com.huawei.hwid_app_switch_from_to_intent
07-20 01:49:13.565  2635  3885 I PG_ash  : front pkg : org.hackintosh1980.espgrowcontroller
07-20 01:49:13.565  2262  3841 I Hicom_Monitor: mAppSwitchNotifierEx. uid: 10677, foreground app: org.hackintosh1980.espgrowcontroller, foreground activity: org.kivy.android.PythonActivity
07-20 01:49:13.565  2533 26269 I HiAdKit.DC.LiteAppPageSwitchEvent:  switch is off
07-20 01:49:13.565  2262  2289 I AssistantService-11.2.1.200: registerHwActivityNotifier call fromPackage:com.huawei.android.launcher, toPackage:org.hackintosh1980.espgrowcontroller
07-20 01:49:13.566  2262  3431 W Hicom_XEngineProc: handleForegroundAppChanged. Feature is not enable.
07-20 01:49:13.567  1578  4552 I WindowManager: Animation done in AppWindowToken{488da92 token=Token{69be81d ActivityRecord{cae3ac7 u0 org.hackintosh1980.espgrowcontroller/org.kivy.android.PythonActivity t8783}}} isHidden:false hiddenRequested:false
07-20 01:49:13.567  2635  3988 I PGServer: report state:10010 event type:2 pid:0 uid:0 pkg:com.huawei.android.launcher to pid: 1578
07-20 01:49:13.567  2635  3988 I PGServer: report state:10010 event type:2 pid:0 uid:0 pkg:com.huawei.android.launcher to pid: 2635
07-20 01:49:13.568  2635  3988 I SceneReceiver: state type: 10010 eventType:2 pid:0 uid:0 pkg:com.huawei.android.launcher
07-20 01:49:13.568  2635  3988 I PGServer: report state:10000 event type:1 pid:0 uid:0 pkg:org.hackintosh1980.espgrowcontroller to pid: 1578
07-20 01:49:13.568  2635  3988 I PGServer: report state:10000 event type:1 pid:0 uid:0 pkg:org.hackintosh1980.espgrowcontroller to pid: 2635
07-20 01:49:13.568  2635  3988 I ApsAppsTypeHandler: APS: APK: ApsAppsTypeHandler.getInstance, sInstance = com.huawei.android.hwaps.o@146cb66
07-20 01:49:13.568  2635  3988 I SceneReceiver: state type: 10000 eventType:1 pid:0 uid:0 pkg:org.hackintosh1980.espgrowcontroller
07-20 01:49:13.569  2635 19180 I PGServer: checkPkgType. calling pkg: android
07-20 01:49:13.570  1578  4549 I DE J DES: [effect] Pg pkg:org.hackintosh1980.espgrowcontroller
07-20 01:49:13.574  1578  1854 I HwNetworkPolicy: onTransact, code = 203
07-20 01:49:13.574  3287 26362 I HwNetworkPolicyManager: getHwUidPolicy uid = 10677 policy = 0
07-20 01:49:13.575  3287  3287 I HiAdKit.ExSplashManager.main:  do not request exsplash config
07-20 01:49:13.578 26792 26811 I ActivityThread: Init compatible state: true
07-20 01:49:13.579 26792 26811 I chatty  : uid=10677(org.hackintosh1980.espgrowcontroller) SDLActivity expire 8 lines
07-20 01:49:13.580  2635  3724 I ScenarioService: app focus change from: com.huawei.android.launcher to:org.hackintosh1980.espgrowcontroller
07-20 01:49:13.580  2635  3724 I ScenarioService: add focus on app:org.hackintosh1980.espgrowcontroller to visiblePkgs
07-20 01:49:13.581  1578  1659 W         : Failed to UpdateQosForCgroupInner, tid=0, policy=10
07-20 01:49:13.588  2262  3431 I Hicom_Monitor: notifyAppStarted: uid = 10677
07-20 01:49:13.588  2262  3431 I UctpAppMonitor: handleAppStarted: pkgName is org.hackintosh1980.espgrowcontroller mIsNeedToOpen is false
07-20 01:49:13.591 26792 26812 I chatty  : uid=10677(org.hackintosh1980.espgrowcontroller) Binder:26792_3 expire 1 line
07-20 01:49:13.591  1578  2467 I PackageManager: getInstalledPackages cost 1 ms, flags: 786496, userId: 0, callingUid: 1000, callingPid: 26600
07-20 01:49:13.595  2635  4015 I PGServer: checkPkgType. calling pkg: com.huawei.iaware
07-20 01:49:13.595  2560 11607 I iconnect:BluetoothApi: adapter status 12
07-20 01:49:13.595  2560 11607 I iconnect:NearbyDeviceDetect: isPropEnable=true, isBluetoothEnabled=true, isScreenOn=true, isNotSpecialAppOnTop=true, scanCondition=0
07-20 01:49:13.597  2911  2911 I RmeSchedManager: init Rme, version is: v1.0
07-20 01:49:13.603  2635  4015 W ContextImpl: Calling a method in the system process without a qualified user: android.app.ContextImpl.sendBroadcast:1183 android.content.ContextWrapper.sendBroadcast:453 com.huawei.iaware.userhabit.recog.NRTAppTypeRecogManager.reportAppTypeUpdate:814 com.huawei.iaware.userhabit.recog.NRTAppTypeRecogManager.addAppType:475 com.huawei.iaware.userhabit.recog.NRTAppTypeRecogManager.recoAppType:182 
07-20 01:49:13.603  1578  2698 W ActivityManager: Sending non-protected broadcast huawei.intent.action.APP_TYPE_UPDATE from system 2635:com.huawei.iaware/1000 pkg com.huawei.powergenie
07-20 01:49:13.603  1578  2698 W ActivityManager: Sending non-protected broadcast huawei.intent.action.APP_TYPE_UPDATE from system 2635:com.huawei.iaware/1000 pkg com.huawei.powergenie
07-20 01:49:13.604  2635  4015 I PGServer: checkPkgType. calling pkg: com.huawei.iaware
07-20 01:49:13.604  2635  2635 I ApsAppsTypeHandler: APS: APK: ApsAppsTypeHandler.getInstance, sInstance = com.huawei.android.hwaps.o@146cb66
07-20 01:49:13.606   692 12979 I AudioModuleManager: [AudioModuleSetParameters:51]: list size: 13
07-20 01:49:13.607   692 12979 W audio_dts_parser: [get_config_value:31]: get config file path failed
07-20 01:49:13.609 26792 26792 I ActivityThread: finishPreloaded preloadStatus 0
07-20 01:49:13.609 26792 26792 I RtgSchedEvent: current pid:26792 AppType:-1
07-20 01:49:13.613 27313 27313 W e0      : selectionUpdated event aborted
07-20 01:49:13.613 27313 27313 W e0      : fc0.b0: Could not create selection changed event
07-20 01:49:13.613 27313 27313 W e0      : 	at ar.r.g(Unknown Source:64)
07-20 01:49:13.613 27313 27313 W e0      : 	at fc0.e0.w0(Unknown Source:278)
07-20 01:49:13.613 27313 27313 W e0      : 	at fc0.e0.f(Unknown Source:760)
07-20 01:49:13.613 27313 27313 W e0      : 	at ob0.f0.e(Unknown Source:593)
07-20 01:49:13.613 27313 27313 W e0      : 	at n70.x.onConfigurationChanged(Unknown Source:244)
07-20 01:49:13.613 27313 27313 W e0      : 	at n70.i3.onConfigurationChanged(Unknown Source:4)
07-20 01:49:13.613 27313 27313 W e0      : 	at com.touchtype.KeyboardService.onConfigurationChanged(Unknown Source:9)
07-20 01:49:13.613 27313 27313 W e0      : 	at android.app.ActivityThread.performConfigurationChanged(ActivityThread.java:6411)
07-20 01:49:13.613 27313 27313 W e0      : 	at android.app.ActivityThread.handleConfigurationChanged(ActivityThread.java:6644)
07-20 01:49:13.613 27313 27313 W e0      : 	at android.app.ActivityThread.handleConfigurationChanged(ActivityThread.java:6550)
07-20 01:49:13.613 27313 27313 W e0      : 	at android.app.servertransaction.ConfigurationChangeItem.execute(ConfigurationChangeItem.java:42)
07-20 01:49:13.613 27313 27313 W e0      : 	at android.app.servertransaction.TransactionExecutor.executeCallbacks(TransactionExecutor.java:149)
07-20 01:49:13.613 27313 27313 W e0      : 	at android.app.servertransaction.TransactionExecutor.execute(TransactionExecutor.java:103)
07-20 01:49:13.613 27313 27313 W e0      : 	at android.app.ActivityThread$H.handleMessage(ActivityThread.java:2613)
07-20 01:49:13.613 27313 27313 W e0      : 	at android.os.Handler.dispatchMessage(Handler.java:110)
07-20 01:49:13.613 27313 27313 W e0      : 	at android.os.Looper.loop(Looper.java:219)
07-20 01:49:13.613 27313 27313 W e0      : 	at android.app.ActivityThread.main(ActivityThread.java:8668)
07-20 01:49:13.613 27313 27313 W e0      : 	at java.lang.reflect.Method.invoke(Native Method)
07-20 01:49:13.613 27313 27313 W e0      : 	at com.android.internal.os.RuntimeInit$MethodAndArgsCaller.run(RuntimeInit.java:513)
07-20 01:49:13.613 27313 27313 W e0      : 	at com.android.internal.os.ZygoteInit.main(ZygoteInit.java:1109)
07-20 01:49:13.613   634  8415 I OemNetd : setChrAppUid(10, 10677)
07-20 01:49:13.613  1578  2698 I HwNetworkManagementService: chr appuid set succeeded
07-20 01:49:13.614  2635  4015 I PGServer: getTopFrontApp. calling pkg: android
07-20 01:49:13.619  1578  2192 I HwNetworkPolicy: onTransact, code = 203
07-20 01:49:13.620  2334  2701 I HwNetworkPolicyManager: getHwUidPolicy uid = 10677 policy = 0
07-20 01:49:13.631 26792 26816 I chatty  : uid=10677(org.hackintosh1980.espgrowcontroller) RenderThread expire 3 lines
07-20 01:49:13.634  1578  2192 I HwAudioService: now type = 28,reportForegroundAppType = -1systemload = 28VOIP_OPTIMIZE_IN_GAMEMODEtrue
07-20 01:49:13.635 26792 26820 I chatty  : uid=10677(org.hackintosh1980.espgrowcontroller) SDLActivity expire 2 lines
07-20 01:49:13.636   728  2063 I SwsHandle: SWS set game flag false
07-20 01:49:13.636   692 12979 I AudioModuleManager: [AudioModuleSetParameters:51]: list size: 13
07-20 01:49:13.636   692 12979 I audio_custom: [dev_set_parameters:4022]: game mode exit
07-20 01:49:13.637   692 12979 I audio_custom: [soc_dsp_set_primary_algo_bypass:330]: set primary algo bypass 0 succ
07-20 01:49:13.637 26792 26818 I chatty  : uid=10677(org.hackintosh1980.espgrowcontroller) queued-work-loo expire 1 line
07-20 01:49:13.656  1578  1854 I PackageManager: getInstalledPackages cost 1 ms, flags: 794688, userId: 0, callingUid: 1000, callingPid: 26600
07-20 01:49:13.681  2635  3724 I ScenarioService: refresh visibleApp:[org.hackintosh1980.espgrowcontroller]
07-20 01:49:13.681  2635  3724 I PGServer: report state:14 event type:1 pid:-1 uid:-1 pkg:org.hackintosh1980.espgrowcontroller to pid: 2635
07-20 01:49:13.681  2635  3724 I ApsAppsTypeHandler: APS: APK: ApsAppsTypeHandler.getInstance, sInstance = com.huawei.android.hwaps.o@146cb66
07-20 01:49:13.681  2635  3724 I PF_API_JNI: ACCKIT_APS_NotifyInfo 3: org.hackintosh1980.espgrowcontroller
07-20 01:49:13.681  2635  3885 I PG_ash  : com.huawei.android.launcher become invisible
07-20 01:49:13.689 26792 26821 I chatty  : uid=10677(org.hackintosh1980.espgrowcontroller) AsyncTask #1 expire 185 lines
07-20 01:49:13.703  2037  2037 W StatusBar: disable<e i a s b h r c s > disable2<q i n >
07-20 01:49:13.704  1578  2467 I WificondControl: Noise: -92, Snr: 29, Chload: -1, rssi: -61, txBitrate: 72, rxBitrate: 0, frequency: 2462, UlDelay: -1, currentTxBytes: 0, currentTxPackets: 514831, currentTxFailed: 757, currentRxBytes: 0, currentRxPackets: 768441
07-20 01:49:13.710  2880  5886 I VoWifiQoe_N: ProcessReqInfo ul_msgid=5
07-20 01:49:13.710  2880  5886 I VoWifiQoe_N: processReqInfo MSG_WIFI_SIGNAL_INFO_IND 
07-20 01:49:13.710  2880  5886 I VoWifiQoe_N: ProcessSignalInfoInd curStateIsIdle 0 
07-20 01:49:13.710  2880  5886 I VoWifiQoe_N: ProcessSignalInfoInd wifiInterruptFlg 1 enScreenState 1 curStateIsIdle 0
07-20 01:49:13.710  2880  5886 I VoWifiQoe_N: UpdateEvaluatePolicy EVALUATE_POLICY_RSSI
07-20 01:49:13.710  2880  5886 I VoWifiQoe_N: UpdateEvaluatePolicy phoneId 1 is not qoe started!
07-20 01:49:13.712  1578  2467 I HwPCUtils#HwRioViewManager: check if rio enable, displayId = 0， packageName = org.hackintosh1980.espgrowcontroller
07-20 01:49:13.715  2635 19180 I KStateManager: send binder call message, called pid:727, calling pid:[1578]
07-20 01:49:13.717  1578  2467 E WindowManager: App trying to use insecure INPUT_FEATURE_NO_INPUT_CHANNEL flag. Ignoring
07-20 01:49:13.719  1578  2467 I WindowManager: addWindow: Window{e15c169 u0 org.hackintosh1980.espgrowcontroller/org.kivy.android.PythonActivity} client:android.os.BinderProxy@67957f0 currentDisplayId:0 requestDisplayId:0 token:Token{69be81d ActivityRecord{cae3ac7 u0 org.hackintosh1980.espgrowcontroller/org.kivy.android.PythonActivity t8783}}
07-20 01:49:13.725  1578  1668 I HwAudioServiceEx: ComponentInfo : className = org.kivy.android.PythonActivity, flag = onResume, isHomeActivity = , isTop = true
07-20 01:49:13.725  1578  1891 W HwAudioServiceEx: SoundEffectState bundle get reserved is invalid
07-20 01:49:13.725 26792 26792 I RtgSchedEvent: current pid:26792 AppType:-1
07-20 01:49:13.731  2262  2289 I Hicom_Monitor: mActivityNotifierEx, className = org.kivy.android.PythonActivity, uid = 10677
07-20 01:49:13.731  2262  2440 E DollieAdapterService: notifyActivityState pkg:org.hackintosh1980.espgrowcontroller/org.kivy.android.PythonActivity state:2 fg:true mUid:10677
